flint-s3-worker: credentials door on http://127.0.0.1:9911/v1/creds
flint-s3-worker: listening on /comm/mount.sock (accept budget 300s)
flint-s3-worker: launching /usr/local/bin/flint-sync run
flint-sync: checkout complete — agent may start
flint-sync: publish fence held (epoch 1)
flint-sync: sentinel ack status=ok boundary=sentinel seq=Some(1) nonces=1
flint-sync: REFUSED reason=auth arm=barrier failed (retrying next floor) paused_secs=0: store: not authorized: put_whole: 403 AccessDenied — the store rejected our credentials. Not contention, not a lease conflict; retrying does not fix it. Local files keep serving and staged work is intact. Check the credential broker and the projected token (and this node's clock — a skewed one answers 403 too). Renewals have STOPPED: a challenger that can still reach the store may depose this live writer.
flint-sync: Publish honor failed (pending kept, retrying): store: not authorized: put_whole: 403 AccessDenied
flint-sync: Publish honor failed (pending kept, retrying): store: not authorized: put_whole: 403 AccessDenied
flint-sync: Publish honor failed (pending kept, retrying): store: not authorized: put_whole: 403 AccessDenied
flint-sync: Publish honor failed (pending kept, retrying): store: not authorized: put_whole: 403 AccessDenied
flint-sync: Publish honor failed (pending kept, retrying): store: not authorized: put_whole: 403 AccessDenied
flint-sync: Publish honor failed (pending kept, retrying): store: not authorized: put_whole: 403 AccessDenied
flint-sync: Publish honor failed (pending kept, retrying): store: not authorized: put_whole: 403 AccessDenied
flint-sync: Publish honor failed (pending kept, retrying): store: not authorized: put_whole: 403 AccessDenied
flint-sync: Publish honor failed (pending kept, retrying): store: not authorized: put_whole: 403 AccessDenied
flint-sync: Publish honor failed (pending kept, retrying): store: not authorized: put_whole: 403 AccessDenied
flint-sync: Publish honor failed (pending kept, retrying): store: not authorized: put_whole: 403 AccessDenied
flint-sync: Publish honor failed (pending kept, retrying): store: not authorized: put_whole: 403 AccessDenied
flint-sync: Publish honor failed (pending kept, retrying): store: not authorized: put_whole: 403 AccessDenied
flint-sync: Publish honor failed (pending kept, retrying): store: not authorized: put_whole: 403 AccessDenied
flint-sync: Publish honor failed on the floor (pending kept): store: not authorized: put_whole: 403 AccessDenied
flint-sync: REFUSED reason=auth arm=barrier failed (retrying next floor) paused_secs=15: store: not authorized: put_whole: 403 AccessDenied — the store rejected our credentials. Not contention, not a lease conflict; retrying does not fix it. Local files keep serving and staged work is intact. Check the credential broker and the projected token (and this node's clock — a skewed one answers 403 too). Renewals have STOPPED: a challenger that can still reach the store may depose this live writer.
flint-sync: Publish honor failed (pending kept, retrying): store: not authorized: put_whole: 403 AccessDenied
flint-sync: Publish honor failed (pending kept, retrying): store: not authorized: put_whole: 403 AccessDenied
flint-sync: Publish honor failed (pending kept, retrying): store: not authorized: put_whole: 403 AccessDenied
flint-sync: Publish honor failed (pending kept, retrying): store: not authorized: put_whole: 403 AccessDenied
flint-sync: Publish honor failed (pending kept, retrying): store: not authorized: put_whole: 403 AccessDenied
flint-sync: Publish honor failed (pending kept, retrying): store: not authorized: put_whole: 403 AccessDenied
flint-sync: Publish honor failed (pending kept, retrying): store: not authorized: put_whole: 403 AccessDenied
flint-sync: Publish honor failed (pending kept, retrying): store: not authorized: put_whole: 403 AccessDenied
flint-sync: Publish honor failed (pending kept, retrying): store: not authorized: put_whole: 403 AccessDenied
flint-sync: Publish honor failed (pending kept, retrying): store: not authorized: put_whole: 403 AccessDenied
flint-sync: Publish honor failed (pending kept, retrying): store: not authorized: put_whole: 403 AccessDenied
flint-sync: Publish honor failed (pending kept, retrying): store: not authorized: put_whole: 403 AccessDenied
flint-sync: Publish honor failed (pending kept, retrying): store: not authorized: put_whole: 403 AccessDenied
flint-sync: Publish honor failed (pending kept, retrying): store: not authorized: put_whole: 403 AccessDenied
flint-sync: Publish honor failed (pending kept, retrying): store: not authorized: put_whole: 403 AccessDenied
flint-sync: Publish honor failed on the floor (pending kept): store: not authorized: put_whole: 403 AccessDenied
flint-sync: REFUSED reason=auth arm=barrier failed (retrying next floor) paused_secs=30: store: not authorized: put_whole: 403 AccessDenied — the store rejected our credentials. Not contention, not a lease conflict; retrying does not fix it. Local files keep serving and staged work is intact. Check the credential broker and the projected token (and this node's clock — a skewed one answers 403 too). Renewals have STOPPED: a challenger that can still reach the store may depose this live writer.
flint-sync: Publish honor failed (pending kept, retrying): store: not authorized: put_whole: 403 AccessDenied
flint-sync: Publish honor failed (pending kept, retrying): store: not authorized: put_whole: 403 AccessDenied
flint-sync: Publish honor failed (pending kept, retrying): store: not authorized: put_whole: 403 AccessDenied
flint-sync: Publish honor failed (pending kept, retrying): store: not authorized: put_whole: 403 AccessDenied
flint-sync: Publish honor failed (pending kept, retrying): store: not authorized: put_whole: 403 AccessDenied
flint-sync: Publish honor failed (pending kept, retrying): store: not authorized: put_whole: 403 AccessDenied
flint-sync: Publish honor failed (pending kept, retrying): store: not authorized: put_whole: 403 AccessDenied
flint-sync: Publish honor failed (pending kept, retrying): store: not authorized: put_whole: 403 AccessDenied
flint-sync: Publish honor failed (pending kept, retrying): store: not authorized: put_whole: 403 AccessDenied
flint-sync: Publish honor failed (pending kept, retrying): store: not authorized: put_whole: 403 AccessDenied
flint-sync: Publish honor failed (pending kept, retrying): store: not authorized: put_whole: 403 AccessDenied
flint-sync: Publish honor failed (pending kept, retrying): store: not authorized: put_whole: 403 AccessDenied
flint-sync: Publish honor failed (pending kept, retrying): store: not authorized: put_whole: 403 AccessDenied
flint-sync: Publish honor failed (pending kept, retrying): store: not authorized: put_whole: 403 AccessDenied
flint-sync: Publish honor failed (pending kept, retrying): store: not authorized: put_whole: 403 AccessDenied
flint-sync: Publish honor failed on the floor (pending kept): store: not authorized: put_whole: 403 AccessDenied
flint-sync: REFUSED reason=auth arm=barrier failed (retrying next floor) paused_secs=45: store: not authorized: put_whole: 403 AccessDenied — the store rejected our credentials. Not contention, not a lease conflict; retrying does not fix it. Local files keep serving and staged work is intact. Check the credential broker and the projected token (and this node's clock — a skewed one answers 403 too). Renewals have STOPPED: a challenger that can still reach the store may depose this live writer.
flint-sync: Publish honor failed (pending kept, retrying): store: not authorized: put_whole: 403 AccessDenied
flint-sync: Publish honor failed (pending kept, retrying): store: not authorized: put_whole: 403 AccessDenied
flint-sync: Publish honor failed (pending kept, retrying): store: not authorized: put_whole: 403 AccessDenied
flint-sync: Publish honor failed (pending kept, retrying): store: not authorized: put_whole: 403 AccessDenied
flint-sync: Publish honor failed (pending kept, retrying): store: not authorized: put_whole: 403 AccessDenied
flint-sync: Publish honor failed (pending kept, retrying): store: not authorized: put_whole: 403 AccessDenied
flint-sync: Publish honor failed (pending kept, retrying): store: not authorized: put_whole: 403 AccessDenied
flint-sync: Publish honor failed (pending kept, retrying): store: not authorized: put_whole: 403 AccessDenied
flint-sync: Publish honor failed (pending kept, retrying): store: not authorized: put_whole: 403 AccessDenied
flint-sync: Publish honor failed (pending kept, retrying): store: not authorized: put_whole: 403 AccessDenied
flint-sync: Publish honor failed (pending kept, retrying): store: not authorized: put_whole: 403 AccessDenied
flint-sync: Publish honor failed (pending kept, retrying): store: not authorized: put_whole: 403 AccessDenied
flint-sync: Publish honor failed (pending kept, retrying): store: not authorized: put_whole: 403 AccessDenied
flint-sync: Publish honor failed (pending kept, retrying): store: not authorized: put_whole: 403 AccessDenied
flint-sync: Publish honor failed (pending kept, retrying): store: not authorized: put_whole: 403 AccessDenied
flint-sync: Publish honor failed on the floor (pending kept): store: not authorized: put_whole: 403 AccessDenied
flint-sync: REFUSED reason=auth arm=barrier failed (retrying next floor) paused_secs=60: store: not authorized: put_whole: 403 AccessDenied — the store rejected our credentials. Not contention, not a lease conflict; retrying does not fix it. Local files keep serving and staged work is intact. Check the credential broker and the projected token (and this node's clock — a skewed one answers 403 too). Renewals have STOPPED: a challenger that can still reach the store may depose this live writer.
flint-sync: Publish honor failed (pending kept, retrying): store: not authorized: put_whole: 403 AccessDenied
flint-sync: Publish honor failed (pending kept, retrying): store: not authorized: put_whole: 403 AccessDenied
flint-sync: Publish honor failed (pending kept, retrying): store: not authorized: put_whole: 403 AccessDenied
flint-sync: Publish honor failed (pending kept, retrying): store: not authorized: put_whole: 403 AccessDenied
flint-sync: Publish honor failed (pending kept, retrying): store: not authorized: put_whole: 403 AccessDenied
flint-sync: Publish honor failed (pending kept, retrying): store: not authorized: put_whole: 403 AccessDenied
flint-sync: Publish honor failed (pending kept, retrying): store: not authorized: put_whole: 403 AccessDenied
flint-sync: Publish honor failed (pending kept, retrying): store: not authorized: put_whole: 403 AccessDenied
flint-sync: Publish honor failed (pending kept, retrying): store: not authorized: put_whole: 403 AccessDenied
flint-sync: Publish honor failed (pending kept, retrying): store: not authorized: put_whole: 403 AccessDenied
flint-sync: Publish honor failed (pending kept, retrying): store: not authorized: put_whole: 403 AccessDenied
flint-sync: Publish honor failed (pending kept, retrying): store: not authorized: put_whole: 403 AccessDenied
flint-sync: Publish honor failed (pending kept, retrying): store: not authorized: put_whole: 403 AccessDenied
flint-sync: Publish honor failed (pending kept, retrying): store: not authorized: put_whole: 403 AccessDenied
flint-sync: Publish honor failed (pending kept, retrying): store: not authorized: put_whole: 403 AccessDenied
flint-sync: Publish honor failed on the floor (pending kept): store: not authorized: put_whole: 403 AccessDenied
flint-sync: REFUSED reason=auth arm=barrier failed (retrying next floor) paused_secs=75: store: not authorized: put_whole: 403 AccessDenied — the store rejected our credentials. Not contention, not a lease conflict; retrying does not fix it. Local files keep serving and staged work is intact. Check the credential broker and the projected token (and this node's clock — a skewed one answers 403 too). Renewals have STOPPED: a challenger that can still reach the store may depose this live writer.
flint-sync: Publish honor failed (pending kept, retrying): store: not authorized: put_whole: 403 AccessDenied
flint-sync: Publish honor failed (pending kept, retrying): store: not authorized: put_whole: 403 AccessDenied
flint-sync: Publish honor failed (pending kept, retrying): store: not authorized: put_whole: 403 AccessDenied
flint-sync: Publish honor failed (pending kept, retrying): store: not authorized: put_whole: 403 AccessDenied
flint-sync: Publish honor failed (pending kept, retrying): store: not authorized: put_whole: 403 AccessDenied
flint-sync: Publish honor failed (pending kept, retrying): store: not authorized: put_whole: 403 AccessDenied
flint-sync: Publish honor failed (pending kept, retrying): store: not authorized: put_whole: 403 AccessDenied
flint-sync: Publish honor failed (pending kept, retrying): store: not authorized: put_whole: 403 AccessDenied
flint-sync: Publish honor failed (pending kept, retrying): store: not authorized: put_whole: 403 AccessDenied
flint-sync: Publish honor failed (pending kept, retrying): store: not authorized: put_whole: 403 AccessDenied
flint-sync: Publish honor failed (pending kept, retrying): store: not authorized: put_whole: 403 AccessDenied
flint-sync: Publish honor failed (pending kept, retrying): store: not authorized: put_whole: 403 AccessDenied
flint-sync: Publish honor failed (pending kept, retrying): store: not authorized: put_whole: 403 AccessDenied
flint-sync: Publish honor failed (pending kept, retrying): store: not authorized: put_whole: 403 AccessDenied
flint-sync: Publish honor failed (pending kept, retrying): store: not authorized: put_whole: 403 AccessDenied
flint-sync: Publish honor failed on the floor (pending kept): store: not authorized: put_whole: 403 AccessDenied
flint-sync: REFUSED reason=auth arm=barrier failed (retrying next floor) paused_secs=90: store: not authorized: put_whole: 403 AccessDenied — the store rejected our credentials. Not contention, not a lease conflict; retrying does not fix it. Local files keep serving and staged work is intact. Check the credential broker and the projected token (and this node's clock — a skewed one answers 403 too). Renewals have STOPPED: a challenger that can still reach the store may depose this live writer.
flint-sync: Publish honor failed (pending kept, retrying): store: not authorized: put_whole: 403 AccessDenied
flint-sync: Publish honor failed (pending kept, retrying): store: not authorized: put_whole: 403 AccessDenied
flint-sync: Publish honor failed (pending kept, retrying): store: not authorized: put_whole: 403 AccessDenied
flint-sync: Publish honor failed (pending kept, retrying): store: not authorized: put_whole: 403 AccessDenied
flint-sync: Publish honor failed (pending kept, retrying): store: not authorized: put_whole: 403 AccessDenied
flint-sync: Publish honor failed (pending kept, retrying): store: not authorized: put_whole: 403 AccessDenied
flint-sync: Publish honor failed (pending kept, retrying): store: not authorized: put_whole: 403 AccessDenied
flint-sync: Publish honor failed (pending kept, retrying): store: not authorized: put_whole: 403 AccessDenied
flint-sync: Publish honor failed (pending kept, retrying): store: not authorized: put_whole: 403 AccessDenied
flint-sync: Publish honor failed (pending kept, retrying): store: not authorized: put_whole: 403 AccessDenied
flint-sync: Publish honor failed (pending kept, retrying): store: not authorized: put_whole: 403 AccessDenied
flint-sync: Publish honor failed (pending kept, retrying): store: not authorized: put_whole: 403 AccessDenied
flint-sync: Publish honor failed (pending kept, retrying): store: not authorized: put_whole: 403 AccessDenied
flint-sync: Publish honor failed (pending kept, retrying): store: not authorized: put_whole: 403 AccessDenied
flint-sync: Publish honor failed (pending kept, retrying): store: not authorized: put_whole: 403 AccessDenied
flint-sync: Publish honor failed on the floor (pending kept): store: not authorized: put_whole: 403 AccessDenied
flint-sync: REFUSED reason=auth arm=barrier failed (retrying next floor) paused_secs=105: store: not authorized: put_whole: 403 AccessDenied — the store rejected our credentials. Not contention, not a lease conflict; retrying does not fix it. Local files keep serving and staged work is intact. Check the credential broker and the projected token (and this node's clock — a skewed one answers 403 too). Renewals have STOPPED: a challenger that can still reach the store may depose this live writer.
flint-sync: Publish honor failed (pending kept, retrying): store: not authorized: put_whole: 403 AccessDenied
flint-sync: Publish honor failed (pending kept, retrying): store: not authorized: put_whole: 403 AccessDenied
flint-sync: Publish honor failed (pending kept, retrying): store: not authorized: put_whole: 403 AccessDenied
flint-sync: Publish honor failed (pending kept, retrying): store: not authorized: put_whole: 403 AccessDenied
flint-sync: Publish honor failed (pending kept, retrying): store: not authorized: put_whole: 403 AccessDenied
flint-sync: Publish honor failed (pending kept, retrying): store: not authorized: put_whole: 403 AccessDenied
flint-sync: Publish honor failed (pending kept, retrying): store: not authorized: put_whole: 403 AccessDenied
flint-sync: Publish honor failed (pending kept, retrying): store: not authorized: put_whole: 403 AccessDenied
flint-sync: Publish honor failed (pending kept, retrying): store: not authorized: put_whole: 403 AccessDenied
flint-sync: Publish honor failed (pending kept, retrying): store: not authorized: put_whole: 403 AccessDenied
flint-sync: Publish honor failed (pending kept, retrying): store: not authorized: put_whole: 403 AccessDenied
flint-sync: Publish honor failed (pending kept, retrying): store: not authorized: put_whole: 403 AccessDenied
flint-sync: Publish honor failed (pending kept, retrying): store: not authorized: put_whole: 403 AccessDenied
flint-sync: Publish honor failed (pending kept, retrying): store: not authorized: put_whole: 403 AccessDenied
flint-sync: Publish honor failed (pending kept, retrying): store: not authorized: put_whole: 403 AccessDenied
flint-sync: Publish honor failed on the floor (pending kept): store: not authorized: put_whole: 403 AccessDenied
flint-sync: REFUSED reason=auth arm=barrier failed (retrying next floor) paused_secs=120: store: not authorized: put_whole: 403 AccessDenied — the store rejected our credentials. Not contention, not a lease conflict; retrying does not fix it. Local files keep serving and staged work is intact. Check the credential broker and the projected token (and this node's clock — a skewed one answers 403 too). Renewals have STOPPED: a challenger that can still reach the store may depose this live writer.
flint-sync: Publish honor failed (pending kept, retrying): store: not authorized: put_whole: 403 AccessDenied
flint-sync: Publish honor failed (pending kept, retrying): store: not authorized: put_whole: 403 AccessDenied
flint-sync: Publish honor failed (pending kept, retrying): store: not authorized: put_whole: 403 AccessDenied
flint-sync: Publish honor failed (pending kept, retrying): store: not authorized: put_whole: 403 AccessDenied
flint-sync: Publish honor failed (pending kept, retrying): store: not authorized: put_whole: 403 AccessDenied
flint-sync: Publish honor failed (pending kept, retrying): store: not authorized: put_whole: 403 AccessDenied
flint-sync: Publish honor failed (pending kept, retrying): store: not authorized: put_whole: 403 AccessDenied
flint-sync: Publish honor failed (pending kept, retrying): store: not authorized: put_whole: 403 AccessDenied
flint-sync: Publish honor failed (pending kept, retrying): store: not authorized: put_whole: 403 AccessDenied
flint-sync: Publish honor failed (pending kept, retrying): store: not authorized: put_whole: 403 AccessDenied
flint-sync: Publish honor failed (pending kept, retrying): store: not authorized: put_whole: 403 AccessDenied
flint-sync: Publish honor failed (pending kept, retrying): store: not authorized: put_whole: 403 AccessDenied
flint-sync: Publish honor failed (pending kept, retrying): store: not authorized: put_whole: 403 AccessDenied
flint-sync: Publish honor failed (pending kept, retrying): store: not authorized: put_whole: 403 AccessDenied
flint-sync: Publish honor failed (pending kept, retrying): store: not authorized: put_whole: 403 AccessDenied
flint-sync: Publish honor failed on the floor (pending kept): store: not authorized: put_whole: 403 AccessDenied
flint-sync: REFUSED reason=auth arm=barrier failed (retrying next floor) paused_secs=135: store: not authorized: put_whole: 403 AccessDenied — the store rejected our credentials. Not contention, not a lease conflict; retrying does not fix it. Local files keep serving and staged work is intact. Check the credential broker and the projected token (and this node's clock — a skewed one answers 403 too). Renewals have STOPPED: a challenger that can still reach the store may depose this live writer.
flint-sync: Publish honor failed (pending kept, retrying): store: not authorized: put_whole: 403 AccessDenied
flint-sync: Publish honor failed (pending kept, retrying): store: not authorized: put_whole: 403 AccessDenied
flint-sync: Publish honor failed (pending kept, retrying): store: not authorized: put_whole: 403 AccessDenied
flint-sync: Publish honor failed (pending kept, retrying): store: not authorized: put_whole: 403 AccessDenied
flint-sync: Publish honor failed (pending kept, retrying): store: not authorized: put_whole: 403 AccessDenied
flint-sync: Publish honor failed (pending kept, retrying): store: not authorized: put_whole: 403 AccessDenied
flint-sync: Publish honor failed (pending kept, retrying): store: not authorized: put_whole: 403 AccessDenied
flint-sync: Publish honor failed (pending kept, retrying): store: not authorized: put_whole: 403 AccessDenied
flint-sync: Publish honor failed (pending kept, retrying): store: not authorized: put_whole: 403 AccessDenied
flint-sync: Publish honor failed (pending kept, retrying): store: not authorized: put_whole: 403 AccessDenied
flint-sync: Publish honor failed (pending kept, retrying): store: not authorized: put_whole: 403 AccessDenied
flint-sync: Publish honor failed (pending kept, retrying): store: not authorized: put_whole: 403 AccessDenied
flint-sync: Publish honor failed (pending kept, retrying): store: not authorized: put_whole: 403 AccessDenied
flint-sync: Publish honor failed (pending kept, retrying): store: not authorized: put_whole: 403 AccessDenied
flint-sync: Publish honor failed (pending kept, retrying): store: not authorized: put_whole: 403 AccessDenied
flint-sync: Publish honor failed on the floor (pending kept): store: not authorized: put_whole: 403 AccessDenied
flint-sync: REFUSED reason=auth arm=barrier failed (retrying next floor) paused_secs=150: store: not authorized: put_whole: 403 AccessDenied — the store rejected our credentials. Not contention, not a lease conflict; retrying does not fix it. Local files keep serving and staged work is intact. Check the credential broker and the projected token (and this node's clock — a skewed one answers 403 too). Renewals have STOPPED: a challenger that can still reach the store may depose this live writer.
flint-sync: Publish honor failed (pending kept, retrying): store: not authorized: put_whole: 403 AccessDenied
flint-sync: Publish honor failed (pending kept, retrying): store: not authorized: put_whole: 403 AccessDenied
flint-sync: Publish honor failed (pending kept, retrying): store: not authorized: put_whole: 403 AccessDenied
flint-sync: Publish honor failed (pending kept, retrying): store: not authorized: put_whole: 403 AccessDenied
