tlc-rs: MCLeanP1M2 (31 variables, 0 symmetry permutations), 2 workers, generated engine; loaded in 0.005s
State 1:
/\ live = {<<p1, 1>>}
/\ minted = {<<p1, 1>>}
/\ doc = (p1 :> <<p1, 1>>)
/\ seq = 1
/\ tomb = (p1 :> Nil)
/\ base = (<<p1, 1>> :> Nil @@ <<p1, 2>> :> Nil @@ <<p1, 3>> :> Nil @@ <<p1, 4>> :> Nil @@ <<p1, 5>> :> Nil)
/\ acked = {}
/\ conflicts = {}
/\ holder = "none"
/\ nextGen = 2
/\ ui = 0
/\ reqs = 0
/\ barriers = 0
/\ w = (A :> [local |-> (p1 :> Nil), snap |-> (p1 :> Nil), pc |-> "idle", uploads |-> {}, upDone |-> {}, verified |-> FALSE, gone |-> {}, st |-> "off", baseline |-> (p1 :> Nil), integrated |-> {}, deletes |-> {}, inst |-> (p1 :> Nil), retire |-> {}, collected |-> FALSE, adv |-> FALSE, synced |-> 0, derived |-> 0, skipped |-> {}, scope |-> {}, sStage |-> "none", sTgt |-> {}, sDrop |-> {}, sKeep |-> {}, sHeld |-> (p1 :> Nil), unlinked |-> {}, memo |-> 0, rnow |-> 0] @@ B :> [local |-> (p1 :> Nil), snap |-> (p1 :> Nil), pc |-> "idle", uploads |-> {}, upDone |-> {}, verified |-> FALSE, gone |-> {}, st |-> "off", baseline |-> (p1 :> Nil), integrated |-> {}, deletes |-> {}, inst |-> (p1 :> Nil), retire |-> {}, collected |-> FALSE, adv |-> FALSE, synced |-> 0, derived |-> 0, skipped |-> {}, scope |-> {}, sStage |-> "none", sTgt |-> {}, sDrop |-> {}, sKeep |-> {}, sHeld |-> (p1 :> Nil), unlinked |-> {}, memo |-> 0, rnow |-> 0])
/\ took = (A :> (p1 :> {}) @@ B :> (p1 :> {}))
/\ gw = (p1 :> Nil)
/\ mv = Nil
/\ udel = {}
/\ restarts = 0
/\ syncs = 0
/\ regressed = FALSE
/\ rescopes = 0
/\ fails = 0
/\ upped = {<<p1, 1>>}
/\ copies = 0
/\ orig = (<<p1, 1>> :> Nil @@ <<p1, 2>> :> Nil @@ <<p1, 3>> :> Nil @@ <<p1, 4>> :> Nil @@ <<p1, 5>> :> Nil)
/\ retiring = {}
/\ aged = {}
/\ ages = 0
/\ rdoc = (p1 :> Nil)
/\ rlag = TRUE

State 2:
/\ live = {<<p1, 1>>}
/\ minted = {<<p1, 1>>}
/\ doc = (p1 :> <<p1, 1>>)
/\ seq = 1
/\ tomb = (p1 :> Nil)
/\ base = (<<p1, 1>> :> Nil @@ <<p1, 2>> :> Nil @@ <<p1, 3>> :> Nil @@ <<p1, 4>> :> Nil @@ <<p1, 5>> :> Nil)
/\ acked = {}
/\ conflicts = {}
/\ holder = "none"
/\ nextGen = 2
/\ ui = 0
/\ reqs = 0
/\ barriers = 0
/\ w = (A :> [local |-> (p1 :> <<p1, 1>>), snap |-> (p1 :> Nil), pc |-> "idle", uploads |-> {}, upDone |-> {}, verified |-> FALSE, gone |-> {}, st |-> "on", baseline |-> (p1 :> <<p1, 1>>), integrated |-> {1}, deletes |-> {}, inst |-> (p1 :> <<p1, 1>>), retire |-> {}, collected |-> FALSE, adv |-> FALSE, synced |-> 1, derived |-> 1, skipped |-> {}, scope |-> {p1}, sStage |-> "none", sTgt |-> {}, sDrop |-> {}, sKeep |-> {}, sHeld |-> (p1 :> Nil), unlinked |-> {}, memo |-> 0, rnow |-> 0] @@ B :> [local |-> (p1 :> Nil), snap |-> (p1 :> Nil), pc |-> "idle", uploads |-> {}, upDone |-> {}, verified |-> FALSE, gone |-> {}, st |-> "off", baseline |-> (p1 :> Nil), integrated |-> {}, deletes |-> {}, inst |-> (p1 :> Nil), retire |-> {}, collected |-> FALSE, adv |-> FALSE, synced |-> 0, derived |-> 0, skipped |-> {}, scope |-> {}, sStage |-> "none", sTgt |-> {}, sDrop |-> {}, sKeep |-> {}, sHeld |-> (p1 :> Nil), unlinked |-> {}, memo |-> 0, rnow |-> 0])
/\ took = (A :> (p1 :> {1}) @@ B :> (p1 :> {}))
/\ gw = (p1 :> Nil)
/\ mv = Nil
/\ udel = {}
/\ restarts = 0
/\ syncs = 0
/\ regressed = FALSE
/\ rescopes = 0
/\ fails = 0
/\ upped = {<<p1, 1>>}
/\ copies = 0
/\ orig = (<<p1, 1>> :> Nil @@ <<p1, 2>> :> Nil @@ <<p1, 3>> :> Nil @@ <<p1, 4>> :> Nil @@ <<p1, 5>> :> Nil)
/\ retiring = {}
/\ aged = {}
/\ ages = 0
/\ rdoc = (p1 :> Nil)
/\ rlag = TRUE

State 3:
/\ live = {<<p1, 1>>}
/\ minted = {<<p1, 1>>}
/\ doc = (p1 :> <<p1, 1>>)
/\ seq = 1
/\ tomb = (p1 :> Nil)
/\ base = (<<p1, 1>> :> Nil @@ <<p1, 2>> :> Nil @@ <<p1, 3>> :> Nil @@ <<p1, 4>> :> Nil @@ <<p1, 5>> :> Nil)
/\ acked = {}
/\ conflicts = {}
/\ holder = "none"
/\ nextGen = 2
/\ ui = 0
/\ reqs = 0
/\ barriers = 0
/\ w = (A :> [local |-> (p1 :> <<p1, 1>>), snap |-> (p1 :> Nil), pc |-> "consumed", uploads |-> {}, upDone |-> {}, verified |-> FALSE, gone |-> {}, st |-> "on", baseline |-> (p1 :> <<p1, 1>>), integrated |-> {1}, deletes |-> {}, inst |-> (p1 :> <<p1, 1>>), retire |-> {}, collected |-> FALSE, adv |-> FALSE, synced |-> 1, derived |-> 1, skipped |-> {}, scope |-> {p1}, sStage |-> "none", sTgt |-> {}, sDrop |-> {}, sKeep |-> {}, sHeld |-> (p1 :> Nil), unlinked |-> {}, memo |-> 0, rnow |-> 0] @@ B :> [local |-> (p1 :> Nil), snap |-> (p1 :> Nil), pc |-> "idle", uploads |-> {}, upDone |-> {}, verified |-> FALSE, gone |-> {}, st |-> "off", baseline |-> (p1 :> Nil), integrated |-> {}, deletes |-> {}, inst |-> (p1 :> Nil), retire |-> {}, collected |-> FALSE, adv |-> FALSE, synced |-> 0, derived |-> 0, skipped |-> {}, scope |-> {}, sStage |-> "none", sTgt |-> {}, sDrop |-> {}, sKeep |-> {}, sHeld |-> (p1 :> Nil), unlinked |-> {}, memo |-> 0, rnow |-> 0])
/\ took = (A :> (p1 :> {1}) @@ B :> (p1 :> {}))
/\ gw = (p1 :> Nil)
/\ mv = Nil
/\ udel = {}
/\ restarts = 0
/\ syncs = 0
/\ regressed = FALSE
/\ rescopes = 0
/\ fails = 0
/\ upped = {<<p1, 1>>}
/\ copies = 0
/\ orig = (<<p1, 1>> :> Nil @@ <<p1, 2>> :> Nil @@ <<p1, 3>> :> Nil @@ <<p1, 4>> :> Nil @@ <<p1, 5>> :> Nil)
/\ retiring = {}
/\ aged = {}
/\ ages = 0
/\ rdoc = (p1 :> Nil)
/\ rlag = TRUE

State 4:
/\ live = {<<p1, 1>>}
/\ minted = {<<p1, 1>>, <<p1, 2>>}
/\ doc = (p1 :> <<p1, 1>>)
/\ seq = 1
/\ tomb = (p1 :> Nil)
/\ base = (<<p1, 1>> :> Nil @@ <<p1, 2>> :> <<p1, 1>> @@ <<p1, 3>> :> Nil @@ <<p1, 4>> :> Nil @@ <<p1, 5>> :> Nil)
/\ acked = {}
/\ conflicts = {}
/\ holder = "none"
/\ nextGen = 3
/\ ui = 0
/\ reqs = 0
/\ barriers = 0
/\ w = (A :> [local |-> (p1 :> <<p1, 2>>), snap |-> (p1 :> Nil), pc |-> "consumed", uploads |-> {}, upDone |-> {}, verified |-> FALSE, gone |-> {}, st |-> "on", baseline |-> (p1 :> <<p1, 1>>), integrated |-> {1, 2}, deletes |-> {}, inst |-> (p1 :> <<p1, 1>>), retire |-> {}, collected |-> FALSE, adv |-> FALSE, synced |-> 1, derived |-> 1, skipped |-> {}, scope |-> {p1}, sStage |-> "none", sTgt |-> {}, sDrop |-> {}, sKeep |-> {}, sHeld |-> (p1 :> Nil), unlinked |-> {}, memo |-> 0, rnow |-> 0] @@ B :> [local |-> (p1 :> Nil), snap |-> (p1 :> Nil), pc |-> "idle", uploads |-> {}, upDone |-> {}, verified |-> FALSE, gone |-> {}, st |-> "off", baseline |-> (p1 :> Nil), integrated |-> {}, deletes |-> {}, inst |-> (p1 :> Nil), retire |-> {}, collected |-> FALSE, adv |-> FALSE, synced |-> 0, derived |-> 0, skipped |-> {}, scope |-> {}, sStage |-> "none", sTgt |-> {}, sDrop |-> {}, sKeep |-> {}, sHeld |-> (p1 :> Nil), unlinked |-> {}, memo |-> 0, rnow |-> 0])
/\ took = (A :> (p1 :> {1, 2}) @@ B :> (p1 :> {}))
/\ gw = (p1 :> Nil)
/\ mv = Nil
/\ udel = {}
/\ restarts = 0
/\ syncs = 0
/\ regressed = FALSE
/\ rescopes = 0
/\ fails = 0
/\ upped = {<<p1, 1>>}
/\ copies = 0
/\ orig = (<<p1, 1>> :> Nil @@ <<p1, 2>> :> Nil @@ <<p1, 3>> :> Nil @@ <<p1, 4>> :> Nil @@ <<p1, 5>> :> Nil)
/\ retiring = {}
/\ aged = {}
/\ ages = 0
/\ rdoc = (p1 :> Nil)
/\ rlag = TRUE

State 5:
/\ live = {<<p1, 1>>}
/\ minted = {<<p1, 1>>, <<p1, 2>>}
/\ doc = (p1 :> <<p1, 1>>)
/\ seq = 1
/\ tomb = (p1 :> Nil)
/\ base = (<<p1, 1>> :> Nil @@ <<p1, 2>> :> <<p1, 1>> @@ <<p1, 3>> :> Nil @@ <<p1, 4>> :> Nil @@ <<p1, 5>> :> Nil)
/\ acked = {}
/\ conflicts = {}
/\ holder = "none"
/\ nextGen = 3
/\ ui = 0
/\ reqs = 0
/\ barriers = 1
/\ w = (A :> [local |-> (p1 :> <<p1, 2>>), snap |-> (p1 :> <<p1, 2>>), pc |-> "scanned", uploads |-> {p1}, upDone |-> {}, verified |-> FALSE, gone |-> {}, st |-> "on", baseline |-> (p1 :> <<p1, 1>>), integrated |-> {1, 2}, deletes |-> {}, inst |-> (p1 :> <<p1, 1>>), retire |-> {}, collected |-> FALSE, adv |-> FALSE, synced |-> 1, derived |-> 1, skipped |-> {}, scope |-> {p1}, sStage |-> "none", sTgt |-> {}, sDrop |-> {}, sKeep |-> {}, sHeld |-> (p1 :> Nil), unlinked |-> {}, memo |-> 0, rnow |-> 0] @@ B :> [local |-> (p1 :> Nil), snap |-> (p1 :> Nil), pc |-> "idle", uploads |-> {}, upDone |-> {}, verified |-> FALSE, gone |-> {}, st |-> "off", baseline |-> (p1 :> Nil), integrated |-> {}, deletes |-> {}, inst |-> (p1 :> Nil), retire |-> {}, collected |-> FALSE, adv |-> FALSE, synced |-> 0, derived |-> 0, skipped |-> {}, scope |-> {}, sStage |-> "none", sTgt |-> {}, sDrop |-> {}, sKeep |-> {}, sHeld |-> (p1 :> Nil), unlinked |-> {}, memo |-> 0, rnow |-> 0])
/\ took = (A :> (p1 :> {1, 2}) @@ B :> (p1 :> {}))
/\ gw = (p1 :> Nil)
/\ mv = Nil
/\ udel = {}
/\ restarts = 0
/\ syncs = 0
/\ regressed = FALSE
/\ rescopes = 0
/\ fails = 0
/\ upped = {<<p1, 1>>}
/\ copies = 0
/\ orig = (<<p1, 1>> :> Nil @@ <<p1, 2>> :> Nil @@ <<p1, 3>> :> Nil @@ <<p1, 4>> :> Nil @@ <<p1, 5>> :> Nil)
/\ retiring = {}
/\ aged = {}
/\ ages = 0
/\ rdoc = (p1 :> Nil)
/\ rlag = TRUE

State 6:
/\ live = {<<p1, 1>>, <<p1, 2>>}
/\ minted = {<<p1, 1>>, <<p1, 2>>}
/\ doc = (p1 :> <<p1, 1>>)
/\ seq = 1
/\ tomb = (p1 :> Nil)
/\ base = (<<p1, 1>> :> Nil @@ <<p1, 2>> :> <<p1, 1>> @@ <<p1, 3>> :> Nil @@ <<p1, 4>> :> Nil @@ <<p1, 5>> :> Nil)
/\ acked = {}
/\ conflicts = {}
/\ holder = "none"
/\ nextGen = 3
/\ ui = 0
/\ reqs = 0
/\ barriers = 1
/\ w = (A :> [local |-> (p1 :> <<p1, 2>>), snap |-> (p1 :> <<p1, 2>>), pc |-> "scanned", uploads |-> {p1}, upDone |-> {p1}, verified |-> FALSE, gone |-> {}, st |-> "on", baseline |-> (p1 :> <<p1, 1>>), integrated |-> {1, 2}, deletes |-> {}, inst |-> (p1 :> <<p1, 1>>), retire |-> {}, collected |-> FALSE, adv |-> FALSE, synced |-> 1, derived |-> 1, skipped |-> {}, scope |-> {p1}, sStage |-> "none", sTgt |-> {}, sDrop |-> {}, sKeep |-> {}, sHeld |-> (p1 :> Nil), unlinked |-> {}, memo |-> 0, rnow |-> 0] @@ B :> [local |-> (p1 :> Nil), snap |-> (p1 :> Nil), pc |-> "idle", uploads |-> {}, upDone |-> {}, verified |-> FALSE, gone |-> {}, st |-> "off", baseline |-> (p1 :> Nil), integrated |-> {}, deletes |-> {}, inst |-> (p1 :> Nil), retire |-> {}, collected |-> FALSE, adv |-> FALSE, synced |-> 0, derived |-> 0, skipped |-> {}, scope |-> {}, sStage |-> "none", sTgt |-> {}, sDrop |-> {}, sKeep |-> {}, sHeld |-> (p1 :> Nil), unlinked |-> {}, memo |-> 0, rnow |-> 0])
/\ took = (A :> (p1 :> {1, 2}) @@ B :> (p1 :> {}))
/\ gw = (p1 :> Nil)
/\ mv = Nil
/\ udel = {}
/\ restarts = 0
/\ syncs = 0
/\ regressed = FALSE
/\ rescopes = 0
/\ fails = 0
/\ upped = {<<p1, 1>>, <<p1, 2>>}
/\ copies = 0
/\ orig = (<<p1, 1>> :> Nil @@ <<p1, 2>> :> Nil @@ <<p1, 3>> :> Nil @@ <<p1, 4>> :> Nil @@ <<p1, 5>> :> Nil)
/\ retiring = {}
/\ aged = {}
/\ ages = 0
/\ rdoc = (p1 :> Nil)
/\ rlag = TRUE

State 7:
/\ live = {<<p1, 1>>, <<p1, 2>>}
/\ minted = {<<p1, 1>>, <<p1, 2>>}
/\ doc = (p1 :> <<p1, 1>>)
/\ seq = 1
/\ tomb = (p1 :> Nil)
/\ base = (<<p1, 1>> :> Nil @@ <<p1, 2>> :> <<p1, 1>> @@ <<p1, 3>> :> Nil @@ <<p1, 4>> :> Nil @@ <<p1, 5>> :> Nil)
/\ acked = {}
/\ conflicts = {}
/\ holder = A
/\ nextGen = 3
/\ ui = 0
/\ reqs = 0
/\ barriers = 1
/\ w = (A :> [local |-> (p1 :> <<p1, 2>>), snap |-> (p1 :> <<p1, 2>>), pc |-> "claimed", uploads |-> {p1}, upDone |-> {p1}, verified |-> FALSE, gone |-> {}, st |-> "on", baseline |-> (p1 :> <<p1, 1>>), integrated |-> {1, 2}, deletes |-> {}, inst |-> (p1 :> <<p1, 1>>), retire |-> {}, collected |-> FALSE, adv |-> FALSE, synced |-> 1, derived |-> 1, skipped |-> {}, scope |-> {p1}, sStage |-> "none", sTgt |-> {}, sDrop |-> {}, sKeep |-> {}, sHeld |-> (p1 :> Nil), unlinked |-> {}, memo |-> 0, rnow |-> 0] @@ B :> [local |-> (p1 :> Nil), snap |-> (p1 :> Nil), pc |-> "idle", uploads |-> {}, upDone |-> {}, verified |-> FALSE, gone |-> {}, st |-> "off", baseline |-> (p1 :> Nil), integrated |-> {}, deletes |-> {}, inst |-> (p1 :> Nil), retire |-> {}, collected |-> FALSE, adv |-> FALSE, synced |-> 0, derived |-> 0, skipped |-> {}, scope |-> {}, sStage |-> "none", sTgt |-> {}, sDrop |-> {}, sKeep |-> {}, sHeld |-> (p1 :> Nil), unlinked |-> {}, memo |-> 0, rnow |-> 0])
/\ took = (A :> (p1 :> {1, 2}) @@ B :> (p1 :> {}))
/\ gw = (p1 :> Nil)
/\ mv = Nil
/\ udel = {}
/\ restarts = 0
/\ syncs = 0
/\ regressed = FALSE
/\ rescopes = 0
/\ fails = 0
/\ upped = {<<p1, 1>>, <<p1, 2>>}
/\ copies = 0
/\ orig = (<<p1, 1>> :> Nil @@ <<p1, 2>> :> Nil @@ <<p1, 3>> :> Nil @@ <<p1, 4>> :> Nil @@ <<p1, 5>> :> Nil)
/\ retiring = {}
/\ aged = {}
/\ ages = 0
/\ rdoc = (p1 :> Nil)
/\ rlag = TRUE

State 8:
/\ live = {<<p1, 1>>, <<p1, 2>>}
/\ minted = {<<p1, 1>>, <<p1, 2>>}
/\ doc = (p1 :> <<p1, 1>>)
/\ seq = 1
/\ tomb = (p1 :> Nil)
/\ base = (<<p1, 1>> :> Nil @@ <<p1, 2>> :> <<p1, 1>> @@ <<p1, 3>> :> Nil @@ <<p1, 4>> :> Nil @@ <<p1, 5>> :> Nil)
/\ acked = {}
/\ conflicts = {}
/\ holder = A
/\ nextGen = 3
/\ ui = 0
/\ reqs = 0
/\ barriers = 1
/\ w = (A :> [local |-> (p1 :> <<p1, 2>>), snap |-> (p1 :> <<p1, 2>>), pc |-> "claimed", uploads |-> {p1}, upDone |-> {p1}, verified |-> TRUE, gone |-> {}, st |-> "on", baseline |-> (p1 :> <<p1, 1>>), integrated |-> {1, 2}, deletes |-> {}, inst |-> (p1 :> <<p1, 1>>), retire |-> {}, collected |-> FALSE, adv |-> FALSE, synced |-> 1, derived |-> 1, skipped |-> {}, scope |-> {p1}, sStage |-> "none", sTgt |-> {}, sDrop |-> {}, sKeep |-> {}, sHeld |-> (p1 :> Nil), unlinked |-> {}, memo |-> 0, rnow |-> 0] @@ B :> [local |-> (p1 :> Nil), snap |-> (p1 :> Nil), pc |-> "idle", uploads |-> {}, upDone |-> {}, verified |-> FALSE, gone |-> {}, st |-> "off", baseline |-> (p1 :> Nil), integrated |-> {}, deletes |-> {}, inst |-> (p1 :> Nil), retire |-> {}, collected |-> FALSE, adv |-> FALSE, synced |-> 0, derived |-> 0, skipped |-> {}, scope |-> {}, sStage |-> "none", sTgt |-> {}, sDrop |-> {}, sKeep |-> {}, sHeld |-> (p1 :> Nil), unlinked |-> {}, memo |-> 0, rnow |-> 0])
/\ took = (A :> (p1 :> {1, 2}) @@ B :> (p1 :> {}))
/\ gw = (p1 :> Nil)
/\ mv = Nil
/\ udel = {}
/\ restarts = 0
/\ syncs = 0
/\ regressed = FALSE
/\ rescopes = 0
/\ fails = 0
/\ upped = {<<p1, 1>>, <<p1, 2>>}
/\ copies = 0
/\ orig = (<<p1, 1>> :> Nil @@ <<p1, 2>> :> Nil @@ <<p1, 3>> :> Nil @@ <<p1, 4>> :> Nil @@ <<p1, 5>> :> Nil)
/\ retiring = {}
/\ aged = {}
/\ ages = 0
/\ rdoc = (p1 :> Nil)
/\ rlag = TRUE

State 9:
/\ live = {<<p1, 1>>, <<p1, 2>>}
/\ minted = {<<p1, 1>>, <<p1, 2>>}
/\ doc = (p1 :> <<p1, 2>>)
/\ seq = 2
/\ tomb = (p1 :> Nil)
/\ base = (<<p1, 1>> :> Nil @@ <<p1, 2>> :> <<p1, 1>> @@ <<p1, 3>> :> Nil @@ <<p1, 4>> :> Nil @@ <<p1, 5>> :> Nil)
/\ acked = {}
/\ conflicts = {}
/\ holder = A
/\ nextGen = 3
/\ ui = 0
/\ reqs = 0
/\ barriers = 1
/\ w = (A :> [local |-> (p1 :> <<p1, 2>>), snap |-> (p1 :> <<p1, 2>>), pc |-> "cased", uploads |-> {p1}, upDone |-> {p1}, verified |-> TRUE, gone |-> {}, st |-> "on", baseline |-> (p1 :> <<p1, 1>>), integrated |-> {1, 2}, deletes |-> {}, inst |-> (p1 :> <<p1, 2>>), retire |-> {<<p1, 1>>}, collected |-> FALSE, adv |-> TRUE, synced |-> 1, derived |-> 1, skipped |-> {}, scope |-> {p1}, sStage |-> "none", sTgt |-> {}, sDrop |-> {}, sKeep |-> {}, sHeld |-> (p1 :> Nil), unlinked |-> {}, memo |-> 0, rnow |-> 0] @@ B :> [local |-> (p1 :> Nil), snap |-> (p1 :> Nil), pc |-> "idle", uploads |-> {}, upDone |-> {}, verified |-> FALSE, gone |-> {}, st |-> "off", baseline |-> (p1 :> Nil), integrated |-> {}, deletes |-> {}, inst |-> (p1 :> Nil), retire |-> {}, collected |-> FALSE, adv |-> FALSE, synced |-> 0, derived |-> 0, skipped |-> {}, scope |-> {}, sStage |-> "none", sTgt |-> {}, sDrop |-> {}, sKeep |-> {}, sHeld |-> (p1 :> Nil), unlinked |-> {}, memo |-> 0, rnow |-> 0])
/\ took = (A :> (p1 :> {1, 2}) @@ B :> (p1 :> {}))
/\ gw = (p1 :> Nil)
/\ mv = Nil
/\ udel = {}
/\ restarts = 0
/\ syncs = 0
/\ regressed = FALSE
/\ rescopes = 0
/\ fails = 0
/\ upped = {<<p1, 1>>, <<p1, 2>>}
/\ copies = 0
/\ orig = (<<p1, 1>> :> Nil @@ <<p1, 2>> :> Nil @@ <<p1, 3>> :> Nil @@ <<p1, 4>> :> Nil @@ <<p1, 5>> :> Nil)
/\ retiring = {<<p1, 1>>}
/\ aged = {}
/\ ages = 0
/\ rdoc = (p1 :> Nil)
/\ rlag = TRUE

Error: Invariant M2UpsCtl is violated.
58419 states generated, 20521 distinct states found. Depth 8. Checked in 0.480s (42729 distinct/s).

real	0m0.491s
user	0m0.788s
sys	0m0.012s
rc=12 16:08:41Z
