tlc-rs: MCLeanP1M2 (31 variables, 0 symmetry permutations), 2 workers, generated engine; loaded in 0.010s
progress: depth 12, 1414366 generated, 508024 distinct (0 fingerprint spills), 202759 on queue (0 on disk), 16.7s
progress: depth 14, 3302148 generated, 1146596 distinct (0 fingerprint spills), 359579 on queue (0 on disk), 38.2s
progress: depth 15, 4627761 generated, 1593421 distinct (0 fingerprint spills), 446825 on queue (0 on disk), 51.4s
progress: depth 16, 6238403 generated, 2143551 distinct (0 fingerprint spills), 550130 on queue (32242 on disk), 67.3s
progress: depth 17, 8167505 generated, 2801958 distinct (0 fingerprint spills), 658407 on queue (144103 on disk), 86.3s
progress: depth 18, 10382307 generated, 3539155 distinct (0 fingerprint spills), 737197 on queue (225965 on disk), 109.4s
progress: depth 19, 12772446 generated, 4315435 distinct (0 fingerprint spills), 776280 on queue (267096 on disk), 134.0s
progress: depth 20, 15195756 generated, 5091997 distinct (0 fingerprint spills), 776562 on queue (270194 on disk), 154.8s
progress: depth 21, 17487794 generated, 5809209 distinct (0 fingerprint spills), 717212 on queue (213404 on disk), 175.3s
progress: depth 22, 19495957 generated, 6421262 distinct (0 fingerprint spills), 612053 on queue (109781 on disk), 193.0s
progress: depth 23, 21163020 generated, 6934348 distinct (0 fingerprint spills), 513086 on queue (10558 on disk), 208.0s
progress: depth 24, 22543160 generated, 7371088 distinct (0 fingerprint spills), 436740 on queue (0 on disk), 219.9s
progress: depth 25, 23685413 generated, 7721320 distinct (0 fingerprint spills), 350232 on queue (0 on disk), 230.2s
progress: depth 27, 24965892 generated, 8028883 distinct (0 fingerprint spills), 89209 on queue (0 on disk), 241.7s
Model checking completed. No error has been found.
25158316 states generated, 8057963 distinct states found. Depth 30. Checked in 243.548s (33086 distinct/s).

real	4m3.568s
user	6m43.617s
sys	0m1.485s
rc=0 16:12:44Z
