forge at scale — bucket flint-forge-scale-runbx, prefix scale-202609051508, namespace agents, run 20260905-151107; EXPECT=window-closed SWEEP=claim
log: /Users/ddalton/github/flint/forge/e2e/scale/results/scale-20260905-151107.log

══ S0 — provenance and the rig: the syncer in the pod is the tree under test, both repositories serve, the disks are big enough ══
  ....  syncer image: docker.io/dilipdalton/flint-forge-syncer@sha256:2ba581c2ce6540b12bcf904507b941cc1b0e0210b18023100b51fd3dc82aa4ed
  PASS  the syncer pod runs the digest this run pushed (sha256:2ba581c2ce6540b12bcf904507b941cc1b0e0210b18023100b51fd3dc82aa4ed)
  PASS  the syncer carries the ranged restore (marker string ×1, 827c5f90) — this is the tree under test, judged by content
  PASS  the syncer carries the progress-gated renewer (marker ×1, 2a213b01): the window-closed oracle has its subject
  PASS  the syncer carries the claim-time orphan sweep (marker ×1, 2a213b01)
  PASS  big is serving (forge-big-85cf5c88b7-t6774)
  PASS  small is serving (forge-small-6cbf79499-jgx92)
  PASS  big has no snapshot yet (fresh prefix)
  ....  takeover window = QUIET_POLLS 6 × heartbeat 10s = 60s
  ....  free: agent /work 784570 MiB, repository cache 784570 MiB; this run may need ~100352 MiB on each
  PASS  the agent's emptyDir has room
  PASS  the repository cache has room

══ S2 — the large repository: 40960 MiB composed on S3, restored ranged, and the lease RENEWED throughout (silence under 30s) ══
  ....  building big: 40960 MiB of /dev/urandom in the agent's emptyDir
  PASS  built big (40960 MiB) in 490 s, tip 7ae9f2bb2747
  FAIL  push of big failed (rc=1): fatal: the remote end hung up unexpectedly command terminated with exit code 1

══ S3 — the takeover during a restore, with its control: the same challenger against a small repository (restore of seconds) and the large one (restore of ? s) ══
  PASS  the control repository holds 16 MiB at 3f104fa34629
  ....  deleting forge-small-6cbf79499-jgx92; the successor restores and the challenger arrives while it does
  ....  successor forge-small-6cbf79499-8vszv is 'importing' 1s after the delete; starting the challenger (150 s of observation)
  ....  hold arm: challenger claims=0, holder claims=1, holder fenced=0, epoch sequence: 4 ; holder restarts=0; time from the delete to a serving operator pod: 155 s
  ....  pushes during the arm: 16 acknowledged, 0 refused or timed out; longest gap between acknowledgements 11 s
  ....  the successor first served 2 s after the delete (the challenger arrived at +1 s, left at +151 s)
  PASS  CONTROL: a challenger beside a HEALTHY holder never claimed in 150 s (the holder's heartbeats kept the token moving)
  PASS  the operator's pod was serving again 155 s after the delete (the challenger removed at +150 s)
  PASS  every acknowledged push (16) is in the bucket's agent/chaos-hold-20260905-151107: told ok ⇒ durable held under contention
  INCONCLUSIVE  the large repository's restore time is unknown (S2 did not run); the seize arm needs it


══ 14 passed, 1 failed, 1 inconclusive ══
INCONCLUSIVE legs could not measure what they exist for: this run is NOT green.
log: /Users/ddalton/github/flint/forge/e2e/scale/results/scale-20260905-151107.log  (raw timelines: /Users/ddalton/github/flint/forge/e2e/scale/results/work-20260905-151107)
