info: downloading component llvm-tools

Installed:
  boost-regex-1.75.0-4.amzn2023.0.4.aarch64                                     
  ctags-5.9-1.20210725.0.amzn2023.0.2.aarch64                                   
  gdb-16.3-1.amzn2023.0.2.aarch64                                               
  gdb-headless-16.3-1.amzn2023.0.2.aarch64                                      
  libbabeltrace-1.5.8-6.amzn2023.0.2.aarch64                                    
  libicu-67.1-7.amzn2023.0.4.aarch64                                            
  source-highlight-3.1.9-9.amzn2023.0.2.aarch64                                 

   Compiling shlex v2.0.1
   Compiling find-msvc-tools v0.1.14
   Compiling cc v1.6.0
   Compiling libmimalloc-sys v0.1.49
   Compiling mimalloc v0.1.52
   Compiling tlc-rs v0.1.0 (/opt/f2/tlc-rs)
   Compiling tlcgen-leanp1 v0.1.0 (/opt/pgo/gen)
    Finished `release` profile [optimized] target(s) in 39.12s
ptrace: No such process.
No symbol table is loaded.  Use the "file" command.
   Compiling shlex v2.0.1
   Compiling find-msvc-tools v0.1.14
   Compiling cc v1.6.0
   Compiling libmimalloc-sys v0.1.49
   Compiling mimalloc v0.1.52
   Compiling tlc-rs v0.1.0 (/opt/f2/tlc-rs)
   Compiling tlcgen-leanp1 v0.1.0 (/opt/pgo/gen)
    Finished `release` profile [optimized] target(s) in 40.88s
