2026-10-03T21:52:02Z start aarch64 192 cpus
2026-10-03T21:52:54Z built
2026-10-03T21:54:25Z w192 | d14 15688067 15.2s d15 27822053 28.9s d16 46585950 51.4s d17 74720931 88.8s 
2026-10-03T21:55:50Z w128 | d14 15688067 15.4s d15 27822053 28.2s d16 46585950 49.0s d17 74720931 82.9s 
2026-10-03T21:57:33Z w64 | d14 15688067 19.2s d15 27822053 35.1s d16 46585950 60.8s d17 74720931 101.4s 
2026-10-03T21:57:33Z SCALE DONE
2026-10-03T21:57:33Z NO FULL192: t64/t192 = 101.4/88.8 (< 1.5 or missing)
2026-10-03T22:01:02Z F2 built; aprops=2 main.rs=171079 bytes (fix1: 169283)
2026-10-03T22:01:30Z F2 w192 | d16 46585950 gen=153488933 16.6s d17 74720931 gen=250122473 27.3s 
2026-10-03T22:02:08Z F2 w128 | d15 27822053 gen=89942860 13.1s d17 74720931 gen=250122473 37.6s 
2026-10-03T22:03:21Z F2 w64 | d14 15688067 gen=49469433 13.7s d15 27822053 gen=89942860 25.1s d16 46585950 gen=153488933 43.4s d17 74720931 gen=250122473 71.9s 
2026-10-03T22:03:21Z F2 DONE
2026-10-03T22:04:10Z FULL192 start: fix #2 build, 192 workers
2026-10-03T22:25:42Z FULL192 rc=0 | Model checking completed. No error has been found. | 6767580951 states generated, 1669205616 distinct states found. Depth 39. Checked in 1290.803s (1293153 distinct/s).
FULL192-DONE
2026-10-03T22:27:34Z F3 built
2026-10-03T22:30:41Z F3 fix2 | d18 115558624 gen=393173835 43.3s d20 244874921 gen=864890896 99.3s d21 332753224 gen=1195150636 139.2s d22 433073022 gen=1574761223 186.2s 
2026-10-03T22:34:07Z F3 fix3 | d18 115558624 gen=393173835 49.2s d20 244874921 gen=864890896 110.2s d21 332753224 gen=1195150636 153.5s d22 433073022 gen=1574761223 204.0s 
2026-10-03T22:34:07Z F3 DONE
2026-10-03T22:38:04Z F3B check FetchHolds | Model checking completed. No error has been found. | 11504466 states generated, 3510269 distinct states found
2026-10-03T22:38:04Z F3B check NoR7 | Error: Action property Prop_NoSilentRevert is violated by the last step above. | 1103087 states generated, 441714 distinct states found
2026-10-03T22:41:55Z F3B fix3b | d18 115558624 gen=393173835 55.9s d20 244874921 gen=864890896 125.4s d21 332753224 gen=1195150636 174.0s d22 433073022 gen=1574761223 229.8s 
2026-10-03T22:41:55Z F3B DONE
2026-10-03T22:50:33Z PGO instrumented built
2026-10-03T22:57:33Z PGO train |  | profraw 2 796K
2026-10-03T22:58:14Z PGO pgo built | missing-profile warnings: 0
2026-10-03T23:01:25Z PGO fix2-a | d18 115558624 gen=393173835 43.4s d20 244874921 gen=864890896 99.5s d21 332753224 gen=1195150636 140.3s d22 433073022 gen=1574761223 188.7s 
2026-10-03T23:04:20Z PGO pgo-a | d18 115558624 gen=393173835 42.3s d20 244874921 gen=864890896 94.0s d21 332753224 gen=1195150636 130.6s d22 433073022 gen=1574761223 173.5s 
2026-10-03T23:07:29Z PGO fix2-b | d18 115558624 gen=393173835 43.7s d20 244874921 gen=864890896 100.1s d21 332753224 gen=1195150636 141.1s d22 433073022 gen=1574761223 188.3s 
2026-10-03T23:10:21Z PGO pgo-b | d18 115558624 gen=393173835 42.2s d20 244874921 gen=864890896 93.1s d21 332753224 gen=1195150636 128.8s d22 433073022 gen=1574761223 170.6s 
2026-10-03T23:10:21Z PGO DONE
2026-10-03T23:10:24Z GATE start (pgo finished)
2026-10-03T23:10:49Z GATE built cc5c6198 codegen.rs
2026-10-03T23:12:40Z GATE start (pgo finished)
2026-10-03T23:13:05Z GATE built cc5c6198 codegen.rs
2026-10-03T23:25:49Z GATE DONE | 269 OK, 135 DIFF, 0 skipped
