tlc-rs: MCLeanP1M3 (31 variables, 0 symmetry permutations), 2 workers, interp engine; loaded in 0.006s
State 1:
/\ live = {<<p1, 1>>}
/\ minted = {<<p1, 1>>}
/\ doc = (p1 :> <<p1, 1>> @@ p2 :> Nil)
/\ seq = 1
/\ tomb = (p1 :> Nil @@ p2 :> Nil)
/\ base = (<<p1, 1>> :> Nil @@ <<p1, 2>> :> Nil @@ <<p1, 3>> :> Nil @@ <<p1, 4>> :> Nil @@ <<p2, 1>> :> Nil @@ <<p2, 2>> :> Nil @@ <<p2, 3>> :> Nil @@ <<p2, 4>> :> Nil)
/\ acked = {}
/\ conflicts = {}
/\ holder = "none"
/\ nextGen = 2
/\ ui = 0
/\ reqs = 0
/\ barriers = 0
/\ w = (A :> [derived |-> 0, memo |-> 0, rnow |-> 0, sStage |-> "none", baseline |-> (p1 :> Nil @@ p2 :> Nil), skipped |-> {}, pc |-> "idle", uploads |-> {}, upDone |-> {}, inst |-> (p1 :> Nil @@ p2 :> Nil), snap |-> (p1 :> Nil @@ p2 :> Nil), adv |-> FALSE, deletes |-> {}, st |-> "off", local |-> (p1 :> Nil @@ p2 :> Nil), integrated |-> {}, gone |-> {}, verified |-> FALSE, retire |-> {}, collected |-> FALSE, synced |-> 0, scope |-> {}, sTgt |-> {}, sDrop |-> {}, sKeep |-> {}, sHeld |-> (p1 :> Nil @@ p2 :> Nil), unlinked |-> {}])
/\ took = (A :> (p1 :> {} @@ p2 :> {}))
/\ gw = (p1 :> Nil @@ p2 :> Nil)
/\ mv = Nil
/\ udel = {}
/\ restarts = 0
/\ syncs = 0
/\ regressed = FALSE
/\ rescopes = 0
/\ fails = 0
/\ upped = {<<p1, 1>>}
/\ copies = 0
/\ orig = (<<p1, 1>> :> Nil @@ <<p1, 2>> :> Nil @@ <<p1, 3>> :> Nil @@ <<p1, 4>> :> Nil @@ <<p2, 1>> :> Nil @@ <<p2, 2>> :> Nil @@ <<p2, 3>> :> Nil @@ <<p2, 4>> :> Nil)
/\ retiring = {}
/\ aged = {}
/\ ages = 0
/\ rdoc = (p1 :> Nil @@ p2 :> Nil)
/\ rlag = TRUE

State 2:
/\ live = {<<p1, 1>>}
/\ minted = {<<p1, 1>>}
/\ doc = (p1 :> <<p1, 1>> @@ p2 :> Nil)
/\ seq = 1
/\ tomb = (p1 :> Nil @@ p2 :> Nil)
/\ base = (<<p1, 1>> :> Nil @@ <<p1, 2>> :> Nil @@ <<p1, 3>> :> Nil @@ <<p1, 4>> :> Nil @@ <<p2, 1>> :> Nil @@ <<p2, 2>> :> Nil @@ <<p2, 3>> :> Nil @@ <<p2, 4>> :> Nil)
/\ acked = {}
/\ conflicts = {}
/\ holder = "none"
/\ nextGen = 2
/\ ui = 0
/\ reqs = 0
/\ barriers = 0
/\ w = (A :> [derived |-> 1, memo |-> 0, rnow |-> 0, sStage |-> "none", baseline |-> (p1 :> <<p1, 1>> @@ p2 :> Nil), skipped |-> {}, pc |-> "idle", uploads |-> {}, upDone |-> {}, inst |-> (p1 :> <<p1, 1>> @@ p2 :> Nil), snap |-> (p1 :> Nil @@ p2 :> Nil), adv |-> FALSE, deletes |-> {}, st |-> "on", local |-> (p1 :> <<p1, 1>> @@ p2 :> Nil), integrated |-> {1}, gone |-> {}, verified |-> FALSE, retire |-> {}, collected |-> FALSE, synced |-> 1, scope |-> {p1, p2}, sTgt |-> {}, sDrop |-> {}, sKeep |-> {}, sHeld |-> (p1 :> Nil @@ p2 :> Nil), unlinked |-> {}])
/\ took = (A :> (p1 :> {1} @@ p2 :> {}))
/\ gw = (p1 :> Nil @@ p2 :> Nil)
/\ mv = Nil
/\ udel = {}
/\ restarts = 0
/\ syncs = 0
/\ regressed = FALSE
/\ rescopes = 0
/\ fails = 0
/\ upped = {<<p1, 1>>}
/\ copies = 0
/\ orig = (<<p1, 1>> :> Nil @@ <<p1, 2>> :> Nil @@ <<p1, 3>> :> Nil @@ <<p1, 4>> :> Nil @@ <<p2, 1>> :> Nil @@ <<p2, 2>> :> Nil @@ <<p2, 3>> :> Nil @@ <<p2, 4>> :> Nil)
/\ retiring = {}
/\ aged = {}
/\ ages = 0
/\ rdoc = (p1 :> Nil @@ p2 :> Nil)
/\ rlag = TRUE

State 3:
/\ live = {<<p1, 1>>}
/\ minted = {<<p1, 1>>}
/\ doc = (p1 :> <<p1, 1>> @@ p2 :> Nil)
/\ seq = 1
/\ tomb = (p1 :> Nil @@ p2 :> Nil)
/\ base = (<<p1, 1>> :> Nil @@ <<p1, 2>> :> Nil @@ <<p1, 3>> :> Nil @@ <<p1, 4>> :> Nil @@ <<p2, 1>> :> Nil @@ <<p2, 2>> :> Nil @@ <<p2, 3>> :> Nil @@ <<p2, 4>> :> Nil)
/\ acked = {}
/\ conflicts = {}
/\ holder = "none"
/\ nextGen = 2
/\ ui = 0
/\ reqs = 0
/\ barriers = 0
/\ w = (A :> [derived |-> 1, memo |-> 0, rnow |-> 0, sStage |-> "none", baseline |-> (p1 :> <<p1, 1>> @@ p2 :> Nil), skipped |-> {}, pc |-> "consumed", uploads |-> {}, upDone |-> {}, inst |-> (p1 :> <<p1, 1>> @@ p2 :> Nil), snap |-> (p1 :> Nil @@ p2 :> Nil), adv |-> FALSE, deletes |-> {}, st |-> "on", local |-> (p1 :> <<p1, 1>> @@ p2 :> Nil), integrated |-> {1}, gone |-> {}, verified |-> FALSE, retire |-> {}, collected |-> FALSE, synced |-> 1, scope |-> {p1, p2}, sTgt |-> {}, sDrop |-> {}, sKeep |-> {}, sHeld |-> (p1 :> Nil @@ p2 :> Nil), unlinked |-> {}])
/\ took = (A :> (p1 :> {1} @@ p2 :> {}))
/\ gw = (p1 :> Nil @@ p2 :> Nil)
/\ mv = Nil
/\ udel = {}
/\ restarts = 0
/\ syncs = 0
/\ regressed = FALSE
/\ rescopes = 0
/\ fails = 0
/\ upped = {<<p1, 1>>}
/\ copies = 0
/\ orig = (<<p1, 1>> :> Nil @@ <<p1, 2>> :> Nil @@ <<p1, 3>> :> Nil @@ <<p1, 4>> :> Nil @@ <<p2, 1>> :> Nil @@ <<p2, 2>> :> Nil @@ <<p2, 3>> :> Nil @@ <<p2, 4>> :> Nil)
/\ retiring = {}
/\ aged = {}
/\ ages = 0
/\ rdoc = (p1 :> Nil @@ p2 :> Nil)
/\ rlag = TRUE

State 4:
/\ live = {<<p1, 1>>}
/\ minted = {<<p1, 1>>}
/\ doc = (p1 :> Nil @@ p2 :> <<p1, 1>>)
/\ seq = 2
/\ tomb = (p1 :> <<p1, 1>> @@ p2 :> Nil)
/\ base = (<<p1, 1>> :> Nil @@ <<p1, 2>> :> Nil @@ <<p1, 3>> :> Nil @@ <<p1, 4>> :> Nil @@ <<p2, 1>> :> Nil @@ <<p2, 2>> :> Nil @@ <<p2, 3>> :> Nil @@ <<p2, 4>> :> Nil)
/\ acked = {<<p2, <<p1, 1>>>>}
/\ conflicts = {}
/\ holder = "none"
/\ nextGen = 2
/\ ui = 0
/\ reqs = 1
/\ barriers = 0
/\ w = (A :> [derived |-> 1, memo |-> 0, rnow |-> 0, sStage |-> "none", baseline |-> (p1 :> <<p1, 1>> @@ p2 :> Nil), skipped |-> {}, pc |-> "consumed", uploads |-> {}, upDone |-> {}, inst |-> (p1 :> <<p1, 1>> @@ p2 :> Nil), snap |-> (p1 :> Nil @@ p2 :> Nil), adv |-> FALSE, deletes |-> {}, st |-> "on", local |-> (p1 :> <<p1, 1>> @@ p2 :> Nil), integrated |-> {1}, gone |-> {}, verified |-> FALSE, retire |-> {}, collected |-> FALSE, synced |-> 1, scope |-> {p1, p2}, sTgt |-> {}, sDrop |-> {}, sKeep |-> {}, sHeld |-> (p1 :> Nil @@ p2 :> Nil), unlinked |-> {}])
/\ took = (A :> (p1 :> {1} @@ p2 :> {}))
/\ gw = (p1 :> Nil @@ p2 :> Nil)
/\ mv = Nil
/\ udel = {}
/\ restarts = 0
/\ syncs = 0
/\ regressed = FALSE
/\ rescopes = 0
/\ fails = 0
/\ upped = {<<p1, 1>>}
/\ copies = 0
/\ orig = (<<p1, 1>> :> Nil @@ <<p1, 2>> :> Nil @@ <<p1, 3>> :> Nil @@ <<p1, 4>> :> Nil @@ <<p2, 1>> :> Nil @@ <<p2, 2>> :> Nil @@ <<p2, 3>> :> Nil @@ <<p2, 4>> :> Nil)
/\ retiring = {}
/\ aged = {}
/\ ages = 0
/\ rdoc = (p1 :> Nil @@ p2 :> Nil)
/\ rlag = TRUE

State 5:
/\ live = {<<p1, 1>>}
/\ minted = {<<p1, 1>>}
/\ doc = (p1 :> Nil @@ p2 :> <<p1, 1>>)
/\ seq = 2
/\ tomb = (p1 :> <<p1, 1>> @@ p2 :> Nil)
/\ base = (<<p1, 1>> :> Nil @@ <<p1, 2>> :> Nil @@ <<p1, 3>> :> Nil @@ <<p1, 4>> :> Nil @@ <<p2, 1>> :> Nil @@ <<p2, 2>> :> Nil @@ <<p2, 3>> :> Nil @@ <<p2, 4>> :> Nil)
/\ acked = {<<p2, <<p1, 1>>>>}
/\ conflicts = {}
/\ holder = "none"
/\ nextGen = 2
/\ ui = 0
/\ reqs = 1
/\ barriers = 0
/\ w = (A :> [derived |-> 1, memo |-> 0, rnow |-> 0, sStage |-> "none", baseline |-> (p1 :> <<p1, 1>> @@ p2 :> Nil), skipped |-> {}, pc |-> "consumed", uploads |-> {}, upDone |-> {}, inst |-> (p1 :> <<p1, 1>> @@ p2 :> Nil), snap |-> (p1 :> Nil @@ p2 :> Nil), adv |-> FALSE, deletes |-> {}, st |-> "on", local |-> (p1 :> Nil @@ p2 :> Nil), integrated |-> {1}, gone |-> {}, verified |-> FALSE, retire |-> {}, collected |-> FALSE, synced |-> 1, scope |-> {p1, p2}, sTgt |-> {}, sDrop |-> {}, sKeep |-> {}, sHeld |-> (p1 :> Nil @@ p2 :> Nil), unlinked |-> {}])
/\ took = (A :> (p1 :> {1} @@ p2 :> {}))
/\ gw = (p1 :> Nil @@ p2 :> Nil)
/\ mv = Nil
/\ udel = {}
/\ restarts = 0
/\ syncs = 0
/\ regressed = FALSE
/\ rescopes = 0
/\ fails = 0
/\ upped = {<<p1, 1>>}
/\ copies = 0
/\ orig = (<<p1, 1>> :> Nil @@ <<p1, 2>> :> Nil @@ <<p1, 3>> :> Nil @@ <<p1, 4>> :> Nil @@ <<p2, 1>> :> Nil @@ <<p2, 2>> :> Nil @@ <<p2, 3>> :> Nil @@ <<p2, 4>> :> Nil)
/\ retiring = {}
/\ aged = {}
/\ ages = 0
/\ rdoc = (p1 :> Nil @@ p2 :> Nil)
/\ rlag = TRUE

State 6:
/\ live = {<<p1, 1>>}
/\ minted = {<<p1, 1>>}
/\ doc = (p1 :> Nil @@ p2 :> <<p1, 1>>)
/\ seq = 2
/\ tomb = (p1 :> <<p1, 1>> @@ p2 :> Nil)
/\ base = (<<p1, 1>> :> Nil @@ <<p1, 2>> :> Nil @@ <<p1, 3>> :> Nil @@ <<p1, 4>> :> Nil @@ <<p2, 1>> :> Nil @@ <<p2, 2>> :> Nil @@ <<p2, 3>> :> Nil @@ <<p2, 4>> :> Nil)
/\ acked = {<<p2, <<p1, 1>>>>}
/\ conflicts = {}
/\ holder = "none"
/\ nextGen = 2
/\ ui = 0
/\ reqs = 1
/\ barriers = 1
/\ w = (A :> [derived |-> 1, memo |-> 0, rnow |-> 0, sStage |-> "none", baseline |-> (p1 :> <<p1, 1>> @@ p2 :> Nil), skipped |-> {}, pc |-> "scanned", uploads |-> {}, upDone |-> {}, inst |-> (p1 :> <<p1, 1>> @@ p2 :> Nil), snap |-> (p1 :> Nil @@ p2 :> Nil), adv |-> FALSE, deletes |-> {p1}, st |-> "on", local |-> (p1 :> Nil @@ p2 :> Nil), integrated |-> {1}, gone |-> {}, verified |-> FALSE, retire |-> {}, collected |-> FALSE, synced |-> 1, scope |-> {p1, p2}, sTgt |-> {}, sDrop |-> {}, sKeep |-> {}, sHeld |-> (p1 :> Nil @@ p2 :> Nil), unlinked |-> {}])
/\ took = (A :> (p1 :> {1} @@ p2 :> {}))
/\ gw = (p1 :> Nil @@ p2 :> Nil)
/\ mv = Nil
/\ udel = {}
/\ restarts = 0
/\ syncs = 0
/\ regressed = FALSE
/\ rescopes = 0
/\ fails = 0
/\ upped = {<<p1, 1>>}
/\ copies = 0
/\ orig = (<<p1, 1>> :> Nil @@ <<p1, 2>> :> Nil @@ <<p1, 3>> :> Nil @@ <<p1, 4>> :> Nil @@ <<p2, 1>> :> Nil @@ <<p2, 2>> :> Nil @@ <<p2, 3>> :> Nil @@ <<p2, 4>> :> Nil)
/\ retiring = {}
/\ aged = {}
/\ ages = 0
/\ rdoc = (p1 :> Nil @@ p2 :> Nil)
/\ rlag = TRUE

State 7:
/\ live = {<<p1, 1>>}
/\ minted = {<<p1, 1>>}
/\ doc = (p1 :> Nil @@ p2 :> <<p1, 1>>)
/\ seq = 2
/\ tomb = (p1 :> <<p1, 1>> @@ p2 :> Nil)
/\ base = (<<p1, 1>> :> Nil @@ <<p1, 2>> :> Nil @@ <<p1, 3>> :> Nil @@ <<p1, 4>> :> Nil @@ <<p2, 1>> :> Nil @@ <<p2, 2>> :> Nil @@ <<p2, 3>> :> Nil @@ <<p2, 4>> :> Nil)
/\ acked = {<<p2, <<p1, 1>>>>}
/\ conflicts = {}
/\ holder = A
/\ nextGen = 2
/\ ui = 0
/\ reqs = 1
/\ barriers = 1
/\ w = (A :> [derived |-> 1, memo |-> 0, rnow |-> 0, sStage |-> "none", baseline |-> (p1 :> <<p1, 1>> @@ p2 :> Nil), skipped |-> {}, pc |-> "claimed", uploads |-> {}, upDone |-> {}, inst |-> (p1 :> <<p1, 1>> @@ p2 :> Nil), snap |-> (p1 :> Nil @@ p2 :> Nil), adv |-> FALSE, deletes |-> {p1}, st |-> "on", local |-> (p1 :> Nil @@ p2 :> Nil), integrated |-> {1}, gone |-> {}, verified |-> FALSE, retire |-> {}, collected |-> FALSE, synced |-> 1, scope |-> {p1, p2}, sTgt |-> {}, sDrop |-> {}, sKeep |-> {}, sHeld |-> (p1 :> Nil @@ p2 :> Nil), unlinked |-> {}])
/\ took = (A :> (p1 :> {1} @@ p2 :> {}))
/\ gw = (p1 :> Nil @@ p2 :> Nil)
/\ mv = Nil
/\ udel = {}
/\ restarts = 0
/\ syncs = 0
/\ regressed = FALSE
/\ rescopes = 0
/\ fails = 0
/\ upped = {<<p1, 1>>}
/\ copies = 0
/\ orig = (<<p1, 1>> :> Nil @@ <<p1, 2>> :> Nil @@ <<p1, 3>> :> Nil @@ <<p1, 4>> :> Nil @@ <<p2, 1>> :> Nil @@ <<p2, 2>> :> Nil @@ <<p2, 3>> :> Nil @@ <<p2, 4>> :> Nil)
/\ retiring = {}
/\ aged = {}
/\ ages = 0
/\ rdoc = (p1 :> Nil @@ p2 :> Nil)
/\ rlag = TRUE

State 8:
/\ live = {<<p1, 1>>}
/\ minted = {<<p1, 1>>}
/\ doc = (p1 :> Nil @@ p2 :> <<p1, 1>>)
/\ seq = 2
/\ tomb = (p1 :> <<p1, 1>> @@ p2 :> Nil)
/\ base = (<<p1, 1>> :> Nil @@ <<p1, 2>> :> Nil @@ <<p1, 3>> :> Nil @@ <<p1, 4>> :> Nil @@ <<p2, 1>> :> Nil @@ <<p2, 2>> :> Nil @@ <<p2, 3>> :> Nil @@ <<p2, 4>> :> Nil)
/\ acked = {<<p2, <<p1, 1>>>>}
/\ conflicts = {}
/\ holder = A
/\ nextGen = 2
/\ ui = 0
/\ reqs = 1
/\ barriers = 1
/\ w = (A :> [derived |-> 1, memo |-> 0, rnow |-> 0, sStage |-> "none", baseline |-> (p1 :> <<p1, 1>> @@ p2 :> Nil), skipped |-> {}, pc |-> "claimed", uploads |-> {}, upDone |-> {}, inst |-> (p1 :> <<p1, 1>> @@ p2 :> Nil), snap |-> (p1 :> Nil @@ p2 :> Nil), adv |-> FALSE, deletes |-> {p1}, st |-> "on", local |-> (p1 :> Nil @@ p2 :> Nil), integrated |-> {1}, gone |-> {}, verified |-> TRUE, retire |-> {}, collected |-> FALSE, synced |-> 1, scope |-> {p1, p2}, sTgt |-> {}, sDrop |-> {}, sKeep |-> {}, sHeld |-> (p1 :> Nil @@ p2 :> Nil), unlinked |-> {}])
/\ took = (A :> (p1 :> {1} @@ p2 :> {}))
/\ gw = (p1 :> Nil @@ p2 :> Nil)
/\ mv = Nil
/\ udel = {}
/\ restarts = 0
/\ syncs = 0
/\ regressed = FALSE
/\ rescopes = 0
/\ fails = 0
/\ upped = {<<p1, 1>>}
/\ copies = 0
/\ orig = (<<p1, 1>> :> Nil @@ <<p1, 2>> :> Nil @@ <<p1, 3>> :> Nil @@ <<p1, 4>> :> Nil @@ <<p2, 1>> :> Nil @@ <<p2, 2>> :> Nil @@ <<p2, 3>> :> Nil @@ <<p2, 4>> :> Nil)
/\ retiring = {}
/\ aged = {}
/\ ages = 0
/\ rdoc = (p1 :> Nil @@ p2 :> Nil)
/\ rlag = TRUE

State 9:
/\ live = {<<p1, 1>>}
/\ minted = {<<p1, 1>>}
/\ doc = (p1 :> Nil @@ p2 :> <<p1, 1>>)
/\ seq = 2
/\ tomb = (p1 :> <<p1, 1>> @@ p2 :> Nil)
/\ base = (<<p1, 1>> :> Nil @@ <<p1, 2>> :> Nil @@ <<p1, 3>> :> Nil @@ <<p1, 4>> :> Nil @@ <<p2, 1>> :> Nil @@ <<p2, 2>> :> Nil @@ <<p2, 3>> :> Nil @@ <<p2, 4>> :> Nil)
/\ acked = {<<p2, <<p1, 1>>>>}
/\ conflicts = {}
/\ holder = A
/\ nextGen = 2
/\ ui = 0
/\ reqs = 1
/\ barriers = 1
/\ w = (A :> [derived |-> 1, memo |-> 0, rnow |-> 0, sStage |-> "none", baseline |-> (p1 :> <<p1, 1>> @@ p2 :> Nil), skipped |-> {}, pc |-> "cased", uploads |-> {}, upDone |-> {}, inst |-> (p1 :> Nil @@ p2 :> <<p1, 1>>), snap |-> (p1 :> Nil @@ p2 :> Nil), adv |-> FALSE, deletes |-> {p1}, st |-> "on", local |-> (p1 :> Nil @@ p2 :> Nil), integrated |-> {1}, gone |-> {}, verified |-> TRUE, retire |-> {}, collected |-> TRUE, synced |-> 1, scope |-> {p1, p2}, sTgt |-> {}, sDrop |-> {}, sKeep |-> {}, sHeld |-> (p1 :> Nil @@ p2 :> Nil), unlinked |-> {}])
/\ took = (A :> (p1 :> {1} @@ p2 :> {}))
/\ gw = (p1 :> Nil @@ p2 :> Nil)
/\ mv = Nil
/\ udel = {}
/\ restarts = 0
/\ syncs = 0
/\ regressed = FALSE
/\ rescopes = 0
/\ fails = 0
/\ upped = {<<p1, 1>>}
/\ copies = 0
/\ orig = (<<p1, 1>> :> Nil @@ <<p1, 2>> :> Nil @@ <<p1, 3>> :> Nil @@ <<p1, 4>> :> Nil @@ <<p2, 1>> :> Nil @@ <<p2, 2>> :> Nil @@ <<p2, 3>> :> Nil @@ <<p2, 4>> :> Nil)
/\ retiring = {}
/\ aged = {}
/\ ages = 0
/\ rdoc = (p1 :> Nil @@ p2 :> Nil)
/\ rlag = TRUE

Error: Invariant M3AdvCtl is violated.
179177 states generated, 72752 distinct states found. Depth 8. Checked in 1.192s (61033 distinct/s).

real	0m1.206s
user	0m2.341s
sys	0m0.018s
rc=12 20:18:46Z
