tlc-rs: MCLeanP1Ind (31 variables, 0 symmetry permutations), 8 workers, generated engine; loaded in 0.004s
State 1:
/\ live = {<<p1, 1>>}
/\ minted = {<<p1, 1>>}
/\ doc = (p1 :> <<p1, 1>>)
/\ seq = 1
/\ tomb = (p1 :> Nil)
/\ base = (<<p1, 1>> :> Nil @@ <<p1, 2>> :> Nil @@ <<p1, 3>> :> Nil @@ <<p1, 4>> :> Nil @@ <<p1, 5>> :> Nil)
/\ acked = {}
/\ conflicts = {}
/\ holder = "none"
/\ nextGen = 2
/\ ui = 0
/\ reqs = 0
/\ barriers = 0
/\ w = (A :> [pc |-> "idle", local |-> (p1 :> Nil), baseline |-> (p1 :> Nil), snap |-> (p1 :> Nil), inst |-> (p1 :> Nil), sHeld |-> (p1 :> Nil), upDone |-> {}, verified |-> FALSE, uploads |-> {}, gone |-> {}, deletes |-> {}, sStage |-> "none", unlinked |-> {}, derived |-> 0, skipped |-> {}, memo |-> 0, rnow |-> 0, synced |-> 0, st |-> "off", integrated |-> {}, retire |-> {}, collected |-> FALSE, adv |-> FALSE, scope |-> {}, sTgt |-> {}, sDrop |-> {}, sKeep |-> {}] @@ B :> [pc |-> "idle", local |-> (p1 :> Nil), baseline |-> (p1 :> Nil), snap |-> (p1 :> Nil), inst |-> (p1 :> Nil), sHeld |-> (p1 :> Nil), upDone |-> {}, verified |-> FALSE, uploads |-> {}, gone |-> {}, deletes |-> {}, sStage |-> "none", unlinked |-> {}, derived |-> 0, skipped |-> {}, memo |-> 0, rnow |-> 0, synced |-> 0, st |-> "off", integrated |-> {}, retire |-> {}, collected |-> FALSE, adv |-> FALSE, scope |-> {}, sTgt |-> {}, sDrop |-> {}, sKeep |-> {}])
/\ took = (A :> (p1 :> {}) @@ B :> (p1 :> {}))
/\ gw = (p1 :> Nil)
/\ mv = Nil
/\ udel = {}
/\ restarts = 0
/\ syncs = 0
/\ regressed = FALSE
/\ rescopes = 0
/\ fails = 0
/\ upped = {<<p1, 1>>}
/\ copies = 0
/\ orig = (<<p1, 1>> :> Nil @@ <<p1, 2>> :> Nil @@ <<p1, 3>> :> Nil @@ <<p1, 4>> :> Nil @@ <<p1, 5>> :> Nil)
/\ retiring = {}
/\ aged = {}
/\ ages = 0
/\ rdoc = (p1 :> Nil)
/\ rlag = TRUE

State 2:
/\ live = {<<p1, 1>>}
/\ minted = {<<p1, 1>>}
/\ doc = (p1 :> <<p1, 1>>)
/\ seq = 1
/\ tomb = (p1 :> Nil)
/\ base = (<<p1, 1>> :> Nil @@ <<p1, 2>> :> Nil @@ <<p1, 3>> :> Nil @@ <<p1, 4>> :> Nil @@ <<p1, 5>> :> Nil)
/\ acked = {}
/\ conflicts = {}
/\ holder = "none"
/\ nextGen = 2
/\ ui = 0
/\ reqs = 0
/\ barriers = 0
/\ w = (A :> [pc |-> "idle", local |-> (p1 :> Nil), baseline |-> (p1 :> Nil), snap |-> (p1 :> Nil), inst |-> (p1 :> Nil), sHeld |-> (p1 :> Nil), upDone |-> {}, verified |-> FALSE, uploads |-> {}, gone |-> {}, deletes |-> {}, sStage |-> "none", unlinked |-> {}, derived |-> 0, skipped |-> {}, memo |-> 0, rnow |-> 0, synced |-> 0, st |-> "off", integrated |-> {}, retire |-> {}, collected |-> FALSE, adv |-> FALSE, scope |-> {}, sTgt |-> {}, sDrop |-> {}, sKeep |-> {}] @@ B :> [pc |-> "idle", local |-> (p1 :> <<p1, 1>>), baseline |-> (p1 :> <<p1, 1>>), snap |-> (p1 :> Nil), inst |-> (p1 :> <<p1, 1>>), sHeld |-> (p1 :> Nil), upDone |-> {}, verified |-> FALSE, uploads |-> {}, gone |-> {}, deletes |-> {}, sStage |-> "none", unlinked |-> {}, derived |-> 1, skipped |-> {}, memo |-> 0, rnow |-> 0, synced |-> 1, st |-> "on", integrated |-> {1}, retire |-> {}, collected |-> FALSE, adv |-> FALSE, scope |-> {p1}, sTgt |-> {}, sDrop |-> {}, sKeep |-> {}])
/\ took = (A :> (p1 :> {}) @@ B :> (p1 :> {1}))
/\ gw = (p1 :> Nil)
/\ mv = Nil
/\ udel = {}
/\ restarts = 0
/\ syncs = 0
/\ regressed = FALSE
/\ rescopes = 0
/\ fails = 0
/\ upped = {<<p1, 1>>}
/\ copies = 0
/\ orig = (<<p1, 1>> :> Nil @@ <<p1, 2>> :> Nil @@ <<p1, 3>> :> Nil @@ <<p1, 4>> :> Nil @@ <<p1, 5>> :> Nil)
/\ retiring = {}
/\ aged = {}
/\ ages = 0
/\ rdoc = (p1 :> Nil)
/\ rlag = TRUE

State 3:
/\ live = {<<p1, 1>>}
/\ minted = {<<p1, 1>>, <<p1, 2>>}
/\ doc = (p1 :> <<p1, 1>>)
/\ seq = 1
/\ tomb = (p1 :> Nil)
/\ base = (<<p1, 1>> :> Nil @@ <<p1, 2>> :> <<p1, 1>> @@ <<p1, 3>> :> Nil @@ <<p1, 4>> :> Nil @@ <<p1, 5>> :> Nil)
/\ acked = {}
/\ conflicts = {}
/\ holder = "none"
/\ nextGen = 3
/\ ui = 0
/\ reqs = 0
/\ barriers = 0
/\ w = (A :> [pc |-> "idle", local |-> (p1 :> Nil), baseline |-> (p1 :> Nil), snap |-> (p1 :> Nil), inst |-> (p1 :> Nil), sHeld |-> (p1 :> Nil), upDone |-> {}, verified |-> FALSE, uploads |-> {}, gone |-> {}, deletes |-> {}, sStage |-> "none", unlinked |-> {}, derived |-> 0, skipped |-> {}, memo |-> 0, rnow |-> 0, synced |-> 0, st |-> "off", integrated |-> {}, retire |-> {}, collected |-> FALSE, adv |-> FALSE, scope |-> {}, sTgt |-> {}, sDrop |-> {}, sKeep |-> {}] @@ B :> [pc |-> "idle", local |-> (p1 :> <<p1, 2>>), baseline |-> (p1 :> <<p1, 1>>), snap |-> (p1 :> Nil), inst |-> (p1 :> <<p1, 1>>), sHeld |-> (p1 :> Nil), upDone |-> {}, verified |-> FALSE, uploads |-> {}, gone |-> {}, deletes |-> {}, sStage |-> "none", unlinked |-> {}, derived |-> 1, skipped |-> {}, memo |-> 0, rnow |-> 0, synced |-> 1, st |-> "on", integrated |-> {1, 2}, retire |-> {}, collected |-> FALSE, adv |-> FALSE, scope |-> {p1}, sTgt |-> {}, sDrop |-> {}, sKeep |-> {}])
/\ took = (A :> (p1 :> {}) @@ B :> (p1 :> {1, 2}))
/\ gw = (p1 :> Nil)
/\ mv = Nil
/\ udel = {}
/\ restarts = 0
/\ syncs = 0
/\ regressed = FALSE
/\ rescopes = 0
/\ fails = 0
/\ upped = {<<p1, 1>>}
/\ copies = 0
/\ orig = (<<p1, 1>> :> Nil @@ <<p1, 2>> :> Nil @@ <<p1, 3>> :> Nil @@ <<p1, 4>> :> Nil @@ <<p1, 5>> :> Nil)
/\ retiring = {}
/\ aged = {}
/\ ages = 0
/\ rdoc = (p1 :> Nil)
/\ rlag = TRUE

State 4:
/\ live = {<<p1, 1>>}
/\ minted = {<<p1, 1>>, <<p1, 2>>}
/\ doc = (p1 :> <<p1, 1>>)
/\ seq = 1
/\ tomb = (p1 :> Nil)
/\ base = (<<p1, 1>> :> Nil @@ <<p1, 2>> :> <<p1, 1>> @@ <<p1, 3>> :> Nil @@ <<p1, 4>> :> Nil @@ <<p1, 5>> :> Nil)
/\ acked = {}
/\ conflicts = {}
/\ holder = "none"
/\ nextGen = 3
/\ ui = 0
/\ reqs = 0
/\ barriers = 0
/\ w = (A :> [pc |-> "idle", local |-> (p1 :> Nil), baseline |-> (p1 :> Nil), snap |-> (p1 :> Nil), inst |-> (p1 :> Nil), sHeld |-> (p1 :> Nil), upDone |-> {}, verified |-> FALSE, uploads |-> {}, gone |-> {}, deletes |-> {}, sStage |-> "none", unlinked |-> {}, derived |-> 0, skipped |-> {}, memo |-> 0, rnow |-> 0, synced |-> 0, st |-> "off", integrated |-> {}, retire |-> {}, collected |-> FALSE, adv |-> FALSE, scope |-> {}, sTgt |-> {}, sDrop |-> {}, sKeep |-> {}] @@ B :> [pc |-> "consumed", local |-> (p1 :> <<p1, 2>>), baseline |-> (p1 :> <<p1, 1>>), snap |-> (p1 :> Nil), inst |-> (p1 :> <<p1, 1>>), sHeld |-> (p1 :> Nil), upDone |-> {}, verified |-> FALSE, uploads |-> {}, gone |-> {}, deletes |-> {}, sStage |-> "none", unlinked |-> {}, derived |-> 1, skipped |-> {}, memo |-> 0, rnow |-> 0, synced |-> 1, st |-> "on", integrated |-> {1, 2}, retire |-> {}, collected |-> FALSE, adv |-> FALSE, scope |-> {p1}, sTgt |-> {}, sDrop |-> {}, sKeep |-> {}])
/\ took = (A :> (p1 :> {}) @@ B :> (p1 :> {1, 2}))
/\ gw = (p1 :> Nil)
/\ mv = Nil
/\ udel = {}
/\ restarts = 0
/\ syncs = 0
/\ regressed = FALSE
/\ rescopes = 0
/\ fails = 0
/\ upped = {<<p1, 1>>}
/\ copies = 0
/\ orig = (<<p1, 1>> :> Nil @@ <<p1, 2>> :> Nil @@ <<p1, 3>> :> Nil @@ <<p1, 4>> :> Nil @@ <<p1, 5>> :> Nil)
/\ retiring = {}
/\ aged = {}
/\ ages = 0
/\ rdoc = (p1 :> Nil)
/\ rlag = TRUE

State 5:
/\ live = {<<p1, 1>>}
/\ minted = {<<p1, 1>>, <<p1, 2>>}
/\ doc = (p1 :> <<p1, 1>>)
/\ seq = 1
/\ tomb = (p1 :> Nil)
/\ base = (<<p1, 1>> :> Nil @@ <<p1, 2>> :> <<p1, 1>> @@ <<p1, 3>> :> Nil @@ <<p1, 4>> :> Nil @@ <<p1, 5>> :> Nil)
/\ acked = {}
/\ conflicts = {}
/\ holder = "none"
/\ nextGen = 3
/\ ui = 0
/\ reqs = 0
/\ barriers = 1
/\ w = (A :> [pc |-> "idle", local |-> (p1 :> Nil), baseline |-> (p1 :> Nil), snap |-> (p1 :> Nil), inst |-> (p1 :> Nil), sHeld |-> (p1 :> Nil), upDone |-> {}, verified |-> FALSE, uploads |-> {}, gone |-> {}, deletes |-> {}, sStage |-> "none", unlinked |-> {}, derived |-> 0, skipped |-> {}, memo |-> 0, rnow |-> 0, synced |-> 0, st |-> "off", integrated |-> {}, retire |-> {}, collected |-> FALSE, adv |-> FALSE, scope |-> {}, sTgt |-> {}, sDrop |-> {}, sKeep |-> {}] @@ B :> [pc |-> "scanned", local |-> (p1 :> <<p1, 2>>), baseline |-> (p1 :> <<p1, 1>>), snap |-> (p1 :> <<p1, 2>>), inst |-> (p1 :> <<p1, 1>>), sHeld |-> (p1 :> Nil), upDone |-> {}, verified |-> FALSE, uploads |-> {p1}, gone |-> {}, deletes |-> {}, sStage |-> "none", unlinked |-> {}, derived |-> 1, skipped |-> {}, memo |-> 0, rnow |-> 0, synced |-> 1, st |-> "on", integrated |-> {1, 2}, retire |-> {}, collected |-> FALSE, adv |-> FALSE, scope |-> {p1}, sTgt |-> {}, sDrop |-> {}, sKeep |-> {}])
/\ took = (A :> (p1 :> {}) @@ B :> (p1 :> {1, 2}))
/\ gw = (p1 :> Nil)
/\ mv = Nil
/\ udel = {}
/\ restarts = 0
/\ syncs = 0
/\ regressed = FALSE
/\ rescopes = 0
/\ fails = 0
/\ upped = {<<p1, 1>>}
/\ copies = 0
/\ orig = (<<p1, 1>> :> Nil @@ <<p1, 2>> :> Nil @@ <<p1, 3>> :> Nil @@ <<p1, 4>> :> Nil @@ <<p1, 5>> :> Nil)
/\ retiring = {}
/\ aged = {}
/\ ages = 0
/\ rdoc = (p1 :> Nil)
/\ rlag = TRUE

State 6:
/\ live = {<<p1, 1>>, <<p1, 2>>}
/\ minted = {<<p1, 1>>, <<p1, 2>>}
/\ doc = (p1 :> <<p1, 1>>)
/\ seq = 1
/\ tomb = (p1 :> Nil)
/\ base = (<<p1, 1>> :> Nil @@ <<p1, 2>> :> <<p1, 1>> @@ <<p1, 3>> :> Nil @@ <<p1, 4>> :> Nil @@ <<p1, 5>> :> Nil)
/\ acked = {}
/\ conflicts = {}
/\ holder = "none"
/\ nextGen = 3
/\ ui = 0
/\ reqs = 0
/\ barriers = 1
/\ w = (A :> [pc |-> "idle", local |-> (p1 :> Nil), baseline |-> (p1 :> Nil), snap |-> (p1 :> Nil), inst |-> (p1 :> Nil), sHeld |-> (p1 :> Nil), upDone |-> {}, verified |-> FALSE, uploads |-> {}, gone |-> {}, deletes |-> {}, sStage |-> "none", unlinked |-> {}, derived |-> 0, skipped |-> {}, memo |-> 0, rnow |-> 0, synced |-> 0, st |-> "off", integrated |-> {}, retire |-> {}, collected |-> FALSE, adv |-> FALSE, scope |-> {}, sTgt |-> {}, sDrop |-> {}, sKeep |-> {}] @@ B :> [pc |-> "scanned", local |-> (p1 :> <<p1, 2>>), baseline |-> (p1 :> <<p1, 1>>), snap |-> (p1 :> <<p1, 2>>), inst |-> (p1 :> <<p1, 1>>), sHeld |-> (p1 :> Nil), upDone |-> {p1}, verified |-> FALSE, uploads |-> {p1}, gone |-> {}, deletes |-> {}, sStage |-> "none", unlinked |-> {}, derived |-> 1, skipped |-> {}, memo |-> 0, rnow |-> 0, synced |-> 1, st |-> "on", integrated |-> {1, 2}, retire |-> {}, collected |-> FALSE, adv |-> FALSE, scope |-> {p1}, sTgt |-> {}, sDrop |-> {}, sKeep |-> {}])
/\ took = (A :> (p1 :> {}) @@ B :> (p1 :> {1, 2}))
/\ gw = (p1 :> Nil)
/\ mv = Nil
/\ udel = {}
/\ restarts = 0
/\ syncs = 0
/\ regressed = FALSE
/\ rescopes = 0
/\ fails = 0
/\ upped = {<<p1, 1>>, <<p1, 2>>}
/\ copies = 0
/\ orig = (<<p1, 1>> :> Nil @@ <<p1, 2>> :> Nil @@ <<p1, 3>> :> Nil @@ <<p1, 4>> :> Nil @@ <<p1, 5>> :> Nil)
/\ retiring = {}
/\ aged = {}
/\ ages = 0
/\ rdoc = (p1 :> Nil)
/\ rlag = TRUE

State 7:
/\ live = {<<p1, 1>>, <<p1, 2>>}
/\ minted = {<<p1, 1>>, <<p1, 2>>}
/\ doc = (p1 :> <<p1, 1>>)
/\ seq = 1
/\ tomb = (p1 :> Nil)
/\ base = (<<p1, 1>> :> Nil @@ <<p1, 2>> :> <<p1, 1>> @@ <<p1, 3>> :> Nil @@ <<p1, 4>> :> Nil @@ <<p1, 5>> :> Nil)
/\ acked = {}
/\ conflicts = {}
/\ holder = B
/\ nextGen = 3
/\ ui = 0
/\ reqs = 0
/\ barriers = 1
/\ w = (A :> [pc |-> "idle", local |-> (p1 :> Nil), baseline |-> (p1 :> Nil), snap |-> (p1 :> Nil), inst |-> (p1 :> Nil), sHeld |-> (p1 :> Nil), upDone |-> {}, verified |-> FALSE, uploads |-> {}, gone |-> {}, deletes |-> {}, sStage |-> "none", unlinked |-> {}, derived |-> 0, skipped |-> {}, memo |-> 0, rnow |-> 0, synced |-> 0, st |-> "off", integrated |-> {}, retire |-> {}, collected |-> FALSE, adv |-> FALSE, scope |-> {}, sTgt |-> {}, sDrop |-> {}, sKeep |-> {}] @@ B :> [pc |-> "claimed", local |-> (p1 :> <<p1, 2>>), baseline |-> (p1 :> <<p1, 1>>), snap |-> (p1 :> <<p1, 2>>), inst |-> (p1 :> <<p1, 1>>), sHeld |-> (p1 :> Nil), upDone |-> {p1}, verified |-> FALSE, uploads |-> {p1}, gone |-> {}, deletes |-> {}, sStage |-> "none", unlinked |-> {}, derived |-> 1, skipped |-> {}, memo |-> 0, rnow |-> 0, synced |-> 1, st |-> "on", integrated |-> {1, 2}, retire |-> {}, collected |-> FALSE, adv |-> FALSE, scope |-> {p1}, sTgt |-> {}, sDrop |-> {}, sKeep |-> {}])
/\ took = (A :> (p1 :> {}) @@ B :> (p1 :> {1, 2}))
/\ gw = (p1 :> Nil)
/\ mv = Nil
/\ udel = {}
/\ restarts = 0
/\ syncs = 0
/\ regressed = FALSE
/\ rescopes = 0
/\ fails = 0
/\ upped = {<<p1, 1>>, <<p1, 2>>}
/\ copies = 0
/\ orig = (<<p1, 1>> :> Nil @@ <<p1, 2>> :> Nil @@ <<p1, 3>> :> Nil @@ <<p1, 4>> :> Nil @@ <<p1, 5>> :> Nil)
/\ retiring = {}
/\ aged = {}
/\ ages = 0
/\ rdoc = (p1 :> Nil)
/\ rlag = TRUE

State 8:
/\ live = {<<p1, 1>>, <<p1, 2>>}
/\ minted = {<<p1, 1>>, <<p1, 2>>}
/\ doc = (p1 :> <<p1, 1>>)
/\ seq = 1
/\ tomb = (p1 :> Nil)
/\ base = (<<p1, 1>> :> Nil @@ <<p1, 2>> :> <<p1, 1>> @@ <<p1, 3>> :> Nil @@ <<p1, 4>> :> Nil @@ <<p1, 5>> :> Nil)
/\ acked = {}
/\ conflicts = {}
/\ holder = B
/\ nextGen = 3
/\ ui = 0
/\ reqs = 0
/\ barriers = 1
/\ w = (A :> [pc |-> "idle", local |-> (p1 :> Nil), baseline |-> (p1 :> Nil), snap |-> (p1 :> Nil), inst |-> (p1 :> Nil), sHeld |-> (p1 :> Nil), upDone |-> {}, verified |-> FALSE, uploads |-> {}, gone |-> {}, deletes |-> {}, sStage |-> "none", unlinked |-> {}, derived |-> 0, skipped |-> {}, memo |-> 0, rnow |-> 0, synced |-> 0, st |-> "off", integrated |-> {}, retire |-> {}, collected |-> FALSE, adv |-> FALSE, scope |-> {}, sTgt |-> {}, sDrop |-> {}, sKeep |-> {}] @@ B :> [pc |-> "claimed", local |-> (p1 :> <<p1, 2>>), baseline |-> (p1 :> <<p1, 1>>), snap |-> (p1 :> <<p1, 2>>), inst |-> (p1 :> <<p1, 1>>), sHeld |-> (p1 :> Nil), upDone |-> {p1}, verified |-> TRUE, uploads |-> {p1}, gone |-> {}, deletes |-> {}, sStage |-> "none", unlinked |-> {}, derived |-> 1, skipped |-> {}, memo |-> 0, rnow |-> 0, synced |-> 1, st |-> "on", integrated |-> {1, 2}, retire |-> {}, collected |-> FALSE, adv |-> FALSE, scope |-> {p1}, sTgt |-> {}, sDrop |-> {}, sKeep |-> {}])
/\ took = (A :> (p1 :> {}) @@ B :> (p1 :> {1, 2}))
/\ gw = (p1 :> Nil)
/\ mv = Nil
/\ udel = {}
/\ restarts = 0
/\ syncs = 0
/\ regressed = FALSE
/\ rescopes = 0
/\ fails = 0
/\ upped = {<<p1, 1>>, <<p1, 2>>}
/\ copies = 0
/\ orig = (<<p1, 1>> :> Nil @@ <<p1, 2>> :> Nil @@ <<p1, 3>> :> Nil @@ <<p1, 4>> :> Nil @@ <<p1, 5>> :> Nil)
/\ retiring = {}
/\ aged = {}
/\ ages = 0
/\ rdoc = (p1 :> Nil)
/\ rlag = TRUE

State 9:
/\ live = {<<p1, 1>>, <<p1, 2>>}
/\ minted = {<<p1, 1>>, <<p1, 2>>}
/\ doc = (p1 :> <<p1, 2>>)
/\ seq = 2
/\ tomb = (p1 :> Nil)
/\ base = (<<p1, 1>> :> Nil @@ <<p1, 2>> :> <<p1, 1>> @@ <<p1, 3>> :> Nil @@ <<p1, 4>> :> Nil @@ <<p1, 5>> :> Nil)
/\ acked = {}
/\ conflicts = {}
/\ holder = B
/\ nextGen = 3
/\ ui = 0
/\ reqs = 0
/\ barriers = 1
/\ w = (A :> [pc |-> "idle", local |-> (p1 :> Nil), baseline |-> (p1 :> Nil), snap |-> (p1 :> Nil), inst |-> (p1 :> Nil), sHeld |-> (p1 :> Nil), upDone |-> {}, verified |-> FALSE, uploads |-> {}, gone |-> {}, deletes |-> {}, sStage |-> "none", unlinked |-> {}, derived |-> 0, skipped |-> {}, memo |-> 0, rnow |-> 0, synced |-> 0, st |-> "off", integrated |-> {}, retire |-> {}, collected |-> FALSE, adv |-> FALSE, scope |-> {}, sTgt |-> {}, sDrop |-> {}, sKeep |-> {}] @@ B :> [pc |-> "cased", local |-> (p1 :> <<p1, 2>>), baseline |-> (p1 :> <<p1, 1>>), snap |-> (p1 :> <<p1, 2>>), inst |-> (p1 :> <<p1, 2>>), sHeld |-> (p1 :> Nil), upDone |-> {p1}, verified |-> TRUE, uploads |-> {p1}, gone |-> {}, deletes |-> {}, sStage |-> "none", unlinked |-> {}, derived |-> 1, skipped |-> {}, memo |-> 0, rnow |-> 0, synced |-> 1, st |-> "on", integrated |-> {1, 2}, retire |-> {<<p1, 1>>}, collected |-> FALSE, adv |-> TRUE, scope |-> {p1}, sTgt |-> {}, sDrop |-> {}, sKeep |-> {}])
/\ took = (A :> (p1 :> {}) @@ B :> (p1 :> {1, 2}))
/\ gw = (p1 :> Nil)
/\ mv = Nil
/\ udel = {}
/\ restarts = 0
/\ syncs = 0
/\ regressed = FALSE
/\ rescopes = 0
/\ fails = 0
/\ upped = {<<p1, 1>>, <<p1, 2>>}
/\ copies = 0
/\ orig = (<<p1, 1>> :> Nil @@ <<p1, 2>> :> Nil @@ <<p1, 3>> :> Nil @@ <<p1, 4>> :> Nil @@ <<p1, 5>> :> Nil)
/\ retiring = {<<p1, 1>>}
/\ aged = {}
/\ ages = 0
/\ rdoc = (p1 :> Nil)
/\ rlag = TRUE

Error: Invariant Ind4Ctl is violated.
60604 states generated, 21120 distinct states found. Depth 8. Checked in 0.131s (161717 distinct/s).
