tlc-rs: MCLeanP1Ind (31 variables, 0 symmetry permutations), 8 workers, generated engine; loaded in 0.004s
progress: depth 15, 5014882 generated, 1429726 distinct (0 fingerprint spills), 625883 on queue (0 on disk), 13.8s
progress: depth 17, 15168116 generated, 4382920 distinct (0 fingerprint spills), 1863712 on queue (0 on disk), 35.2s
progress: depth 18, 25882564 generated, 7432524 distinct (0 fingerprint spills), 3049604 on queue (0 on disk), 62.9s
progress: depth 19, 42907980 generated, 12146575 distinct (0 fingerprint spills), 4714051 on queue (0 on disk), 134.9s
progress: depth 20, 68274154 generated, 18982463 distinct (0 fingerprint spills), 6835888 on queue (0 on disk), 260.1s
progress: depth 21, 103575073 generated, 28299415 distinct (0 fingerprint spills), 9316952 on queue (0 on disk), 389.0s
progress: depth 22, 149742740 generated, 40324905 distinct (0 fingerprint spills), 12025490 on queue (1132178 on disk), 667.2s
progress: depth 23, 207263181 generated, 55251295 distinct (0 fingerprint spills), 14926390 on queue (4062774 on disk), 914.6s
progress: depth 24, 277109513 generated, 73449077 distinct (0 fingerprint spills), 18197782 on queue (7362070 on disk), 1196.0s
progress: depth 25, 361696407 generated, 95600747 distinct (0 fingerprint spills), 22151670 on queue (11340022 on disk), 1545.6s
progress: depth 26, 464381350 generated, 122447232 distinct (0 fingerprint spills), 26846485 on queue (16065557 on disk), 1981.0s
checkpoint: /mnt/nvme/leanp1-ind-2026-10-05/states-main/ckpt (depth 26, 122447232 distinct, 26846485 on queue) in 6.0s
progress: depth 27, 586830965 generated, 154135077 distinct (0 fingerprint spills), 31687845 on queue (20923045 on disk), 2464.1s
progress: depth 28, 726481557 generated, 189648923 distinct (0 fingerprint spills), 35513846 on queue (24758006 on disk), 2782.1s
progress: depth 29, 876583849 generated, 226890896 distinct (0 fingerprint spills), 37241973 on queue (26486133 on disk), 3119.6s
progress: depth 30, 1028712480 generated, 263521012 distinct (0 fingerprint spills), 36630116 on queue (25873252 on disk), 3510.0s
progress: depth 31, 1176098851 generated, 298041387 distinct (0 fingerprint spills), 34520375 on queue (23770423 on disk), 3864.7s
checkpoint: /mnt/nvme/leanp1-ind-2026-10-05/states-main/ckpt (depth 31, 298041387 distinct, 34520375 on queue) in 5.6s
progress: depth 32, 1315675505 generated, 330306875 distinct (0 fingerprint spills), 32265488 on queue (21530128 on disk), 4166.7s
progress: depth 33, 1447346828 generated, 360781279 distinct (0 fingerprint spills), 30474404 on queue (19755684 on disk), 4448.3s
progress: depth 34, 1570680466 generated, 389119358 distinct (0 fingerprint spills), 28338079 on queue (17610655 on disk), 4711.8s
progress: depth 35, 1681579461 generated, 413679665 distinct (1024 fingerprint spills), 24560307 on queue (13815219 on disk), 4955.5s
progress: depth 36, 1772262912 generated, 432470499 distinct (1024 fingerprint spills), 18790834 on queue (8005810 on disk), 5152.8s
progress: depth 37, 1836365467 generated, 444797822 distinct (1024 fingerprint spills), 12327323 on queue (1497755 on disk), 5289.3s
progress: depth 38, 1875194958 generated, 451985346 distinct (1024 fingerprint spills), 7187524 on queue (0 on disk), 5372.3s
progress: depth 39, 1896889988 generated, 456146108 distinct (1024 fingerprint spills), 4160762 on queue (0 on disk), 5419.2s
progress: depth 40, 1909414896 generated, 458673727 distinct (1024 fingerprint spills), 2527619 on queue (0 on disk), 5446.6s
progress: depth 41, 1916810091 generated, 460123461 distinct (1024 fingerprint spills), 1449734 on queue (0 on disk), 5463.0s
progress: depth 43, 1922245361 generated, 461038637 distinct (1024 fingerprint spills), 233976 on queue (0 on disk), 5475.3s
Model checking completed. No error has been found.
1922766889 states generated, 461094969 distinct states found. Depth 46. Checked in 5477.715s (84177 distinct/s).
