tlc-rs: MCLeanP1M5Anc (32 variables, 0 symmetry permutations), 2 workers, interp engine; loaded in 0.009s
progress: depth 11, 927367 generated, 306585 distinct (0 fingerprint spills), 148792 on queue (0 on disk), 18.3s
progress: depth 12, 1711025 generated, 538540 distinct (0 fingerprint spills), 231955 on queue (0 on disk), 33.9s
progress: depth 13, 2866821 generated, 866173 distinct (0 fingerprint spills), 327633 on queue (0 on disk), 56.3s
progress: depth 14, 4427998 generated, 1299840 distinct (0 fingerprint spills), 433667 on queue (64771 on disk), 83.7s
progress: depth 15, 6439978 generated, 1866891 distinct (0 fingerprint spills), 567051 on queue (199691 on disk), 117.2s
progress: depth 16, 9044826 generated, 2619745 distinct (0 fingerprint spills), 752854 on queue (387542 on disk), 161.5s
progress: depth 17, 12504088 generated, 3623048 distinct (0 fingerprint spills), 1003303 on queue (639783 on disk), 221.5s
progress: depth 18, 17091955 generated, 4922296 distinct (0 fingerprint spills), 1299248 on queue (937520 on disk), 300.8s
progress: depth 19, 22918767 generated, 6500249 distinct (0 fingerprint spills), 1577953 on queue (1216993 on disk), 400.0s
progress: depth 20, 29742126 generated, 8249346 distinct (0 fingerprint spills), 1749097 on queue (1389417 on disk), 516.0s
progress: depth 21, 36955124 generated, 9998949 distinct (0 fingerprint spills), 1749603 on queue (1390691 on disk), 638.8s
progress: depth 22, 43883086 generated, 11653601 distinct (0 fingerprint spills), 1654652 on queue (1297020 on disk), 750.9s
progress: depth 23, 50382360 generated, 13338869 distinct (0 fingerprint spills), 1685268 on queue (1329172 on disk), 863.9s
progress: depth 24, 57087672 generated, 15230798 distinct (0 fingerprint spills), 1891929 on queue (1536857 on disk), 980.6s
progress: depth 25, 64510879 generated, 17221555 distinct (0 fingerprint spills), 1990757 on queue (1635685 on disk), 1105.0s
progress: depth 26, 71911252 generated, 18933836 distinct (0 fingerprint spills), 1712281 on queue (1356441 on disk), 1223.6s
progress: depth 27, 77805326 generated, 20102029 distinct (0 fingerprint spills), 1168193 on queue (810817 on disk), 1320.4s
progress: depth 28, 81518342 generated, 20755938 distinct (0 fingerprint spills), 653909 on queue (295509 on disk), 1377.8s
progress: depth 29, 83463366 generated, 21062621 distinct (0 fingerprint spills), 306683 on queue (0 on disk), 1407.8s
progress: depth 30, 84309981 generated, 21174849 distinct (0 fingerprint spills), 112228 on queue (0 on disk), 1421.4s
Model checking completed. No error has been found.
84689619 states generated, 21213823 distinct states found. Depth 34. Checked in 1426.543s (14871 distinct/s).

real	23m46.558s
user	46m49.020s
sys	0m10.522s
rc=0 15:12:16Z
