tlc-rs: MCLeanP1M5Anc (32 variables, 0 symmetry permutations), 2 workers, interp engine; loaded in 0.011s
progress: depth 11, 826498 generated, 305265 distinct (0 fingerprint spills), 137213 on queue (0 on disk), 13.9s
progress: depth 13, 2233656 generated, 787017 distinct (0 fingerprint spills), 278993 on queue (0 on disk), 37.9s
progress: depth 14, 3302148 generated, 1146596 distinct (0 fingerprint spills), 359579 on queue (0 on disk), 56.6s
progress: depth 15, 4627761 generated, 1593421 distinct (0 fingerprint spills), 446825 on queue (0 on disk), 79.6s
progress: depth 16, 6238403 generated, 2143551 distinct (0 fingerprint spills), 550130 on queue (92914 on disk), 108.6s
progress: depth 17, 8167505 generated, 2801958 distinct (0 fingerprint spills), 658407 on queue (204007 on disk), 142.7s
progress: depth 18, 10382307 generated, 3539155 distinct (0 fingerprint spills), 737197 on queue (285357 on disk), 182.9s
progress: depth 19, 12772446 generated, 4315435 distinct (0 fingerprint spills), 776280 on queue (325720 on disk), 226.8s
progress: depth 20, 15195756 generated, 5091997 distinct (0 fingerprint spills), 776562 on queue (328050 on disk), 271.3s
progress: depth 21, 17487794 generated, 5809209 distinct (0 fingerprint spills), 717212 on queue (271260 on disk), 313.8s
progress: depth 22, 19495957 generated, 6421262 distinct (0 fingerprint spills), 612053 on queue (167125 on disk), 349.2s
progress: depth 23, 21163020 generated, 6934348 distinct (0 fingerprint spills), 513086 on queue (68414 on disk), 379.3s
progress: depth 24, 22543160 generated, 7371088 distinct (0 fingerprint spills), 436740 on queue (0 on disk), 404.4s
progress: depth 25, 23685413 generated, 7721320 distinct (0 fingerprint spills), 350232 on queue (0 on disk), 426.5s
progress: depth 26, 24521138 generated, 7939674 distinct (0 fingerprint spills), 218354 on queue (0 on disk), 442.4s
progress: depth 28, 25118530 generated, 8053360 distinct (0 fingerprint spills), 24477 on queue (0 on disk), 453.5s
Model checking completed. No error has been found.
25158316 states generated, 8057963 distinct states found. Depth 30. Checked in 454.338s (17736 distinct/s).

real	7m34.362s
user	12m28.935s
sys	0m1.883s
rc=0 14:32:32Z
