tlc-rs: MCLeanP1M5Anc (32 variables, 0 symmetry permutations), 2 workers, interp engine; loaded in 0.005s
progress: depth 11, 826498 generated, 305265 distinct (0 fingerprint spills), 137213 on queue (0 on disk), 10.4s
progress: depth 13, 2233656 generated, 787017 distinct (0 fingerprint spills), 278993 on queue (0 on disk), 28.3s
progress: depth 14, 3302148 generated, 1146596 distinct (0 fingerprint spills), 359579 on queue (0 on disk), 42.3s
progress: depth 15, 4627761 generated, 1593421 distinct (0 fingerprint spills), 446825 on queue (0 on disk), 60.0s
progress: depth 16, 6238403 generated, 2143551 distinct (0 fingerprint spills), 550130 on queue (93938 on disk), 81.7s
State 1:
/\ live = {<<p1, 1>>}
/\ minted = {<<p1, 1>>}
/\ doc = (p1 :> <<p1, 1>> @@ p2 :> Nil)
/\ seq = 1
/\ tomb = (p1 :> Nil @@ p2 :> Nil)
/\ base = (<<p1, 1>> :> Nil @@ <<p1, 2>> :> Nil @@ <<p1, 3>> :> Nil @@ <<p1, 4>> :> Nil @@ <<p2, 1>> :> Nil @@ <<p2, 2>> :> Nil @@ <<p2, 3>> :> Nil @@ <<p2, 4>> :> Nil)
/\ acked = {}
/\ conflicts = {}
/\ holder = "none"
/\ nextGen = 2
/\ ui = 0
/\ reqs = 0
/\ barriers = 0
/\ w = (A :> [baseline |-> (p1 :> Nil @@ p2 :> Nil), st |-> "off", pc |-> "idle", local |-> (p1 :> Nil @@ p2 :> Nil), integrated |-> {}, uploads |-> {}, deletes |-> {}, snap |-> (p1 :> Nil @@ p2 :> Nil), upDone |-> {}, gone |-> {}, verified |-> FALSE, inst |-> (p1 :> Nil @@ p2 :> Nil), retire |-> {}, collected |-> FALSE, adv |-> FALSE, synced |-> 0, derived |-> 0, skipped |-> {}, scope |-> {}, sStage |-> "none", sTgt |-> {}, sDrop |-> {}, sKeep |-> {}, sHeld |-> (p1 :> Nil @@ p2 :> Nil), unlinked |-> {}, memo |-> 0, rnow |-> 0])
/\ took = (A :> (p1 :> {} @@ p2 :> {}))
/\ gw = (p1 :> Nil @@ p2 :> Nil)
/\ mv = Nil
/\ udel = {}
/\ restarts = 0
/\ syncs = 0
/\ regressed = FALSE
/\ rescopes = 0
/\ fails = 0
/\ upped = {<<p1, 1>>}
/\ copies = 0
/\ orig = (<<p1, 1>> :> Nil @@ <<p1, 2>> :> Nil @@ <<p1, 3>> :> Nil @@ <<p1, 4>> :> Nil @@ <<p2, 1>> :> Nil @@ <<p2, 2>> :> Nil @@ <<p2, 3>> :> Nil @@ <<p2, 4>> :> Nil)
/\ retiring = {}
/\ aged = {}
/\ ages = 0
/\ rdoc = (p1 :> Nil @@ p2 :> Nil)
/\ rlag = TRUE
/\ anc = (<<p1, 1>> :> {} @@ <<p1, 2>> :> {} @@ <<p1, 3>> :> {} @@ <<p1, 4>> :> {} @@ <<p2, 1>> :> {} @@ <<p2, 2>> :> {} @@ <<p2, 3>> :> {} @@ <<p2, 4>> :> {})

State 2:
/\ live = {<<p1, 1>>}
/\ minted = {<<p1, 1>>}
/\ doc = (p1 :> <<p1, 1>> @@ p2 :> Nil)
/\ seq = 1
/\ tomb = (p1 :> Nil @@ p2 :> Nil)
/\ base = (<<p1, 1>> :> Nil @@ <<p1, 2>> :> Nil @@ <<p1, 3>> :> Nil @@ <<p1, 4>> :> Nil @@ <<p2, 1>> :> Nil @@ <<p2, 2>> :> Nil @@ <<p2, 3>> :> Nil @@ <<p2, 4>> :> Nil)
/\ acked = {}
/\ conflicts = {}
/\ holder = "none"
/\ nextGen = 2
/\ ui = 0
/\ reqs = 0
/\ barriers = 0
/\ w = (A :> [baseline |-> (p1 :> <<p1, 1>> @@ p2 :> Nil), st |-> "on", pc |-> "idle", local |-> (p1 :> <<p1, 1>> @@ p2 :> Nil), integrated |-> {1}, uploads |-> {}, deletes |-> {}, snap |-> (p1 :> Nil @@ p2 :> Nil), upDone |-> {}, gone |-> {}, verified |-> FALSE, inst |-> (p1 :> <<p1, 1>> @@ p2 :> Nil), retire |-> {}, collected |-> FALSE, adv |-> FALSE, synced |-> 1, derived |-> 1, skipped |-> {}, scope |-> {p1, p2}, sStage |-> "none", sTgt |-> {}, sDrop |-> {}, sKeep |-> {}, sHeld |-> (p1 :> Nil @@ p2 :> Nil), unlinked |-> {}, memo |-> 0, rnow |-> 0])
/\ took = (A :> (p1 :> {1} @@ p2 :> {}))
/\ gw = (p1 :> Nil @@ p2 :> Nil)
/\ mv = Nil
/\ udel = {}
/\ restarts = 0
/\ syncs = 0
/\ regressed = FALSE
/\ rescopes = 0
/\ fails = 0
/\ upped = {<<p1, 1>>}
/\ copies = 0
/\ orig = (<<p1, 1>> :> Nil @@ <<p1, 2>> :> Nil @@ <<p1, 3>> :> Nil @@ <<p1, 4>> :> Nil @@ <<p2, 1>> :> Nil @@ <<p2, 2>> :> Nil @@ <<p2, 3>> :> Nil @@ <<p2, 4>> :> Nil)
/\ retiring = {}
/\ aged = {}
/\ ages = 0
/\ rdoc = (p1 :> Nil @@ p2 :> Nil)
/\ rlag = TRUE
/\ anc = (<<p1, 1>> :> {} @@ <<p1, 2>> :> {} @@ <<p1, 3>> :> {} @@ <<p1, 4>> :> {} @@ <<p2, 1>> :> {} @@ <<p2, 2>> :> {} @@ <<p2, 3>> :> {} @@ <<p2, 4>> :> {})

State 3:
/\ live = {<<p1, 1>>}
/\ minted = {<<p1, 1>>}
/\ doc = (p1 :> Nil @@ p2 :> <<p1, 1>>)
/\ seq = 2
/\ tomb = (p1 :> <<p1, 1>> @@ p2 :> Nil)
/\ base = (<<p1, 1>> :> Nil @@ <<p1, 2>> :> Nil @@ <<p1, 3>> :> Nil @@ <<p1, 4>> :> Nil @@ <<p2, 1>> :> Nil @@ <<p2, 2>> :> Nil @@ <<p2, 3>> :> Nil @@ <<p2, 4>> :> Nil)
/\ acked = {<<p2, <<p1, 1>>>>}
/\ conflicts = {}
/\ holder = "none"
/\ nextGen = 2
/\ ui = 0
/\ reqs = 1
/\ barriers = 0
/\ w = (A :> [baseline |-> (p1 :> <<p1, 1>> @@ p2 :> Nil), st |-> "on", pc |-> "idle", local |-> (p1 :> <<p1, 1>> @@ p2 :> Nil), integrated |-> {1}, uploads |-> {}, deletes |-> {}, snap |-> (p1 :> Nil @@ p2 :> Nil), upDone |-> {}, gone |-> {}, verified |-> FALSE, inst |-> (p1 :> <<p1, 1>> @@ p2 :> Nil), retire |-> {}, collected |-> FALSE, adv |-> FALSE, synced |-> 1, derived |-> 1, skipped |-> {}, scope |-> {p1, p2}, sStage |-> "none", sTgt |-> {}, sDrop |-> {}, sKeep |-> {}, sHeld |-> (p1 :> Nil @@ p2 :> Nil), unlinked |-> {}, memo |-> 0, rnow |-> 0])
/\ took = (A :> (p1 :> {1} @@ p2 :> {}))
/\ gw = (p1 :> Nil @@ p2 :> Nil)
/\ mv = Nil
/\ udel = {}
/\ restarts = 0
/\ syncs = 0
/\ regressed = FALSE
/\ rescopes = 0
/\ fails = 0
/\ upped = {<<p1, 1>>}
/\ copies = 0
/\ orig = (<<p1, 1>> :> Nil @@ <<p1, 2>> :> Nil @@ <<p1, 3>> :> Nil @@ <<p1, 4>> :> Nil @@ <<p2, 1>> :> Nil @@ <<p2, 2>> :> Nil @@ <<p2, 3>> :> Nil @@ <<p2, 4>> :> Nil)
/\ retiring = {}
/\ aged = {}
/\ ages = 0
/\ rdoc = (p1 :> Nil @@ p2 :> Nil)
/\ rlag = TRUE
/\ anc = (<<p1, 1>> :> {} @@ <<p1, 2>> :> {} @@ <<p1, 3>> :> {} @@ <<p1, 4>> :> {} @@ <<p2, 1>> :> {} @@ <<p2, 2>> :> {} @@ <<p2, 3>> :> {} @@ <<p2, 4>> :> {})

State 4:
/\ live = {<<p1, 1>>}
/\ minted = {<<p1, 1>>, <<p1, 2>>}
/\ doc = (p1 :> Nil @@ p2 :> <<p1, 1>>)
/\ seq = 2
/\ tomb = (p1 :> <<p1, 1>> @@ p2 :> Nil)
/\ base = (<<p1, 1>> :> Nil @@ <<p1, 2>> :> <<p1, 1>> @@ <<p1, 3>> :> Nil @@ <<p1, 4>> :> Nil @@ <<p2, 1>> :> Nil @@ <<p2, 2>> :> Nil @@ <<p2, 3>> :> Nil @@ <<p2, 4>> :> Nil)
/\ acked = {<<p2, <<p1, 1>>>>}
/\ conflicts = {}
/\ holder = "none"
/\ nextGen = 3
/\ ui = 0
/\ reqs = 1
/\ barriers = 0
/\ w = (A :> [baseline |-> (p1 :> <<p1, 1>> @@ p2 :> Nil), st |-> "on", pc |-> "idle", local |-> (p1 :> <<p1, 2>> @@ p2 :> Nil), integrated |-> {1, 2}, uploads |-> {}, deletes |-> {}, snap |-> (p1 :> Nil @@ p2 :> Nil), upDone |-> {}, gone |-> {}, verified |-> FALSE, inst |-> (p1 :> <<p1, 1>> @@ p2 :> Nil), retire |-> {}, collected |-> FALSE, adv |-> FALSE, synced |-> 1, derived |-> 1, skipped |-> {}, scope |-> {p1, p2}, sStage |-> "none", sTgt |-> {}, sDrop |-> {}, sKeep |-> {}, sHeld |-> (p1 :> Nil @@ p2 :> Nil), unlinked |-> {}, memo |-> 0, rnow |-> 0])
/\ took = (A :> (p1 :> {1, 2} @@ p2 :> {}))
/\ gw = (p1 :> Nil @@ p2 :> Nil)
/\ mv = Nil
/\ udel = {}
/\ restarts = 0
/\ syncs = 0
/\ regressed = FALSE
/\ rescopes = 0
/\ fails = 0
/\ upped = {<<p1, 1>>}
/\ copies = 0
/\ orig = (<<p1, 1>> :> Nil @@ <<p1, 2>> :> Nil @@ <<p1, 3>> :> Nil @@ <<p1, 4>> :> Nil @@ <<p2, 1>> :> Nil @@ <<p2, 2>> :> Nil @@ <<p2, 3>> :> Nil @@ <<p2, 4>> :> Nil)
/\ retiring = {}
/\ aged = {}
/\ ages = 0
/\ rdoc = (p1 :> Nil @@ p2 :> Nil)
/\ rlag = TRUE
/\ anc = (<<p1, 1>> :> {} @@ <<p1, 2>> :> {<<p1, 1>>} @@ <<p1, 3>> :> {} @@ <<p1, 4>> :> {} @@ <<p2, 1>> :> {} @@ <<p2, 2>> :> {} @@ <<p2, 3>> :> {} @@ <<p2, 4>> :> {})

State 5:
/\ live = {<<p1, 1>>}
/\ minted = {<<p1, 1>>, <<p1, 2>>}
/\ doc = (p1 :> Nil @@ p2 :> <<p1, 1>>)
/\ seq = 2
/\ tomb = (p1 :> <<p1, 1>> @@ p2 :> Nil)
/\ base = (<<p1, 1>> :> Nil @@ <<p1, 2>> :> <<p1, 1>> @@ <<p1, 3>> :> Nil @@ <<p1, 4>> :> Nil @@ <<p2, 1>> :> Nil @@ <<p2, 2>> :> Nil @@ <<p2, 3>> :> Nil @@ <<p2, 4>> :> Nil)
/\ acked = {<<p2, <<p1, 1>>>>}
/\ conflicts = {}
/\ holder = "none"
/\ nextGen = 3
/\ ui = 0
/\ reqs = 1
/\ barriers = 0
/\ w = (A :> [baseline |-> (p1 :> <<p1, 1>> @@ p2 :> <<p1, 1>>), st |-> "on", pc |-> "consumed", local |-> (p1 :> <<p1, 2>> @@ p2 :> <<p1, 1>>), integrated |-> {1, 2}, uploads |-> {}, deletes |-> {}, snap |-> (p1 :> Nil @@ p2 :> Nil), upDone |-> {}, gone |-> {}, verified |-> FALSE, inst |-> (p1 :> <<p1, 1>> @@ p2 :> Nil), retire |-> {}, collected |-> FALSE, adv |-> FALSE, synced |-> 2, derived |-> 2, skipped |-> {p1}, scope |-> {p1, p2}, sStage |-> "none", sTgt |-> {}, sDrop |-> {}, sKeep |-> {}, sHeld |-> (p1 :> Nil @@ p2 :> Nil), unlinked |-> {}, memo |-> 0, rnow |-> 0])
/\ took = (A :> (p1 :> {1, 2} @@ p2 :> {1}))
/\ gw = (p1 :> Nil @@ p2 :> Nil)
/\ mv = Nil
/\ udel = {}
/\ restarts = 0
/\ syncs = 0
/\ regressed = FALSE
/\ rescopes = 0
/\ fails = 0
/\ upped = {<<p1, 1>>}
/\ copies = 0
/\ orig = (<<p1, 1>> :> Nil @@ <<p1, 2>> :> Nil @@ <<p1, 3>> :> Nil @@ <<p1, 4>> :> Nil @@ <<p2, 1>> :> Nil @@ <<p2, 2>> :> Nil @@ <<p2, 3>> :> Nil @@ <<p2, 4>> :> Nil)
/\ retiring = {}
/\ aged = {}
/\ ages = 0
/\ rdoc = (p1 :> Nil @@ p2 :> Nil)
/\ rlag = TRUE
/\ anc = (<<p1, 1>> :> {} @@ <<p1, 2>> :> {<<p1, 1>>} @@ <<p1, 3>> :> {} @@ <<p1, 4>> :> {} @@ <<p2, 1>> :> {} @@ <<p2, 2>> :> {} @@ <<p2, 3>> :> {} @@ <<p2, 4>> :> {})

State 6:
/\ live = {<<p1, 1>>}
/\ minted = {<<p1, 1>>, <<p1, 2>>}
/\ doc = (p1 :> Nil @@ p2 :> <<p1, 1>>)
/\ seq = 2
/\ tomb = (p1 :> <<p1, 1>> @@ p2 :> Nil)
/\ base = (<<p1, 1>> :> Nil @@ <<p1, 2>> :> <<p1, 1>> @@ <<p1, 3>> :> Nil @@ <<p1, 4>> :> Nil @@ <<p2, 1>> :> Nil @@ <<p2, 2>> :> Nil @@ <<p2, 3>> :> Nil @@ <<p2, 4>> :> Nil)
/\ acked = {<<p2, <<p1, 1>>>>}
/\ conflicts = {}
/\ holder = "none"
/\ nextGen = 3
/\ ui = 0
/\ reqs = 1
/\ barriers = 1
/\ w = (A :> [baseline |-> (p1 :> <<p1, 1>> @@ p2 :> <<p1, 1>>), st |-> "on", pc |-> "scanned", local |-> (p1 :> <<p1, 2>> @@ p2 :> <<p1, 1>>), integrated |-> {1, 2}, uploads |-> {p1}, deletes |-> {}, snap |-> (p1 :> <<p1, 2>> @@ p2 :> <<p1, 1>>), upDone |-> {}, gone |-> {}, verified |-> FALSE, inst |-> (p1 :> <<p1, 1>> @@ p2 :> Nil), retire |-> {}, collected |-> FALSE, adv |-> FALSE, synced |-> 2, derived |-> 2, skipped |-> {p1}, scope |-> {p1, p2}, sStage |-> "none", sTgt |-> {}, sDrop |-> {}, sKeep |-> {}, sHeld |-> (p1 :> Nil @@ p2 :> Nil), unlinked |-> {}, memo |-> 0, rnow |-> 0])
/\ took = (A :> (p1 :> {1, 2} @@ p2 :> {1}))
/\ gw = (p1 :> Nil @@ p2 :> Nil)
/\ mv = Nil
/\ udel = {}
/\ restarts = 0
/\ syncs = 0
/\ regressed = FALSE
/\ rescopes = 0
/\ fails = 0
/\ upped = {<<p1, 1>>}
/\ copies = 0
/\ orig = (<<p1, 1>> :> Nil @@ <<p1, 2>> :> Nil @@ <<p1, 3>> :> Nil @@ <<p1, 4>> :> Nil @@ <<p2, 1>> :> Nil @@ <<p2, 2>> :> Nil @@ <<p2, 3>> :> Nil @@ <<p2, 4>> :> Nil)
/\ retiring = {}
/\ aged = {}
/\ ages = 0
/\ rdoc = (p1 :> Nil @@ p2 :> Nil)
/\ rlag = TRUE
/\ anc = (<<p1, 1>> :> {} @@ <<p1, 2>> :> {<<p1, 1>>} @@ <<p1, 3>> :> {} @@ <<p1, 4>> :> {} @@ <<p2, 1>> :> {} @@ <<p2, 2>> :> {} @@ <<p2, 3>> :> {} @@ <<p2, 4>> :> {})

State 7:
/\ live = {<<p1, 1>>}
/\ minted = {<<p1, 1>>, <<p1, 2>>}
/\ doc = (p1 :> Nil @@ p2 :> <<p1, 1>>)
/\ seq = 2
/\ tomb = (p1 :> <<p1, 1>> @@ p2 :> Nil)
/\ base = (<<p1, 1>> :> Nil @@ <<p1, 2>> :> <<p1, 1>> @@ <<p1, 3>> :> Nil @@ <<p1, 4>> :> Nil @@ <<p2, 1>> :> Nil @@ <<p2, 2>> :> Nil @@ <<p2, 3>> :> Nil @@ <<p2, 4>> :> Nil)
/\ acked = {<<p2, <<p1, 1>>>>}
/\ conflicts = {}
/\ holder = "none"
/\ nextGen = 3
/\ ui = 0
/\ reqs = 1
/\ barriers = 1
/\ w = (A :> [baseline |-> (p1 :> <<p1, 1>> @@ p2 :> <<p1, 1>>), st |-> "on", pc |-> "scanned", local |-> (p1 :> Nil @@ p2 :> <<p1, 1>>), integrated |-> {1, 2}, uploads |-> {p1}, deletes |-> {}, snap |-> (p1 :> <<p1, 2>> @@ p2 :> <<p1, 1>>), upDone |-> {}, gone |-> {}, verified |-> FALSE, inst |-> (p1 :> <<p1, 1>> @@ p2 :> Nil), retire |-> {}, collected |-> FALSE, adv |-> FALSE, synced |-> 2, derived |-> 2, skipped |-> {p1}, scope |-> {p1, p2}, sStage |-> "none", sTgt |-> {}, sDrop |-> {}, sKeep |-> {}, sHeld |-> (p1 :> Nil @@ p2 :> Nil), unlinked |-> {}, memo |-> 0, rnow |-> 0])
/\ took = (A :> (p1 :> {1, 2} @@ p2 :> {1}))
/\ gw = (p1 :> Nil @@ p2 :> Nil)
/\ mv = Nil
/\ udel = {}
/\ restarts = 0
/\ syncs = 0
/\ regressed = FALSE
/\ rescopes = 0
/\ fails = 0
/\ upped = {<<p1, 1>>}
/\ copies = 0
/\ orig = (<<p1, 1>> :> Nil @@ <<p1, 2>> :> Nil @@ <<p1, 3>> :> Nil @@ <<p1, 4>> :> Nil @@ <<p2, 1>> :> Nil @@ <<p2, 2>> :> Nil @@ <<p2, 3>> :> Nil @@ <<p2, 4>> :> Nil)
/\ retiring = {}
/\ aged = {}
/\ ages = 0
/\ rdoc = (p1 :> Nil @@ p2 :> Nil)
/\ rlag = TRUE
/\ anc = (<<p1, 1>> :> {} @@ <<p1, 2>> :> {<<p1, 1>>} @@ <<p1, 3>> :> {} @@ <<p1, 4>> :> {} @@ <<p2, 1>> :> {} @@ <<p2, 2>> :> {} @@ <<p2, 3>> :> {} @@ <<p2, 4>> :> {})

State 8:
/\ live = {<<p1, 1>>, <<p1, 2>>}
/\ minted = {<<p1, 1>>, <<p1, 2>>}
/\ doc = (p1 :> Nil @@ p2 :> <<p1, 1>>)
/\ seq = 2
/\ tomb = (p1 :> <<p1, 1>> @@ p2 :> Nil)
/\ base = (<<p1, 1>> :> Nil @@ <<p1, 2>> :> <<p1, 1>> @@ <<p1, 3>> :> Nil @@ <<p1, 4>> :> Nil @@ <<p2, 1>> :> Nil @@ <<p2, 2>> :> Nil @@ <<p2, 3>> :> Nil @@ <<p2, 4>> :> Nil)
/\ acked = {<<p2, <<p1, 1>>>>}
/\ conflicts = {}
/\ holder = "none"
/\ nextGen = 3
/\ ui = 0
/\ reqs = 1
/\ barriers = 1
/\ w = (A :> [baseline |-> (p1 :> <<p1, 1>> @@ p2 :> <<p1, 1>>), st |-> "on", pc |-> "scanned", local |-> (p1 :> Nil @@ p2 :> <<p1, 1>>), integrated |-> {1, 2}, uploads |-> {p1}, deletes |-> {}, snap |-> (p1 :> <<p1, 2>> @@ p2 :> <<p1, 1>>), upDone |-> {p1}, gone |-> {}, verified |-> FALSE, inst |-> (p1 :> <<p1, 1>> @@ p2 :> Nil), retire |-> {}, collected |-> FALSE, adv |-> FALSE, synced |-> 2, derived |-> 2, skipped |-> {p1}, scope |-> {p1, p2}, sStage |-> "none", sTgt |-> {}, sDrop |-> {}, sKeep |-> {}, sHeld |-> (p1 :> Nil @@ p2 :> Nil), unlinked |-> {}, memo |-> 0, rnow |-> 0])
/\ took = (A :> (p1 :> {1, 2} @@ p2 :> {1}))
/\ gw = (p1 :> Nil @@ p2 :> Nil)
/\ mv = Nil
/\ udel = {}
/\ restarts = 0
/\ syncs = 0
/\ regressed = FALSE
/\ rescopes = 0
/\ fails = 0
/\ upped = {<<p1, 1>>, <<p1, 2>>}
/\ copies = 0
/\ orig = (<<p1, 1>> :> Nil @@ <<p1, 2>> :> Nil @@ <<p1, 3>> :> Nil @@ <<p1, 4>> :> Nil @@ <<p2, 1>> :> Nil @@ <<p2, 2>> :> Nil @@ <<p2, 3>> :> Nil @@ <<p2, 4>> :> Nil)
/\ retiring = {}
/\ aged = {}
/\ ages = 0
/\ rdoc = (p1 :> Nil @@ p2 :> Nil)
/\ rlag = TRUE
/\ anc = (<<p1, 1>> :> {} @@ <<p1, 2>> :> {<<p1, 1>>} @@ <<p1, 3>> :> {} @@ <<p1, 4>> :> {} @@ <<p2, 1>> :> {} @@ <<p2, 2>> :> {} @@ <<p2, 3>> :> {} @@ <<p2, 4>> :> {})

State 9:
/\ live = {<<p1, 1>>, <<p1, 2>>}
/\ minted = {<<p1, 1>>, <<p1, 2>>}
/\ doc = (p1 :> Nil @@ p2 :> <<p1, 1>>)
/\ seq = 2
/\ tomb = (p1 :> <<p1, 1>> @@ p2 :> Nil)
/\ base = (<<p1, 1>> :> Nil @@ <<p1, 2>> :> <<p1, 1>> @@ <<p1, 3>> :> Nil @@ <<p1, 4>> :> Nil @@ <<p2, 1>> :> Nil @@ <<p2, 2>> :> Nil @@ <<p2, 3>> :> Nil @@ <<p2, 4>> :> Nil)
/\ acked = {<<p2, <<p1, 1>>>>}
/\ conflicts = {}
/\ holder = A
/\ nextGen = 3
/\ ui = 0
/\ reqs = 1
/\ barriers = 1
/\ w = (A :> [baseline |-> (p1 :> <<p1, 1>> @@ p2 :> <<p1, 1>>), st |-> "on", pc |-> "claimed", local |-> (p1 :> Nil @@ p2 :> <<p1, 1>>), integrated |-> {1, 2}, uploads |-> {p1}, deletes |-> {}, snap |-> (p1 :> <<p1, 2>> @@ p2 :> <<p1, 1>>), upDone |-> {p1}, gone |-> {}, verified |-> FALSE, inst |-> (p1 :> <<p1, 1>> @@ p2 :> Nil), retire |-> {}, collected |-> FALSE, adv |-> FALSE, synced |-> 2, derived |-> 2, skipped |-> {p1}, scope |-> {p1, p2}, sStage |-> "none", sTgt |-> {}, sDrop |-> {}, sKeep |-> {}, sHeld |-> (p1 :> Nil @@ p2 :> Nil), unlinked |-> {}, memo |-> 0, rnow |-> 0])
/\ took = (A :> (p1 :> {1, 2} @@ p2 :> {1}))
/\ gw = (p1 :> Nil @@ p2 :> Nil)
/\ mv = Nil
/\ udel = {}
/\ restarts = 0
/\ syncs = 0
/\ regressed = FALSE
/\ rescopes = 0
/\ fails = 0
/\ upped = {<<p1, 1>>, <<p1, 2>>}
/\ copies = 0
/\ orig = (<<p1, 1>> :> Nil @@ <<p1, 2>> :> Nil @@ <<p1, 3>> :> Nil @@ <<p1, 4>> :> Nil @@ <<p2, 1>> :> Nil @@ <<p2, 2>> :> Nil @@ <<p2, 3>> :> Nil @@ <<p2, 4>> :> Nil)
/\ retiring = {}
/\ aged = {}
/\ ages = 0
/\ rdoc = (p1 :> Nil @@ p2 :> Nil)
/\ rlag = TRUE
/\ anc = (<<p1, 1>> :> {} @@ <<p1, 2>> :> {<<p1, 1>>} @@ <<p1, 3>> :> {} @@ <<p1, 4>> :> {} @@ <<p2, 1>> :> {} @@ <<p2, 2>> :> {} @@ <<p2, 3>> :> {} @@ <<p2, 4>> :> {})

State 10:
/\ live = {<<p1, 1>>, <<p1, 2>>}
/\ minted = {<<p1, 1>>, <<p1, 2>>}
/\ doc = (p1 :> Nil @@ p2 :> <<p1, 1>>)
/\ seq = 2
/\ tomb = (p1 :> <<p1, 1>> @@ p2 :> Nil)
/\ base = (<<p1, 1>> :> Nil @@ <<p1, 2>> :> <<p1, 1>> @@ <<p1, 3>> :> Nil @@ <<p1, 4>> :> Nil @@ <<p2, 1>> :> Nil @@ <<p2, 2>> :> Nil @@ <<p2, 3>> :> Nil @@ <<p2, 4>> :> Nil)
/\ acked = {<<p2, <<p1, 1>>>>}
/\ conflicts = {}
/\ holder = A
/\ nextGen = 3
/\ ui = 0
/\ reqs = 1
/\ barriers = 1
/\ w = (A :> [baseline |-> (p1 :> <<p1, 1>> @@ p2 :> <<p1, 1>>), st |-> "on", pc |-> "claimed", local |-> (p1 :> Nil @@ p2 :> <<p1, 1>>), integrated |-> {1, 2}, uploads |-> {p1}, deletes |-> {}, snap |-> (p1 :> <<p1, 2>> @@ p2 :> <<p1, 1>>), upDone |-> {p1}, gone |-> {}, verified |-> TRUE, inst |-> (p1 :> <<p1, 1>> @@ p2 :> Nil), retire |-> {}, collected |-> FALSE, adv |-> FALSE, synced |-> 2, derived |-> 2, skipped |-> {p1}, scope |-> {p1, p2}, sStage |-> "none", sTgt |-> {}, sDrop |-> {}, sKeep |-> {}, sHeld |-> (p1 :> Nil @@ p2 :> Nil), unlinked |-> {}, memo |-> 0, rnow |-> 0])
/\ took = (A :> (p1 :> {1, 2} @@ p2 :> {1}))
/\ gw = (p1 :> Nil @@ p2 :> Nil)
/\ mv = Nil
/\ udel = {}
/\ restarts = 0
/\ syncs = 0
/\ regressed = FALSE
/\ rescopes = 0
/\ fails = 0
/\ upped = {<<p1, 1>>, <<p1, 2>>}
/\ copies = 0
/\ orig = (<<p1, 1>> :> Nil @@ <<p1, 2>> :> Nil @@ <<p1, 3>> :> Nil @@ <<p1, 4>> :> Nil @@ <<p2, 1>> :> Nil @@ <<p2, 2>> :> Nil @@ <<p2, 3>> :> Nil @@ <<p2, 4>> :> Nil)
/\ retiring = {}
/\ aged = {}
/\ ages = 0
/\ rdoc = (p1 :> Nil @@ p2 :> Nil)
/\ rlag = TRUE
/\ anc = (<<p1, 1>> :> {} @@ <<p1, 2>> :> {<<p1, 1>>} @@ <<p1, 3>> :> {} @@ <<p1, 4>> :> {} @@ <<p2, 1>> :> {} @@ <<p2, 2>> :> {} @@ <<p2, 3>> :> {} @@ <<p2, 4>> :> {})

State 11:
/\ live = {<<p1, 1>>, <<p1, 2>>}
/\ minted = {<<p1, 1>>, <<p1, 2>>}
/\ doc = (p1 :> <<p1, 2>> @@ p2 :> <<p1, 1>>)
/\ seq = 3
/\ tomb = (p1 :> Nil @@ p2 :> Nil)
/\ base = (<<p1, 1>> :> Nil @@ <<p1, 2>> :> <<p1, 1>> @@ <<p1, 3>> :> Nil @@ <<p1, 4>> :> Nil @@ <<p2, 1>> :> Nil @@ <<p2, 2>> :> Nil @@ <<p2, 3>> :> Nil @@ <<p2, 4>> :> Nil)
/\ acked = {<<p2, <<p1, 1>>>>}
/\ conflicts = {<<p1, <<p1, 1>>>>}
/\ holder = A
/\ nextGen = 3
/\ ui = 0
/\ reqs = 1
/\ barriers = 1
/\ w = (A :> [baseline |-> (p1 :> <<p1, 1>> @@ p2 :> <<p1, 1>>), st |-> "on", pc |-> "cased", local |-> (p1 :> Nil @@ p2 :> <<p1, 1>>), integrated |-> {1, 2}, uploads |-> {p1}, deletes |-> {}, snap |-> (p1 :> <<p1, 2>> @@ p2 :> <<p1, 1>>), upDone |-> {p1}, gone |-> {}, verified |-> TRUE, inst |-> (p1 :> <<p1, 2>> @@ p2 :> <<p1, 1>>), retire |-> {}, collected |-> TRUE, adv |-> TRUE, synced |-> 2, derived |-> 2, skipped |-> {p1}, scope |-> {p1, p2}, sStage |-> "none", sTgt |-> {}, sDrop |-> {}, sKeep |-> {}, sHeld |-> (p1 :> Nil @@ p2 :> Nil), unlinked |-> {}, memo |-> 0, rnow |-> 0])
/\ took = (A :> (p1 :> {1, 2} @@ p2 :> {1}))
/\ gw = (p1 :> Nil @@ p2 :> Nil)
/\ mv = Nil
/\ udel = {}
/\ restarts = 0
/\ syncs = 0
/\ regressed = FALSE
/\ rescopes = 0
/\ fails = 0
/\ upped = {<<p1, 1>>, <<p1, 2>>}
/\ copies = 0
/\ orig = (<<p1, 1>> :> Nil @@ <<p1, 2>> :> Nil @@ <<p1, 3>> :> Nil @@ <<p1, 4>> :> Nil @@ <<p2, 1>> :> Nil @@ <<p2, 2>> :> Nil @@ <<p2, 3>> :> Nil @@ <<p2, 4>> :> Nil)
/\ retiring = {}
/\ aged = {}
/\ ages = 0
/\ rdoc = (p1 :> Nil @@ p2 :> Nil)
/\ rlag = TRUE
/\ anc = (<<p1, 1>> :> {} @@ <<p1, 2>> :> {<<p1, 1>>} @@ <<p1, 3>> :> {} @@ <<p1, 4>> :> {} @@ <<p2, 1>> :> {} @@ <<p2, 2>> :> {} @@ <<p2, 3>> :> {} @@ <<p2, 4>> :> {})

State 12:
/\ live = {<<p1, 1>>, <<p1, 2>>}
/\ minted = {<<p1, 1>>, <<p1, 2>>}
/\ doc = (p1 :> <<p1, 2>> @@ p2 :> <<p1, 1>>)
/\ seq = 3
/\ tomb = (p1 :> Nil @@ p2 :> Nil)
/\ base = (<<p1, 1>> :> Nil @@ <<p1, 2>> :> <<p1, 1>> @@ <<p1, 3>> :> Nil @@ <<p1, 4>> :> Nil @@ <<p2, 1>> :> Nil @@ <<p2, 2>> :> Nil @@ <<p2, 3>> :> Nil @@ <<p2, 4>> :> Nil)
/\ acked = {<<p2, <<p1, 1>>>>}
/\ conflicts = {<<p1, <<p1, 1>>>>}
/\ holder = "none"
/\ nextGen = 3
/\ ui = 0
/\ reqs = 1
/\ barriers = 1
/\ w = (A :> [baseline |-> (p1 :> <<p1, 2>> @@ p2 :> <<p1, 1>>), st |-> "on", pc |-> "idle", local |-> (p1 :> Nil @@ p2 :> <<p1, 1>>), integrated |-> {1, 2}, uploads |-> {}, deletes |-> {}, snap |-> (p1 :> Nil @@ p2 :> Nil), upDone |-> {}, gone |-> {}, verified |-> FALSE, inst |-> (p1 :> <<p1, 2>> @@ p2 :> <<p1, 1>>), retire |-> {}, collected |-> FALSE, adv |-> FALSE, synced |-> 3, derived |-> 3, skipped |-> {}, scope |-> {p1, p2}, sStage |-> "none", sTgt |-> {}, sDrop |-> {}, sKeep |-> {}, sHeld |-> (p1 :> Nil @@ p2 :> Nil), unlinked |-> {}, memo |-> 0, rnow |-> 0])
/\ took = (A :> (p1 :> {1, 2} @@ p2 :> {1}))
/\ gw = (p1 :> Nil @@ p2 :> Nil)
/\ mv = Nil
/\ udel = {}
/\ restarts = 0
/\ syncs = 0
/\ regressed = FALSE
/\ rescopes = 0
/\ fails = 0
/\ upped = {<<p1, 1>>, <<p1, 2>>}
/\ copies = 0
/\ orig = (<<p1, 1>> :> Nil @@ <<p1, 2>> :> Nil @@ <<p1, 3>> :> Nil @@ <<p1, 4>> :> Nil @@ <<p2, 1>> :> Nil @@ <<p2, 2>> :> Nil @@ <<p2, 3>> :> Nil @@ <<p2, 4>> :> Nil)
/\ retiring = {}
/\ aged = {}
/\ ages = 0
/\ rdoc = (p1 :> Nil @@ p2 :> Nil)
/\ rlag = TRUE
/\ anc = (<<p1, 1>> :> {} @@ <<p1, 2>> :> {<<p1, 1>>} @@ <<p1, 3>> :> {} @@ <<p1, 4>> :> {} @@ <<p2, 1>> :> {} @@ <<p2, 2>> :> {} @@ <<p2, 3>> :> {} @@ <<p2, 4>> :> {})

State 13:
/\ live = {<<p1, 1>>, <<p1, 2>>}
/\ minted = {<<p1, 1>>, <<p1, 2>>}
/\ doc = (p1 :> <<p1, 2>> @@ p2 :> <<p1, 1>>)
/\ seq = 3
/\ tomb = (p1 :> Nil @@ p2 :> Nil)
/\ base = (<<p1, 1>> :> Nil @@ <<p1, 2>> :> <<p1, 1>> @@ <<p1, 3>> :> Nil @@ <<p1, 4>> :> Nil @@ <<p2, 1>> :> Nil @@ <<p2, 2>> :> Nil @@ <<p2, 3>> :> Nil @@ <<p2, 4>> :> Nil)
/\ acked = {<<p2, <<p1, 1>>>>}
/\ conflicts = {<<p1, <<p1, 1>>>>}
/\ holder = "none"
/\ nextGen = 3
/\ ui = 0
/\ reqs = 1
/\ barriers = 1
/\ w = (A :> [baseline |-> (p1 :> <<p1, 2>> @@ p2 :> <<p1, 1>>), st |-> "on", pc |-> "consumed", local |-> (p1 :> Nil @@ p2 :> <<p1, 1>>), integrated |-> {1, 2}, uploads |-> {}, deletes |-> {}, snap |-> (p1 :> Nil @@ p2 :> Nil), upDone |-> {}, gone |-> {}, verified |-> FALSE, inst |-> (p1 :> <<p1, 2>> @@ p2 :> <<p1, 1>>), retire |-> {}, collected |-> FALSE, adv |-> FALSE, synced |-> 3, derived |-> 3, skipped |-> {}, scope |-> {p1, p2}, sStage |-> "none", sTgt |-> {}, sDrop |-> {}, sKeep |-> {}, sHeld |-> (p1 :> Nil @@ p2 :> Nil), unlinked |-> {}, memo |-> 0, rnow |-> 0])
/\ took = (A :> (p1 :> {1, 2} @@ p2 :> {1}))
/\ gw = (p1 :> Nil @@ p2 :> Nil)
/\ mv = Nil
/\ udel = {}
/\ restarts = 0
/\ syncs = 0
/\ regressed = FALSE
/\ rescopes = 0
/\ fails = 0
/\ upped = {<<p1, 1>>, <<p1, 2>>}
/\ copies = 0
/\ orig = (<<p1, 1>> :> Nil @@ <<p1, 2>> :> Nil @@ <<p1, 3>> :> Nil @@ <<p1, 4>> :> Nil @@ <<p2, 1>> :> Nil @@ <<p2, 2>> :> Nil @@ <<p2, 3>> :> Nil @@ <<p2, 4>> :> Nil)
/\ retiring = {}
/\ aged = {}
/\ ages = 0
/\ rdoc = (p1 :> Nil @@ p2 :> Nil)
/\ rlag = TRUE
/\ anc = (<<p1, 1>> :> {} @@ <<p1, 2>> :> {<<p1, 1>>} @@ <<p1, 3>> :> {} @@ <<p1, 4>> :> {} @@ <<p2, 1>> :> {} @@ <<p2, 2>> :> {} @@ <<p2, 3>> :> {} @@ <<p2, 4>> :> {})

State 14:
/\ live = {<<p1, 1>>, <<p1, 2>>}
/\ minted = {<<p1, 1>>, <<p1, 2>>}
/\ doc = (p1 :> <<p1, 2>> @@ p2 :> <<p1, 1>>)
/\ seq = 3
/\ tomb = (p1 :> Nil @@ p2 :> Nil)
/\ base = (<<p1, 1>> :> Nil @@ <<p1, 2>> :> <<p1, 1>> @@ <<p1, 3>> :> Nil @@ <<p1, 4>> :> Nil @@ <<p2, 1>> :> Nil @@ <<p2, 2>> :> Nil @@ <<p2, 3>> :> Nil @@ <<p2, 4>> :> Nil)
/\ acked = {<<p2, <<p1, 1>>>>}
/\ conflicts = {<<p1, <<p1, 1>>>>}
/\ holder = "none"
/\ nextGen = 3
/\ ui = 0
/\ reqs = 1
/\ barriers = 2
/\ w = (A :> [baseline |-> (p1 :> <<p1, 2>> @@ p2 :> <<p1, 1>>), st |-> "on", pc |-> "scanned", local |-> (p1 :> Nil @@ p2 :> <<p1, 1>>), integrated |-> {1, 2}, uploads |-> {}, deletes |-> {p1}, snap |-> (p1 :> Nil @@ p2 :> <<p1, 1>>), upDone |-> {}, gone |-> {}, verified |-> FALSE, inst |-> (p1 :> <<p1, 2>> @@ p2 :> <<p1, 1>>), retire |-> {}, collected |-> FALSE, adv |-> FALSE, synced |-> 3, derived |-> 3, skipped |-> {}, scope |-> {p1, p2}, sStage |-> "none", sTgt |-> {}, sDrop |-> {}, sKeep |-> {}, sHeld |-> (p1 :> Nil @@ p2 :> Nil), unlinked |-> {}, memo |-> 0, rnow |-> 0])
/\ took = (A :> (p1 :> {1, 2} @@ p2 :> {1}))
/\ gw = (p1 :> Nil @@ p2 :> Nil)
/\ mv = Nil
/\ udel = {}
/\ restarts = 0
/\ syncs = 0
/\ regressed = FALSE
/\ rescopes = 0
/\ fails = 0
/\ upped = {<<p1, 1>>, <<p1, 2>>}
/\ copies = 0
/\ orig = (<<p1, 1>> :> Nil @@ <<p1, 2>> :> Nil @@ <<p1, 3>> :> Nil @@ <<p1, 4>> :> Nil @@ <<p2, 1>> :> Nil @@ <<p2, 2>> :> Nil @@ <<p2, 3>> :> Nil @@ <<p2, 4>> :> Nil)
/\ retiring = {}
/\ aged = {}
/\ ages = 0
/\ rdoc = (p1 :> Nil @@ p2 :> Nil)
/\ rlag = TRUE
/\ anc = (<<p1, 1>> :> {} @@ <<p1, 2>> :> {<<p1, 1>>} @@ <<p1, 3>> :> {} @@ <<p1, 4>> :> {} @@ <<p2, 1>> :> {} @@ <<p2, 2>> :> {} @@ <<p2, 3>> :> {} @@ <<p2, 4>> :> {})

State 15:
/\ live = {<<p1, 1>>, <<p1, 2>>}
/\ minted = {<<p1, 1>>, <<p1, 2>>}
/\ doc = (p1 :> <<p1, 2>> @@ p2 :> <<p1, 1>>)
/\ seq = 3
/\ tomb = (p1 :> Nil @@ p2 :> Nil)
/\ base = (<<p1, 1>> :> Nil @@ <<p1, 2>> :> <<p1, 1>> @@ <<p1, 3>> :> Nil @@ <<p1, 4>> :> Nil @@ <<p2, 1>> :> Nil @@ <<p2, 2>> :> Nil @@ <<p2, 3>> :> Nil @@ <<p2, 4>> :> Nil)
/\ acked = {<<p2, <<p1, 1>>>>}
/\ conflicts = {<<p1, <<p1, 1>>>>}
/\ holder = A
/\ nextGen = 3
/\ ui = 0
/\ reqs = 1
/\ barriers = 2
/\ w = (A :> [baseline |-> (p1 :> <<p1, 2>> @@ p2 :> <<p1, 1>>), st |-> "on", pc |-> "claimed", local |-> (p1 :> Nil @@ p2 :> <<p1, 1>>), integrated |-> {1, 2}, uploads |-> {}, deletes |-> {p1}, snap |-> (p1 :> Nil @@ p2 :> <<p1, 1>>), upDone |-> {}, gone |-> {}, verified |-> FALSE, inst |-> (p1 :> <<p1, 2>> @@ p2 :> <<p1, 1>>), retire |-> {}, collected |-> FALSE, adv |-> FALSE, synced |-> 3, derived |-> 3, skipped |-> {}, scope |-> {p1, p2}, sStage |-> "none", sTgt |-> {}, sDrop |-> {}, sKeep |-> {}, sHeld |-> (p1 :> Nil @@ p2 :> Nil), unlinked |-> {}, memo |-> 0, rnow |-> 0])
/\ took = (A :> (p1 :> {1, 2} @@ p2 :> {1}))
/\ gw = (p1 :> Nil @@ p2 :> Nil)
/\ mv = Nil
/\ udel = {}
/\ restarts = 0
/\ syncs = 0
/\ regressed = FALSE
/\ rescopes = 0
/\ fails = 0
/\ upped = {<<p1, 1>>, <<p1, 2>>}
/\ copies = 0
/\ orig = (<<p1, 1>> :> Nil @@ <<p1, 2>> :> Nil @@ <<p1, 3>> :> Nil @@ <<p1, 4>> :> Nil @@ <<p2, 1>> :> Nil @@ <<p2, 2>> :> Nil @@ <<p2, 3>> :> Nil @@ <<p2, 4>> :> Nil)
/\ retiring = {}
/\ aged = {}
/\ ages = 0
/\ rdoc = (p1 :> Nil @@ p2 :> Nil)
/\ rlag = TRUE
/\ anc = (<<p1, 1>> :> {} @@ <<p1, 2>> :> {<<p1, 1>>} @@ <<p1, 3>> :> {} @@ <<p1, 4>> :> {} @@ <<p2, 1>> :> {} @@ <<p2, 2>> :> {} @@ <<p2, 3>> :> {} @@ <<p2, 4>> :> {})

State 16:
/\ live = {<<p1, 1>>, <<p1, 2>>}
/\ minted = {<<p1, 1>>, <<p1, 2>>}
/\ doc = (p1 :> <<p1, 2>> @@ p2 :> <<p1, 1>>)
/\ seq = 3
/\ tomb = (p1 :> Nil @@ p2 :> Nil)
/\ base = (<<p1, 1>> :> Nil @@ <<p1, 2>> :> <<p1, 1>> @@ <<p1, 3>> :> Nil @@ <<p1, 4>> :> Nil @@ <<p2, 1>> :> Nil @@ <<p2, 2>> :> Nil @@ <<p2, 3>> :> Nil @@ <<p2, 4>> :> Nil)
/\ acked = {<<p2, <<p1, 1>>>>}
/\ conflicts = {<<p1, <<p1, 1>>>>}
/\ holder = A
/\ nextGen = 3
/\ ui = 0
/\ reqs = 1
/\ barriers = 2
/\ w = (A :> [baseline |-> (p1 :> <<p1, 2>> @@ p2 :> <<p1, 1>>), st |-> "on", pc |-> "claimed", local |-> (p1 :> Nil @@ p2 :> <<p1, 1>>), integrated |-> {1, 2}, uploads |-> {}, deletes |-> {p1}, snap |-> (p1 :> Nil @@ p2 :> <<p1, 1>>), upDone |-> {}, gone |-> {}, verified |-> TRUE, inst |-> (p1 :> <<p1, 2>> @@ p2 :> <<p1, 1>>), retire |-> {}, collected |-> FALSE, adv |-> FALSE, synced |-> 3, derived |-> 3, skipped |-> {}, scope |-> {p1, p2}, sStage |-> "none", sTgt |-> {}, sDrop |-> {}, sKeep |-> {}, sHeld |-> (p1 :> Nil @@ p2 :> Nil), unlinked |-> {}, memo |-> 0, rnow |-> 0])
/\ took = (A :> (p1 :> {1, 2} @@ p2 :> {1}))
/\ gw = (p1 :> Nil @@ p2 :> Nil)
/\ mv = Nil
/\ udel = {}
/\ restarts = 0
/\ syncs = 0
/\ regressed = FALSE
/\ rescopes = 0
/\ fails = 0
/\ upped = {<<p1, 1>>, <<p1, 2>>}
/\ copies = 0
/\ orig = (<<p1, 1>> :> Nil @@ <<p1, 2>> :> Nil @@ <<p1, 3>> :> Nil @@ <<p1, 4>> :> Nil @@ <<p2, 1>> :> Nil @@ <<p2, 2>> :> Nil @@ <<p2, 3>> :> Nil @@ <<p2, 4>> :> Nil)
/\ retiring = {}
/\ aged = {}
/\ ages = 0
/\ rdoc = (p1 :> Nil @@ p2 :> Nil)
/\ rlag = TRUE
/\ anc = (<<p1, 1>> :> {} @@ <<p1, 2>> :> {<<p1, 1>>} @@ <<p1, 3>> :> {} @@ <<p1, 4>> :> {} @@ <<p2, 1>> :> {} @@ <<p2, 2>> :> {} @@ <<p2, 3>> :> {} @@ <<p2, 4>> :> {})

State 17:
/\ live = {<<p1, 1>>, <<p1, 2>>}
/\ minted = {<<p1, 1>>, <<p1, 2>>}
/\ doc = (p1 :> Nil @@ p2 :> <<p1, 1>>)
/\ seq = 4
/\ tomb = (p1 :> <<p1, 2>> @@ p2 :> Nil)
/\ base = (<<p1, 1>> :> Nil @@ <<p1, 2>> :> <<p1, 1>> @@ <<p1, 3>> :> Nil @@ <<p1, 4>> :> Nil @@ <<p2, 1>> :> Nil @@ <<p2, 2>> :> Nil @@ <<p2, 3>> :> Nil @@ <<p2, 4>> :> Nil)
/\ acked = {<<p2, <<p1, 1>>>>}
/\ conflicts = {<<p1, <<p1, 1>>>>}
/\ holder = A
/\ nextGen = 3
/\ ui = 0
/\ reqs = 1
/\ barriers = 2
/\ w = (A :> [baseline |-> (p1 :> <<p1, 2>> @@ p2 :> <<p1, 1>>), st |-> "on", pc |-> "cased", local |-> (p1 :> Nil @@ p2 :> <<p1, 1>>), integrated |-> {1, 2}, uploads |-> {}, deletes |-> {p1}, snap |-> (p1 :> Nil @@ p2 :> <<p1, 1>>), upDone |-> {}, gone |-> {}, verified |-> TRUE, inst |-> (p1 :> Nil @@ p2 :> <<p1, 1>>), retire |-> {<<p1, 2>>}, collected |-> FALSE, adv |-> TRUE, synced |-> 3, derived |-> 3, skipped |-> {}, scope |-> {p1, p2}, sStage |-> "none", sTgt |-> {}, sDrop |-> {}, sKeep |-> {}, sHeld |-> (p1 :> Nil @@ p2 :> Nil), unlinked |-> {}, memo |-> 0, rnow |-> 0])
/\ took = (A :> (p1 :> {1, 2} @@ p2 :> {1}))
/\ gw = (p1 :> Nil @@ p2 :> Nil)
/\ mv = Nil
/\ udel = {}
/\ restarts = 0
/\ syncs = 0
/\ regressed = FALSE
/\ rescopes = 0
/\ fails = 0
/\ upped = {<<p1, 1>>, <<p1, 2>>}
/\ copies = 0
/\ orig = (<<p1, 1>> :> Nil @@ <<p1, 2>> :> Nil @@ <<p1, 3>> :> Nil @@ <<p1, 4>> :> Nil @@ <<p2, 1>> :> Nil @@ <<p2, 2>> :> Nil @@ <<p2, 3>> :> Nil @@ <<p2, 4>> :> Nil)
/\ retiring = {<<p1, 2>>}
/\ aged = {}
/\ ages = 0
/\ rdoc = (p1 :> Nil @@ p2 :> Nil)
/\ rlag = TRUE
/\ anc = (<<p1, 1>> :> {} @@ <<p1, 2>> :> {<<p1, 1>>} @@ <<p1, 3>> :> {} @@ <<p1, 4>> :> {} @@ <<p2, 1>> :> {} @@ <<p2, 2>> :> {} @@ <<p2, 3>> :> {} @@ <<p2, 4>> :> {})

Error: Invariant M5NoBackY is violated.
7200485 states generated, 2476995 distinct states found. Depth 16. Checked in 94.614s (26180 distinct/s).

real	1m34.629s
user	3m8.617s
sys	0m0.360s
rc=12 15:11:12Z
