tlc-rs: MCLeanP1M5Anc (32 variables, 0 symmetry permutations), 2 workers, interp engine; loaded in 0.005s
progress: depth 14, 762114 generated, 247143 distinct (0 fingerprint spills), 98821 on queue (0 on disk), 10.7s
progress: depth 16, 2013465 generated, 647168 distinct (0 fingerprint spills), 244045 on queue (0 on disk), 28.3s
progress: depth 17, 3192179 generated, 1008184 distinct (0 fingerprint spills), 361016 on queue (0 on disk), 44.8s
progress: depth 18, 4867837 generated, 1505515 distinct (0 fingerprint spills), 497331 on queue (57523 on disk), 67.9s
progress: depth 19, 7023293 generated, 2131266 distinct (0 fingerprint spills), 625751 on queue (188247 on disk), 98.7s
progress: depth 20, 9525080 generated, 2856273 distinct (0 fingerprint spills), 725007 on queue (287759 on disk), 134.2s
progress: depth 21, 12255673 generated, 3645838 distinct (0 fingerprint spills), 789565 on queue (352061 on disk), 173.8s
progress: depth 22, 15139865 generated, 4461175 distinct (0 fingerprint spills), 815337 on queue (378089 on disk), 216.4s
progress: depth 23, 18114323 generated, 5280464 distinct (0 fingerprint spills), 819289 on queue (383321 on disk), 258.8s
progress: depth 24, 21200546 generated, 6124612 distinct (0 fingerprint spills), 844148 on queue (408948 on disk), 307.7s
progress: depth 25, 24493404 generated, 7029275 distinct (0 fingerprint spills), 904663 on queue (471511 on disk), 371.0s
progress: depth 26, 28015965 generated, 7974185 distinct (0 fingerprint spills), 944910 on queue (512782 on disk), 454.4s
progress: depth 27, 31512341 generated, 8851961 distinct (0 fingerprint spills), 877776 on queue (443856 on disk), 541.8s
progress: depth 28, 34405857 generated, 9527903 distinct (0 fingerprint spills), 675942 on queue (237926 on disk), 599.3s
progress: depth 29, 36303823 generated, 9957822 distinct (0 fingerprint spills), 429919 on queue (0 on disk), 634.6s
progress: depth 30, 37405847 generated, 10217556 distinct (0 fingerprint spills), 259734 on queue (0 on disk), 655.4s
progress: depth 31, 38125885 generated, 10402924 distinct (0 fingerprint spills), 185368 on queue (0 on disk), 669.8s
progress: depth 32, 38657809 generated, 10546224 distinct (0 fingerprint spills), 143300 on queue (0 on disk), 680.0s
progress: depth 34, 39163267 generated, 10668226 distinct (0 fingerprint spills), 34270 on queue (0 on disk), 691.2s
Model checking completed. No error has been found.
39223077 states generated, 10676334 distinct states found. Depth 36. Checked in 692.641s (15414 distinct/s).

real	11m32.661s
user	15m36.261s
sys	0m3.429s
rc=0 14:38:58Z
