tlc-rs: MCLeanP1M5 (31 variables, 0 symmetry permutations), 3 workers, interp engine; loaded in 0.004s
progress: depth 13, 2323440 generated, 931508 distinct (0 fingerprint spills), 375714 on queue (0 on disk), 16.2s
State 1:
/\ live = {<<p1, 1>>}
/\ minted = {<<p1, 1>>}
/\ doc = (p1 :> <<p1, 1>> @@ p2 :> Nil)
/\ seq = 1
/\ tomb = (p1 :> Nil @@ p2 :> Nil)
/\ base = (<<p1, 1>> :> Nil @@ <<p1, 2>> :> Nil @@ <<p1, 3>> :> Nil @@ <<p2, 1>> :> Nil @@ <<p2, 2>> :> Nil @@ <<p2, 3>> :> Nil)
/\ acked = {}
/\ conflicts = {}
/\ holder = "none"
/\ nextGen = 2
/\ ui = 0
/\ reqs = 0
/\ barriers = 0
/\ w = (A :> [local |-> (p1 :> Nil @@ p2 :> Nil), st |-> "off", pc |-> "idle", baseline |-> (p1 :> Nil @@ p2 :> Nil), integrated |-> {}, uploads |-> {}, deletes |-> {}, snap |-> (p1 :> Nil @@ p2 :> Nil), upDone |-> {}, gone |-> {}, verified |-> FALSE, inst |-> (p1 :> Nil @@ p2 :> Nil), retire |-> {}, collected |-> FALSE, adv |-> FALSE, synced |-> 0, derived |-> 0, skipped |-> {}, scope |-> {}, sStage |-> "none", sTgt |-> {}, sDrop |-> {}, sKeep |-> {}, sHeld |-> (p1 :> Nil @@ p2 :> Nil), unlinked |-> {}, memo |-> 0, rnow |-> 0])
/\ took = (A :> (p1 :> {} @@ p2 :> {}))
/\ gw = (p1 :> Nil @@ p2 :> Nil)
/\ mv = Nil
/\ udel = {}
/\ restarts = 0
/\ syncs = 0
/\ regressed = FALSE
/\ rescopes = 0
/\ fails = 0
/\ upped = {<<p1, 1>>}
/\ copies = 0
/\ orig = (<<p1, 1>> :> Nil @@ <<p1, 2>> :> Nil @@ <<p1, 3>> :> Nil @@ <<p2, 1>> :> Nil @@ <<p2, 2>> :> Nil @@ <<p2, 3>> :> Nil)
/\ retiring = {}
/\ aged = {}
/\ ages = 0
/\ rdoc = (p1 :> Nil @@ p2 :> Nil)
/\ rlag = TRUE

State 2:
/\ live = {<<p1, 1>>}
/\ minted = {<<p1, 1>>}
/\ doc = (p1 :> <<p1, 1>> @@ p2 :> Nil)
/\ seq = 1
/\ tomb = (p1 :> Nil @@ p2 :> Nil)
/\ base = (<<p1, 1>> :> Nil @@ <<p1, 2>> :> Nil @@ <<p1, 3>> :> Nil @@ <<p2, 1>> :> Nil @@ <<p2, 2>> :> Nil @@ <<p2, 3>> :> Nil)
/\ acked = {}
/\ conflicts = {}
/\ holder = "none"
/\ nextGen = 2
/\ ui = 0
/\ reqs = 0
/\ barriers = 0
/\ w = (A :> [local |-> (p1 :> <<p1, 1>> @@ p2 :> Nil), st |-> "on", pc |-> "idle", baseline |-> (p1 :> <<p1, 1>> @@ p2 :> Nil), integrated |-> {1}, uploads |-> {}, deletes |-> {}, snap |-> (p1 :> Nil @@ p2 :> Nil), upDone |-> {}, gone |-> {}, verified |-> FALSE, inst |-> (p1 :> <<p1, 1>> @@ p2 :> Nil), retire |-> {}, collected |-> FALSE, adv |-> FALSE, synced |-> 1, derived |-> 1, skipped |-> {}, scope |-> {p1, p2}, sStage |-> "none", sTgt |-> {}, sDrop |-> {}, sKeep |-> {}, sHeld |-> (p1 :> Nil @@ p2 :> Nil), unlinked |-> {}, memo |-> 0, rnow |-> 0])
/\ took = (A :> (p1 :> {1} @@ p2 :> {}))
/\ gw = (p1 :> Nil @@ p2 :> Nil)
/\ mv = Nil
/\ udel = {}
/\ restarts = 0
/\ syncs = 0
/\ regressed = FALSE
/\ rescopes = 0
/\ fails = 0
/\ upped = {<<p1, 1>>}
/\ copies = 0
/\ orig = (<<p1, 1>> :> Nil @@ <<p1, 2>> :> Nil @@ <<p1, 3>> :> Nil @@ <<p2, 1>> :> Nil @@ <<p2, 2>> :> Nil @@ <<p2, 3>> :> Nil)
/\ retiring = {}
/\ aged = {}
/\ ages = 0
/\ rdoc = (p1 :> Nil @@ p2 :> Nil)
/\ rlag = TRUE

State 3:
/\ live = {<<p1, 1>>}
/\ minted = {<<p1, 1>>}
/\ doc = (p1 :> Nil @@ p2 :> <<p1, 1>>)
/\ seq = 2
/\ tomb = (p1 :> <<p1, 1>> @@ p2 :> Nil)
/\ base = (<<p1, 1>> :> Nil @@ <<p1, 2>> :> Nil @@ <<p1, 3>> :> Nil @@ <<p2, 1>> :> Nil @@ <<p2, 2>> :> Nil @@ <<p2, 3>> :> Nil)
/\ acked = {<<p2, <<p1, 1>>>>}
/\ conflicts = {}
/\ holder = "none"
/\ nextGen = 2
/\ ui = 0
/\ reqs = 1
/\ barriers = 0
/\ w = (A :> [local |-> (p1 :> <<p1, 1>> @@ p2 :> Nil), st |-> "on", pc |-> "idle", baseline |-> (p1 :> <<p1, 1>> @@ p2 :> Nil), integrated |-> {1}, uploads |-> {}, deletes |-> {}, snap |-> (p1 :> Nil @@ p2 :> Nil), upDone |-> {}, gone |-> {}, verified |-> FALSE, inst |-> (p1 :> <<p1, 1>> @@ p2 :> Nil), retire |-> {}, collected |-> FALSE, adv |-> FALSE, synced |-> 1, derived |-> 1, skipped |-> {}, scope |-> {p1, p2}, sStage |-> "none", sTgt |-> {}, sDrop |-> {}, sKeep |-> {}, sHeld |-> (p1 :> Nil @@ p2 :> Nil), unlinked |-> {}, memo |-> 0, rnow |-> 0])
/\ took = (A :> (p1 :> {1} @@ p2 :> {}))
/\ gw = (p1 :> Nil @@ p2 :> Nil)
/\ mv = Nil
/\ udel = {}
/\ restarts = 0
/\ syncs = 0
/\ regressed = FALSE
/\ rescopes = 0
/\ fails = 0
/\ upped = {<<p1, 1>>}
/\ copies = 0
/\ orig = (<<p1, 1>> :> Nil @@ <<p1, 2>> :> Nil @@ <<p1, 3>> :> Nil @@ <<p2, 1>> :> Nil @@ <<p2, 2>> :> Nil @@ <<p2, 3>> :> Nil)
/\ retiring = {}
/\ aged = {}
/\ ages = 0
/\ rdoc = (p1 :> Nil @@ p2 :> Nil)
/\ rlag = TRUE

State 4:
/\ live = {<<p1, 1>>}
/\ minted = {<<p1, 1>>, <<p1, 2>>}
/\ doc = (p1 :> Nil @@ p2 :> <<p1, 1>>)
/\ seq = 2
/\ tomb = (p1 :> <<p1, 1>> @@ p2 :> Nil)
/\ base = (<<p1, 1>> :> Nil @@ <<p1, 2>> :> <<p1, 1>> @@ <<p1, 3>> :> Nil @@ <<p2, 1>> :> Nil @@ <<p2, 2>> :> Nil @@ <<p2, 3>> :> Nil)
/\ acked = {<<p2, <<p1, 1>>>>}
/\ conflicts = {}
/\ holder = "none"
/\ nextGen = 3
/\ ui = 0
/\ reqs = 1
/\ barriers = 0
/\ w = (A :> [local |-> (p1 :> <<p1, 2>> @@ p2 :> Nil), st |-> "on", pc |-> "idle", baseline |-> (p1 :> <<p1, 1>> @@ p2 :> Nil), integrated |-> {1, 2}, uploads |-> {}, deletes |-> {}, snap |-> (p1 :> Nil @@ p2 :> Nil), upDone |-> {}, gone |-> {}, verified |-> FALSE, inst |-> (p1 :> <<p1, 1>> @@ p2 :> Nil), retire |-> {}, collected |-> FALSE, adv |-> FALSE, synced |-> 1, derived |-> 1, skipped |-> {}, scope |-> {p1, p2}, sStage |-> "none", sTgt |-> {}, sDrop |-> {}, sKeep |-> {}, sHeld |-> (p1 :> Nil @@ p2 :> Nil), unlinked |-> {}, memo |-> 0, rnow |-> 0])
/\ took = (A :> (p1 :> {1, 2} @@ p2 :> {}))
/\ gw = (p1 :> Nil @@ p2 :> Nil)
/\ mv = Nil
/\ udel = {}
/\ restarts = 0
/\ syncs = 0
/\ regressed = FALSE
/\ rescopes = 0
/\ fails = 0
/\ upped = {<<p1, 1>>}
/\ copies = 0
/\ orig = (<<p1, 1>> :> Nil @@ <<p1, 2>> :> Nil @@ <<p1, 3>> :> Nil @@ <<p2, 1>> :> Nil @@ <<p2, 2>> :> Nil @@ <<p2, 3>> :> Nil)
/\ retiring = {}
/\ aged = {}
/\ ages = 0
/\ rdoc = (p1 :> Nil @@ p2 :> Nil)
/\ rlag = TRUE

State 5:
/\ live = {<<p1, 1>>}
/\ minted = {<<p1, 1>>, <<p1, 2>>}
/\ doc = (p1 :> Nil @@ p2 :> <<p1, 1>>)
/\ seq = 2
/\ tomb = (p1 :> <<p1, 1>> @@ p2 :> Nil)
/\ base = (<<p1, 1>> :> Nil @@ <<p1, 2>> :> <<p1, 1>> @@ <<p1, 3>> :> Nil @@ <<p2, 1>> :> Nil @@ <<p2, 2>> :> Nil @@ <<p2, 3>> :> Nil)
/\ acked = {<<p2, <<p1, 1>>>>}
/\ conflicts = {}
/\ holder = "none"
/\ nextGen = 3
/\ ui = 0
/\ reqs = 1
/\ barriers = 0
/\ w = (A :> [local |-> (p1 :> <<p1, 2>> @@ p2 :> <<p1, 1>>), st |-> "on", pc |-> "consumed", baseline |-> (p1 :> <<p1, 1>> @@ p2 :> <<p1, 1>>), integrated |-> {1, 2}, uploads |-> {}, deletes |-> {}, snap |-> (p1 :> Nil @@ p2 :> Nil), upDone |-> {}, gone |-> {}, verified |-> FALSE, inst |-> (p1 :> <<p1, 1>> @@ p2 :> Nil), retire |-> {}, collected |-> FALSE, adv |-> FALSE, synced |-> 2, derived |-> 2, skipped |-> {p1}, scope |-> {p1, p2}, sStage |-> "none", sTgt |-> {}, sDrop |-> {}, sKeep |-> {}, sHeld |-> (p1 :> Nil @@ p2 :> Nil), unlinked |-> {}, memo |-> 0, rnow |-> 0])
/\ took = (A :> (p1 :> {1, 2} @@ p2 :> {1}))
/\ gw = (p1 :> Nil @@ p2 :> Nil)
/\ mv = Nil
/\ udel = {}
/\ restarts = 0
/\ syncs = 0
/\ regressed = FALSE
/\ rescopes = 0
/\ fails = 0
/\ upped = {<<p1, 1>>}
/\ copies = 0
/\ orig = (<<p1, 1>> :> Nil @@ <<p1, 2>> :> Nil @@ <<p1, 3>> :> Nil @@ <<p2, 1>> :> Nil @@ <<p2, 2>> :> Nil @@ <<p2, 3>> :> Nil)
/\ retiring = {}
/\ aged = {}
/\ ages = 0
/\ rdoc = (p1 :> Nil @@ p2 :> Nil)
/\ rlag = TRUE

State 6:
/\ live = {<<p1, 1>>}
/\ minted = {<<p1, 1>>, <<p1, 2>>}
/\ doc = (p1 :> Nil @@ p2 :> <<p1, 1>>)
/\ seq = 2
/\ tomb = (p1 :> <<p1, 1>> @@ p2 :> Nil)
/\ base = (<<p1, 1>> :> Nil @@ <<p1, 2>> :> <<p1, 1>> @@ <<p1, 3>> :> Nil @@ <<p2, 1>> :> Nil @@ <<p2, 2>> :> Nil @@ <<p2, 3>> :> Nil)
/\ acked = {<<p2, <<p1, 1>>>>}
/\ conflicts = {}
/\ holder = "none"
/\ nextGen = 3
/\ ui = 0
/\ reqs = 1
/\ barriers = 1
/\ w = (A :> [local |-> (p1 :> <<p1, 2>> @@ p2 :> <<p1, 1>>), st |-> "on", pc |-> "scanned", baseline |-> (p1 :> <<p1, 1>> @@ p2 :> <<p1, 1>>), integrated |-> {1, 2}, uploads |-> {p1}, deletes |-> {}, snap |-> (p1 :> <<p1, 2>> @@ p2 :> <<p1, 1>>), upDone |-> {}, gone |-> {}, verified |-> FALSE, inst |-> (p1 :> <<p1, 1>> @@ p2 :> Nil), retire |-> {}, collected |-> FALSE, adv |-> FALSE, synced |-> 2, derived |-> 2, skipped |-> {p1}, scope |-> {p1, p2}, sStage |-> "none", sTgt |-> {}, sDrop |-> {}, sKeep |-> {}, sHeld |-> (p1 :> Nil @@ p2 :> Nil), unlinked |-> {}, memo |-> 0, rnow |-> 0])
/\ took = (A :> (p1 :> {1, 2} @@ p2 :> {1}))
/\ gw = (p1 :> Nil @@ p2 :> Nil)
/\ mv = Nil
/\ udel = {}
/\ restarts = 0
/\ syncs = 0
/\ regressed = FALSE
/\ rescopes = 0
/\ fails = 0
/\ upped = {<<p1, 1>>}
/\ copies = 0
/\ orig = (<<p1, 1>> :> Nil @@ <<p1, 2>> :> Nil @@ <<p1, 3>> :> Nil @@ <<p2, 1>> :> Nil @@ <<p2, 2>> :> Nil @@ <<p2, 3>> :> Nil)
/\ retiring = {}
/\ aged = {}
/\ ages = 0
/\ rdoc = (p1 :> Nil @@ p2 :> Nil)
/\ rlag = TRUE

State 7:
/\ live = {<<p1, 1>>, <<p1, 2>>}
/\ minted = {<<p1, 1>>, <<p1, 2>>}
/\ doc = (p1 :> Nil @@ p2 :> <<p1, 1>>)
/\ seq = 2
/\ tomb = (p1 :> <<p1, 1>> @@ p2 :> Nil)
/\ base = (<<p1, 1>> :> Nil @@ <<p1, 2>> :> <<p1, 1>> @@ <<p1, 3>> :> Nil @@ <<p2, 1>> :> Nil @@ <<p2, 2>> :> Nil @@ <<p2, 3>> :> Nil)
/\ acked = {<<p2, <<p1, 1>>>>}
/\ conflicts = {}
/\ holder = "none"
/\ nextGen = 3
/\ ui = 0
/\ reqs = 1
/\ barriers = 1
/\ w = (A :> [local |-> (p1 :> <<p1, 2>> @@ p2 :> <<p1, 1>>), st |-> "on", pc |-> "scanned", baseline |-> (p1 :> <<p1, 1>> @@ p2 :> <<p1, 1>>), integrated |-> {1, 2}, uploads |-> {p1}, deletes |-> {}, snap |-> (p1 :> <<p1, 2>> @@ p2 :> <<p1, 1>>), upDone |-> {p1}, gone |-> {}, verified |-> FALSE, inst |-> (p1 :> <<p1, 1>> @@ p2 :> Nil), retire |-> {}, collected |-> FALSE, adv |-> FALSE, synced |-> 2, derived |-> 2, skipped |-> {p1}, scope |-> {p1, p2}, sStage |-> "none", sTgt |-> {}, sDrop |-> {}, sKeep |-> {}, sHeld |-> (p1 :> Nil @@ p2 :> Nil), unlinked |-> {}, memo |-> 0, rnow |-> 0])
/\ took = (A :> (p1 :> {1, 2} @@ p2 :> {1}))
/\ gw = (p1 :> Nil @@ p2 :> Nil)
/\ mv = Nil
/\ udel = {}
/\ restarts = 0
/\ syncs = 0
/\ regressed = FALSE
/\ rescopes = 0
/\ fails = 0
/\ upped = {<<p1, 1>>, <<p1, 2>>}
/\ copies = 0
/\ orig = (<<p1, 1>> :> Nil @@ <<p1, 2>> :> Nil @@ <<p1, 3>> :> Nil @@ <<p2, 1>> :> Nil @@ <<p2, 2>> :> Nil @@ <<p2, 3>> :> Nil)
/\ retiring = {}
/\ aged = {}
/\ ages = 0
/\ rdoc = (p1 :> Nil @@ p2 :> Nil)
/\ rlag = TRUE

State 8:
/\ live = {<<p1, 1>>, <<p1, 2>>}
/\ minted = {<<p1, 1>>, <<p1, 2>>}
/\ doc = (p1 :> Nil @@ p2 :> <<p1, 1>>)
/\ seq = 2
/\ tomb = (p1 :> <<p1, 1>> @@ p2 :> Nil)
/\ base = (<<p1, 1>> :> Nil @@ <<p1, 2>> :> <<p1, 1>> @@ <<p1, 3>> :> Nil @@ <<p2, 1>> :> Nil @@ <<p2, 2>> :> Nil @@ <<p2, 3>> :> Nil)
/\ acked = {<<p2, <<p1, 1>>>>}
/\ conflicts = {}
/\ holder = A
/\ nextGen = 3
/\ ui = 0
/\ reqs = 1
/\ barriers = 1
/\ w = (A :> [local |-> (p1 :> <<p1, 2>> @@ p2 :> <<p1, 1>>), st |-> "on", pc |-> "claimed", baseline |-> (p1 :> <<p1, 1>> @@ p2 :> <<p1, 1>>), integrated |-> {1, 2}, uploads |-> {p1}, deletes |-> {}, snap |-> (p1 :> <<p1, 2>> @@ p2 :> <<p1, 1>>), upDone |-> {p1}, gone |-> {}, verified |-> FALSE, inst |-> (p1 :> <<p1, 1>> @@ p2 :> Nil), retire |-> {}, collected |-> FALSE, adv |-> FALSE, synced |-> 2, derived |-> 2, skipped |-> {p1}, scope |-> {p1, p2}, sStage |-> "none", sTgt |-> {}, sDrop |-> {}, sKeep |-> {}, sHeld |-> (p1 :> Nil @@ p2 :> Nil), unlinked |-> {}, memo |-> 0, rnow |-> 0])
/\ took = (A :> (p1 :> {1, 2} @@ p2 :> {1}))
/\ gw = (p1 :> Nil @@ p2 :> Nil)
/\ mv = Nil
/\ udel = {}
/\ restarts = 0
/\ syncs = 0
/\ regressed = FALSE
/\ rescopes = 0
/\ fails = 0
/\ upped = {<<p1, 1>>, <<p1, 2>>}
/\ copies = 0
/\ orig = (<<p1, 1>> :> Nil @@ <<p1, 2>> :> Nil @@ <<p1, 3>> :> Nil @@ <<p2, 1>> :> Nil @@ <<p2, 2>> :> Nil @@ <<p2, 3>> :> Nil)
/\ retiring = {}
/\ aged = {}
/\ ages = 0
/\ rdoc = (p1 :> Nil @@ p2 :> Nil)
/\ rlag = TRUE

State 9:
/\ live = {<<p1, 1>>, <<p1, 2>>}
/\ minted = {<<p1, 1>>, <<p1, 2>>}
/\ doc = (p1 :> Nil @@ p2 :> <<p1, 1>>)
/\ seq = 2
/\ tomb = (p1 :> <<p1, 1>> @@ p2 :> Nil)
/\ base = (<<p1, 1>> :> Nil @@ <<p1, 2>> :> <<p1, 1>> @@ <<p1, 3>> :> Nil @@ <<p2, 1>> :> Nil @@ <<p2, 2>> :> Nil @@ <<p2, 3>> :> Nil)
/\ acked = {<<p2, <<p1, 1>>>>}
/\ conflicts = {}
/\ holder = A
/\ nextGen = 3
/\ ui = 0
/\ reqs = 1
/\ barriers = 1
/\ w = (A :> [local |-> (p1 :> <<p1, 2>> @@ p2 :> <<p1, 1>>), st |-> "on", pc |-> "claimed", baseline |-> (p1 :> <<p1, 1>> @@ p2 :> <<p1, 1>>), integrated |-> {1, 2}, uploads |-> {p1}, deletes |-> {}, snap |-> (p1 :> <<p1, 2>> @@ p2 :> <<p1, 1>>), upDone |-> {p1}, gone |-> {}, verified |-> TRUE, inst |-> (p1 :> <<p1, 1>> @@ p2 :> Nil), retire |-> {}, collected |-> FALSE, adv |-> FALSE, synced |-> 2, derived |-> 2, skipped |-> {p1}, scope |-> {p1, p2}, sStage |-> "none", sTgt |-> {}, sDrop |-> {}, sKeep |-> {}, sHeld |-> (p1 :> Nil @@ p2 :> Nil), unlinked |-> {}, memo |-> 0, rnow |-> 0])
/\ took = (A :> (p1 :> {1, 2} @@ p2 :> {1}))
/\ gw = (p1 :> Nil @@ p2 :> Nil)
/\ mv = Nil
/\ udel = {}
/\ restarts = 0
/\ syncs = 0
/\ regressed = FALSE
/\ rescopes = 0
/\ fails = 0
/\ upped = {<<p1, 1>>, <<p1, 2>>}
/\ copies = 0
/\ orig = (<<p1, 1>> :> Nil @@ <<p1, 2>> :> Nil @@ <<p1, 3>> :> Nil @@ <<p2, 1>> :> Nil @@ <<p2, 2>> :> Nil @@ <<p2, 3>> :> Nil)
/\ retiring = {}
/\ aged = {}
/\ ages = 0
/\ rdoc = (p1 :> Nil @@ p2 :> Nil)
/\ rlag = TRUE

State 10:
/\ live = {<<p1, 1>>, <<p1, 2>>}
/\ minted = {<<p1, 1>>, <<p1, 2>>}
/\ doc = (p1 :> <<p1, 2>> @@ p2 :> <<p1, 1>>)
/\ seq = 3
/\ tomb = (p1 :> Nil @@ p2 :> Nil)
/\ base = (<<p1, 1>> :> Nil @@ <<p1, 2>> :> <<p1, 1>> @@ <<p1, 3>> :> Nil @@ <<p2, 1>> :> Nil @@ <<p2, 2>> :> Nil @@ <<p2, 3>> :> Nil)
/\ acked = {<<p2, <<p1, 1>>>>}
/\ conflicts = {<<p1, <<p1, 1>>>>}
/\ holder = A
/\ nextGen = 3
/\ ui = 0
/\ reqs = 1
/\ barriers = 1
/\ w = (A :> [local |-> (p1 :> <<p1, 2>> @@ p2 :> <<p1, 1>>), st |-> "on", pc |-> "cased", baseline |-> (p1 :> <<p1, 1>> @@ p2 :> <<p1, 1>>), integrated |-> {1, 2}, uploads |-> {p1}, deletes |-> {}, snap |-> (p1 :> <<p1, 2>> @@ p2 :> <<p1, 1>>), upDone |-> {p1}, gone |-> {}, verified |-> TRUE, inst |-> (p1 :> <<p1, 2>> @@ p2 :> <<p1, 1>>), retire |-> {}, collected |-> TRUE, adv |-> TRUE, synced |-> 2, derived |-> 2, skipped |-> {p1}, scope |-> {p1, p2}, sStage |-> "none", sTgt |-> {}, sDrop |-> {}, sKeep |-> {}, sHeld |-> (p1 :> Nil @@ p2 :> Nil), unlinked |-> {}, memo |-> 0, rnow |-> 0])
/\ took = (A :> (p1 :> {1, 2} @@ p2 :> {1}))
/\ gw = (p1 :> Nil @@ p2 :> Nil)
/\ mv = Nil
/\ udel = {}
/\ restarts = 0
/\ syncs = 0
/\ regressed = FALSE
/\ rescopes = 0
/\ fails = 0
/\ upped = {<<p1, 1>>, <<p1, 2>>}
/\ copies = 0
/\ orig = (<<p1, 1>> :> Nil @@ <<p1, 2>> :> Nil @@ <<p1, 3>> :> Nil @@ <<p2, 1>> :> Nil @@ <<p2, 2>> :> Nil @@ <<p2, 3>> :> Nil)
/\ retiring = {}
/\ aged = {}
/\ ages = 0
/\ rdoc = (p1 :> Nil @@ p2 :> Nil)
/\ rlag = TRUE

State 11:
/\ live = {<<p1, 1>>, <<p1, 2>>}
/\ minted = {<<p1, 1>>, <<p1, 2>>}
/\ doc = (p1 :> Nil @@ p2 :> <<p1, 1>>)
/\ seq = 4
/\ tomb = (p1 :> <<p1, 2>> @@ p2 :> Nil)
/\ base = (<<p1, 1>> :> Nil @@ <<p1, 2>> :> <<p1, 1>> @@ <<p1, 3>> :> Nil @@ <<p2, 1>> :> Nil @@ <<p2, 2>> :> Nil @@ <<p2, 3>> :> Nil)
/\ acked = {<<p2, <<p1, 1>>>>}
/\ conflicts = {<<p1, <<p1, 1>>>>}
/\ holder = A
/\ nextGen = 3
/\ ui = 0
/\ reqs = 2
/\ barriers = 1
/\ w = (A :> [local |-> (p1 :> <<p1, 2>> @@ p2 :> <<p1, 1>>), st |-> "on", pc |-> "cased", baseline |-> (p1 :> <<p1, 1>> @@ p2 :> <<p1, 1>>), integrated |-> {1, 2}, uploads |-> {p1}, deletes |-> {}, snap |-> (p1 :> <<p1, 2>> @@ p2 :> <<p1, 1>>), upDone |-> {p1}, gone |-> {}, verified |-> TRUE, inst |-> (p1 :> <<p1, 2>> @@ p2 :> <<p1, 1>>), retire |-> {}, collected |-> TRUE, adv |-> TRUE, synced |-> 2, derived |-> 2, skipped |-> {p1}, scope |-> {p1, p2}, sStage |-> "none", sTgt |-> {}, sDrop |-> {}, sKeep |-> {}, sHeld |-> (p1 :> Nil @@ p2 :> Nil), unlinked |-> {}, memo |-> 0, rnow |-> 0])
/\ took = (A :> (p1 :> {1, 2} @@ p2 :> {1}))
/\ gw = (p1 :> Nil @@ p2 :> Nil)
/\ mv = Nil
/\ udel = {<<p1, <<p1, 2>>>>}
/\ restarts = 0
/\ syncs = 0
/\ regressed = FALSE
/\ rescopes = 0
/\ fails = 0
/\ upped = {<<p1, 1>>, <<p1, 2>>}
/\ copies = 0
/\ orig = (<<p1, 1>> :> Nil @@ <<p1, 2>> :> Nil @@ <<p1, 3>> :> Nil @@ <<p2, 1>> :> Nil @@ <<p2, 2>> :> Nil @@ <<p2, 3>> :> Nil)
/\ retiring = {<<p1, 2>>}
/\ aged = {}
/\ ages = 0
/\ rdoc = (p1 :> Nil @@ p2 :> Nil)
/\ rlag = TRUE

State 12:
/\ live = {<<p1, 1>>, <<p1, 2>>}
/\ minted = {<<p1, 1>>, <<p1, 2>>}
/\ doc = (p1 :> <<p1, 1>> @@ p2 :> Nil)
/\ seq = 5
/\ tomb = (p1 :> Nil @@ p2 :> <<p1, 1>>)
/\ base = (<<p1, 1>> :> Nil @@ <<p1, 2>> :> <<p1, 1>> @@ <<p1, 3>> :> Nil @@ <<p2, 1>> :> Nil @@ <<p2, 2>> :> Nil @@ <<p2, 3>> :> Nil)
/\ acked = {<<p1, <<p1, 1>>>>, <<p2, <<p1, 1>>>>}
/\ conflicts = {<<p1, <<p1, 1>>>>}
/\ holder = A
/\ nextGen = 3
/\ ui = 0
/\ reqs = 3
/\ barriers = 1
/\ w = (A :> [local |-> (p1 :> <<p1, 2>> @@ p2 :> <<p1, 1>>), st |-> "on", pc |-> "cased", baseline |-> (p1 :> <<p1, 1>> @@ p2 :> <<p1, 1>>), integrated |-> {1, 2}, uploads |-> {p1}, deletes |-> {}, snap |-> (p1 :> <<p1, 2>> @@ p2 :> <<p1, 1>>), upDone |-> {p1}, gone |-> {}, verified |-> TRUE, inst |-> (p1 :> <<p1, 2>> @@ p2 :> <<p1, 1>>), retire |-> {}, collected |-> TRUE, adv |-> TRUE, synced |-> 2, derived |-> 2, skipped |-> {p1}, scope |-> {p1, p2}, sStage |-> "none", sTgt |-> {}, sDrop |-> {}, sKeep |-> {}, sHeld |-> (p1 :> Nil @@ p2 :> Nil), unlinked |-> {}, memo |-> 0, rnow |-> 0])
/\ took = (A :> (p1 :> {1, 2} @@ p2 :> {1}))
/\ gw = (p1 :> Nil @@ p2 :> Nil)
/\ mv = Nil
/\ udel = {<<p1, <<p1, 2>>>>}
/\ restarts = 0
/\ syncs = 0
/\ regressed = FALSE
/\ rescopes = 0
/\ fails = 0
/\ upped = {<<p1, 1>>, <<p1, 2>>}
/\ copies = 0
/\ orig = (<<p1, 1>> :> Nil @@ <<p1, 2>> :> Nil @@ <<p1, 3>> :> Nil @@ <<p2, 1>> :> Nil @@ <<p2, 2>> :> Nil @@ <<p2, 3>> :> Nil)
/\ retiring = {<<p1, 2>>}
/\ aged = {}
/\ ages = 0
/\ rdoc = (p1 :> Nil @@ p2 :> Nil)
/\ rlag = TRUE

State 13:
/\ live = {<<p1, 1>>, <<p1, 2>>}
/\ minted = {<<p1, 1>>, <<p1, 2>>}
/\ doc = (p1 :> <<p1, 1>> @@ p2 :> Nil)
/\ seq = 5
/\ tomb = (p1 :> Nil @@ p2 :> <<p1, 1>>)
/\ base = (<<p1, 1>> :> Nil @@ <<p1, 2>> :> <<p1, 1>> @@ <<p1, 3>> :> Nil @@ <<p2, 1>> :> Nil @@ <<p2, 2>> :> Nil @@ <<p2, 3>> :> Nil)
/\ acked = {<<p1, <<p1, 1>>>>, <<p2, <<p1, 1>>>>}
/\ conflicts = {<<p1, <<p1, 1>>>>}
/\ holder = "none"
/\ nextGen = 3
/\ ui = 0
/\ reqs = 3
/\ barriers = 1
/\ w = (A :> [local |-> (p1 :> <<p1, 2>> @@ p2 :> <<p1, 1>>), st |-> "on", pc |-> "idle", baseline |-> (p1 :> <<p1, 2>> @@ p2 :> <<p1, 1>>), integrated |-> {1, 2}, uploads |-> {}, deletes |-> {}, snap |-> (p1 :> Nil @@ p2 :> Nil), upDone |-> {}, gone |-> {}, verified |-> FALSE, inst |-> (p1 :> <<p1, 2>> @@ p2 :> <<p1, 1>>), retire |-> {}, collected |-> FALSE, adv |-> FALSE, synced |-> 2, derived |-> 2, skipped |-> {p1}, scope |-> {p1, p2}, sStage |-> "none", sTgt |-> {}, sDrop |-> {}, sKeep |-> {}, sHeld |-> (p1 :> Nil @@ p2 :> Nil), unlinked |-> {}, memo |-> 0, rnow |-> 0])
/\ took = (A :> (p1 :> {1, 2} @@ p2 :> {1}))
/\ gw = (p1 :> Nil @@ p2 :> Nil)
/\ mv = Nil
/\ udel = {<<p1, <<p1, 2>>>>}
/\ restarts = 0
/\ syncs = 0
/\ regressed = FALSE
/\ rescopes = 0
/\ fails = 0
/\ upped = {<<p1, 1>>, <<p1, 2>>}
/\ copies = 0
/\ orig = (<<p1, 1>> :> Nil @@ <<p1, 2>> :> Nil @@ <<p1, 3>> :> Nil @@ <<p2, 1>> :> Nil @@ <<p2, 2>> :> Nil @@ <<p2, 3>> :> Nil)
/\ retiring = {<<p1, 2>>}
/\ aged = {}
/\ ages = 0
/\ rdoc = (p1 :> Nil @@ p2 :> Nil)
/\ rlag = TRUE

State 14:
/\ live = {<<p1, 1>>, <<p1, 2>>}
/\ minted = {<<p1, 1>>, <<p1, 2>>}
/\ doc = (p1 :> <<p1, 1>> @@ p2 :> Nil)
/\ seq = 5
/\ tomb = (p1 :> Nil @@ p2 :> <<p1, 1>>)
/\ base = (<<p1, 1>> :> Nil @@ <<p1, 2>> :> <<p1, 1>> @@ <<p1, 3>> :> Nil @@ <<p2, 1>> :> Nil @@ <<p2, 2>> :> Nil @@ <<p2, 3>> :> Nil)
/\ acked = {<<p1, <<p1, 1>>>>, <<p2, <<p1, 1>>>>}
/\ conflicts = {<<p1, <<p1, 1>>>>}
/\ holder = "none"
/\ nextGen = 3
/\ ui = 0
/\ reqs = 3
/\ barriers = 1
/\ w = (A :> [local |-> (p1 :> <<p1, 1>> @@ p2 :> Nil), st |-> "on", pc |-> "consumed", baseline |-> (p1 :> <<p1, 1>> @@ p2 :> Nil), integrated |-> {1, 2}, uploads |-> {}, deletes |-> {}, snap |-> (p1 :> Nil @@ p2 :> Nil), upDone |-> {}, gone |-> {}, verified |-> FALSE, inst |-> (p1 :> <<p1, 2>> @@ p2 :> <<p1, 1>>), retire |-> {}, collected |-> FALSE, adv |-> FALSE, synced |-> 5, derived |-> 5, skipped |-> {}, scope |-> {p1, p2}, sStage |-> "none", sTgt |-> {}, sDrop |-> {}, sKeep |-> {}, sHeld |-> (p1 :> Nil @@ p2 :> Nil), unlinked |-> {}, memo |-> 0, rnow |-> 0])
/\ took = (A :> (p1 :> {1, 2} @@ p2 :> {1}))
/\ gw = (p1 :> Nil @@ p2 :> Nil)
/\ mv = Nil
/\ udel = {<<p1, <<p1, 2>>>>}
/\ restarts = 0
/\ syncs = 0
/\ regressed = TRUE
/\ rescopes = 0
/\ fails = 0
/\ upped = {<<p1, 1>>, <<p1, 2>>}
/\ copies = 0
/\ orig = (<<p1, 1>> :> Nil @@ <<p1, 2>> :> Nil @@ <<p1, 3>> :> Nil @@ <<p2, 1>> :> Nil @@ <<p2, 2>> :> Nil @@ <<p2, 3>> :> Nil)
/\ retiring = {<<p1, 2>>}
/\ aged = {}
/\ ages = 0
/\ rdoc = (p1 :> Nil @@ p2 :> Nil)
/\ rlag = TRUE

Error: Invariant Inv_NoRegress is violated.
3197950 states generated, 1252399 distinct states found. Depth 13. Checked in 22.350s (56036 distinct/s).

real	0m22.364s
user	1m4.517s
sys	0m0.136s
rc=12 14:32:57Z
