tlc-rs: MCLeanP1M5 (31 variables, 0 symmetry permutations), 3 workers, interp engine; loaded in 0.003s
State 1:
/\ live = {<<p1, 1>>}
/\ minted = {<<p1, 1>>}
/\ doc = (p1 :> <<p1, 1>>)
/\ seq = 1
/\ tomb = (p1 :> Nil)
/\ base = (<<p1, 1>> :> Nil @@ <<p1, 2>> :> Nil @@ <<p1, 3>> :> Nil @@ <<p1, 4>> :> Nil)
/\ acked = {}
/\ conflicts = {}
/\ holder = "none"
/\ nextGen = 2
/\ ui = 0
/\ reqs = 0
/\ barriers = 0
/\ w = (A :> [local |-> (p1 :> Nil), baseline |-> (p1 :> Nil), st |-> "off", pc |-> "idle", integrated |-> {}, uploads |-> {}, deletes |-> {}, snap |-> (p1 :> Nil), upDone |-> {}, gone |-> {}, verified |-> FALSE, inst |-> (p1 :> Nil), retire |-> {}, collected |-> FALSE, adv |-> FALSE, synced |-> 0, derived |-> 0, skipped |-> {}, scope |-> {}, sStage |-> "none", sTgt |-> {}, sDrop |-> {}, sKeep |-> {}, sHeld |-> (p1 :> Nil), unlinked |-> {}, memo |-> 0, rnow |-> 0] @@ B :> [local |-> (p1 :> Nil), baseline |-> (p1 :> Nil), st |-> "off", pc |-> "idle", integrated |-> {}, uploads |-> {}, deletes |-> {}, snap |-> (p1 :> Nil), upDone |-> {}, gone |-> {}, verified |-> FALSE, inst |-> (p1 :> Nil), retire |-> {}, collected |-> FALSE, adv |-> FALSE, synced |-> 0, derived |-> 0, skipped |-> {}, scope |-> {}, sStage |-> "none", sTgt |-> {}, sDrop |-> {}, sKeep |-> {}, sHeld |-> (p1 :> Nil), unlinked |-> {}, memo |-> 0, rnow |-> 0])
/\ took = (A :> (p1 :> {}) @@ B :> (p1 :> {}))
/\ gw = (p1 :> Nil)
/\ mv = Nil
/\ udel = {}
/\ restarts = 0
/\ syncs = 0
/\ regressed = FALSE
/\ rescopes = 0
/\ fails = 0
/\ upped = {<<p1, 1>>}
/\ copies = 0
/\ orig = (<<p1, 1>> :> Nil @@ <<p1, 2>> :> Nil @@ <<p1, 3>> :> Nil @@ <<p1, 4>> :> Nil)
/\ retiring = {}
/\ aged = {}
/\ ages = 0
/\ rdoc = (p1 :> Nil)
/\ rlag = TRUE

State 2:
/\ live = {<<p1, 1>>, <<p1, 2>>}
/\ minted = {<<p1, 1>>, <<p1, 2>>}
/\ doc = (p1 :> <<p1, 1>>)
/\ seq = 1
/\ tomb = (p1 :> Nil)
/\ base = (<<p1, 1>> :> Nil @@ <<p1, 2>> :> <<p1, 1>> @@ <<p1, 3>> :> Nil @@ <<p1, 4>> :> Nil)
/\ acked = {}
/\ conflicts = {}
/\ holder = "none"
/\ nextGen = 3
/\ ui = 1
/\ reqs = 0
/\ barriers = 0
/\ w = (A :> [local |-> (p1 :> Nil), baseline |-> (p1 :> Nil), st |-> "off", pc |-> "idle", integrated |-> {}, uploads |-> {}, deletes |-> {}, snap |-> (p1 :> Nil), upDone |-> {}, gone |-> {}, verified |-> FALSE, inst |-> (p1 :> Nil), retire |-> {}, collected |-> FALSE, adv |-> FALSE, synced |-> 0, derived |-> 0, skipped |-> {}, scope |-> {}, sStage |-> "none", sTgt |-> {}, sDrop |-> {}, sKeep |-> {}, sHeld |-> (p1 :> Nil), unlinked |-> {}, memo |-> 0, rnow |-> 0] @@ B :> [local |-> (p1 :> Nil), baseline |-> (p1 :> Nil), st |-> "off", pc |-> "idle", integrated |-> {}, uploads |-> {}, deletes |-> {}, snap |-> (p1 :> Nil), upDone |-> {}, gone |-> {}, verified |-> FALSE, inst |-> (p1 :> Nil), retire |-> {}, collected |-> FALSE, adv |-> FALSE, synced |-> 0, derived |-> 0, skipped |-> {}, scope |-> {}, sStage |-> "none", sTgt |-> {}, sDrop |-> {}, sKeep |-> {}, sHeld |-> (p1 :> Nil), unlinked |-> {}, memo |-> 0, rnow |-> 0])
/\ took = (A :> (p1 :> {}) @@ B :> (p1 :> {}))
/\ gw = (p1 :> <<p1, 2>>)
/\ mv = Nil
/\ udel = {}
/\ restarts = 0
/\ syncs = 0
/\ regressed = FALSE
/\ rescopes = 0
/\ fails = 0
/\ upped = {<<p1, 1>>, <<p1, 2>>}
/\ copies = 0
/\ orig = (<<p1, 1>> :> Nil @@ <<p1, 2>> :> Nil @@ <<p1, 3>> :> Nil @@ <<p1, 4>> :> Nil)
/\ retiring = {}
/\ aged = {}
/\ ages = 0
/\ rdoc = (p1 :> Nil)
/\ rlag = TRUE

State 3:
/\ live = {<<p1, 1>>, <<p1, 2>>}
/\ minted = {<<p1, 1>>, <<p1, 2>>}
/\ doc = (p1 :> <<p1, 1>>)
/\ seq = 1
/\ tomb = (p1 :> Nil)
/\ base = (<<p1, 1>> :> Nil @@ <<p1, 2>> :> <<p1, 1>> @@ <<p1, 3>> :> Nil @@ <<p1, 4>> :> Nil)
/\ acked = {}
/\ conflicts = {}
/\ holder = "none"
/\ nextGen = 3
/\ ui = 1
/\ reqs = 0
/\ barriers = 0
/\ w = (A :> [local |-> (p1 :> <<p1, 1>>), baseline |-> (p1 :> <<p1, 1>>), st |-> "on", pc |-> "idle", integrated |-> {1}, uploads |-> {}, deletes |-> {}, snap |-> (p1 :> Nil), upDone |-> {}, gone |-> {}, verified |-> FALSE, inst |-> (p1 :> <<p1, 1>>), retire |-> {}, collected |-> FALSE, adv |-> FALSE, synced |-> 1, derived |-> 1, skipped |-> {}, scope |-> {p1}, sStage |-> "none", sTgt |-> {}, sDrop |-> {}, sKeep |-> {}, sHeld |-> (p1 :> Nil), unlinked |-> {}, memo |-> 0, rnow |-> 0] @@ B :> [local |-> (p1 :> Nil), baseline |-> (p1 :> Nil), st |-> "off", pc |-> "idle", integrated |-> {}, uploads |-> {}, deletes |-> {}, snap |-> (p1 :> Nil), upDone |-> {}, gone |-> {}, verified |-> FALSE, inst |-> (p1 :> Nil), retire |-> {}, collected |-> FALSE, adv |-> FALSE, synced |-> 0, derived |-> 0, skipped |-> {}, scope |-> {}, sStage |-> "none", sTgt |-> {}, sDrop |-> {}, sKeep |-> {}, sHeld |-> (p1 :> Nil), unlinked |-> {}, memo |-> 0, rnow |-> 0])
/\ took = (A :> (p1 :> {1}) @@ B :> (p1 :> {}))
/\ gw = (p1 :> <<p1, 2>>)
/\ mv = Nil
/\ udel = {}
/\ restarts = 0
/\ syncs = 0
/\ regressed = FALSE
/\ rescopes = 0
/\ fails = 0
/\ upped = {<<p1, 1>>, <<p1, 2>>}
/\ copies = 0
/\ orig = (<<p1, 1>> :> Nil @@ <<p1, 2>> :> Nil @@ <<p1, 3>> :> Nil @@ <<p1, 4>> :> Nil)
/\ retiring = {}
/\ aged = {}
/\ ages = 0
/\ rdoc = (p1 :> Nil)
/\ rlag = TRUE

State 4:
/\ live = {<<p1, 1>>, <<p1, 2>>}
/\ minted = {<<p1, 1>>, <<p1, 2>>}
/\ doc = (p1 :> <<p1, 2>>)
/\ seq = 2
/\ tomb = (p1 :> Nil)
/\ base = (<<p1, 1>> :> Nil @@ <<p1, 2>> :> <<p1, 1>> @@ <<p1, 3>> :> Nil @@ <<p1, 4>> :> Nil)
/\ acked = {<<p1, <<p1, 2>>>>}
/\ conflicts = {}
/\ holder = "none"
/\ nextGen = 3
/\ ui = 1
/\ reqs = 0
/\ barriers = 0
/\ w = (A :> [local |-> (p1 :> <<p1, 1>>), baseline |-> (p1 :> <<p1, 1>>), st |-> "on", pc |-> "idle", integrated |-> {1}, uploads |-> {}, deletes |-> {}, snap |-> (p1 :> Nil), upDone |-> {}, gone |-> {}, verified |-> FALSE, inst |-> (p1 :> <<p1, 1>>), retire |-> {}, collected |-> FALSE, adv |-> FALSE, synced |-> 1, derived |-> 1, skipped |-> {}, scope |-> {p1}, sStage |-> "none", sTgt |-> {}, sDrop |-> {}, sKeep |-> {}, sHeld |-> (p1 :> Nil), unlinked |-> {}, memo |-> 0, rnow |-> 0] @@ B :> [local |-> (p1 :> Nil), baseline |-> (p1 :> Nil), st |-> "off", pc |-> "idle", integrated |-> {}, uploads |-> {}, deletes |-> {}, snap |-> (p1 :> Nil), upDone |-> {}, gone |-> {}, verified |-> FALSE, inst |-> (p1 :> Nil), retire |-> {}, collected |-> FALSE, adv |-> FALSE, synced |-> 0, derived |-> 0, skipped |-> {}, scope |-> {}, sStage |-> "none", sTgt |-> {}, sDrop |-> {}, sKeep |-> {}, sHeld |-> (p1 :> Nil), unlinked |-> {}, memo |-> 0, rnow |-> 0])
/\ took = (A :> (p1 :> {1}) @@ B :> (p1 :> {}))
/\ gw = (p1 :> Nil)
/\ mv = Nil
/\ udel = {}
/\ restarts = 0
/\ syncs = 0
/\ regressed = FALSE
/\ rescopes = 0
/\ fails = 0
/\ upped = {<<p1, 1>>, <<p1, 2>>}
/\ copies = 0
/\ orig = (<<p1, 1>> :> Nil @@ <<p1, 2>> :> Nil @@ <<p1, 3>> :> Nil @@ <<p1, 4>> :> Nil)
/\ retiring = {<<p1, 1>>}
/\ aged = {}
/\ ages = 0
/\ rdoc = (p1 :> Nil)
/\ rlag = TRUE

State 5:
/\ live = {<<p1, 1>>, <<p1, 2>>}
/\ minted = {<<p1, 1>>, <<p1, 2>>}
/\ doc = (p1 :> <<p1, 2>>)
/\ seq = 2
/\ tomb = (p1 :> Nil)
/\ base = (<<p1, 1>> :> Nil @@ <<p1, 2>> :> <<p1, 1>> @@ <<p1, 3>> :> Nil @@ <<p1, 4>> :> Nil)
/\ acked = {<<p1, <<p1, 2>>>>}
/\ conflicts = {}
/\ holder = "none"
/\ nextGen = 3
/\ ui = 1
/\ reqs = 0
/\ barriers = 0
/\ w = (A :> [local |-> (p1 :> <<p1, 1>>), baseline |-> (p1 :> <<p1, 1>>), st |-> "on", pc |-> "consumed", integrated |-> {1}, uploads |-> {}, deletes |-> {}, snap |-> (p1 :> Nil), upDone |-> {}, gone |-> {}, verified |-> FALSE, inst |-> (p1 :> <<p1, 1>>), retire |-> {}, collected |-> FALSE, adv |-> FALSE, synced |-> 1, derived |-> 0, skipped |-> {}, scope |-> {p1}, sStage |-> "none", sTgt |-> {}, sDrop |-> {}, sKeep |-> {}, sHeld |-> (p1 :> Nil), unlinked |-> {}, memo |-> 0, rnow |-> 0] @@ B :> [local |-> (p1 :> Nil), baseline |-> (p1 :> Nil), st |-> "off", pc |-> "idle", integrated |-> {}, uploads |-> {}, deletes |-> {}, snap |-> (p1 :> Nil), upDone |-> {}, gone |-> {}, verified |-> FALSE, inst |-> (p1 :> Nil), retire |-> {}, collected |-> FALSE, adv |-> FALSE, synced |-> 0, derived |-> 0, skipped |-> {}, scope |-> {}, sStage |-> "none", sTgt |-> {}, sDrop |-> {}, sKeep |-> {}, sHeld |-> (p1 :> Nil), unlinked |-> {}, memo |-> 0, rnow |-> 0])
/\ took = (A :> (p1 :> {1}) @@ B :> (p1 :> {}))
/\ gw = (p1 :> Nil)
/\ mv = Nil
/\ udel = {}
/\ restarts = 0
/\ syncs = 0
/\ regressed = FALSE
/\ rescopes = 0
/\ fails = 1
/\ upped = {<<p1, 1>>, <<p1, 2>>}
/\ copies = 0
/\ orig = (<<p1, 1>> :> Nil @@ <<p1, 2>> :> Nil @@ <<p1, 3>> :> Nil @@ <<p1, 4>> :> Nil)
/\ retiring = {<<p1, 1>>}
/\ aged = {}
/\ ages = 0
/\ rdoc = (p1 :> Nil)
/\ rlag = TRUE

State 6:
/\ live = {<<p1, 1>>, <<p1, 2>>}
/\ minted = {<<p1, 1>>, <<p1, 2>>, <<p1, 3>>}
/\ doc = (p1 :> <<p1, 2>>)
/\ seq = 2
/\ tomb = (p1 :> Nil)
/\ base = (<<p1, 1>> :> Nil @@ <<p1, 2>> :> <<p1, 1>> @@ <<p1, 3>> :> <<p1, 1>> @@ <<p1, 4>> :> Nil)
/\ acked = {<<p1, <<p1, 2>>>>}
/\ conflicts = {}
/\ holder = "none"
/\ nextGen = 4
/\ ui = 1
/\ reqs = 0
/\ barriers = 0
/\ w = (A :> [local |-> (p1 :> <<p1, 3>>), baseline |-> (p1 :> <<p1, 1>>), st |-> "on", pc |-> "consumed", integrated |-> {1, 3}, uploads |-> {}, deletes |-> {}, snap |-> (p1 :> Nil), upDone |-> {}, gone |-> {}, verified |-> FALSE, inst |-> (p1 :> <<p1, 1>>), retire |-> {}, collected |-> FALSE, adv |-> FALSE, synced |-> 1, derived |-> 0, skipped |-> {}, scope |-> {p1}, sStage |-> "none", sTgt |-> {}, sDrop |-> {}, sKeep |-> {}, sHeld |-> (p1 :> Nil), unlinked |-> {}, memo |-> 0, rnow |-> 0] @@ B :> [local |-> (p1 :> Nil), baseline |-> (p1 :> Nil), st |-> "off", pc |-> "idle", integrated |-> {}, uploads |-> {}, deletes |-> {}, snap |-> (p1 :> Nil), upDone |-> {}, gone |-> {}, verified |-> FALSE, inst |-> (p1 :> Nil), retire |-> {}, collected |-> FALSE, adv |-> FALSE, synced |-> 0, derived |-> 0, skipped |-> {}, scope |-> {}, sStage |-> "none", sTgt |-> {}, sDrop |-> {}, sKeep |-> {}, sHeld |-> (p1 :> Nil), unlinked |-> {}, memo |-> 0, rnow |-> 0])
/\ took = (A :> (p1 :> {1, 3}) @@ B :> (p1 :> {}))
/\ gw = (p1 :> Nil)
/\ mv = Nil
/\ udel = {}
/\ restarts = 0
/\ syncs = 0
/\ regressed = FALSE
/\ rescopes = 0
/\ fails = 1
/\ upped = {<<p1, 1>>, <<p1, 2>>}
/\ copies = 0
/\ orig = (<<p1, 1>> :> Nil @@ <<p1, 2>> :> Nil @@ <<p1, 3>> :> Nil @@ <<p1, 4>> :> Nil)
/\ retiring = {<<p1, 1>>}
/\ aged = {}
/\ ages = 0
/\ rdoc = (p1 :> Nil)
/\ rlag = TRUE

State 7:
/\ live = {<<p1, 1>>, <<p1, 2>>}
/\ minted = {<<p1, 1>>, <<p1, 2>>, <<p1, 3>>}
/\ doc = (p1 :> <<p1, 2>>)
/\ seq = 2
/\ tomb = (p1 :> Nil)
/\ base = (<<p1, 1>> :> Nil @@ <<p1, 2>> :> <<p1, 1>> @@ <<p1, 3>> :> <<p1, 1>> @@ <<p1, 4>> :> Nil)
/\ acked = {<<p1, <<p1, 2>>>>}
/\ conflicts = {}
/\ holder = "none"
/\ nextGen = 4
/\ ui = 1
/\ reqs = 0
/\ barriers = 1
/\ w = (A :> [local |-> (p1 :> <<p1, 3>>), baseline |-> (p1 :> <<p1, 1>>), st |-> "on", pc |-> "scanned", integrated |-> {1, 3}, uploads |-> {p1}, deletes |-> {}, snap |-> (p1 :> <<p1, 3>>), upDone |-> {}, gone |-> {}, verified |-> FALSE, inst |-> (p1 :> <<p1, 1>>), retire |-> {}, collected |-> FALSE, adv |-> FALSE, synced |-> 1, derived |-> 0, skipped |-> {}, scope |-> {p1}, sStage |-> "none", sTgt |-> {}, sDrop |-> {}, sKeep |-> {}, sHeld |-> (p1 :> Nil), unlinked |-> {}, memo |-> 0, rnow |-> 0] @@ B :> [local |-> (p1 :> Nil), baseline |-> (p1 :> Nil), st |-> "off", pc |-> "idle", integrated |-> {}, uploads |-> {}, deletes |-> {}, snap |-> (p1 :> Nil), upDone |-> {}, gone |-> {}, verified |-> FALSE, inst |-> (p1 :> Nil), retire |-> {}, collected |-> FALSE, adv |-> FALSE, synced |-> 0, derived |-> 0, skipped |-> {}, scope |-> {}, sStage |-> "none", sTgt |-> {}, sDrop |-> {}, sKeep |-> {}, sHeld |-> (p1 :> Nil), unlinked |-> {}, memo |-> 0, rnow |-> 0])
/\ took = (A :> (p1 :> {1, 3}) @@ B :> (p1 :> {}))
/\ gw = (p1 :> Nil)
/\ mv = Nil
/\ udel = {}
/\ restarts = 0
/\ syncs = 0
/\ regressed = FALSE
/\ rescopes = 0
/\ fails = 1
/\ upped = {<<p1, 1>>, <<p1, 2>>}
/\ copies = 0
/\ orig = (<<p1, 1>> :> Nil @@ <<p1, 2>> :> Nil @@ <<p1, 3>> :> Nil @@ <<p1, 4>> :> Nil)
/\ retiring = {<<p1, 1>>}
/\ aged = {}
/\ ages = 0
/\ rdoc = (p1 :> Nil)
/\ rlag = TRUE

State 8:
/\ live = {<<p1, 1>>, <<p1, 2>>, <<p1, 3>>}
/\ minted = {<<p1, 1>>, <<p1, 2>>, <<p1, 3>>}
/\ doc = (p1 :> <<p1, 2>>)
/\ seq = 2
/\ tomb = (p1 :> Nil)
/\ base = (<<p1, 1>> :> Nil @@ <<p1, 2>> :> <<p1, 1>> @@ <<p1, 3>> :> <<p1, 1>> @@ <<p1, 4>> :> Nil)
/\ acked = {<<p1, <<p1, 2>>>>}
/\ conflicts = {}
/\ holder = "none"
/\ nextGen = 4
/\ ui = 1
/\ reqs = 0
/\ barriers = 1
/\ w = (A :> [local |-> (p1 :> <<p1, 3>>), baseline |-> (p1 :> <<p1, 1>>), st |-> "on", pc |-> "scanned", integrated |-> {1, 3}, uploads |-> {p1}, deletes |-> {}, snap |-> (p1 :> <<p1, 3>>), upDone |-> {p1}, gone |-> {}, verified |-> FALSE, inst |-> (p1 :> <<p1, 1>>), retire |-> {}, collected |-> FALSE, adv |-> FALSE, synced |-> 1, derived |-> 0, skipped |-> {}, scope |-> {p1}, sStage |-> "none", sTgt |-> {}, sDrop |-> {}, sKeep |-> {}, sHeld |-> (p1 :> Nil), unlinked |-> {}, memo |-> 0, rnow |-> 0] @@ B :> [local |-> (p1 :> Nil), baseline |-> (p1 :> Nil), st |-> "off", pc |-> "idle", integrated |-> {}, uploads |-> {}, deletes |-> {}, snap |-> (p1 :> Nil), upDone |-> {}, gone |-> {}, verified |-> FALSE, inst |-> (p1 :> Nil), retire |-> {}, collected |-> FALSE, adv |-> FALSE, synced |-> 0, derived |-> 0, skipped |-> {}, scope |-> {}, sStage |-> "none", sTgt |-> {}, sDrop |-> {}, sKeep |-> {}, sHeld |-> (p1 :> Nil), unlinked |-> {}, memo |-> 0, rnow |-> 0])
/\ took = (A :> (p1 :> {1, 3}) @@ B :> (p1 :> {}))
/\ gw = (p1 :> Nil)
/\ mv = Nil
/\ udel = {}
/\ restarts = 0
/\ syncs = 0
/\ regressed = FALSE
/\ rescopes = 0
/\ fails = 1
/\ upped = {<<p1, 1>>, <<p1, 2>>, <<p1, 3>>}
/\ copies = 0
/\ orig = (<<p1, 1>> :> Nil @@ <<p1, 2>> :> Nil @@ <<p1, 3>> :> Nil @@ <<p1, 4>> :> Nil)
/\ retiring = {<<p1, 1>>}
/\ aged = {}
/\ ages = 0
/\ rdoc = (p1 :> Nil)
/\ rlag = TRUE

State 9:
/\ live = {<<p1, 1>>, <<p1, 2>>, <<p1, 3>>}
/\ minted = {<<p1, 1>>, <<p1, 2>>, <<p1, 3>>}
/\ doc = (p1 :> <<p1, 2>>)
/\ seq = 2
/\ tomb = (p1 :> Nil)
/\ base = (<<p1, 1>> :> Nil @@ <<p1, 2>> :> <<p1, 1>> @@ <<p1, 3>> :> <<p1, 1>> @@ <<p1, 4>> :> Nil)
/\ acked = {<<p1, <<p1, 2>>>>}
/\ conflicts = {}
/\ holder = A
/\ nextGen = 4
/\ ui = 1
/\ reqs = 0
/\ barriers = 1
/\ w = (A :> [local |-> (p1 :> <<p1, 3>>), baseline |-> (p1 :> <<p1, 1>>), st |-> "on", pc |-> "claimed", integrated |-> {1, 3}, uploads |-> {p1}, deletes |-> {}, snap |-> (p1 :> <<p1, 3>>), upDone |-> {p1}, gone |-> {}, verified |-> FALSE, inst |-> (p1 :> <<p1, 1>>), retire |-> {}, collected |-> FALSE, adv |-> FALSE, synced |-> 1, derived |-> 0, skipped |-> {}, scope |-> {p1}, sStage |-> "none", sTgt |-> {}, sDrop |-> {}, sKeep |-> {}, sHeld |-> (p1 :> Nil), unlinked |-> {}, memo |-> 0, rnow |-> 0] @@ B :> [local |-> (p1 :> Nil), baseline |-> (p1 :> Nil), st |-> "off", pc |-> "idle", integrated |-> {}, uploads |-> {}, deletes |-> {}, snap |-> (p1 :> Nil), upDone |-> {}, gone |-> {}, verified |-> FALSE, inst |-> (p1 :> Nil), retire |-> {}, collected |-> FALSE, adv |-> FALSE, synced |-> 0, derived |-> 0, skipped |-> {}, scope |-> {}, sStage |-> "none", sTgt |-> {}, sDrop |-> {}, sKeep |-> {}, sHeld |-> (p1 :> Nil), unlinked |-> {}, memo |-> 0, rnow |-> 0])
/\ took = (A :> (p1 :> {1, 3}) @@ B :> (p1 :> {}))
/\ gw = (p1 :> Nil)
/\ mv = Nil
/\ udel = {}
/\ restarts = 0
/\ syncs = 0
/\ regressed = FALSE
/\ rescopes = 0
/\ fails = 1
/\ upped = {<<p1, 1>>, <<p1, 2>>, <<p1, 3>>}
/\ copies = 0
/\ orig = (<<p1, 1>> :> Nil @@ <<p1, 2>> :> Nil @@ <<p1, 3>> :> Nil @@ <<p1, 4>> :> Nil)
/\ retiring = {<<p1, 1>>}
/\ aged = {}
/\ ages = 0
/\ rdoc = (p1 :> Nil)
/\ rlag = TRUE

State 10:
/\ live = {<<p1, 1>>, <<p1, 2>>, <<p1, 3>>}
/\ minted = {<<p1, 1>>, <<p1, 2>>, <<p1, 3>>}
/\ doc = (p1 :> <<p1, 2>>)
/\ seq = 2
/\ tomb = (p1 :> Nil)
/\ base = (<<p1, 1>> :> Nil @@ <<p1, 2>> :> <<p1, 1>> @@ <<p1, 3>> :> <<p1, 1>> @@ <<p1, 4>> :> Nil)
/\ acked = {<<p1, <<p1, 2>>>>}
/\ conflicts = {}
/\ holder = A
/\ nextGen = 4
/\ ui = 1
/\ reqs = 0
/\ barriers = 1
/\ w = (A :> [local |-> (p1 :> <<p1, 3>>), baseline |-> (p1 :> <<p1, 1>>), st |-> "on", pc |-> "claimed", integrated |-> {1, 3}, uploads |-> {p1}, deletes |-> {}, snap |-> (p1 :> <<p1, 3>>), upDone |-> {p1}, gone |-> {}, verified |-> TRUE, inst |-> (p1 :> <<p1, 1>>), retire |-> {}, collected |-> FALSE, adv |-> FALSE, synced |-> 1, derived |-> 0, skipped |-> {}, scope |-> {p1}, sStage |-> "none", sTgt |-> {}, sDrop |-> {}, sKeep |-> {}, sHeld |-> (p1 :> Nil), unlinked |-> {}, memo |-> 0, rnow |-> 0] @@ B :> [local |-> (p1 :> Nil), baseline |-> (p1 :> Nil), st |-> "off", pc |-> "idle", integrated |-> {}, uploads |-> {}, deletes |-> {}, snap |-> (p1 :> Nil), upDone |-> {}, gone |-> {}, verified |-> FALSE, inst |-> (p1 :> Nil), retire |-> {}, collected |-> FALSE, adv |-> FALSE, synced |-> 0, derived |-> 0, skipped |-> {}, scope |-> {}, sStage |-> "none", sTgt |-> {}, sDrop |-> {}, sKeep |-> {}, sHeld |-> (p1 :> Nil), unlinked |-> {}, memo |-> 0, rnow |-> 0])
/\ took = (A :> (p1 :> {1, 3}) @@ B :> (p1 :> {}))
/\ gw = (p1 :> Nil)
/\ mv = Nil
/\ udel = {}
/\ restarts = 0
/\ syncs = 0
/\ regressed = FALSE
/\ rescopes = 0
/\ fails = 1
/\ upped = {<<p1, 1>>, <<p1, 2>>, <<p1, 3>>}
/\ copies = 0
/\ orig = (<<p1, 1>> :> Nil @@ <<p1, 2>> :> Nil @@ <<p1, 3>> :> Nil @@ <<p1, 4>> :> Nil)
/\ retiring = {<<p1, 1>>}
/\ aged = {}
/\ ages = 0
/\ rdoc = (p1 :> Nil)
/\ rlag = TRUE

State 11:
/\ live = {<<p1, 1>>, <<p1, 2>>, <<p1, 3>>}
/\ minted = {<<p1, 1>>, <<p1, 2>>, <<p1, 3>>}
/\ doc = (p1 :> <<p1, 3>>)
/\ seq = 3
/\ tomb = (p1 :> Nil)
/\ base = (<<p1, 1>> :> Nil @@ <<p1, 2>> :> <<p1, 1>> @@ <<p1, 3>> :> <<p1, 1>> @@ <<p1, 4>> :> Nil)
/\ acked = {<<p1, <<p1, 2>>>>}
/\ conflicts = {}
/\ holder = A
/\ nextGen = 4
/\ ui = 1
/\ reqs = 0
/\ barriers = 1
/\ w = (A :> [local |-> (p1 :> <<p1, 3>>), baseline |-> (p1 :> <<p1, 1>>), st |-> "on", pc |-> "cased", integrated |-> {1, 3}, uploads |-> {p1}, deletes |-> {}, snap |-> (p1 :> <<p1, 3>>), upDone |-> {p1}, gone |-> {}, verified |-> TRUE, inst |-> (p1 :> <<p1, 3>>), retire |-> {<<p1, 2>>}, collected |-> FALSE, adv |-> FALSE, synced |-> 1, derived |-> 0, skipped |-> {}, scope |-> {p1}, sStage |-> "none", sTgt |-> {}, sDrop |-> {}, sKeep |-> {}, sHeld |-> (p1 :> Nil), unlinked |-> {}, memo |-> 0, rnow |-> 0] @@ B :> [local |-> (p1 :> Nil), baseline |-> (p1 :> Nil), st |-> "off", pc |-> "idle", integrated |-> {}, uploads |-> {}, deletes |-> {}, snap |-> (p1 :> Nil), upDone |-> {}, gone |-> {}, verified |-> FALSE, inst |-> (p1 :> Nil), retire |-> {}, collected |-> FALSE, adv |-> FALSE, synced |-> 0, derived |-> 0, skipped |-> {}, scope |-> {}, sStage |-> "none", sTgt |-> {}, sDrop |-> {}, sKeep |-> {}, sHeld |-> (p1 :> Nil), unlinked |-> {}, memo |-> 0, rnow |-> 0])
/\ took = (A :> (p1 :> {1, 3}) @@ B :> (p1 :> {}))
/\ gw = (p1 :> Nil)
/\ mv = Nil
/\ udel = {}
/\ restarts = 0
/\ syncs = 0
/\ regressed = FALSE
/\ rescopes = 0
/\ fails = 1
/\ upped = {<<p1, 1>>, <<p1, 2>>, <<p1, 3>>}
/\ copies = 0
/\ orig = (<<p1, 1>> :> Nil @@ <<p1, 2>> :> Nil @@ <<p1, 3>> :> Nil @@ <<p1, 4>> :> Nil)
/\ retiring = {<<p1, 1>>, <<p1, 2>>}
/\ aged = {}
/\ ages = 0
/\ rdoc = (p1 :> Nil)
/\ rlag = TRUE

Error: Action property Prop_NoSilentRevert is violated by the last step above.
54131 states generated, 20682 distinct states found. Depth 10. Checked in 0.333s (62146 distinct/s).

real	0m0.339s
user	0m0.956s
sys	0m0.018s
rc=12 19:31:30Z
