tlc-rs: MCLeanP1M5 (31 variables, 0 symmetry permutations), 2 workers, interp engine; loaded in 0.004s
progress: depth 16, 2013465 generated, 647168 distinct (0 fingerprint spills), 244045 on queue (0 on disk), 15.3s
progress: depth 18, 4867837 generated, 1505515 distinct (0 fingerprint spills), 497331 on queue (13747 on disk), 37.1s
progress: depth 19, 7023293 generated, 2131266 distinct (0 fingerprint spills), 625751 on queue (141911 on disk), 53.7s
progress: depth 20, 9525080 generated, 2856273 distinct (0 fingerprint spills), 725007 on queue (240911 on disk), 73.5s
progress: depth 21, 12255673 generated, 3645838 distinct (0 fingerprint spills), 789565 on queue (305981 on disk), 94.4s
progress: depth 22, 15139865 generated, 4461175 distinct (0 fingerprint spills), 815337 on queue (332265 on disk), 116.2s
progress: depth 23, 18114323 generated, 5280464 distinct (0 fingerprint spills), 819289 on queue (337753 on disk), 138.4s
progress: depth 24, 21200546 generated, 6124612 distinct (0 fingerprint spills), 844148 on queue (364404 on disk), 161.1s
progress: depth 25, 24493404 generated, 7029275 distinct (0 fingerprint spills), 904663 on queue (426455 on disk), 185.2s
progress: depth 26, 28015965 generated, 7974185 distinct (0 fingerprint spills), 944910 on queue (467214 on disk), 210.9s
progress: depth 27, 31512341 generated, 8851961 distinct (0 fingerprint spills), 877776 on queue (399312 on disk), 236.2s
progress: depth 28, 34405857 generated, 9527903 distinct (0 fingerprint spills), 675942 on queue (194918 on disk), 257.6s
progress: depth 29, 36303823 generated, 9957822 distinct (0 fingerprint spills), 429919 on queue (0 on disk), 272.2s
progress: depth 31, 38125885 generated, 10402924 distinct (0 fingerprint spills), 185368 on queue (0 on disk), 286.5s
Model checking completed. No error has been found.
39223077 states generated, 10676334 distinct states found. Depth 36. Checked in 295.507s (36129 distinct/s).

real	4m55.521s
user	9m48.349s
sys	0m2.198s
rc=0 22:35:12Z
