tlc-rs: MCLeanP1M5 (31 variables, 0 symmetry permutations), 2 workers, interp engine; loaded in 0.004s
progress: depth 12, 1414366 generated, 508024 distinct (0 fingerprint spills), 202759 on queue (0 on disk), 10.5s
progress: depth 14, 3302148 generated, 1146596 distinct (0 fingerprint spills), 359579 on queue (0 on disk), 25.1s
progress: depth 15, 4627761 generated, 1593421 distinct (0 fingerprint spills), 446825 on queue (0 on disk), 35.6s
progress: depth 16, 6238403 generated, 2143551 distinct (0 fingerprint spills), 550130 on queue (25330 on disk), 48.6s
progress: depth 17, 8167505 generated, 2801958 distinct (0 fingerprint spills), 658407 on queue (136679 on disk), 66.3s
progress: depth 18, 10382307 generated, 3539155 distinct (0 fingerprint spills), 737197 on queue (218541 on disk), 87.9s
progress: depth 19, 12772446 generated, 4315435 distinct (0 fingerprint spills), 776280 on queue (260184 on disk), 113.6s
progress: depth 20, 15195756 generated, 5091997 distinct (0 fingerprint spills), 776562 on queue (263282 on disk), 132.8s
progress: depth 21, 17487794 generated, 5809209 distinct (0 fingerprint spills), 717212 on queue (206748 on disk), 151.3s
progress: depth 22, 19495957 generated, 6421262 distinct (0 fingerprint spills), 612053 on queue (102613 on disk), 168.4s
progress: depth 23, 21163020 generated, 6934348 distinct (0 fingerprint spills), 513086 on queue (3646 on disk), 182.9s
progress: depth 24, 22543160 generated, 7371088 distinct (0 fingerprint spills), 436740 on queue (0 on disk), 195.2s
progress: depth 25, 23685413 generated, 7721320 distinct (0 fingerprint spills), 350232 on queue (0 on disk), 205.4s
progress: depth 27, 24965892 generated, 8028883 distinct (0 fingerprint spills), 89209 on queue (0 on disk), 216.6s
Model checking completed. No error has been found.
25158316 states generated, 8057963 distinct states found. Depth 30. Checked in 218.296s (36913 distinct/s).

real	3m38.307s
user	7m14.865s
sys	0m1.421s
rc=0 22:30:16Z
