tlc-rs: MCLeanP1M5 (31 variables, 0 symmetry permutations), 2 workers, interp engine; loaded in 0.003s
progress: depth 13, 2233656 generated, 787017 distinct (0 fingerprint spills), 278993 on queue (0 on disk), 15.5s
State 1:
/\ live = {<<p1, 1>>}
/\ minted = {<<p1, 1>>}
/\ doc = (p1 :> <<p1, 1>> @@ p2 :> Nil)
/\ seq = 1
/\ tomb = (p1 :> Nil @@ p2 :> Nil)
/\ base = (<<p1, 1>> :> Nil @@ <<p1, 2>> :> Nil @@ <<p1, 3>> :> Nil @@ <<p1, 4>> :> Nil @@ <<p2, 1>> :> Nil @@ <<p2, 2>> :> Nil @@ <<p2, 3>> :> Nil @@ <<p2, 4>> :> Nil)
/\ acked = {}
/\ conflicts = {}
/\ holder = "none"
/\ nextGen = 2
/\ ui = 0
/\ reqs = 0
/\ barriers = 0
/\ w = (A :> [local |-> (p1 :> Nil @@ p2 :> Nil), st |-> "off", pc |-> "idle", baseline |-> (p1 :> Nil @@ p2 :> Nil), integrated |-> {}, uploads |-> {}, deletes |-> {}, snap |-> (p1 :> Nil @@ p2 :> Nil), upDone |-> {}, gone |-> {}, verified |-> FALSE, inst |-> (p1 :> Nil @@ p2 :> Nil), retire |-> {}, collected |-> FALSE, adv |-> FALSE, synced |-> 0, derived |-> 0, skipped |-> {}, scope |-> {}, sStage |-> "none", sTgt |-> {}, sDrop |-> {}, sKeep |-> {}, sHeld |-> (p1 :> Nil @@ p2 :> Nil), unlinked |-> {}, memo |-> 0, rnow |-> 0])
/\ took = (A :> (p1 :> {} @@ p2 :> {}))
/\ gw = (p1 :> Nil @@ p2 :> Nil)
/\ mv = Nil
/\ udel = {}
/\ restarts = 0
/\ syncs = 0
/\ regressed = FALSE
/\ rescopes = 0
/\ fails = 0
/\ upped = {<<p1, 1>>}
/\ copies = 0
/\ orig = (<<p1, 1>> :> Nil @@ <<p1, 2>> :> Nil @@ <<p1, 3>> :> Nil @@ <<p1, 4>> :> Nil @@ <<p2, 1>> :> Nil @@ <<p2, 2>> :> Nil @@ <<p2, 3>> :> Nil @@ <<p2, 4>> :> Nil)
/\ retiring = {}
/\ aged = {}
/\ ages = 0
/\ rdoc = (p1 :> Nil @@ p2 :> Nil)
/\ rlag = TRUE

State 2:
/\ live = {<<p1, 1>>}
/\ minted = {<<p1, 1>>}
/\ doc = (p1 :> <<p1, 1>> @@ p2 :> Nil)
/\ seq = 1
/\ tomb = (p1 :> Nil @@ p2 :> Nil)
/\ base = (<<p1, 1>> :> Nil @@ <<p1, 2>> :> Nil @@ <<p1, 3>> :> Nil @@ <<p1, 4>> :> Nil @@ <<p2, 1>> :> Nil @@ <<p2, 2>> :> Nil @@ <<p2, 3>> :> Nil @@ <<p2, 4>> :> Nil)
/\ acked = {}
/\ conflicts = {}
/\ holder = "none"
/\ nextGen = 2
/\ ui = 0
/\ reqs = 0
/\ barriers = 0
/\ w = (A :> [local |-> (p1 :> <<p1, 1>> @@ p2 :> Nil), st |-> "on", pc |-> "idle", baseline |-> (p1 :> <<p1, 1>> @@ p2 :> Nil), integrated |-> {1}, uploads |-> {}, deletes |-> {}, snap |-> (p1 :> Nil @@ p2 :> Nil), upDone |-> {}, gone |-> {}, verified |-> FALSE, inst |-> (p1 :> <<p1, 1>> @@ p2 :> Nil), retire |-> {}, collected |-> FALSE, adv |-> FALSE, synced |-> 1, derived |-> 1, skipped |-> {}, scope |-> {p1}, sStage |-> "none", sTgt |-> {}, sDrop |-> {}, sKeep |-> {}, sHeld |-> (p1 :> Nil @@ p2 :> Nil), unlinked |-> {}, memo |-> 0, rnow |-> 0])
/\ took = (A :> (p1 :> {1} @@ p2 :> {}))
/\ gw = (p1 :> Nil @@ p2 :> Nil)
/\ mv = Nil
/\ udel = {}
/\ restarts = 0
/\ syncs = 0
/\ regressed = FALSE
/\ rescopes = 0
/\ fails = 0
/\ upped = {<<p1, 1>>}
/\ copies = 0
/\ orig = (<<p1, 1>> :> Nil @@ <<p1, 2>> :> Nil @@ <<p1, 3>> :> Nil @@ <<p1, 4>> :> Nil @@ <<p2, 1>> :> Nil @@ <<p2, 2>> :> Nil @@ <<p2, 3>> :> Nil @@ <<p2, 4>> :> Nil)
/\ retiring = {}
/\ aged = {}
/\ ages = 0
/\ rdoc = (p1 :> Nil @@ p2 :> Nil)
/\ rlag = TRUE

State 3:
/\ live = {<<p1, 1>>}
/\ minted = {<<p1, 1>>}
/\ doc = (p1 :> <<p1, 1>> @@ p2 :> Nil)
/\ seq = 1
/\ tomb = (p1 :> Nil @@ p2 :> Nil)
/\ base = (<<p1, 1>> :> Nil @@ <<p1, 2>> :> Nil @@ <<p1, 3>> :> Nil @@ <<p1, 4>> :> Nil @@ <<p2, 1>> :> Nil @@ <<p2, 2>> :> Nil @@ <<p2, 3>> :> Nil @@ <<p2, 4>> :> Nil)
/\ acked = {}
/\ conflicts = {}
/\ holder = "none"
/\ nextGen = 2
/\ ui = 0
/\ reqs = 0
/\ barriers = 0
/\ w = (A :> [local |-> (p1 :> <<p1, 1>> @@ p2 :> Nil), st |-> "on", pc |-> "consumed", baseline |-> (p1 :> <<p1, 1>> @@ p2 :> Nil), integrated |-> {1}, uploads |-> {}, deletes |-> {}, snap |-> (p1 :> Nil @@ p2 :> Nil), upDone |-> {}, gone |-> {}, verified |-> FALSE, inst |-> (p1 :> <<p1, 1>> @@ p2 :> Nil), retire |-> {}, collected |-> FALSE, adv |-> FALSE, synced |-> 1, derived |-> 1, skipped |-> {}, scope |-> {p1}, sStage |-> "none", sTgt |-> {}, sDrop |-> {}, sKeep |-> {}, sHeld |-> (p1 :> Nil @@ p2 :> Nil), unlinked |-> {}, memo |-> 0, rnow |-> 0])
/\ took = (A :> (p1 :> {1} @@ p2 :> {}))
/\ gw = (p1 :> Nil @@ p2 :> Nil)
/\ mv = Nil
/\ udel = {}
/\ restarts = 0
/\ syncs = 0
/\ regressed = FALSE
/\ rescopes = 0
/\ fails = 0
/\ upped = {<<p1, 1>>}
/\ copies = 0
/\ orig = (<<p1, 1>> :> Nil @@ <<p1, 2>> :> Nil @@ <<p1, 3>> :> Nil @@ <<p1, 4>> :> Nil @@ <<p2, 1>> :> Nil @@ <<p2, 2>> :> Nil @@ <<p2, 3>> :> Nil @@ <<p2, 4>> :> Nil)
/\ retiring = {}
/\ aged = {}
/\ ages = 0
/\ rdoc = (p1 :> Nil @@ p2 :> Nil)
/\ rlag = TRUE

State 4:
/\ live = {<<p1, 1>>}
/\ minted = {<<p1, 1>>, <<p1, 2>>}
/\ doc = (p1 :> <<p1, 1>> @@ p2 :> Nil)
/\ seq = 1
/\ tomb = (p1 :> Nil @@ p2 :> Nil)
/\ base = (<<p1, 1>> :> Nil @@ <<p1, 2>> :> <<p1, 1>> @@ <<p1, 3>> :> Nil @@ <<p1, 4>> :> Nil @@ <<p2, 1>> :> Nil @@ <<p2, 2>> :> Nil @@ <<p2, 3>> :> Nil @@ <<p2, 4>> :> Nil)
/\ acked = {}
/\ conflicts = {}
/\ holder = "none"
/\ nextGen = 3
/\ ui = 0
/\ reqs = 0
/\ barriers = 0
/\ w = (A :> [local |-> (p1 :> <<p1, 2>> @@ p2 :> Nil), st |-> "on", pc |-> "consumed", baseline |-> (p1 :> <<p1, 1>> @@ p2 :> Nil), integrated |-> {1, 2}, uploads |-> {}, deletes |-> {}, snap |-> (p1 :> Nil @@ p2 :> Nil), upDone |-> {}, gone |-> {}, verified |-> FALSE, inst |-> (p1 :> <<p1, 1>> @@ p2 :> Nil), retire |-> {}, collected |-> FALSE, adv |-> FALSE, synced |-> 1, derived |-> 1, skipped |-> {}, scope |-> {p1}, sStage |-> "none", sTgt |-> {}, sDrop |-> {}, sKeep |-> {}, sHeld |-> (p1 :> Nil @@ p2 :> Nil), unlinked |-> {}, memo |-> 0, rnow |-> 0])
/\ took = (A :> (p1 :> {1, 2} @@ p2 :> {}))
/\ gw = (p1 :> Nil @@ p2 :> Nil)
/\ mv = Nil
/\ udel = {}
/\ restarts = 0
/\ syncs = 0
/\ regressed = FALSE
/\ rescopes = 0
/\ fails = 0
/\ upped = {<<p1, 1>>}
/\ copies = 0
/\ orig = (<<p1, 1>> :> Nil @@ <<p1, 2>> :> Nil @@ <<p1, 3>> :> Nil @@ <<p1, 4>> :> Nil @@ <<p2, 1>> :> Nil @@ <<p2, 2>> :> Nil @@ <<p2, 3>> :> Nil @@ <<p2, 4>> :> Nil)
/\ retiring = {}
/\ aged = {}
/\ ages = 0
/\ rdoc = (p1 :> Nil @@ p2 :> Nil)
/\ rlag = TRUE

State 5:
/\ live = {<<p1, 1>>}
/\ minted = {<<p1, 1>>, <<p1, 2>>}
/\ doc = (p1 :> <<p1, 1>> @@ p2 :> Nil)
/\ seq = 1
/\ tomb = (p1 :> Nil @@ p2 :> Nil)
/\ base = (<<p1, 1>> :> Nil @@ <<p1, 2>> :> <<p1, 1>> @@ <<p1, 3>> :> Nil @@ <<p1, 4>> :> Nil @@ <<p2, 1>> :> Nil @@ <<p2, 2>> :> Nil @@ <<p2, 3>> :> Nil @@ <<p2, 4>> :> Nil)
/\ acked = {}
/\ conflicts = {}
/\ holder = "none"
/\ nextGen = 3
/\ ui = 0
/\ reqs = 0
/\ barriers = 1
/\ w = (A :> [local |-> (p1 :> <<p1, 2>> @@ p2 :> Nil), st |-> "on", pc |-> "scanned", baseline |-> (p1 :> <<p1, 1>> @@ p2 :> Nil), integrated |-> {1, 2}, uploads |-> {p1}, deletes |-> {}, snap |-> (p1 :> <<p1, 2>> @@ p2 :> Nil), upDone |-> {}, gone |-> {}, verified |-> FALSE, inst |-> (p1 :> <<p1, 1>> @@ p2 :> Nil), retire |-> {}, collected |-> FALSE, adv |-> FALSE, synced |-> 1, derived |-> 1, skipped |-> {}, scope |-> {p1}, sStage |-> "none", sTgt |-> {}, sDrop |-> {}, sKeep |-> {}, sHeld |-> (p1 :> Nil @@ p2 :> Nil), unlinked |-> {}, memo |-> 0, rnow |-> 0])
/\ took = (A :> (p1 :> {1, 2} @@ p2 :> {}))
/\ gw = (p1 :> Nil @@ p2 :> Nil)
/\ mv = Nil
/\ udel = {}
/\ restarts = 0
/\ syncs = 0
/\ regressed = FALSE
/\ rescopes = 0
/\ fails = 0
/\ upped = {<<p1, 1>>}
/\ copies = 0
/\ orig = (<<p1, 1>> :> Nil @@ <<p1, 2>> :> Nil @@ <<p1, 3>> :> Nil @@ <<p1, 4>> :> Nil @@ <<p2, 1>> :> Nil @@ <<p2, 2>> :> Nil @@ <<p2, 3>> :> Nil @@ <<p2, 4>> :> Nil)
/\ retiring = {}
/\ aged = {}
/\ ages = 0
/\ rdoc = (p1 :> Nil @@ p2 :> Nil)
/\ rlag = TRUE

State 6:
/\ live = {<<p1, 1>>, <<p1, 2>>}
/\ minted = {<<p1, 1>>, <<p1, 2>>}
/\ doc = (p1 :> <<p1, 1>> @@ p2 :> Nil)
/\ seq = 1
/\ tomb = (p1 :> Nil @@ p2 :> Nil)
/\ base = (<<p1, 1>> :> Nil @@ <<p1, 2>> :> <<p1, 1>> @@ <<p1, 3>> :> Nil @@ <<p1, 4>> :> Nil @@ <<p2, 1>> :> Nil @@ <<p2, 2>> :> Nil @@ <<p2, 3>> :> Nil @@ <<p2, 4>> :> Nil)
/\ acked = {}
/\ conflicts = {}
/\ holder = "none"
/\ nextGen = 3
/\ ui = 0
/\ reqs = 0
/\ barriers = 1
/\ w = (A :> [local |-> (p1 :> <<p1, 2>> @@ p2 :> Nil), st |-> "on", pc |-> "scanned", baseline |-> (p1 :> <<p1, 1>> @@ p2 :> Nil), integrated |-> {1, 2}, uploads |-> {p1}, deletes |-> {}, snap |-> (p1 :> <<p1, 2>> @@ p2 :> Nil), upDone |-> {p1}, gone |-> {}, verified |-> FALSE, inst |-> (p1 :> <<p1, 1>> @@ p2 :> Nil), retire |-> {}, collected |-> FALSE, adv |-> FALSE, synced |-> 1, derived |-> 1, skipped |-> {}, scope |-> {p1}, sStage |-> "none", sTgt |-> {}, sDrop |-> {}, sKeep |-> {}, sHeld |-> (p1 :> Nil @@ p2 :> Nil), unlinked |-> {}, memo |-> 0, rnow |-> 0])
/\ took = (A :> (p1 :> {1, 2} @@ p2 :> {}))
/\ gw = (p1 :> Nil @@ p2 :> Nil)
/\ mv = Nil
/\ udel = {}
/\ restarts = 0
/\ syncs = 0
/\ regressed = FALSE
/\ rescopes = 0
/\ fails = 0
/\ upped = {<<p1, 1>>, <<p1, 2>>}
/\ copies = 0
/\ orig = (<<p1, 1>> :> Nil @@ <<p1, 2>> :> Nil @@ <<p1, 3>> :> Nil @@ <<p1, 4>> :> Nil @@ <<p2, 1>> :> Nil @@ <<p2, 2>> :> Nil @@ <<p2, 3>> :> Nil @@ <<p2, 4>> :> Nil)
/\ retiring = {}
/\ aged = {}
/\ ages = 0
/\ rdoc = (p1 :> Nil @@ p2 :> Nil)
/\ rlag = TRUE

State 7:
/\ live = {<<p1, 1>>, <<p1, 2>>}
/\ minted = {<<p1, 1>>, <<p1, 2>>}
/\ doc = (p1 :> <<p1, 1>> @@ p2 :> Nil)
/\ seq = 1
/\ tomb = (p1 :> Nil @@ p2 :> Nil)
/\ base = (<<p1, 1>> :> Nil @@ <<p1, 2>> :> <<p1, 1>> @@ <<p1, 3>> :> Nil @@ <<p1, 4>> :> Nil @@ <<p2, 1>> :> Nil @@ <<p2, 2>> :> Nil @@ <<p2, 3>> :> Nil @@ <<p2, 4>> :> Nil)
/\ acked = {}
/\ conflicts = {}
/\ holder = "none"
/\ nextGen = 3
/\ ui = 0
/\ reqs = 0
/\ barriers = 1
/\ w = (A :> [local |-> (p1 :> <<p1, 2>> @@ p2 :> Nil), st |-> "on", pc |-> "idle", baseline |-> (p1 :> <<p1, 1>> @@ p2 :> Nil), integrated |-> {1, 2}, uploads |-> {}, deletes |-> {}, snap |-> (p1 :> Nil @@ p2 :> Nil), upDone |-> {}, gone |-> {}, verified |-> FALSE, inst |-> (p1 :> Nil @@ p2 :> Nil), retire |-> {}, collected |-> FALSE, adv |-> FALSE, synced |-> 1, derived |-> 1, skipped |-> {}, scope |-> {p1}, sStage |-> "none", sTgt |-> {}, sDrop |-> {}, sKeep |-> {}, sHeld |-> (p1 :> Nil @@ p2 :> Nil), unlinked |-> {}, memo |-> 0, rnow |-> 0])
/\ took = (A :> (p1 :> {1, 2} @@ p2 :> {}))
/\ gw = (p1 :> Nil @@ p2 :> Nil)
/\ mv = Nil
/\ udel = {}
/\ restarts = 1
/\ syncs = 0
/\ regressed = FALSE
/\ rescopes = 0
/\ fails = 0
/\ upped = {<<p1, 1>>, <<p1, 2>>}
/\ copies = 0
/\ orig = (<<p1, 1>> :> Nil @@ <<p1, 2>> :> Nil @@ <<p1, 3>> :> Nil @@ <<p1, 4>> :> Nil @@ <<p2, 1>> :> Nil @@ <<p2, 2>> :> Nil @@ <<p2, 3>> :> Nil @@ <<p2, 4>> :> Nil)
/\ retiring = {}
/\ aged = {}
/\ ages = 0
/\ rdoc = (p1 :> Nil @@ p2 :> Nil)
/\ rlag = TRUE

State 8:
/\ live = {<<p1, 1>>, <<p1, 2>>}
/\ minted = {<<p1, 1>>, <<p1, 2>>}
/\ doc = (p1 :> <<p1, 1>> @@ p2 :> Nil)
/\ seq = 1
/\ tomb = (p1 :> Nil @@ p2 :> Nil)
/\ base = (<<p1, 1>> :> Nil @@ <<p1, 2>> :> <<p1, 1>> @@ <<p1, 3>> :> Nil @@ <<p1, 4>> :> Nil @@ <<p2, 1>> :> Nil @@ <<p2, 2>> :> Nil @@ <<p2, 3>> :> Nil @@ <<p2, 4>> :> Nil)
/\ acked = {}
/\ conflicts = {}
/\ holder = "none"
/\ nextGen = 3
/\ ui = 0
/\ reqs = 0
/\ barriers = 1
/\ w = (A :> [local |-> (p1 :> <<p1, 2>> @@ p2 :> Nil), st |-> "on", pc |-> "consumed", baseline |-> (p1 :> <<p1, 1>> @@ p2 :> Nil), integrated |-> {1, 2}, uploads |-> {}, deletes |-> {}, snap |-> (p1 :> Nil @@ p2 :> Nil), upDone |-> {}, gone |-> {}, verified |-> FALSE, inst |-> (p1 :> Nil @@ p2 :> Nil), retire |-> {}, collected |-> FALSE, adv |-> FALSE, synced |-> 1, derived |-> 1, skipped |-> {}, scope |-> {p1}, sStage |-> "none", sTgt |-> {}, sDrop |-> {}, sKeep |-> {}, sHeld |-> (p1 :> Nil @@ p2 :> Nil), unlinked |-> {}, memo |-> 0, rnow |-> 0])
/\ took = (A :> (p1 :> {1, 2} @@ p2 :> {}))
/\ gw = (p1 :> Nil @@ p2 :> Nil)
/\ mv = Nil
/\ udel = {}
/\ restarts = 1
/\ syncs = 0
/\ regressed = FALSE
/\ rescopes = 0
/\ fails = 0
/\ upped = {<<p1, 1>>, <<p1, 2>>}
/\ copies = 0
/\ orig = (<<p1, 1>> :> Nil @@ <<p1, 2>> :> Nil @@ <<p1, 3>> :> Nil @@ <<p1, 4>> :> Nil @@ <<p2, 1>> :> Nil @@ <<p2, 2>> :> Nil @@ <<p2, 3>> :> Nil @@ <<p2, 4>> :> Nil)
/\ retiring = {}
/\ aged = {}
/\ ages = 0
/\ rdoc = (p1 :> Nil @@ p2 :> Nil)
/\ rlag = TRUE

State 9:
/\ live = {<<p1, 1>>, <<p1, 2>>}
/\ minted = {<<p1, 1>>, <<p1, 2>>}
/\ doc = (p1 :> <<p1, 1>> @@ p2 :> Nil)
/\ seq = 1
/\ tomb = (p1 :> Nil @@ p2 :> Nil)
/\ base = (<<p1, 1>> :> Nil @@ <<p1, 2>> :> <<p1, 1>> @@ <<p1, 3>> :> Nil @@ <<p1, 4>> :> Nil @@ <<p2, 1>> :> Nil @@ <<p2, 2>> :> Nil @@ <<p2, 3>> :> Nil @@ <<p2, 4>> :> Nil)
/\ acked = {}
/\ conflicts = {}
/\ holder = "none"
/\ nextGen = 3
/\ ui = 0
/\ reqs = 0
/\ barriers = 2
/\ w = (A :> [local |-> (p1 :> <<p1, 2>> @@ p2 :> Nil), st |-> "on", pc |-> "scanned", baseline |-> (p1 :> <<p1, 1>> @@ p2 :> Nil), integrated |-> {1, 2}, uploads |-> {p1}, deletes |-> {}, snap |-> (p1 :> <<p1, 2>> @@ p2 :> Nil), upDone |-> {}, gone |-> {}, verified |-> FALSE, inst |-> (p1 :> Nil @@ p2 :> Nil), retire |-> {}, collected |-> FALSE, adv |-> FALSE, synced |-> 1, derived |-> 1, skipped |-> {}, scope |-> {p1}, sStage |-> "none", sTgt |-> {}, sDrop |-> {}, sKeep |-> {}, sHeld |-> (p1 :> Nil @@ p2 :> Nil), unlinked |-> {}, memo |-> 0, rnow |-> 0])
/\ took = (A :> (p1 :> {1, 2} @@ p2 :> {}))
/\ gw = (p1 :> Nil @@ p2 :> Nil)
/\ mv = Nil
/\ udel = {}
/\ restarts = 1
/\ syncs = 0
/\ regressed = FALSE
/\ rescopes = 0
/\ fails = 0
/\ upped = {<<p1, 1>>, <<p1, 2>>}
/\ copies = 0
/\ orig = (<<p1, 1>> :> Nil @@ <<p1, 2>> :> Nil @@ <<p1, 3>> :> Nil @@ <<p1, 4>> :> Nil @@ <<p2, 1>> :> Nil @@ <<p2, 2>> :> Nil @@ <<p2, 3>> :> Nil @@ <<p2, 4>> :> Nil)
/\ retiring = {}
/\ aged = {}
/\ ages = 0
/\ rdoc = (p1 :> Nil @@ p2 :> Nil)
/\ rlag = TRUE

State 10:
/\ live = {<<p1, 1>>, <<p1, 2>>, <<p1, 4>>}
/\ minted = {<<p1, 1>>, <<p1, 2>>, <<p1, 4>>}
/\ doc = (p1 :> <<p1, 1>> @@ p2 :> Nil)
/\ seq = 1
/\ tomb = (p1 :> Nil @@ p2 :> Nil)
/\ base = (<<p1, 1>> :> Nil @@ <<p1, 2>> :> <<p1, 1>> @@ <<p1, 3>> :> Nil @@ <<p1, 4>> :> <<p1, 1>> @@ <<p2, 1>> :> Nil @@ <<p2, 2>> :> Nil @@ <<p2, 3>> :> Nil @@ <<p2, 4>> :> Nil)
/\ acked = {}
/\ conflicts = {}
/\ holder = "none"
/\ nextGen = 3
/\ ui = 0
/\ reqs = 0
/\ barriers = 2
/\ w = (A :> [local |-> (p1 :> <<p1, 4>> @@ p2 :> Nil), st |-> "on", pc |-> "scanned", baseline |-> (p1 :> <<p1, 1>> @@ p2 :> Nil), integrated |-> {1, 2}, uploads |-> {p1}, deletes |-> {}, snap |-> (p1 :> <<p1, 4>> @@ p2 :> Nil), upDone |-> {p1}, gone |-> {}, verified |-> FALSE, inst |-> (p1 :> Nil @@ p2 :> Nil), retire |-> {}, collected |-> FALSE, adv |-> FALSE, synced |-> 1, derived |-> 1, skipped |-> {}, scope |-> {p1}, sStage |-> "none", sTgt |-> {}, sDrop |-> {}, sKeep |-> {}, sHeld |-> (p1 :> Nil @@ p2 :> Nil), unlinked |-> {}, memo |-> 0, rnow |-> 0])
/\ took = (A :> (p1 :> {1, 2, 4} @@ p2 :> {}))
/\ gw = (p1 :> Nil @@ p2 :> Nil)
/\ mv = Nil
/\ udel = {}
/\ restarts = 1
/\ syncs = 0
/\ regressed = FALSE
/\ rescopes = 0
/\ fails = 0
/\ upped = {<<p1, 1>>, <<p1, 2>>, <<p1, 4>>}
/\ copies = 1
/\ orig = (<<p1, 1>> :> Nil @@ <<p1, 2>> :> Nil @@ <<p1, 3>> :> Nil @@ <<p1, 4>> :> <<p1, 2>> @@ <<p2, 1>> :> Nil @@ <<p2, 2>> :> Nil @@ <<p2, 3>> :> Nil @@ <<p2, 4>> :> Nil)
/\ retiring = {}
/\ aged = {}
/\ ages = 0
/\ rdoc = (p1 :> Nil @@ p2 :> Nil)
/\ rlag = TRUE

State 11:
/\ live = {<<p1, 1>>, <<p1, 2>>, <<p1, 4>>}
/\ minted = {<<p1, 1>>, <<p1, 2>>, <<p1, 4>>}
/\ doc = (p1 :> <<p1, 1>> @@ p2 :> Nil)
/\ seq = 1
/\ tomb = (p1 :> Nil @@ p2 :> Nil)
/\ base = (<<p1, 1>> :> Nil @@ <<p1, 2>> :> <<p1, 1>> @@ <<p1, 3>> :> Nil @@ <<p1, 4>> :> <<p1, 1>> @@ <<p2, 1>> :> Nil @@ <<p2, 2>> :> Nil @@ <<p2, 3>> :> Nil @@ <<p2, 4>> :> Nil)
/\ acked = {}
/\ conflicts = {}
/\ holder = A
/\ nextGen = 3
/\ ui = 0
/\ reqs = 0
/\ barriers = 2
/\ w = (A :> [local |-> (p1 :> <<p1, 4>> @@ p2 :> Nil), st |-> "on", pc |-> "claimed", baseline |-> (p1 :> <<p1, 1>> @@ p2 :> Nil), integrated |-> {1, 2}, uploads |-> {p1}, deletes |-> {}, snap |-> (p1 :> <<p1, 4>> @@ p2 :> Nil), upDone |-> {p1}, gone |-> {}, verified |-> FALSE, inst |-> (p1 :> Nil @@ p2 :> Nil), retire |-> {}, collected |-> FALSE, adv |-> FALSE, synced |-> 1, derived |-> 1, skipped |-> {}, scope |-> {p1}, sStage |-> "none", sTgt |-> {}, sDrop |-> {}, sKeep |-> {}, sHeld |-> (p1 :> Nil @@ p2 :> Nil), unlinked |-> {}, memo |-> 0, rnow |-> 0])
/\ took = (A :> (p1 :> {1, 2, 4} @@ p2 :> {}))
/\ gw = (p1 :> Nil @@ p2 :> Nil)
/\ mv = Nil
/\ udel = {}
/\ restarts = 1
/\ syncs = 0
/\ regressed = FALSE
/\ rescopes = 0
/\ fails = 0
/\ upped = {<<p1, 1>>, <<p1, 2>>, <<p1, 4>>}
/\ copies = 1
/\ orig = (<<p1, 1>> :> Nil @@ <<p1, 2>> :> Nil @@ <<p1, 3>> :> Nil @@ <<p1, 4>> :> <<p1, 2>> @@ <<p2, 1>> :> Nil @@ <<p2, 2>> :> Nil @@ <<p2, 3>> :> Nil @@ <<p2, 4>> :> Nil)
/\ retiring = {}
/\ aged = {}
/\ ages = 0
/\ rdoc = (p1 :> Nil @@ p2 :> Nil)
/\ rlag = TRUE

State 12:
/\ live = {<<p1, 1>>, <<p1, 2>>, <<p1, 4>>}
/\ minted = {<<p1, 1>>, <<p1, 2>>, <<p1, 4>>}
/\ doc = (p1 :> <<p1, 1>> @@ p2 :> Nil)
/\ seq = 1
/\ tomb = (p1 :> Nil @@ p2 :> Nil)
/\ base = (<<p1, 1>> :> Nil @@ <<p1, 2>> :> <<p1, 1>> @@ <<p1, 3>> :> Nil @@ <<p1, 4>> :> <<p1, 1>> @@ <<p2, 1>> :> Nil @@ <<p2, 2>> :> Nil @@ <<p2, 3>> :> Nil @@ <<p2, 4>> :> Nil)
/\ acked = {}
/\ conflicts = {}
/\ holder = A
/\ nextGen = 3
/\ ui = 0
/\ reqs = 0
/\ barriers = 2
/\ w = (A :> [local |-> (p1 :> <<p1, 4>> @@ p2 :> Nil), st |-> "on", pc |-> "claimed", baseline |-> (p1 :> <<p1, 1>> @@ p2 :> Nil), integrated |-> {1, 2}, uploads |-> {p1}, deletes |-> {}, snap |-> (p1 :> <<p1, 4>> @@ p2 :> Nil), upDone |-> {p1}, gone |-> {}, verified |-> TRUE, inst |-> (p1 :> Nil @@ p2 :> Nil), retire |-> {}, collected |-> FALSE, adv |-> FALSE, synced |-> 1, derived |-> 1, skipped |-> {}, scope |-> {p1}, sStage |-> "none", sTgt |-> {}, sDrop |-> {}, sKeep |-> {}, sHeld |-> (p1 :> Nil @@ p2 :> Nil), unlinked |-> {}, memo |-> 0, rnow |-> 0])
/\ took = (A :> (p1 :> {1, 2, 4} @@ p2 :> {}))
/\ gw = (p1 :> Nil @@ p2 :> Nil)
/\ mv = Nil
/\ udel = {}
/\ restarts = 1
/\ syncs = 0
/\ regressed = FALSE
/\ rescopes = 0
/\ fails = 0
/\ upped = {<<p1, 1>>, <<p1, 2>>, <<p1, 4>>}
/\ copies = 1
/\ orig = (<<p1, 1>> :> Nil @@ <<p1, 2>> :> Nil @@ <<p1, 3>> :> Nil @@ <<p1, 4>> :> <<p1, 2>> @@ <<p2, 1>> :> Nil @@ <<p2, 2>> :> Nil @@ <<p2, 3>> :> Nil @@ <<p2, 4>> :> Nil)
/\ retiring = {}
/\ aged = {}
/\ ages = 0
/\ rdoc = (p1 :> Nil @@ p2 :> Nil)
/\ rlag = TRUE

State 13:
/\ live = {<<p1, 1>>, <<p1, 2>>, <<p1, 4>>}
/\ minted = {<<p1, 1>>, <<p1, 2>>, <<p1, 4>>}
/\ doc = (p1 :> <<p1, 4>> @@ p2 :> Nil)
/\ seq = 2
/\ tomb = (p1 :> Nil @@ p2 :> Nil)
/\ base = (<<p1, 1>> :> Nil @@ <<p1, 2>> :> <<p1, 1>> @@ <<p1, 3>> :> Nil @@ <<p1, 4>> :> <<p1, 1>> @@ <<p2, 1>> :> Nil @@ <<p2, 2>> :> Nil @@ <<p2, 3>> :> Nil @@ <<p2, 4>> :> Nil)
/\ acked = {}
/\ conflicts = {}
/\ holder = A
/\ nextGen = 3
/\ ui = 0
/\ reqs = 0
/\ barriers = 2
/\ w = (A :> [local |-> (p1 :> <<p1, 4>> @@ p2 :> Nil), st |-> "on", pc |-> "cased", baseline |-> (p1 :> <<p1, 1>> @@ p2 :> Nil), integrated |-> {1, 2}, uploads |-> {p1}, deletes |-> {}, snap |-> (p1 :> <<p1, 4>> @@ p2 :> Nil), upDone |-> {p1}, gone |-> {}, verified |-> TRUE, inst |-> (p1 :> <<p1, 4>> @@ p2 :> Nil), retire |-> {<<p1, 1>>}, collected |-> FALSE, adv |-> TRUE, synced |-> 1, derived |-> 1, skipped |-> {}, scope |-> {p1}, sStage |-> "none", sTgt |-> {}, sDrop |-> {}, sKeep |-> {}, sHeld |-> (p1 :> Nil @@ p2 :> Nil), unlinked |-> {}, memo |-> 0, rnow |-> 0])
/\ took = (A :> (p1 :> {1, 2, 4} @@ p2 :> {}))
/\ gw = (p1 :> Nil @@ p2 :> Nil)
/\ mv = Nil
/\ udel = {}
/\ restarts = 1
/\ syncs = 0
/\ regressed = FALSE
/\ rescopes = 0
/\ fails = 0
/\ upped = {<<p1, 1>>, <<p1, 2>>, <<p1, 4>>}
/\ copies = 1
/\ orig = (<<p1, 1>> :> Nil @@ <<p1, 2>> :> Nil @@ <<p1, 3>> :> Nil @@ <<p1, 4>> :> <<p1, 2>> @@ <<p2, 1>> :> Nil @@ <<p2, 2>> :> Nil @@ <<p2, 3>> :> Nil @@ <<p2, 4>> :> Nil)
/\ retiring = {<<p1, 1>>}
/\ aged = {}
/\ ages = 0
/\ rdoc = (p1 :> Nil @@ p2 :> Nil)
/\ rlag = TRUE

State 14:
/\ live = {<<p1, 1>>, <<p1, 2>>, <<p1, 4>>}
/\ minted = {<<p1, 1>>, <<p1, 2>>, <<p1, 4>>}
/\ doc = (p1 :> Nil @@ p2 :> <<p1, 4>>)
/\ seq = 3
/\ tomb = (p1 :> <<p1, 4>> @@ p2 :> Nil)
/\ base = (<<p1, 1>> :> Nil @@ <<p1, 2>> :> <<p1, 1>> @@ <<p1, 3>> :> Nil @@ <<p1, 4>> :> <<p1, 1>> @@ <<p2, 1>> :> Nil @@ <<p2, 2>> :> Nil @@ <<p2, 3>> :> Nil @@ <<p2, 4>> :> Nil)
/\ acked = {<<p2, <<p1, 4>>>>}
/\ conflicts = {}
/\ holder = A
/\ nextGen = 3
/\ ui = 0
/\ reqs = 1
/\ barriers = 2
/\ w = (A :> [local |-> (p1 :> <<p1, 4>> @@ p2 :> Nil), st |-> "on", pc |-> "cased", baseline |-> (p1 :> <<p1, 1>> @@ p2 :> Nil), integrated |-> {1, 2}, uploads |-> {p1}, deletes |-> {}, snap |-> (p1 :> <<p1, 4>> @@ p2 :> Nil), upDone |-> {p1}, gone |-> {}, verified |-> TRUE, inst |-> (p1 :> <<p1, 4>> @@ p2 :> Nil), retire |-> {<<p1, 1>>}, collected |-> FALSE, adv |-> TRUE, synced |-> 1, derived |-> 1, skipped |-> {}, scope |-> {p1}, sStage |-> "none", sTgt |-> {}, sDrop |-> {}, sKeep |-> {}, sHeld |-> (p1 :> Nil @@ p2 :> Nil), unlinked |-> {}, memo |-> 0, rnow |-> 0])
/\ took = (A :> (p1 :> {1, 2, 4} @@ p2 :> {}))
/\ gw = (p1 :> Nil @@ p2 :> Nil)
/\ mv = Nil
/\ udel = {}
/\ restarts = 1
/\ syncs = 0
/\ regressed = FALSE
/\ rescopes = 0
/\ fails = 0
/\ upped = {<<p1, 1>>, <<p1, 2>>, <<p1, 4>>}
/\ copies = 1
/\ orig = (<<p1, 1>> :> Nil @@ <<p1, 2>> :> Nil @@ <<p1, 3>> :> Nil @@ <<p1, 4>> :> <<p1, 2>> @@ <<p2, 1>> :> Nil @@ <<p2, 2>> :> Nil @@ <<p2, 3>> :> Nil @@ <<p2, 4>> :> Nil)
/\ retiring = {<<p1, 1>>}
/\ aged = {}
/\ ages = 0
/\ rdoc = (p1 :> Nil @@ p2 :> Nil)
/\ rlag = TRUE

Error: Invariant M5CopyAckedProbe is violated.
2860917 states generated, 995365 distinct states found. Depth 13. Checked in 20.024s (49709 distinct/s).

real	0m20.031s
user	0m39.896s
sys	0m0.104s
rc=12
