tlc-rs: MCLeanP1M5 (31 variables, 0 symmetry permutations), 2 workers, interp engine; loaded in 0.004s
State 1:
/\ live = {<<p1, 1>>}
/\ minted = {<<p1, 1>>}
/\ doc = (p1 :> <<p1, 1>> @@ p2 :> Nil)
/\ seq = 1
/\ tomb = (p1 :> Nil @@ p2 :> Nil)
/\ base = (<<p1, 1>> :> Nil @@ <<p1, 2>> :> Nil @@ <<p1, 3>> :> Nil @@ <<p1, 4>> :> Nil @@ <<p2, 1>> :> Nil @@ <<p2, 2>> :> Nil @@ <<p2, 3>> :> Nil @@ <<p2, 4>> :> Nil)
/\ acked = {}
/\ conflicts = {}
/\ holder = "none"
/\ nextGen = 2
/\ ui = 0
/\ reqs = 0
/\ barriers = 0
/\ w = (A :> [local |-> (p1 :> Nil @@ p2 :> Nil), st |-> "off", pc |-> "idle", baseline |-> (p1 :> Nil @@ p2 :> Nil), integrated |-> {}, uploads |-> {}, deletes |-> {}, snap |-> (p1 :> Nil @@ p2 :> Nil), upDone |-> {}, gone |-> {}, verified |-> FALSE, inst |-> (p1 :> Nil @@ p2 :> Nil), retire |-> {}, collected |-> FALSE, adv |-> FALSE, synced |-> 0, derived |-> 0, skipped |-> {}, scope |-> {}, sStage |-> "none", sTgt |-> {}, sDrop |-> {}, sKeep |-> {}, sHeld |-> (p1 :> Nil @@ p2 :> Nil), unlinked |-> {}, memo |-> 0, rnow |-> 0])
/\ took = (A :> (p1 :> {} @@ p2 :> {}))
/\ gw = (p1 :> Nil @@ p2 :> Nil)
/\ mv = Nil
/\ udel = {}
/\ restarts = 0
/\ syncs = 0
/\ regressed = FALSE
/\ rescopes = 0
/\ fails = 0
/\ upped = {<<p1, 1>>}
/\ copies = 0
/\ orig = (<<p1, 1>> :> Nil @@ <<p1, 2>> :> Nil @@ <<p1, 3>> :> Nil @@ <<p1, 4>> :> Nil @@ <<p2, 1>> :> Nil @@ <<p2, 2>> :> Nil @@ <<p2, 3>> :> Nil @@ <<p2, 4>> :> Nil)
/\ retiring = {}
/\ aged = {}
/\ ages = 0
/\ rdoc = (p1 :> Nil @@ p2 :> Nil)
/\ rlag = TRUE

State 2:
/\ live = {<<p1, 1>>, <<p1, 2>>}
/\ minted = {<<p1, 1>>, <<p1, 2>>}
/\ doc = (p1 :> <<p1, 1>> @@ p2 :> Nil)
/\ seq = 1
/\ tomb = (p1 :> Nil @@ p2 :> Nil)
/\ base = (<<p1, 1>> :> Nil @@ <<p1, 2>> :> <<p1, 1>> @@ <<p1, 3>> :> Nil @@ <<p1, 4>> :> Nil @@ <<p2, 1>> :> Nil @@ <<p2, 2>> :> Nil @@ <<p2, 3>> :> Nil @@ <<p2, 4>> :> Nil)
/\ acked = {}
/\ conflicts = {}
/\ holder = "none"
/\ nextGen = 3
/\ ui = 1
/\ reqs = 0
/\ barriers = 0
/\ w = (A :> [local |-> (p1 :> Nil @@ p2 :> Nil), st |-> "off", pc |-> "idle", baseline |-> (p1 :> Nil @@ p2 :> Nil), integrated |-> {}, uploads |-> {}, deletes |-> {}, snap |-> (p1 :> Nil @@ p2 :> Nil), upDone |-> {}, gone |-> {}, verified |-> FALSE, inst |-> (p1 :> Nil @@ p2 :> Nil), retire |-> {}, collected |-> FALSE, adv |-> FALSE, synced |-> 0, derived |-> 0, skipped |-> {}, scope |-> {}, sStage |-> "none", sTgt |-> {}, sDrop |-> {}, sKeep |-> {}, sHeld |-> (p1 :> Nil @@ p2 :> Nil), unlinked |-> {}, memo |-> 0, rnow |-> 0])
/\ took = (A :> (p1 :> {} @@ p2 :> {}))
/\ gw = (p1 :> <<p1, 2>> @@ p2 :> Nil)
/\ mv = Nil
/\ udel = {}
/\ restarts = 0
/\ syncs = 0
/\ regressed = FALSE
/\ rescopes = 0
/\ fails = 0
/\ upped = {<<p1, 1>>, <<p1, 2>>}
/\ copies = 0
/\ orig = (<<p1, 1>> :> Nil @@ <<p1, 2>> :> Nil @@ <<p1, 3>> :> Nil @@ <<p1, 4>> :> Nil @@ <<p2, 1>> :> Nil @@ <<p2, 2>> :> Nil @@ <<p2, 3>> :> Nil @@ <<p2, 4>> :> Nil)
/\ retiring = {}
/\ aged = {}
/\ ages = 0
/\ rdoc = (p1 :> Nil @@ p2 :> Nil)
/\ rlag = TRUE

State 3:
/\ live = {<<p1, 1>>, <<p1, 2>>}
/\ minted = {<<p1, 1>>, <<p1, 2>>}
/\ doc = (p1 :> <<p1, 2>> @@ p2 :> Nil)
/\ seq = 2
/\ tomb = (p1 :> Nil @@ p2 :> Nil)
/\ base = (<<p1, 1>> :> Nil @@ <<p1, 2>> :> <<p1, 1>> @@ <<p1, 3>> :> Nil @@ <<p1, 4>> :> Nil @@ <<p2, 1>> :> Nil @@ <<p2, 2>> :> Nil @@ <<p2, 3>> :> Nil @@ <<p2, 4>> :> Nil)
/\ acked = {<<p1, <<p1, 2>>>>}
/\ conflicts = {}
/\ holder = "none"
/\ nextGen = 3
/\ ui = 1
/\ reqs = 0
/\ barriers = 0
/\ w = (A :> [local |-> (p1 :> Nil @@ p2 :> Nil), st |-> "off", pc |-> "idle", baseline |-> (p1 :> Nil @@ p2 :> Nil), integrated |-> {}, uploads |-> {}, deletes |-> {}, snap |-> (p1 :> Nil @@ p2 :> Nil), upDone |-> {}, gone |-> {}, verified |-> FALSE, inst |-> (p1 :> Nil @@ p2 :> Nil), retire |-> {}, collected |-> FALSE, adv |-> FALSE, synced |-> 0, derived |-> 0, skipped |-> {}, scope |-> {}, sStage |-> "none", sTgt |-> {}, sDrop |-> {}, sKeep |-> {}, sHeld |-> (p1 :> Nil @@ p2 :> Nil), unlinked |-> {}, memo |-> 0, rnow |-> 0])
/\ took = (A :> (p1 :> {} @@ p2 :> {}))
/\ gw = (p1 :> Nil @@ p2 :> Nil)
/\ mv = Nil
/\ udel = {}
/\ restarts = 0
/\ syncs = 0
/\ regressed = FALSE
/\ rescopes = 0
/\ fails = 0
/\ upped = {<<p1, 1>>, <<p1, 2>>}
/\ copies = 0
/\ orig = (<<p1, 1>> :> Nil @@ <<p1, 2>> :> Nil @@ <<p1, 3>> :> Nil @@ <<p1, 4>> :> Nil @@ <<p2, 1>> :> Nil @@ <<p2, 2>> :> Nil @@ <<p2, 3>> :> Nil @@ <<p2, 4>> :> Nil)
/\ retiring = {<<p1, 1>>}
/\ aged = {}
/\ ages = 0
/\ rdoc = (p1 :> Nil @@ p2 :> Nil)
/\ rlag = TRUE

State 4:
/\ live = {<<p1, 1>>, <<p1, 2>>}
/\ minted = {<<p1, 1>>, <<p1, 2>>}
/\ doc = (p1 :> Nil @@ p2 :> Nil)
/\ seq = 3
/\ tomb = (p1 :> <<p1, 2>> @@ p2 :> Nil)
/\ base = (<<p1, 1>> :> Nil @@ <<p1, 2>> :> <<p1, 1>> @@ <<p1, 3>> :> Nil @@ <<p1, 4>> :> Nil @@ <<p2, 1>> :> Nil @@ <<p2, 2>> :> Nil @@ <<p2, 3>> :> Nil @@ <<p2, 4>> :> Nil)
/\ acked = {<<p1, <<p1, 2>>>>}
/\ conflicts = {}
/\ holder = "none"
/\ nextGen = 3
/\ ui = 1
/\ reqs = 1
/\ barriers = 0
/\ w = (A :> [local |-> (p1 :> Nil @@ p2 :> Nil), st |-> "off", pc |-> "idle", baseline |-> (p1 :> Nil @@ p2 :> Nil), integrated |-> {}, uploads |-> {}, deletes |-> {}, snap |-> (p1 :> Nil @@ p2 :> Nil), upDone |-> {}, gone |-> {}, verified |-> FALSE, inst |-> (p1 :> Nil @@ p2 :> Nil), retire |-> {}, collected |-> FALSE, adv |-> FALSE, synced |-> 0, derived |-> 0, skipped |-> {}, scope |-> {}, sStage |-> "none", sTgt |-> {}, sDrop |-> {}, sKeep |-> {}, sHeld |-> (p1 :> Nil @@ p2 :> Nil), unlinked |-> {}, memo |-> 0, rnow |-> 0])
/\ took = (A :> (p1 :> {} @@ p2 :> {}))
/\ gw = (p1 :> Nil @@ p2 :> Nil)
/\ mv = Nil
/\ udel = {<<p1, <<p1, 2>>>>}
/\ restarts = 0
/\ syncs = 0
/\ regressed = FALSE
/\ rescopes = 0
/\ fails = 0
/\ upped = {<<p1, 1>>, <<p1, 2>>}
/\ copies = 0
/\ orig = (<<p1, 1>> :> Nil @@ <<p1, 2>> :> Nil @@ <<p1, 3>> :> Nil @@ <<p1, 4>> :> Nil @@ <<p2, 1>> :> Nil @@ <<p2, 2>> :> Nil @@ <<p2, 3>> :> Nil @@ <<p2, 4>> :> Nil)
/\ retiring = {<<p1, 1>>, <<p1, 2>>}
/\ aged = {}
/\ ages = 0
/\ rdoc = (p1 :> Nil @@ p2 :> Nil)
/\ rlag = TRUE

Error: Invariant M5CitedProbe is violated.
61 states generated, 47 distinct states found. Depth 3. Checked in 0.003s (15557 distinct/s).

real	0m0.010s
user	0m0.005s
sys	0m0.004s
rc=12 22:24:57Z
