tlc-rs: MCLeanP1M1 (31 variables, 0 symmetry permutations), 4 workers, generated engine; loaded in 0.006s
progress: depth 12, 2051102 generated, 720710 distinct (0 fingerprint spills), 315789 on queue (0 on disk), 13.6s
progress: depth 13, 3502717 generated, 1210859 distinct (0 fingerprint spills), 490149 on queue (0 on disk), 24.0s
progress: depth 14, 5669196 generated, 1932450 distinct (0 fingerprint spills), 721591 on queue (218039 on disk), 41.1s
State 1:
/\ live = {<<p1, 1>>, <<p2, 1>>}
/\ minted = {<<p1, 1>>, <<p2, 1>>}
/\ doc = (p1 :> <<p1, 1>> @@ p2 :> <<p2, 1>>)
/\ seq = 1
/\ tomb = (p1 :> Nil @@ p2 :> Nil)
/\ base = (<<p1, 1>> :> Nil @@ <<p1, 2>> :> Nil @@ <<p1, 3>> :> Nil @@ <<p1, 4>> :> Nil @@ <<p2, 1>> :> Nil @@ <<p2, 2>> :> Nil @@ <<p2, 3>> :> Nil @@ <<p2, 4>> :> Nil)
/\ acked = {}
/\ conflicts = {}
/\ holder = "none"
/\ nextGen = 2
/\ ui = 0
/\ reqs = 0
/\ barriers = 0
/\ w = (A :> [deletes |-> {}, uploads |-> {}, gone |-> {}, pc |-> "idle", unlinked |-> {}, st |-> "off", sStage |-> "none", local |-> (p1 :> Nil @@ p2 :> Nil), baseline |-> (p1 :> Nil @@ p2 :> Nil), sDrop |-> {}, sKeep |-> {}, sHeld |-> (p1 :> Nil @@ p2 :> Nil), integrated |-> {}, snap |-> (p1 :> Nil @@ p2 :> Nil), upDone |-> {}, verified |-> FALSE, inst |-> (p1 :> Nil @@ p2 :> Nil), retire |-> {}, collected |-> FALSE, adv |-> FALSE, synced |-> 0, derived |-> 0, skipped |-> {}, scope |-> {}, sTgt |-> {}, memo |-> 0, rnow |-> 0])
/\ took = (A :> (p1 :> {} @@ p2 :> {}))
/\ gw = (p1 :> Nil @@ p2 :> Nil)
/\ mv = Nil
/\ udel = {}
/\ restarts = 0
/\ syncs = 0
/\ regressed = FALSE
/\ rescopes = 0
/\ fails = 0
/\ upped = {<<p1, 1>>, <<p2, 1>>}
/\ copies = 0
/\ orig = (<<p1, 1>> :> Nil @@ <<p1, 2>> :> Nil @@ <<p1, 3>> :> Nil @@ <<p1, 4>> :> Nil @@ <<p2, 1>> :> Nil @@ <<p2, 2>> :> Nil @@ <<p2, 3>> :> Nil @@ <<p2, 4>> :> Nil)
/\ retiring = {}
/\ aged = {}
/\ ages = 0
/\ rdoc = (p1 :> Nil @@ p2 :> Nil)
/\ rlag = TRUE

State 2:
/\ live = {<<p1, 1>>, <<p2, 1>>}
/\ minted = {<<p1, 1>>, <<p2, 1>>}
/\ doc = (p1 :> <<p1, 1>> @@ p2 :> <<p2, 1>>)
/\ seq = 1
/\ tomb = (p1 :> Nil @@ p2 :> Nil)
/\ base = (<<p1, 1>> :> Nil @@ <<p1, 2>> :> Nil @@ <<p1, 3>> :> Nil @@ <<p1, 4>> :> Nil @@ <<p2, 1>> :> Nil @@ <<p2, 2>> :> Nil @@ <<p2, 3>> :> Nil @@ <<p2, 4>> :> Nil)
/\ acked = {}
/\ conflicts = {}
/\ holder = "none"
/\ nextGen = 2
/\ ui = 0
/\ reqs = 0
/\ barriers = 0
/\ w = (A :> [deletes |-> {}, uploads |-> {}, gone |-> {}, pc |-> "idle", unlinked |-> {}, st |-> "on", sStage |-> "none", local |-> (p1 :> <<p1, 1>> @@ p2 :> <<p2, 1>>), baseline |-> (p1 :> <<p1, 1>> @@ p2 :> <<p2, 1>>), sDrop |-> {}, sKeep |-> {}, sHeld |-> (p1 :> Nil @@ p2 :> Nil), integrated |-> {1}, snap |-> (p1 :> Nil @@ p2 :> Nil), upDone |-> {}, verified |-> FALSE, inst |-> (p1 :> <<p1, 1>> @@ p2 :> <<p2, 1>>), retire |-> {}, collected |-> FALSE, adv |-> FALSE, synced |-> 1, derived |-> 1, skipped |-> {}, scope |-> {p1, p2}, sTgt |-> {}, memo |-> 0, rnow |-> 0])
/\ took = (A :> (p1 :> {1} @@ p2 :> {1}))
/\ gw = (p1 :> Nil @@ p2 :> Nil)
/\ mv = Nil
/\ udel = {}
/\ restarts = 0
/\ syncs = 0
/\ regressed = FALSE
/\ rescopes = 0
/\ fails = 0
/\ upped = {<<p1, 1>>, <<p2, 1>>}
/\ copies = 0
/\ orig = (<<p1, 1>> :> Nil @@ <<p1, 2>> :> Nil @@ <<p1, 3>> :> Nil @@ <<p1, 4>> :> Nil @@ <<p2, 1>> :> Nil @@ <<p2, 2>> :> Nil @@ <<p2, 3>> :> Nil @@ <<p2, 4>> :> Nil)
/\ retiring = {}
/\ aged = {}
/\ ages = 0
/\ rdoc = (p1 :> Nil @@ p2 :> Nil)
/\ rlag = TRUE

State 3:
/\ live = {<<p1, 1>>, <<p2, 1>>}
/\ minted = {<<p1, 1>>, <<p2, 1>>}
/\ doc = (p1 :> <<p1, 1>> @@ p2 :> Nil)
/\ seq = 2
/\ tomb = (p1 :> Nil @@ p2 :> <<p2, 1>>)
/\ base = (<<p1, 1>> :> Nil @@ <<p1, 2>> :> Nil @@ <<p1, 3>> :> Nil @@ <<p1, 4>> :> Nil @@ <<p2, 1>> :> Nil @@ <<p2, 2>> :> Nil @@ <<p2, 3>> :> Nil @@ <<p2, 4>> :> Nil)
/\ acked = {}
/\ conflicts = {}
/\ holder = "none"
/\ nextGen = 2
/\ ui = 0
/\ reqs = 1
/\ barriers = 0
/\ w = (A :> [deletes |-> {}, uploads |-> {}, gone |-> {}, pc |-> "idle", unlinked |-> {}, st |-> "on", sStage |-> "none", local |-> (p1 :> <<p1, 1>> @@ p2 :> <<p2, 1>>), baseline |-> (p1 :> <<p1, 1>> @@ p2 :> <<p2, 1>>), sDrop |-> {}, sKeep |-> {}, sHeld |-> (p1 :> Nil @@ p2 :> Nil), integrated |-> {1}, snap |-> (p1 :> Nil @@ p2 :> Nil), upDone |-> {}, verified |-> FALSE, inst |-> (p1 :> <<p1, 1>> @@ p2 :> <<p2, 1>>), retire |-> {}, collected |-> FALSE, adv |-> FALSE, synced |-> 1, derived |-> 1, skipped |-> {}, scope |-> {p1, p2}, sTgt |-> {}, memo |-> 0, rnow |-> 0])
/\ took = (A :> (p1 :> {1} @@ p2 :> {1}))
/\ gw = (p1 :> Nil @@ p2 :> Nil)
/\ mv = Nil
/\ udel = {<<p2, <<p2, 1>>>>}
/\ restarts = 0
/\ syncs = 0
/\ regressed = FALSE
/\ rescopes = 0
/\ fails = 0
/\ upped = {<<p1, 1>>, <<p2, 1>>}
/\ copies = 0
/\ orig = (<<p1, 1>> :> Nil @@ <<p1, 2>> :> Nil @@ <<p1, 3>> :> Nil @@ <<p1, 4>> :> Nil @@ <<p2, 1>> :> Nil @@ <<p2, 2>> :> Nil @@ <<p2, 3>> :> Nil @@ <<p2, 4>> :> Nil)
/\ retiring = {<<p2, 1>>}
/\ aged = {}
/\ ages = 0
/\ rdoc = (p1 :> Nil @@ p2 :> Nil)
/\ rlag = TRUE

State 4:
/\ live = {<<p1, 1>>, <<p2, 1>>, <<p2, 2>>}
/\ minted = {<<p1, 1>>, <<p2, 1>>, <<p2, 2>>}
/\ doc = (p1 :> <<p1, 1>> @@ p2 :> Nil)
/\ seq = 2
/\ tomb = (p1 :> Nil @@ p2 :> <<p2, 1>>)
/\ base = (<<p1, 1>> :> Nil @@ <<p1, 2>> :> Nil @@ <<p1, 3>> :> Nil @@ <<p1, 4>> :> Nil @@ <<p2, 1>> :> Nil @@ <<p2, 2>> :> Nil @@ <<p2, 3>> :> Nil @@ <<p2, 4>> :> Nil)
/\ acked = {}
/\ conflicts = {}
/\ holder = "none"
/\ nextGen = 3
/\ ui = 1
/\ reqs = 1
/\ barriers = 0
/\ w = (A :> [deletes |-> {}, uploads |-> {}, gone |-> {}, pc |-> "idle", unlinked |-> {}, st |-> "on", sStage |-> "none", local |-> (p1 :> <<p1, 1>> @@ p2 :> <<p2, 1>>), baseline |-> (p1 :> <<p1, 1>> @@ p2 :> <<p2, 1>>), sDrop |-> {}, sKeep |-> {}, sHeld |-> (p1 :> Nil @@ p2 :> Nil), integrated |-> {1}, snap |-> (p1 :> Nil @@ p2 :> Nil), upDone |-> {}, verified |-> FALSE, inst |-> (p1 :> <<p1, 1>> @@ p2 :> <<p2, 1>>), retire |-> {}, collected |-> FALSE, adv |-> FALSE, synced |-> 1, derived |-> 1, skipped |-> {}, scope |-> {p1, p2}, sTgt |-> {}, memo |-> 0, rnow |-> 0])
/\ took = (A :> (p1 :> {1} @@ p2 :> {1}))
/\ gw = (p1 :> Nil @@ p2 :> <<p2, 2>>)
/\ mv = Nil
/\ udel = {<<p2, <<p2, 1>>>>}
/\ restarts = 0
/\ syncs = 0
/\ regressed = FALSE
/\ rescopes = 0
/\ fails = 0
/\ upped = {<<p1, 1>>, <<p2, 1>>, <<p2, 2>>}
/\ copies = 0
/\ orig = (<<p1, 1>> :> Nil @@ <<p1, 2>> :> Nil @@ <<p1, 3>> :> Nil @@ <<p1, 4>> :> Nil @@ <<p2, 1>> :> Nil @@ <<p2, 2>> :> Nil @@ <<p2, 3>> :> Nil @@ <<p2, 4>> :> Nil)
/\ retiring = {<<p2, 1>>}
/\ aged = {}
/\ ages = 0
/\ rdoc = (p1 :> Nil @@ p2 :> Nil)
/\ rlag = TRUE

State 5:
/\ live = {<<p1, 1>>, <<p2, 1>>, <<p2, 2>>}
/\ minted = {<<p1, 1>>, <<p2, 1>>, <<p2, 2>>}
/\ doc = (p1 :> <<p1, 1>> @@ p2 :> Nil)
/\ seq = 2
/\ tomb = (p1 :> Nil @@ p2 :> <<p2, 1>>)
/\ base = (<<p1, 1>> :> Nil @@ <<p1, 2>> :> Nil @@ <<p1, 3>> :> Nil @@ <<p1, 4>> :> Nil @@ <<p2, 1>> :> Nil @@ <<p2, 2>> :> Nil @@ <<p2, 3>> :> Nil @@ <<p2, 4>> :> Nil)
/\ acked = {}
/\ conflicts = {}
/\ holder = "none"
/\ nextGen = 3
/\ ui = 1
/\ reqs = 1
/\ barriers = 0
/\ w = (A :> [deletes |-> {}, uploads |-> {}, gone |-> {}, pc |-> "idle", unlinked |-> {}, st |-> "on", sStage |-> "saved", local |-> (p1 :> <<p1, 1>> @@ p2 :> <<p2, 1>>), baseline |-> (p1 :> <<p1, 1>> @@ p2 :> <<p2, 1>>), sDrop |-> {p2}, sKeep |-> {}, sHeld |-> (p1 :> Nil @@ p2 :> Nil), integrated |-> {1}, snap |-> (p1 :> Nil @@ p2 :> Nil), upDone |-> {}, verified |-> FALSE, inst |-> (p1 :> <<p1, 1>> @@ p2 :> <<p2, 1>>), retire |-> {}, collected |-> FALSE, adv |-> FALSE, synced |-> 1, derived |-> 1, skipped |-> {}, scope |-> {p1, p2}, sTgt |-> {p1}, memo |-> 0, rnow |-> 0])
/\ took = (A :> (p1 :> {1} @@ p2 :> {1}))
/\ gw = (p1 :> Nil @@ p2 :> <<p2, 2>>)
/\ mv = Nil
/\ udel = {<<p2, <<p2, 1>>>>}
/\ restarts = 0
/\ syncs = 0
/\ regressed = FALSE
/\ rescopes = 1
/\ fails = 0
/\ upped = {<<p1, 1>>, <<p2, 1>>, <<p2, 2>>}
/\ copies = 0
/\ orig = (<<p1, 1>> :> Nil @@ <<p1, 2>> :> Nil @@ <<p1, 3>> :> Nil @@ <<p1, 4>> :> Nil @@ <<p2, 1>> :> Nil @@ <<p2, 2>> :> Nil @@ <<p2, 3>> :> Nil @@ <<p2, 4>> :> Nil)
/\ retiring = {<<p2, 1>>}
/\ aged = {}
/\ ages = 0
/\ rdoc = (p1 :> Nil @@ p2 :> Nil)
/\ rlag = TRUE

State 6:
/\ live = {<<p1, 1>>, <<p2, 1>>, <<p2, 2>>}
/\ minted = {<<p1, 1>>, <<p2, 1>>, <<p2, 2>>}
/\ doc = (p1 :> <<p1, 1>> @@ p2 :> Nil)
/\ seq = 2
/\ tomb = (p1 :> Nil @@ p2 :> <<p2, 1>>)
/\ base = (<<p1, 1>> :> Nil @@ <<p1, 2>> :> Nil @@ <<p1, 3>> :> Nil @@ <<p1, 4>> :> Nil @@ <<p2, 1>> :> Nil @@ <<p2, 2>> :> Nil @@ <<p2, 3>> :> Nil @@ <<p2, 4>> :> Nil)
/\ acked = {}
/\ conflicts = {}
/\ holder = "none"
/\ nextGen = 3
/\ ui = 1
/\ reqs = 1
/\ barriers = 0
/\ w = (A :> [deletes |-> {}, uploads |-> {}, gone |-> {}, pc |-> "idle", unlinked |-> {}, st |-> "on", sStage |-> "mid", local |-> (p1 :> <<p1, 1>> @@ p2 :> <<p2, 1>>), baseline |-> (p1 :> <<p1, 1>> @@ p2 :> Nil), sDrop |-> {p2}, sKeep |-> {}, sHeld |-> (p1 :> Nil @@ p2 :> <<p2, 1>>), integrated |-> {1}, snap |-> (p1 :> Nil @@ p2 :> Nil), upDone |-> {}, verified |-> FALSE, inst |-> (p1 :> <<p1, 1>> @@ p2 :> <<p2, 1>>), retire |-> {}, collected |-> FALSE, adv |-> FALSE, synced |-> 1, derived |-> 1, skipped |-> {}, scope |-> {p1, p2}, sTgt |-> {p1}, memo |-> 0, rnow |-> 0])
/\ took = (A :> (p1 :> {1} @@ p2 :> {1}))
/\ gw = (p1 :> Nil @@ p2 :> <<p2, 2>>)
/\ mv = Nil
/\ udel = {<<p2, <<p2, 1>>>>}
/\ restarts = 0
/\ syncs = 0
/\ regressed = FALSE
/\ rescopes = 1
/\ fails = 0
/\ upped = {<<p1, 1>>, <<p2, 1>>, <<p2, 2>>}
/\ copies = 0
/\ orig = (<<p1, 1>> :> Nil @@ <<p1, 2>> :> Nil @@ <<p1, 3>> :> Nil @@ <<p1, 4>> :> Nil @@ <<p2, 1>> :> Nil @@ <<p2, 2>> :> Nil @@ <<p2, 3>> :> Nil @@ <<p2, 4>> :> Nil)
/\ retiring = {<<p2, 1>>}
/\ aged = {}
/\ ages = 0
/\ rdoc = (p1 :> Nil @@ p2 :> Nil)
/\ rlag = TRUE

State 7:
/\ live = {<<p1, 1>>, <<p2, 1>>, <<p2, 2>>}
/\ minted = {<<p1, 1>>, <<p2, 1>>, <<p2, 2>>}
/\ doc = (p1 :> <<p1, 1>> @@ p2 :> Nil)
/\ seq = 2
/\ tomb = (p1 :> Nil @@ p2 :> <<p2, 1>>)
/\ base = (<<p1, 1>> :> Nil @@ <<p1, 2>> :> Nil @@ <<p1, 3>> :> Nil @@ <<p1, 4>> :> Nil @@ <<p2, 1>> :> Nil @@ <<p2, 2>> :> Nil @@ <<p2, 3>> :> Nil @@ <<p2, 4>> :> Nil)
/\ acked = {}
/\ conflicts = {}
/\ holder = "none"
/\ nextGen = 3
/\ ui = 1
/\ reqs = 1
/\ barriers = 0
/\ w = (A :> [deletes |-> {}, uploads |-> {}, gone |-> {}, pc |-> "idle", unlinked |-> {p2}, st |-> "on", sStage |-> "none", local |-> (p1 :> <<p1, 1>> @@ p2 :> Nil), baseline |-> (p1 :> <<p1, 1>> @@ p2 :> Nil), sDrop |-> {}, sKeep |-> {}, sHeld |-> (p1 :> Nil @@ p2 :> Nil), integrated |-> {1}, snap |-> (p1 :> Nil @@ p2 :> Nil), upDone |-> {}, verified |-> FALSE, inst |-> (p1 :> <<p1, 1>> @@ p2 :> <<p2, 1>>), retire |-> {}, collected |-> FALSE, adv |-> FALSE, synced |-> 2, derived |-> 0, skipped |-> {}, scope |-> {p1}, sTgt |-> {}, memo |-> 0, rnow |-> 0])
/\ took = (A :> (p1 :> {1} @@ p2 :> {1}))
/\ gw = (p1 :> Nil @@ p2 :> <<p2, 2>>)
/\ mv = Nil
/\ udel = {<<p2, <<p2, 1>>>>}
/\ restarts = 0
/\ syncs = 0
/\ regressed = FALSE
/\ rescopes = 1
/\ fails = 0
/\ upped = {<<p1, 1>>, <<p2, 1>>, <<p2, 2>>}
/\ copies = 0
/\ orig = (<<p1, 1>> :> Nil @@ <<p1, 2>> :> Nil @@ <<p1, 3>> :> Nil @@ <<p1, 4>> :> Nil @@ <<p2, 1>> :> Nil @@ <<p2, 2>> :> Nil @@ <<p2, 3>> :> Nil @@ <<p2, 4>> :> Nil)
/\ retiring = {<<p2, 1>>}
/\ aged = {}
/\ ages = 0
/\ rdoc = (p1 :> Nil @@ p2 :> Nil)
/\ rlag = TRUE

State 8:
/\ live = {<<p1, 1>>, <<p2, 1>>, <<p2, 2>>}
/\ minted = {<<p1, 1>>, <<p2, 1>>, <<p2, 2>>}
/\ doc = (p1 :> <<p1, 1>> @@ p2 :> Nil)
/\ seq = 2
/\ tomb = (p1 :> Nil @@ p2 :> <<p2, 1>>)
/\ base = (<<p1, 1>> :> Nil @@ <<p1, 2>> :> Nil @@ <<p1, 3>> :> Nil @@ <<p1, 4>> :> Nil @@ <<p2, 1>> :> Nil @@ <<p2, 2>> :> Nil @@ <<p2, 3>> :> Nil @@ <<p2, 4>> :> Nil)
/\ acked = {}
/\ conflicts = {}
/\ holder = "none"
/\ nextGen = 3
/\ ui = 1
/\ reqs = 1
/\ barriers = 0
/\ w = (A :> [deletes |-> {}, uploads |-> {}, gone |-> {}, pc |-> "idle", unlinked |-> {p2}, st |-> "on", sStage |-> "saved", local |-> (p1 :> <<p1, 1>> @@ p2 :> Nil), baseline |-> (p1 :> <<p1, 1>> @@ p2 :> Nil), sDrop |-> {}, sKeep |-> {}, sHeld |-> (p1 :> Nil @@ p2 :> Nil), integrated |-> {1}, snap |-> (p1 :> Nil @@ p2 :> Nil), upDone |-> {}, verified |-> FALSE, inst |-> (p1 :> <<p1, 1>> @@ p2 :> <<p2, 1>>), retire |-> {}, collected |-> FALSE, adv |-> FALSE, synced |-> 2, derived |-> 0, skipped |-> {}, scope |-> {p1}, sTgt |-> {p1, p2}, memo |-> 0, rnow |-> 0])
/\ took = (A :> (p1 :> {1} @@ p2 :> {1}))
/\ gw = (p1 :> Nil @@ p2 :> <<p2, 2>>)
/\ mv = Nil
/\ udel = {<<p2, <<p2, 1>>>>}
/\ restarts = 0
/\ syncs = 0
/\ regressed = FALSE
/\ rescopes = 2
/\ fails = 0
/\ upped = {<<p1, 1>>, <<p2, 1>>, <<p2, 2>>}
/\ copies = 0
/\ orig = (<<p1, 1>> :> Nil @@ <<p1, 2>> :> Nil @@ <<p1, 3>> :> Nil @@ <<p1, 4>> :> Nil @@ <<p2, 1>> :> Nil @@ <<p2, 2>> :> Nil @@ <<p2, 3>> :> Nil @@ <<p2, 4>> :> Nil)
/\ retiring = {<<p2, 1>>}
/\ aged = {}
/\ ages = 0
/\ rdoc = (p1 :> Nil @@ p2 :> Nil)
/\ rlag = TRUE

State 9:
/\ live = {<<p1, 1>>, <<p2, 1>>, <<p2, 2>>}
/\ minted = {<<p1, 1>>, <<p2, 1>>, <<p2, 2>>}
/\ doc = (p1 :> <<p1, 1>> @@ p2 :> Nil)
/\ seq = 2
/\ tomb = (p1 :> Nil @@ p2 :> <<p2, 1>>)
/\ base = (<<p1, 1>> :> Nil @@ <<p1, 2>> :> Nil @@ <<p1, 3>> :> Nil @@ <<p1, 4>> :> Nil @@ <<p2, 1>> :> Nil @@ <<p2, 2>> :> Nil @@ <<p2, 3>> :> Nil @@ <<p2, 4>> :> Nil)
/\ acked = {}
/\ conflicts = {}
/\ holder = "none"
/\ nextGen = 3
/\ ui = 1
/\ reqs = 1
/\ barriers = 0
/\ w = (A :> [deletes |-> {}, uploads |-> {}, gone |-> {}, pc |-> "idle", unlinked |-> {p2}, st |-> "on", sStage |-> "mid", local |-> (p1 :> <<p1, 1>> @@ p2 :> Nil), baseline |-> (p1 :> <<p1, 1>> @@ p2 :> Nil), sDrop |-> {}, sKeep |-> {}, sHeld |-> (p1 :> Nil @@ p2 :> Nil), integrated |-> {1}, snap |-> (p1 :> Nil @@ p2 :> Nil), upDone |-> {}, verified |-> FALSE, inst |-> (p1 :> <<p1, 1>> @@ p2 :> <<p2, 1>>), retire |-> {}, collected |-> FALSE, adv |-> FALSE, synced |-> 2, derived |-> 0, skipped |-> {}, scope |-> {p1}, sTgt |-> {p1, p2}, memo |-> 0, rnow |-> 0])
/\ took = (A :> (p1 :> {1} @@ p2 :> {1}))
/\ gw = (p1 :> Nil @@ p2 :> <<p2, 2>>)
/\ mv = Nil
/\ udel = {<<p2, <<p2, 1>>>>}
/\ restarts = 0
/\ syncs = 0
/\ regressed = FALSE
/\ rescopes = 2
/\ fails = 0
/\ upped = {<<p1, 1>>, <<p2, 1>>, <<p2, 2>>}
/\ copies = 0
/\ orig = (<<p1, 1>> :> Nil @@ <<p1, 2>> :> Nil @@ <<p1, 3>> :> Nil @@ <<p1, 4>> :> Nil @@ <<p2, 1>> :> Nil @@ <<p2, 2>> :> Nil @@ <<p2, 3>> :> Nil @@ <<p2, 4>> :> Nil)
/\ retiring = {<<p2, 1>>}
/\ aged = {}
/\ ages = 0
/\ rdoc = (p1 :> Nil @@ p2 :> Nil)
/\ rlag = TRUE

State 10:
/\ live = {<<p1, 1>>, <<p2, 1>>, <<p2, 2>>}
/\ minted = {<<p1, 1>>, <<p2, 1>>, <<p2, 2>>}
/\ doc = (p1 :> <<p1, 1>> @@ p2 :> Nil)
/\ seq = 2
/\ tomb = (p1 :> Nil @@ p2 :> <<p2, 1>>)
/\ base = (<<p1, 1>> :> Nil @@ <<p1, 2>> :> Nil @@ <<p1, 3>> :> Nil @@ <<p1, 4>> :> Nil @@ <<p2, 1>> :> Nil @@ <<p2, 2>> :> Nil @@ <<p2, 3>> :> Nil @@ <<p2, 4>> :> Nil)
/\ acked = {}
/\ conflicts = {}
/\ holder = "none"
/\ nextGen = 3
/\ ui = 1
/\ reqs = 1
/\ barriers = 0
/\ w = (A :> [deletes |-> {}, uploads |-> {}, gone |-> {}, pc |-> "idle", unlinked |-> {p2}, st |-> "on", sStage |-> "none", local |-> (p1 :> <<p1, 1>> @@ p2 :> Nil), baseline |-> (p1 :> <<p1, 1>> @@ p2 :> Nil), sDrop |-> {}, sKeep |-> {}, sHeld |-> (p1 :> Nil @@ p2 :> Nil), integrated |-> {1}, snap |-> (p1 :> Nil @@ p2 :> Nil), upDone |-> {}, verified |-> FALSE, inst |-> (p1 :> <<p1, 1>> @@ p2 :> <<p2, 1>>), retire |-> {}, collected |-> FALSE, adv |-> FALSE, synced |-> 2, derived |-> 0, skipped |-> {}, scope |-> {p1, p2}, sTgt |-> {}, memo |-> 0, rnow |-> 0])
/\ took = (A :> (p1 :> {1} @@ p2 :> {1}))
/\ gw = (p1 :> Nil @@ p2 :> <<p2, 2>>)
/\ mv = Nil
/\ udel = {<<p2, <<p2, 1>>>>}
/\ restarts = 0
/\ syncs = 0
/\ regressed = FALSE
/\ rescopes = 2
/\ fails = 0
/\ upped = {<<p1, 1>>, <<p2, 1>>, <<p2, 2>>}
/\ copies = 0
/\ orig = (<<p1, 1>> :> Nil @@ <<p1, 2>> :> Nil @@ <<p1, 3>> :> Nil @@ <<p1, 4>> :> Nil @@ <<p2, 1>> :> Nil @@ <<p2, 2>> :> Nil @@ <<p2, 3>> :> Nil @@ <<p2, 4>> :> Nil)
/\ retiring = {<<p2, 1>>}
/\ aged = {}
/\ ages = 0
/\ rdoc = (p1 :> Nil @@ p2 :> Nil)
/\ rlag = TRUE

State 11:
/\ live = {<<p1, 1>>, <<p2, 1>>, <<p2, 2>>}
/\ minted = {<<p1, 1>>, <<p2, 1>>, <<p2, 2>>}
/\ doc = (p1 :> <<p1, 1>> @@ p2 :> <<p2, 2>>)
/\ seq = 3
/\ tomb = (p1 :> Nil @@ p2 :> Nil)
/\ base = (<<p1, 1>> :> Nil @@ <<p1, 2>> :> Nil @@ <<p1, 3>> :> Nil @@ <<p1, 4>> :> Nil @@ <<p2, 1>> :> Nil @@ <<p2, 2>> :> Nil @@ <<p2, 3>> :> Nil @@ <<p2, 4>> :> Nil)
/\ acked = {<<p2, <<p2, 2>>>>}
/\ conflicts = {}
/\ holder = "none"
/\ nextGen = 3
/\ ui = 1
/\ reqs = 1
/\ barriers = 0
/\ w = (A :> [deletes |-> {}, uploads |-> {}, gone |-> {}, pc |-> "idle", unlinked |-> {p2}, st |-> "on", sStage |-> "none", local |-> (p1 :> <<p1, 1>> @@ p2 :> Nil), baseline |-> (p1 :> <<p1, 1>> @@ p2 :> Nil), sDrop |-> {}, sKeep |-> {}, sHeld |-> (p1 :> Nil @@ p2 :> Nil), integrated |-> {1}, snap |-> (p1 :> Nil @@ p2 :> Nil), upDone |-> {}, verified |-> FALSE, inst |-> (p1 :> <<p1, 1>> @@ p2 :> <<p2, 1>>), retire |-> {}, collected |-> FALSE, adv |-> FALSE, synced |-> 2, derived |-> 0, skipped |-> {}, scope |-> {p1, p2}, sTgt |-> {}, memo |-> 0, rnow |-> 0])
/\ took = (A :> (p1 :> {1} @@ p2 :> {1}))
/\ gw = (p1 :> Nil @@ p2 :> Nil)
/\ mv = Nil
/\ udel = {<<p2, <<p2, 1>>>>}
/\ restarts = 0
/\ syncs = 0
/\ regressed = FALSE
/\ rescopes = 2
/\ fails = 0
/\ upped = {<<p1, 1>>, <<p2, 1>>, <<p2, 2>>}
/\ copies = 0
/\ orig = (<<p1, 1>> :> Nil @@ <<p1, 2>> :> Nil @@ <<p1, 3>> :> Nil @@ <<p1, 4>> :> Nil @@ <<p2, 1>> :> Nil @@ <<p2, 2>> :> Nil @@ <<p2, 3>> :> Nil @@ <<p2, 4>> :> Nil)
/\ retiring = {<<p2, 1>>}
/\ aged = {}
/\ ages = 0
/\ rdoc = (p1 :> Nil @@ p2 :> Nil)
/\ rlag = TRUE

State 12:
/\ live = {<<p1, 1>>, <<p2, 1>>, <<p2, 2>>}
/\ minted = {<<p1, 1>>, <<p2, 1>>, <<p2, 2>>}
/\ doc = (p1 :> <<p1, 1>> @@ p2 :> <<p2, 2>>)
/\ seq = 3
/\ tomb = (p1 :> Nil @@ p2 :> Nil)
/\ base = (<<p1, 1>> :> Nil @@ <<p1, 2>> :> Nil @@ <<p1, 3>> :> Nil @@ <<p1, 4>> :> Nil @@ <<p2, 1>> :> Nil @@ <<p2, 2>> :> Nil @@ <<p2, 3>> :> Nil @@ <<p2, 4>> :> Nil)
/\ acked = {<<p2, <<p2, 2>>>>}
/\ conflicts = {}
/\ holder = "none"
/\ nextGen = 3
/\ ui = 1
/\ reqs = 1
/\ barriers = 0
/\ w = (A :> [deletes |-> {}, uploads |-> {}, gone |-> {}, pc |-> "consumed", unlinked |-> {p2}, st |-> "on", sStage |-> "none", local |-> (p1 :> <<p1, 1>> @@ p2 :> <<p2, 2>>), baseline |-> (p1 :> <<p1, 1>> @@ p2 :> <<p2, 2>>), sDrop |-> {}, sKeep |-> {}, sHeld |-> (p1 :> Nil @@ p2 :> Nil), integrated |-> {1, 2}, snap |-> (p1 :> Nil @@ p2 :> Nil), upDone |-> {}, verified |-> FALSE, inst |-> (p1 :> <<p1, 1>> @@ p2 :> <<p2, 1>>), retire |-> {}, collected |-> FALSE, adv |-> FALSE, synced |-> 3, derived |-> 3, skipped |-> {}, scope |-> {p1, p2}, sTgt |-> {}, memo |-> 0, rnow |-> 0])
/\ took = (A :> (p1 :> {1} @@ p2 :> {1, 2}))
/\ gw = (p1 :> Nil @@ p2 :> Nil)
/\ mv = Nil
/\ udel = {<<p2, <<p2, 1>>>>}
/\ restarts = 0
/\ syncs = 0
/\ regressed = FALSE
/\ rescopes = 2
/\ fails = 0
/\ upped = {<<p1, 1>>, <<p2, 1>>, <<p2, 2>>}
/\ copies = 0
/\ orig = (<<p1, 1>> :> Nil @@ <<p1, 2>> :> Nil @@ <<p1, 3>> :> Nil @@ <<p1, 4>> :> Nil @@ <<p2, 1>> :> Nil @@ <<p2, 2>> :> Nil @@ <<p2, 3>> :> Nil @@ <<p2, 4>> :> Nil)
/\ retiring = {<<p2, 1>>}
/\ aged = {}
/\ ages = 0
/\ rdoc = (p1 :> Nil @@ p2 :> Nil)
/\ rlag = TRUE

State 13:
/\ live = {<<p1, 1>>, <<p2, 1>>, <<p2, 2>>}
/\ minted = {<<p1, 1>>, <<p2, 1>>, <<p2, 2>>}
/\ doc = (p1 :> <<p1, 1>> @@ p2 :> <<p2, 2>>)
/\ seq = 3
/\ tomb = (p1 :> Nil @@ p2 :> Nil)
/\ base = (<<p1, 1>> :> Nil @@ <<p1, 2>> :> Nil @@ <<p1, 3>> :> Nil @@ <<p1, 4>> :> Nil @@ <<p2, 1>> :> Nil @@ <<p2, 2>> :> Nil @@ <<p2, 3>> :> Nil @@ <<p2, 4>> :> Nil)
/\ acked = {<<p2, <<p2, 2>>>>}
/\ conflicts = {}
/\ holder = "none"
/\ nextGen = 3
/\ ui = 1
/\ reqs = 1
/\ barriers = 1
/\ w = (A :> [deletes |-> {}, uploads |-> {}, gone |-> {}, pc |-> "idle", unlinked |-> {p2}, st |-> "on", sStage |-> "none", local |-> (p1 :> <<p1, 1>> @@ p2 :> <<p2, 2>>), baseline |-> (p1 :> <<p1, 1>> @@ p2 :> <<p2, 2>>), sDrop |-> {}, sKeep |-> {}, sHeld |-> (p1 :> Nil @@ p2 :> Nil), integrated |-> {1, 2}, snap |-> (p1 :> Nil @@ p2 :> Nil), upDone |-> {}, verified |-> FALSE, inst |-> (p1 :> <<p1, 1>> @@ p2 :> <<p2, 1>>), retire |-> {}, collected |-> FALSE, adv |-> FALSE, synced |-> 3, derived |-> 3, skipped |-> {}, scope |-> {p1, p2}, sTgt |-> {}, memo |-> 0, rnow |-> 0])
/\ took = (A :> (p1 :> {1} @@ p2 :> {1, 2}))
/\ gw = (p1 :> Nil @@ p2 :> Nil)
/\ mv = Nil
/\ udel = {<<p2, <<p2, 1>>>>}
/\ restarts = 0
/\ syncs = 0
/\ regressed = FALSE
/\ rescopes = 2
/\ fails = 0
/\ upped = {<<p1, 1>>, <<p2, 1>>, <<p2, 2>>}
/\ copies = 0
/\ orig = (<<p1, 1>> :> Nil @@ <<p1, 2>> :> Nil @@ <<p1, 3>> :> Nil @@ <<p1, 4>> :> Nil @@ <<p2, 1>> :> Nil @@ <<p2, 2>> :> Nil @@ <<p2, 3>> :> Nil @@ <<p2, 4>> :> Nil)
/\ retiring = {<<p2, 1>>}
/\ aged = {}
/\ ages = 0
/\ rdoc = (p1 :> Nil @@ p2 :> Nil)
/\ rlag = TRUE

State 14:
/\ live = {<<p1, 1>>, <<p2, 1>>, <<p2, 2>>}
/\ minted = {<<p1, 1>>, <<p2, 1>>, <<p2, 2>>}
/\ doc = (p1 :> <<p1, 1>> @@ p2 :> <<p2, 2>>)
/\ seq = 3
/\ tomb = (p1 :> Nil @@ p2 :> Nil)
/\ base = (<<p1, 1>> :> Nil @@ <<p1, 2>> :> Nil @@ <<p1, 3>> :> Nil @@ <<p1, 4>> :> Nil @@ <<p2, 1>> :> Nil @@ <<p2, 2>> :> Nil @@ <<p2, 3>> :> Nil @@ <<p2, 4>> :> Nil)
/\ acked = {<<p2, <<p2, 2>>>>}
/\ conflicts = {}
/\ holder = "none"
/\ nextGen = 3
/\ ui = 1
/\ reqs = 1
/\ barriers = 1
/\ w = (A :> [deletes |-> {}, uploads |-> {}, gone |-> {}, pc |-> "idle", unlinked |-> {p2}, st |-> "on", sStage |-> "saved", local |-> (p1 :> <<p1, 1>> @@ p2 :> <<p2, 2>>), baseline |-> (p1 :> <<p1, 1>> @@ p2 :> <<p2, 2>>), sDrop |-> {p2}, sKeep |-> {}, sHeld |-> (p1 :> Nil @@ p2 :> Nil), integrated |-> {1, 2}, snap |-> (p1 :> Nil @@ p2 :> Nil), upDone |-> {}, verified |-> FALSE, inst |-> (p1 :> <<p1, 1>> @@ p2 :> <<p2, 1>>), retire |-> {}, collected |-> FALSE, adv |-> FALSE, synced |-> 3, derived |-> 3, skipped |-> {}, scope |-> {p1, p2}, sTgt |-> {p1}, memo |-> 0, rnow |-> 0])
/\ took = (A :> (p1 :> {1} @@ p2 :> {1, 2}))
/\ gw = (p1 :> Nil @@ p2 :> Nil)
/\ mv = Nil
/\ udel = {<<p2, <<p2, 1>>>>}
/\ restarts = 0
/\ syncs = 0
/\ regressed = FALSE
/\ rescopes = 3
/\ fails = 0
/\ upped = {<<p1, 1>>, <<p2, 1>>, <<p2, 2>>}
/\ copies = 0
/\ orig = (<<p1, 1>> :> Nil @@ <<p1, 2>> :> Nil @@ <<p1, 3>> :> Nil @@ <<p1, 4>> :> Nil @@ <<p2, 1>> :> Nil @@ <<p2, 2>> :> Nil @@ <<p2, 3>> :> Nil @@ <<p2, 4>> :> Nil)
/\ retiring = {<<p2, 1>>}
/\ aged = {}
/\ ages = 0
/\ rdoc = (p1 :> Nil @@ p2 :> Nil)
/\ rlag = TRUE

State 15:
/\ live = {<<p1, 1>>, <<p2, 1>>, <<p2, 2>>}
/\ minted = {<<p1, 1>>, <<p2, 1>>, <<p2, 2>>}
/\ doc = (p1 :> <<p1, 1>> @@ p2 :> <<p2, 2>>)
/\ seq = 3
/\ tomb = (p1 :> Nil @@ p2 :> Nil)
/\ base = (<<p1, 1>> :> Nil @@ <<p1, 2>> :> Nil @@ <<p1, 3>> :> Nil @@ <<p1, 4>> :> Nil @@ <<p2, 1>> :> Nil @@ <<p2, 2>> :> Nil @@ <<p2, 3>> :> Nil @@ <<p2, 4>> :> Nil)
/\ acked = {<<p2, <<p2, 2>>>>}
/\ conflicts = {}
/\ holder = "none"
/\ nextGen = 3
/\ ui = 1
/\ reqs = 1
/\ barriers = 1
/\ w = (A :> [deletes |-> {}, uploads |-> {}, gone |-> {}, pc |-> "idle", unlinked |-> {p2}, st |-> "on", sStage |-> "mid", local |-> (p1 :> <<p1, 1>> @@ p2 :> <<p2, 2>>), baseline |-> (p1 :> <<p1, 1>> @@ p2 :> Nil), sDrop |-> {p2}, sKeep |-> {}, sHeld |-> (p1 :> Nil @@ p2 :> <<p2, 2>>), integrated |-> {1, 2}, snap |-> (p1 :> Nil @@ p2 :> Nil), upDone |-> {}, verified |-> FALSE, inst |-> (p1 :> <<p1, 1>> @@ p2 :> <<p2, 1>>), retire |-> {}, collected |-> FALSE, adv |-> FALSE, synced |-> 3, derived |-> 3, skipped |-> {}, scope |-> {p1, p2}, sTgt |-> {p1}, memo |-> 0, rnow |-> 0])
/\ took = (A :> (p1 :> {1} @@ p2 :> {1, 2}))
/\ gw = (p1 :> Nil @@ p2 :> Nil)
/\ mv = Nil
/\ udel = {<<p2, <<p2, 1>>>>}
/\ restarts = 0
/\ syncs = 0
/\ regressed = FALSE
/\ rescopes = 3
/\ fails = 0
/\ upped = {<<p1, 1>>, <<p2, 1>>, <<p2, 2>>}
/\ copies = 0
/\ orig = (<<p1, 1>> :> Nil @@ <<p1, 2>> :> Nil @@ <<p1, 3>> :> Nil @@ <<p1, 4>> :> Nil @@ <<p2, 1>> :> Nil @@ <<p2, 2>> :> Nil @@ <<p2, 3>> :> Nil @@ <<p2, 4>> :> Nil)
/\ retiring = {<<p2, 1>>}
/\ aged = {}
/\ ages = 0
/\ rdoc = (p1 :> Nil @@ p2 :> Nil)
/\ rlag = TRUE

Error: Invariant M1R3Ctl is violated.
7726277 states generated, 2620933 distinct states found. Depth 14. Checked in 59.696s (43905 distinct/s).

real	0m59.716s
user	1m57.130s
sys	0m0.611s
rc=12 14:28:37Z
