tlc-rs: MCLeanP1M1 (31 variables, 0 symmetry permutations), 8 workers, generated engine; loaded in 0.003s
progress: depth 14, 5669196 generated, 1932450 distinct (0 fingerprint spills), 721591 on queue (219063 on disk), 11.5s
progress: depth 16, 13013234 generated, 4363712 distinct (0 fingerprint spills), 1412717 on queue (912749 on disk), 27.0s
progress: depth 17, 18755811 generated, 6263633 distinct (0 fingerprint spills), 1899921 on queue (1401233 on disk), 39.4s
progress: depth 18, 26199601 generated, 8702393 distinct (0 fingerprint spills), 2438760 on queue (1942376 on disk), 55.6s
progress: depth 19, 35501348 generated, 11735466 distinct (0 fingerprint spills), 3033073 on queue (2537969 on disk), 76.1s
progress: depth 20, 46794711 generated, 15399457 distinct (0 fingerprint spills), 3663991 on queue (3171191 on disk), 101.3s
progress: depth 21, 60000685 generated, 19638456 distinct (0 fingerprint spills), 4238999 on queue (3747735 on disk), 131.7s
progress: depth 22, 74885334 generated, 24381511 distinct (0 fingerprint spills), 4743055 on queue (4253327 on disk), 165.7s
progress: depth 23, 91229573 generated, 29568577 distinct (0 fingerprint spills), 5187066 on queue (4698362 on disk), 219.6s
progress: depth 24, 108663668 generated, 35054875 distinct (0 fingerprint spills), 5486298 on queue (4999130 on disk), 281.1s
progress: depth 25, 126603020 generated, 40619037 distinct (0 fingerprint spills), 5564162 on queue (5078018 on disk), 338.0s
progress: depth 26, 144260833 generated, 46006542 distinct (0 fingerprint spills), 5387505 on queue (4902385 on disk), 385.9s
progress: depth 27, 160757281 generated, 50964679 distinct (0 fingerprint spills), 4958137 on queue (4474041 on disk), 430.2s
progress: depth 28, 175463509 generated, 55324567 distinct (0 fingerprint spills), 4359888 on queue (3875536 on disk), 460.4s
progress: depth 29, 188105359 generated, 59042853 distinct (0 fingerprint spills), 3718286 on queue (3234446 on disk), 486.6s
progress: depth 30, 198743633 generated, 62178365 distinct (0 fingerprint spills), 3135512 on queue (2650904 on disk), 508.8s
progress: depth 31, 207580709 generated, 64696244 distinct (0 fingerprint spills), 2517879 on queue (2033271 on disk), 527.4s
progress: depth 32, 214326304 generated, 66408326 distinct (0 fingerprint spills), 1712082 on queue (1227986 on disk), 541.5s
progress: depth 34, 220397944 generated, 67622490 distinct (0 fingerprint spills), 328574 on queue (0 on disk), 554.2s
Model checking completed. No error has been found.
221095194 states generated, 67707098 distinct states found. Depth 37. Checked in 555.710s (121839 distinct/s).

real	9m15.747s
user	58m29.518s
sys	0m26.747s
rc=0 16:14:54Z
