1 640 0
2 630 0
3 720 0
4 770 0
5 730 0
6 690 0
7 710 0
8 710 0
9 740 0
10 730 0
11 730 0
12 630 0
13 830 0
14 720 0
15 860 0
16 700 0
17 720 0
18 770 0
19 710 0
20 710 0
21 730 0
22 780 0
23 780 0
24 760 0
25 740 0
26 790 0
27 770 0
28 760 0
29 810 0
30 770 0
31 700 0
32 750 0
33 720 0
34 710 0
35 670 0
36 680 0
37 900 0
38 750 0
39 720 0
40 1060 0
41 790 0
42 750 0
43 660 0
44 750 0
45 720 0
46 800 0
47 760 0
48 760 0
49 840 0
50 740 0
51 780 0
52 710 0
53 760 0
54 750 0
55 750 0
56 710 0
57 740 0
58 790 0
59 1020 0
60 860 0
61 730 0
62 740 0
63 750 0
64 770 0
65 710 0
66 750 0
67 730 0
68 5730 0
69 750 0
70 780 0
71 870 0
72 710 0
73 800 0
74 740 0
75 760 0
76 770 0
77 850 0
78 800 0
79 740 0
80 810 0
81 770 0
82 940 0
83 810 0
84 740 0
85 870 0
86 730 0
87 750 0
88 700 0
89 740 0
90 780 0
91 770 0
92 830 0
93 770 0
94 810 0
95 910 0
96 740 0
97 800 0
98 750 0
99 830 0
100 760 0
101 820 0
102 840 0
103 750 0
104 790 0
105 760 0
106 720 0
107 770 0
108 870 0
109 760 0
110 670 0
111 890 0
112 760 0
113 740 0
114 840 0
115 750 0
116 830 0
117 820 0
118 730 0
119 760 0
120 740 0
121 690 0
122 790 0
123 890 0
124 760 0
125 880 0
126 780 0
127 700 0
128 810 0
129 770 0
130 790 0
131 770 0
132 900 0
133 810 0
134 920 0
135 710 0
136 770 0
137 860 0
138 720 0
139 850 0
140 770 0
141 750 0
142 850 0
143 720 0
144 670 0
145 770 0
146 790 0
147 900 0
148 700 0
149 780 0
150 870 0
151 900 0
152 750 0
153 790 0
154 760 0
155 840 0
156 820 0
157 820 0
158 820 0
159 740 0
160 750 0
161 830 0
162 750 0
163 769 0
164 840 0
165 740 0
166 780 0
167 780 0
168 800 0
169 760 0
170 760 0
171 851 0
172 830 0
173 820 0
174 779 0
175 770 0
176 810 0
177 790 0
178 800 0
179 790 0
180 821 0
181 709 0
182 911 0
183 741 0
184 780 0
185 820 0
186 700 0
187 810 0
188 770 0
189 740 0
190 830 0
191 821 0
192 780 0
193 790 0
194 690 0
195 680 0
196 779 0
197 810 0
198 800 0
199 740 0
200 760 0
201 820 0
202 790 0
203 799 0
204 750 0
205 770 0
206 710 0
207 820 0
208 790 0
209 790 0
210 910 0
211 801 0
212 890 0
213 850 0
214 770 0
215 720 0
216 730 0
217 809 0
218 750 0
219 720 0
220 781 0
221 729 0
222 891 0
223 820 0
224 780 0
225 970 0
226 759 0
227 750 0
228 980 0
229 810 0
230 860 0
231 710 0
232 759 0
233 910 0
234 920 0
235 689 0
236 860 0
237 761 0
238 800 0
239 870 0
240 771 0
241 750 0
242 790 0
243 740 0
244 870 0
245 810 0
246 691 0
247 809 0
248 909 0
249 800 0
250 840 0
251 840 0
252 840 0
253 920 0
254 831 0
255 781 0
256 850 0
257 849 0
258 830 0
259 880 0
260 941 0
261 830 0
262 860 0
263 940 0
264 811 0
265 911 0
266 831 0
267 791 0
268 1020 0
269 870 0
270 900 0
271 940 0
272 810 0
273 5810 0
274 790 0
275 780 0
276 840 0
277 710 0
278 930 0
279 840 0
280 850 0
281 720 0
282 730 0
283 910 0
284 810 0
285 760 0
286 720 0
287 680 0
288 730 0
289 700 0
290 890 0
291 1050 0
292 1050 0
293 820 0
294 680 0
295 770 0
296 720 0
297 680 0
298 670 0
299 830 0
300 650 0
