1 580 0
2 560 0
3 580 0
4 630 0
5 630 0
6 630 0
7 630 0
8 640 0
9 630 0
10 670 0
11 590 0
12 610 0
13 600 0
14 700 0
15 610 0
16 620 0
17 610 0
18 770 0
19 690 0
20 690 0
21 630 0
22 610 0
23 620 0
24 600 0
25 610 0
26 590 0
27 620 0
28 600 0
29 630 0
30 600 0
31 660 0
32 650 0
33 620 0
34 670 0
35 640 0
36 680 0
37 630 0
38 600 0
39 640 0
40 650 0
41 650 0
42 640 0
43 700 0
44 690 0
45 730 0
46 670 0
47 610 0
48 640 0
49 690 0
50 750 0
51 610 0
52 630 0
53 630 0
54 630 0
55 630 0
56 610 0
57 610 0
58 810 0
59 690 0
60 740 0
61 740 0
62 720 0
63 700 0
64 690 0
65 800 0
66 630 0
67 640 0
68 640 0
69 610 0
70 690 0
71 630 0
72 700 0
73 650 0
74 710 0
75 690 0
76 710 0
77 710 0
78 700 0
79 710 0
80 690 0
81 720 0
82 830 0
83 640 0
84 620 0
85 600 0
86 630 0
87 660 0
88 640 0
89 640 0
90 620 0
91 650 0
92 680 0
93 610 0
94 630 0
95 670 0
96 620 0
97 670 0
98 660 0
99 650 0
100 580 0
101 560 0
102 530 0
103 600 0
104 720 0
105 710 0
106 700 0
107 700 0
108 710 0
109 640 0
110 690 0
111 730 0
112 690 0
113 670 0
114 730 0
115 690 0
116 590 0
117 640 0
118 720 0
119 700 0
120 720 0
121 720 0
122 710 0
123 590 0
124 760 0
125 740 0
126 710 0
127 730 0
128 940 0
129 710 0
130 630 0
131 860 0
132 640 0
133 620 0
134 610 0
135 580 0
136 590 0
137 930 0
138 730 0
139 670 0
140 660 0
141 720 0
142 850 0
143 740 0
144 710 0
145 620 0
146 600 0
147 570 0
148 610 0
149 840 0
150 720 0
151 640 0
152 660 0
153 890 0
154 710 0
155 690 0
156 710 0
157 680 0
158 700 0
159 610 0
160 720 0
161 620 0
162 610 0
163 700 0
164 720 0
165 710 0
166 760 0
167 600 0
168 940 0
169 580 0
170 620 0
171 820 0
172 810 0
173 670 0
174 730 0
175 660 0
176 770 0
177 890 0
178 750 0
179 740 0
180 830 0
181 650 0
182 830 0
183 750 0
184 600 0
185 770 0
186 580 0
187 600 0
188 620 0
189 700 0
190 630 0
191 880 0
192 670 0
193 900 0
194 730 0
195 630 0
196 790 0
197 620 0
198 640 0
199 820 0
200 750 0
201 810 0
202 550 0
203 570 0
204 510 0
205 820 0
206 490 0
207 520 0
208 560 0
209 500 0
210 590 0
211 510 0
212 460 0
213 470 0
214 510 0
215 510 0
216 550 0
217 470 0
218 440 0
219 470 0
220 760 0
221 620 0
222 590 0
223 840 0
224 500 0
225 640 0
226 460 0
227 600 0
228 610 0
229 450 0
230 450 0
231 550 0
232 550 0
233 470 0
234 460 0
235 500 0
236 540 0
237 470 0
238 460 0
239 510 0
240 460 0
241 640 0
242 640 0
243 800 0
244 820 0
245 500 0
246 450 0
247 690 0
248 620 0
249 800 0
250 500 0
251 620 0
252 440 0
253 480 0
254 720 0
255 470 0
256 470 0
257 480 0
258 510 0
259 620 0
260 480 0
261 460 0
262 560 0
263 630 0
264 550 0
265 880 0
266 480 0
267 670 0
268 610 0
269 1360 0
270 480 0
271 820 0
272 750 0
273 650 0
274 540 0
275 490 0
276 510 0
277 450 0
278 450 0
279 450 0
280 480 0
281 510 0
282 450 0
283 460 0
284 500 0
285 450 0
286 440 0
287 480 0
288 490 0
289 500 0
290 490 0
291 500 0
292 450 0
293 460 0
294 520 0
295 470 0
296 460 0
297 470 0
298 470 0
299 460 0
300 530 0
