3538520 1580 0
3540140 155600 0
3538510 1580 0
3540170 155600 0
3538380 1720 0
3540120 155640 0
3538480 1620 0
3540160 155610 0
3538470 1620 0
3540130 155640 0
3538490 1620 0
3540190 155580 0
3538470 1630 0
3540190 155580 0
3538520 1630 0
3540210 155560 0
3538480 1610 0
3540140 155620 0
3538470 1590 0
3540070 155670 0
3538550 1550 0
3540140 155620 0
3538420 1680 0
3540180 155570 0
3538560 1550 0
3540200 155560 0
3538520 1560 0
3540140 155620 0
3538480 1610 0
3540120 155650 0
3538570 1530 0
3540170 155580 0
3538500 1600 0
3540140 155630 0
3538490 1600 0
3540170 155590 0
3538470 1620 0
3540150 155620 0
3538430 1670 0
3540120 155630 0
3538460 1600 0
3540070 155680 0
3538410 1690 0
3540200 155560 0
3538490 1600 0
3540150 155600 0
3538480 1620 0
3540110 155660 0
3538480 1620 0
3540150 155600 0
3538500 1640 0
3540190 155580 0
3538490 1600 0
3540150 155610 0
3538490 1610 0
3540160 155610 0
3538480 1620 0
3540160 155590 0
3538460 1630 0
3540160 155610 0
3538490 1600 0
3540160 155610 0
3538490 1600 0
3540170 155600 0
