3697090 1710 0
3698840 1560 0
3700440 1610 0
3702090 1680 0
3703810 1510 0
3705350 2400 0
3707770 3130 0
3710920 3180 0
3714110 3780 0
3717900 3040 0
3720960 3990 0
3724960 4270 0
3729230 5700 0
3734940 4380 0
3739330 3240 0
3742590 2390 0
3745000 3040 0
3748060 2290 0
3750370 2230 0
3752610 3080 0
3755710 3100 0
3697260 2340 0
3699610 1630 0
3701260 1750 0
3703050 1410 0
3704460 1630 0
3706100 3230 0
3709350 2980 0
3712350 3470 0
3715830 3530 0
3719370 4010 0
3723400 4030 0
3727440 5170 0
3732620 4620 0
3737240 3620 0
3740880 2560 0
3743460 2340 0
3745830 2940 0
3748790 3060 0
3751870 2220 0
3754110 2290 0
3756430 3030 0
3697250 1570 0
3698880 2350 0
3701260 1770 0
3703040 730 0
3703820 1500 0
3705340 3350 0
3708720 2910 0
3711640 3300 0
3714960 4390 0
3719360 3150 0
3722520 4000 0
3726530 5300 0
3731850 4670 0
3736540 4320 0
3740880 2550 0
3743450 3150 0
3746610 2160 0
3748790 2280 0
3751100 2250 0
3753370 2320 0
3755710 3100 0
3697160 1640 0
3698850 1540 0
3700410 1650 0
3702090 1690 0
3703810 2280 0
3706110 3230 0
3709360 2970 0
3712350 4100 0
3716450 3720 0
3720180 3200 0
3723380 3150 0
3726540 5300 0
3731850 4670 0
3736530 4340 0
3740890 2540 0
3743430 2370 0
3745810 2230 0
3748050 2290 0
3750370 2980 0
3753350 2330 0
3755700 3110 0
3697260 2330 0
3699590 1650 0
3701270 1750 0
3703030 730 0
3703770 1540 0
3705350 2390 0
3707760 2300 0
3710080 3120 0
3713230 4660 0
3717900 3030 0
3720950 4000 0
3724970 4260 0
3729230 5700 0
3734950 4360 0
3739330 3240 0
3742600 3200 0
3745820 2220 0
3748050 2290 0
3750340 2240 0
3752600 2300 0
3754920 3110 0
3697220 1580 0
3698860 1540 0
3700440 1620 0
3702100 1680 0
3703830 2250 0
3706110 2570 0
3708710 2920 0
3711650 3290 0
3714950 4400 0
3719370 3140 0
3722520 4010 0
3726530 4420 0
3730960 4830 0
3735810 4280 0
3740100 2470 0
3742600 3200 0
3745820 2950 0
3748790 2290 0
3751100 2250 0
3753370 2320 0
3755710 3100 0
3697180 1640 0
3698870 2380 0
3701290 1730 0
3703070 1380 0
3704460 1620 0
3706100 2600 0
3708700 2200 0
3710910 3190 0
3714110 4520 0
3718650 3050 0
3721720 3230 0
3724970 4950 0
3729930 5860 0
3735810 4290 0
3740110 2470 0
3742600 3210 0
3745820 2950 0
3748790 2290 0
3751100 2990 0
3754100 2300 0
3756410 2400 0
3697200 1600 0
3698870 1530 0
3700440 1610 0
3702090 1690 0
3703830 2250 0
3706110 3230 0
3709350 2980 0
3712330 3490 0
3715840 3510 0
3719370 3140 0
3722530 4000 0
3726540 5290 0
3731840 3940 0
3735790 4310 0
3740120 3310 0
3743450 2350 0
3745820 2950 0
3748800 3050 0
3751870 2210 0
3754110 3080 0
3697160 1620 0
3698790 800 0
3699600 1640 0
3701260 1750 0
3703040 730 0
3703790 1540 0
3705360 2390 0
3707760 3140 0
3710920 3170 0
3714100 3790 0
3717900 3040 0
3720960 3230 0
3724200 4240 0
3728460 6470 0
3734940 4370 0
3739330 3240 0
3742580 2400 0
3744990 3050 0
3748060 2290 0
3750380 2970 0
3753370 2310 0
3755710 2320 0
3697250 1570 0
3698860 1550 0
3700470 1610 0
3702110 1660 0
3703790 1520 0
3705330 3360 0
3708710 2930 0
3711660 3280 0
3714960 4400 0
3719370 3140 0
3722530 4000 0
3726540 5290 0
3731840 4690 0
3736540 4330 0
3740890 2550 0
3743450 3150 0
3746620 2950 0
3749580 2270 0
3751870 3030 0
3754920 2270 0
3757200 2260 0
3697260 2330 0
3699610 1640 0
3701270 1750 0
3703040 1410 0
3704470 2440 0
3706920 3140 0
3710080 3120 0
3713210 3240 0
3716450 3720 0
3720190 3190 0
3723390 4040 0
3727450 5160 0
3732620 4620 0
3737250 4440 0
3741710 3270 0
3745000 3030 0
3748060 2290 0
3750370 2220 0
3752600 2300 0
3754920 2270 0
3757200 2260 0
3697110 1680 0
3698820 1590 0
3700430 1630 0
3702090 1680 0
3703820 2260 0
3706110 2590 0
3708720 2910 0
3711650 3290 0
3714940 3700 0
3718650 3860 0
3722520 3120 0
3725640 4280 0
3729930 5860 0
3735810 4290 0
3740120 3320 0
3743470 3130 0
3746610 2160 0
3748770 2300 0
3751070 3020 0
3754110 3090 0
3697200 1600 0
3698840 1560 0
3700440 1610 0
3702070 1710 0
3703820 2260 0
3706110 2580 0
3708720 2910 0
3711640 2460 0
3714120 4520 0
3718650 3050 0
3721720 3920 0
3725650 4590 0
3730240 5550 0
3735810 4290 0
3740110 2450 0
3742570 2410 0
3745000 3040 0
3748070 2270 0
3750350 2240 0
3752620 2280 0
3754910 2290 0
3697160 1670 0
3698860 1550 0
3700470 1570 0
3702080 1680 0
3703800 1520 0
3705350 3330 0
3708690 2210 0
3710910 3190 0
3714120 4510 0
3718650 3050 0
3721710 3250 0
3724970 4260 0
3729250 5680 0
3734950 4360 0
3739320 3250 0
3742590 2390 0
3745010 3020 0
3748050 2290 0
3750370 2980 0
3753370 2310 0
3755690 2340 0
3697250 1570 0
3698870 1530 0
3700430 1610 0
3702070 940 0
3703030 1430 0
3704480 2420 0
3706910 2430 0
3709360 2980 0
3712350 3470 0
3715840 4330 0
3720180 3200 0
3723400 4030 0
3727450 5160 0
3732620 5300 0
3737930 3760 0
3741700 2510 0
3744230 3030 0
3747280 2290 0
3749590 2250 0
3751860 2230 0
3754110 2290 0
3756420 3040 0
3697190 1630 0
3698860 1540 0
3700440 1610 0
3702070 1710 0
3703810 2270 0
3706120 2570 0
3708700 2200 0
3710920 3180 0
3714110 4520 0
3718650 3050 0
3721700 3260 0
3724970 4950 0
3729920 5860 0
3735790 4300 0
3740100 2470 0
3742580 2400 0
3744990 3050 0
3748050 2290 0
3750360 2230 0
3752610 2290 0
3754910 2280 0
3697190 1610 0
3698830 760 0
3699590 1650 0
3701260 1750 0
3703010 760 0
3703810 2270 0
3706090 2590 0
3708710 2920 0
3711650 3290 0
3714960 4390 0
3719360 3150 0
3722530 4000 0
3726540 5300 0
3731850 4670 0
3736530 4340 0
3740880 2560 0
3743460 3140 0
3746610 2160 0
3748780 2290 0
3751090 2260 0
3753370 3030 0
3756410 2400 0
3697210 1580 0
3698850 1580 0
3700460 1590 0
3702070 1710 0
3703810 1520 0
3705350 3340 0
3708730 2910 0
3711660 3280 0
3714950 3690 0
3718650 3050 0
3721700 3260 0
3724970 4260 0
3729240 5690 0
3734940 3700 0
3738650 3050 0
3741700 2510 0
3744230 3030 0
3747270 2300 0
3749600 2250 0
3751860 2220 0
3754090 2310 0
3756410 2400 0
3697220 1590 0
3698840 1560 0
3700430 1610 0
3702080 1700 0
3703830 2250 0
3706120 2570 0
3708700 2930 0
3711650 3290 0
3714950 3690 0
3718650 3860 0
3722520 3120 0
3725640 4280 0
3729930 5850 0
3735790 4300 0
3740110 2460 0
3742590 2390 0
3745000 3040 0
3748070 2280 0
3750370 2220 0
3752610 3070 0
3755700 2330 0
3697230 1590 0
3698890 2350 0
3701270 1760 0
3703060 1400 0
3704480 2420 0
3706930 3130 0
3710080 3120 0
3713210 3240 0
3716460 4480 0
3720960 3230 0
3724210 4220 0
3728440 5060 0
3733510 5130 0
3738650 3040 0
3741710 2490 0
3744220 3040 0
3747280 2290 0
3749570 2280 0
3751870 2220 0
3754110 3080 0
3697160 1660 0
3698900 2340 0
3701260 1760 0
3703060 1390 0
3704460 1630 0
3706110 3230 0
3709350 2980 0
3712340 3480 0
3715840 4340 0
3720200 3180 0
3723390 4040 0
3727430 4400 0
3731850 4680 0
3736540 4330 0
3740880 2550 0
3743430 2380 0
3745830 2930 0
3748770 2300 0
3751070 2280 0
3753370 3030 0
3756410 2400 0
3697170 1620 0
3698810 1580 0
3700420 820 0
3701260 1760 0
3703050 1400 0
3704480 2420 0
3706910 2430 0
3709350 2980 0
3712330 3490 0
3715840 4340 0
3720190 3190 0
3723400 4030 0
3727450 5160 0
3732630 5290 0
3737920 3760 0
3741710 2500 0
3744230 3030 0
3747260 2310 0
3749590 2260 0
3751870 3030 0
3754930 3100 0
3697170 1620 0
3698860 1550 0
3700440 1600 0
3702070 1700 0
3703820 2270 0
3706110 2590 0
3708720 2910 0
3711650 3290 0
3714960 4390 0
3719370 4010 0
3723400 4030 0
3727450 5160 0
3732620 4620 0
3737250 3620 0
3740890 2540 0
3743460 3140 0
3746620 2950 0
3749580 2270 0
3751870 3040 0
3754930 3100 0
3697150 1640 0
3698810 790 0
3699610 1630 0
3701270 1750 0
3703070 2240 0
3705320 2420 0
3707760 2300 0
3710080 3130 0
3713230 3950 0
3717190 3750 0
3720960 3990 0
3724960 4270 0
3729240 5690 0
3734930 3710 0
3738650 3040 0
3741710 2490 0
3744210 3050 0
3747280 2290 0
3749590 2260 0
3751870 2210 0
3754100 2310 0
3756420 3040 0
3697210 1590 0
3698870 1530 0
3700440 1610 0
3702070 1700 0
3703790 1530 0
3705340 2410 0
3707770 3130 0
3710920 3180 0
3714110 3780 0
3717910 3790 0
3721720 3920 0
3725650 5300 0
3730960 4840 0
3735820 5040 0
3740870 2570 0
3743450 3150 0
3746620 2950 0
3749590 2990 0
3752610 3070 0
3755700 2330 0
3697190 1600 0
3698850 1570 0
3700480 2540 0
3703060 2250 0
3705320 2420 0
3707750 2310 0
3710070 3130 0
3713220 3230 0
3716460 4470 0
3720940 3250 0
3724210 4230 0
3728440 5060 0
3733510 4410 0
3737930 3760 0
3741710 2490 0
3744210 2390 0
3746610 2150 0
3748790 2280 0
3751090 2990 0
3754110 3080 0
3697180 1630 0
3698870 1530 0
3700420 820 0
3701280 1730 0
3703050 1410 0
3704470 2440 0
3706920 2410 0
3709340 2990 0
3712350 3480 0
3715850 4330 0
3720190 3190 0
3723400 4030 0
3727430 5180 0
3732610 4630 0
3737240 3630 0
3740890 2560 0
3743460 3140 0
3746610 2160 0
3748790 2280 0
3751090 2260 0
3753360 2330 0
3755710 3100 0
3697160 1630 0
3698820 770 0
3699610 1640 0
3701280 1730 0
3703040 1420 0
3704490 2420 0
3706920 3140 0
3710080 3130 0
3713230 4660 0
3717900 3800 0
3721710 3930 0
3725650 5300 0
3730960 4830 0
3735800 4300 0
3740120 2450 0
3742590 2400 0
3745000 3040 0
3748050 2300 0
3750370 2220 0
3752590 2320 0
3754930 3100 0
3697200 1600 0
3698850 1550 0
3700440 1600 0
3702090 1680 0
3703810 1510 0
3705340 2410 0
3707770 3130 0
3710920 3180 0
3714110 3780 0
3717900 3030 0
3720950 3240 0
3724200 4230 0
3728440 5060 0
3733510 5130 0
3738650 3030 0
3741690 2520 0
3744220 3040 0
3747280 3060 0
3750350 2230 0
3752600 2300 0
3754910 2280 0
3697150 720 0
3697880 1720 0
3699610 1630 0
3701260 1770 0
3703060 1410 0
3704480 2430 0
3706920 2410 0
3709340 2990 0
3712350 3480 0
3715840 4340 0
3720200 3990 0
3724200 4230 0
3728440 5060 0
3733500 4420 0
3737930 3750 0
3741710 2500 0
3744220 3040 0
3747270 2300 0
3749590 2250 0
3751870 2210 0
3754080 2330 0
3756420 3040 0
3697170 1640 0
3698880 1520 0
3700430 1610 0
3702060 960 0
3703060 2250 0
3705310 2430 0
3707760 2300 0
3710070 3140 0
3713220 3960 0
3717190 3750 0
3720950 3240 0
3724200 4240 0
3728450 5050 0
3733510 4400 0
3737920 3760 0
3741690 2510 0
3744220 3040 0
3747270 2300 0
3749590 2990 0
3752610 3070 0
3755700 2330 0
3697120 1670 0
3698840 1570 0
3700460 1580 0
3702040 980 0
3703050 1420 0
3704500 2400 0
3706920 3140 0
3710060 3150 0
3713220 3960 0
3717190 3740 0
3720940 3250 0
3724200 4230 0
3728450 6480 0
3734940 4370 0
3739320 3250 0
3742600 3210 0
3745830 2950 0
3748800 2270 0
3751090 2260 0
3753370 2310 0
3755710 3100 0
