TLC2 Version 2.19 of 08 August 2024 (rev: 5a47802)
Running breadth-first search Model-Checking with fp 88 and seed -2811828894125849656 with 2 workers on 8 cores with 5461MB heap and 64MB offheap memory [pid: 65343] (Linux 6.12.0-061200-generic amd64, Ubuntu 21.0.11 x86_64, MSBDiskFPSet, DiskStateQueue).
Parsing file /home/ddalton/lean-io-sent/formal/LeanSubtree.tla
Parsing file /tmp/Naturals.tla
Parsing file /tmp/FiniteSets.tla
Parsing file /tmp/Sequences.tla
Parsing file /tmp/TLC.tla
Semantic processing of module Naturals
Semantic processing of module Sequences
Semantic processing of module FiniteSets
Semantic processing of module TLC
Semantic processing of module LeanSubtree
Starting... (2026-09-23 18:53:59)
Computing initial states...
Finished computing initial states: 1 distinct state generated at 2026-09-23 18:54:00.
Progress(10) at 2026-09-23 18:54:03: 46,501 states generated (46,501 s/min), 17,934 distinct states found (17,934 ds/min), 11,109 states left on queue.
Progress(15) at 2026-09-23 18:55:03: 1,701,760 states generated (1,655,259 s/min), 581,136 distinct states found (563,202 ds/min), 253,517 states left on queue.
Progress(16) at 2026-09-23 18:56:03: 3,566,275 states generated (1,864,515 s/min), 1,193,471 distinct states found (612,335 ds/min), 479,923 states left on queue.
Progress(17) at 2026-09-23 18:57:03: 5,487,964 states generated (1,921,689 s/min), 1,794,618 distinct states found (601,147 ds/min), 685,755 states left on queue.
Progress(18) at 2026-09-23 18:58:03: 7,551,243 states generated (2,063,279 s/min), 2,431,444 distinct states found (636,826 ds/min), 885,935 states left on queue.
Progress(18) at 2026-09-23 18:59:03: 9,747,816 states generated (2,196,573 s/min), 3,100,910 distinct states found (669,466 ds/min), 1,085,614 states left on queue.
Progress(19) at 2026-09-23 19:00:03: 11,840,322 states generated (2,092,506 s/min), 3,722,220 distinct states found (621,310 ds/min), 1,254,142 states left on queue.
Progress(19) at 2026-09-23 19:01:03: 14,029,754 states generated (2,189,432 s/min), 4,371,385 distinct states found (649,165 ds/min), 1,424,048 states left on queue.
Progress(20) at 2026-09-23 19:02:03: 16,268,453 states generated (2,238,699 s/min), 5,043,298 distinct states found (671,913 ds/min), 1,584,716 states left on queue.
Progress(20) at 2026-09-23 19:03:03: 18,601,749 states generated (2,333,296 s/min), 5,734,642 distinct states found (691,344 ds/min), 1,750,812 states left on queue.
Progress(20) at 2026-09-23 19:04:03: 20,972,977 states generated (2,371,228 s/min), 6,436,581 distinct states found (701,939 ds/min), 1,901,998 states left on queue.
Progress(21) at 2026-09-23 19:05:03: 23,272,567 states generated (2,299,590 s/min), 7,131,589 distinct states found (695,008 ds/min), 2,053,607 states left on queue.
Progress(21) at 2026-09-23 19:06:03: 25,681,214 states generated (2,408,647 s/min), 7,857,675 distinct states found (726,086 ds/min), 2,214,421 states left on queue.
Progress(21) at 2026-09-23 19:07:03: 28,056,532 states generated (2,375,318 s/min), 8,565,071 distinct states found (707,396 ds/min), 2,354,292 states left on queue.
Progress(21) at 2026-09-23 19:08:03: 30,464,765 states generated (2,408,233 s/min), 9,273,326 distinct states found (708,255 ds/min), 2,479,012 states left on queue.
Progress(22) at 2026-09-23 19:09:03: 32,827,620 states generated (2,362,855 s/min), 10,004,027 distinct states found (730,701 ds/min), 2,622,517 states left on queue.
Progress(22) at 2026-09-23 19:10:03: 35,239,466 states generated (2,411,846 s/min), 10,726,439 distinct states found (722,412 ds/min), 2,752,504 states left on queue.
Progress(22) at 2026-09-23 19:11:03: 37,617,233 states generated (2,377,767 s/min), 11,444,411 distinct states found (717,972 ds/min), 2,889,900 states left on queue.
Progress(22) at 2026-09-23 19:12:03: 40,032,717 states generated (2,415,484 s/min), 12,147,420 distinct states found (703,009 ds/min), 2,976,237 states left on queue.
Progress(23) at 2026-09-23 19:13:03: 42,402,796 states generated (2,370,079 s/min), 12,865,363 distinct states found (717,943 ds/min), 3,102,313 states left on queue.
Progress(23) at 2026-09-23 19:14:03: 44,798,971 states generated (2,396,175 s/min), 13,610,229 distinct states found (744,866 ds/min), 3,268,819 states left on queue.
Progress(23) at 2026-09-23 19:15:03: 47,232,240 states generated (2,433,269 s/min), 14,326,474 distinct states found (716,245 ds/min), 3,351,887 states left on queue.
Progress(23) at 2026-09-23 19:16:03: 49,695,080 states generated (2,462,840 s/min), 15,050,785 distinct states found (724,311 ds/min), 3,447,225 states left on queue.
Progress(23) at 2026-09-23 19:17:03: 52,121,252 states generated (2,426,172 s/min), 15,758,432 distinct states found (707,647 ds/min), 3,537,673 states left on queue.
Progress(24) at 2026-09-23 19:18:03: 54,426,937 states generated (2,305,685 s/min), 16,435,348 distinct states found (676,916 ds/min), 3,638,956 states left on queue.
Progress(24) at 2026-09-23 19:19:03: 56,787,917 states generated (2,360,980 s/min), 17,153,712 distinct states found (718,364 ds/min), 3,774,909 states left on queue.
Progress(24) at 2026-09-23 19:20:04: 59,158,611 states generated (2,370,694 s/min), 17,840,801 distinct states found (687,089 ds/min), 3,858,124 states left on queue.
Progress(24) at 2026-09-23 19:21:04: 61,473,629 states generated (2,315,018 s/min), 18,514,349 distinct states found (673,548 ds/min), 3,956,697 states left on queue.
Progress(24) at 2026-09-23 19:22:04: 63,815,805 states generated (2,342,176 s/min), 19,205,241 distinct states found (690,892 ds/min), 4,018,126 states left on queue.
Progress(24) at 2026-09-23 19:23:04: 66,174,701 states generated (2,358,896 s/min), 19,870,454 distinct states found (665,213 ds/min), 4,091,754 states left on queue.
Checkpointing of run /mnt/nvme/tlc-r35/LeanImmutableSentinelImpl1/26-09-23-18-53-59
Checkpointing completed at (2026-09-23 19:24:04)
Progress(25) at 2026-09-23 19:24:04: 68,462,799 states generated (2,288,098 s/min), 20,522,933 distinct states found (652,479 ds/min), 4,165,821 states left on queue.
Progress(25) at 2026-09-23 19:25:04: 70,692,185 states generated (2,229,386 s/min), 21,174,799 distinct states found (651,866 ds/min), 4,254,300 states left on queue.
Progress(25) at 2026-09-23 19:26:04: 72,942,475 states generated (2,250,290 s/min), 21,818,286 distinct states found (643,487 ds/min), 4,364,215 states left on queue.
Progress(25) at 2026-09-23 19:27:04: 75,183,107 states generated (2,240,632 s/min), 22,464,417 distinct states found (646,131 ds/min), 4,415,600 states left on queue.
Progress(25) at 2026-09-23 19:28:04: 77,491,059 states generated (2,307,952 s/min), 23,104,169 distinct states found (639,752 ds/min), 4,483,223 states left on queue.
Progress(25) at 2026-09-23 19:29:04: 79,728,822 states generated (2,237,763 s/min), 23,750,140 distinct states found (645,971 ds/min), 4,535,084 states left on queue.
Progress(25) at 2026-09-23 19:30:04: 81,958,672 states generated (2,229,850 s/min), 24,369,998 distinct states found (619,858 ds/min), 4,577,895 states left on queue.
Progress(26) at 2026-09-23 19:31:04: 84,174,833 states generated (2,216,161 s/min), 24,975,003 distinct states found (605,005 ds/min), 4,629,550 states left on queue.
Progress(26) at 2026-09-23 19:32:04: 86,292,025 states generated (2,117,192 s/min), 25,585,653 distinct states found (610,650 ds/min), 4,666,705 states left on queue.
Progress(26) at 2026-09-23 19:33:04: 88,546,636 states generated (2,254,611 s/min), 26,203,207 distinct states found (617,554 ds/min), 4,745,537 states left on queue.
Progress(26) at 2026-09-23 19:34:04: 90,750,085 states generated (2,203,449 s/min), 26,798,607 distinct states found (595,400 ds/min), 4,777,897 states left on queue.
Progress(26) at 2026-09-23 19:35:04: 92,923,055 states generated (2,172,970 s/min), 27,414,327 distinct states found (615,720 ds/min), 4,822,536 states left on queue.
Progress(26) at 2026-09-23 19:36:04: 94,985,957 states generated (2,062,902 s/min), 27,958,685 distinct states found (544,358 ds/min), 4,847,337 states left on queue.
Progress(26) at 2026-09-23 19:37:04: 97,195,621 states generated (2,209,664 s/min), 28,569,335 distinct states found (610,650 ds/min), 4,884,544 states left on queue.
Progress(26) at 2026-09-23 19:38:04: 99,344,867 states generated (2,149,246 s/min), 29,147,225 distinct states found (577,890 ds/min), 4,889,823 states left on queue.
Progress(26) at 2026-09-23 19:39:04: 101,554,430 states generated (2,209,563 s/min), 29,733,184 distinct states found (585,959 ds/min), 4,913,049 states left on queue.
Progress(27) at 2026-09-23 19:40:04: 103,665,437 states generated (2,111,007 s/min), 30,319,713 distinct states found (586,529 ds/min), 4,906,123 states left on queue.
Progress(27) at 2026-09-23 19:41:04: 105,836,037 states generated (2,170,600 s/min), 30,901,410 distinct states found (581,697 ds/min), 4,922,595 states left on queue.
Progress(27) at 2026-09-23 19:42:04: 107,997,191 states generated (2,161,154 s/min), 31,486,745 distinct states found (585,335 ds/min), 4,955,011 states left on queue.
Progress(27) at 2026-09-23 19:43:04: 110,103,412 states generated (2,106,221 s/min), 32,053,390 distinct states found (566,645 ds/min), 4,928,762 states left on queue.
Progress(27) at 2026-09-23 19:44:04: 112,260,122 states generated (2,156,710 s/min), 32,625,260 distinct states found (571,870 ds/min), 4,938,946 states left on queue.
Progress(27) at 2026-09-23 19:45:04: 114,408,417 states generated (2,148,295 s/min), 33,190,883 distinct states found (565,623 ds/min), 4,949,779 states left on queue.
Progress(27) at 2026-09-23 19:46:04: 116,509,224 states generated (2,100,807 s/min), 33,746,919 distinct states found (556,036 ds/min), 4,915,033 states left on queue.
Progress(27) at 2026-09-23 19:47:04: 118,607,403 states generated (2,098,179 s/min), 34,288,689 distinct states found (541,770 ds/min), 4,893,563 states left on queue.
Progress(28) at 2026-09-23 19:48:04: 120,696,209 states generated (2,088,806 s/min), 34,835,005 distinct states found (546,316 ds/min), 4,861,994 states left on queue.
Progress(28) at 2026-09-23 19:49:04: 122,850,435 states generated (2,154,226 s/min), 35,442,643 distinct states found (607,638 ds/min), 4,832,339 states left on queue.
Progress(28) at 2026-09-23 19:50:04: 125,068,541 states generated (2,218,106 s/min), 36,022,921 distinct states found (580,278 ds/min), 4,822,504 states left on queue.
Progress(28) at 2026-09-23 19:51:04: 127,058,380 states generated (1,989,839 s/min), 36,562,628 distinct states found (539,707 ds/min), 4,777,850 states left on queue.
Progress(28) at 2026-09-23 19:52:04: 129,013,524 states generated (1,955,144 s/min), 37,073,802 distinct states found (511,174 ds/min), 4,740,502 states left on queue.
Progress(28) at 2026-09-23 19:53:04: 130,990,316 states generated (1,976,792 s/min), 37,596,403 distinct states found (522,601 ds/min), 4,699,331 states left on queue.
Checkpointing of run /mnt/nvme/tlc-r35/LeanImmutableSentinelImpl1/26-09-23-18-53-59
Checkpointing completed at (2026-09-23 19:54:05)
Progress(28) at 2026-09-23 19:54:05: 132,989,933 states generated (1,999,617 s/min), 38,108,978 distinct states found (512,575 ds/min), 4,658,437 states left on queue.
Progress(28) at 2026-09-23 19:55:05: 134,918,556 states generated (1,928,623 s/min), 38,615,910 distinct states found (506,932 ds/min), 4,588,415 states left on queue.
Progress(28) at 2026-09-23 19:56:05: 136,882,920 states generated (1,964,364 s/min), 39,109,978 distinct states found (494,068 ds/min), 4,519,665 states left on queue.
Progress(29) at 2026-09-23 19:57:05: 138,917,166 states generated (2,034,246 s/min), 39,674,763 distinct states found (564,785 ds/min), 4,433,910 states left on queue.
Progress(29) at 2026-09-23 19:58:05: 141,028,614 states generated (2,111,448 s/min), 40,263,500 distinct states found (588,737 ds/min), 4,408,613 states left on queue.
Progress(29) at 2026-09-23 19:59:05: 143,137,657 states generated (2,109,043 s/min), 40,840,459 distinct states found (576,959 ds/min), 4,352,576 states left on queue.
Progress(29) at 2026-09-23 20:00:05: 145,223,247 states generated (2,085,590 s/min), 41,386,579 distinct states found (546,120 ds/min), 4,252,189 states left on queue.
Progress(29) at 2026-09-23 20:01:05: 147,319,946 states generated (2,096,699 s/min), 41,946,608 distinct states found (560,029 ds/min), 4,185,955 states left on queue.
Progress(29) at 2026-09-23 20:02:05: 149,291,008 states generated (1,971,062 s/min), 42,458,625 distinct states found (512,017 ds/min), 4,072,983 states left on queue.
Progress(29) at 2026-09-23 20:03:05: 151,246,188 states generated (1,955,180 s/min), 42,959,523 distinct states found (500,898 ds/min), 3,963,693 states left on queue.
Progress(30) at 2026-09-23 20:04:05: 153,191,198 states generated (1,945,010 s/min), 43,498,204 distinct states found (538,681 ds/min), 3,851,010 states left on queue.
Progress(30) at 2026-09-23 20:05:05: 155,210,268 states generated (2,019,070 s/min), 44,079,694 distinct states found (581,490 ds/min), 3,822,908 states left on queue.
Progress(30) at 2026-09-23 20:06:05: 157,169,220 states generated (1,958,952 s/min), 44,619,938 distinct states found (540,244 ds/min), 3,753,659 states left on queue.
Progress(30) at 2026-09-23 20:07:05: 159,102,969 states generated (1,933,749 s/min), 45,144,137 distinct states found (524,199 ds/min), 3,641,855 states left on queue.
Progress(30) at 2026-09-23 20:08:05: 161,051,593 states generated (1,948,624 s/min), 45,653,452 distinct states found (509,315 ds/min), 3,557,267 states left on queue.
Progress(30) at 2026-09-23 20:09:05: 162,946,365 states generated (1,894,772 s/min), 46,153,621 distinct states found (500,169 ds/min), 3,398,016 states left on queue.
Progress(31) at 2026-09-23 20:10:05: 164,828,685 states generated (1,882,320 s/min), 46,659,901 distinct states found (506,280 ds/min), 3,274,766 states left on queue.
Progress(31) at 2026-09-23 20:11:05: 166,748,392 states generated (1,919,707 s/min), 47,216,488 distinct states found (556,587 ds/min), 3,237,378 states left on queue.
Progress(31) at 2026-09-23 20:12:05: 168,789,415 states generated (2,041,023 s/min), 47,778,205 distinct states found (561,717 ds/min), 3,160,705 states left on queue.
Progress(31) at 2026-09-23 20:13:05: 170,828,102 states generated (2,038,687 s/min), 48,324,737 distinct states found (546,532 ds/min), 3,047,542 states left on queue.
Progress(31) at 2026-09-23 20:14:05: 172,819,396 states generated (1,991,294 s/min), 48,854,360 distinct states found (529,623 ds/min), 2,913,322 states left on queue.
Progress(32) at 2026-09-23 20:15:05: 174,767,156 states generated (1,947,760 s/min), 49,378,475 distinct states found (524,115 ds/min), 2,773,049 states left on queue.
Progress(32) at 2026-09-23 20:16:05: 176,726,933 states generated (1,959,777 s/min), 49,931,494 distinct states found (553,019 ds/min), 2,716,228 states left on queue.
Progress(32) at 2026-09-23 20:17:05: 178,727,041 states generated (2,000,108 s/min), 50,480,394 distinct states found (548,900 ds/min), 2,617,678 states left on queue.
Progress(32) at 2026-09-23 20:18:05: 180,729,893 states generated (2,002,852 s/min), 51,011,973 distinct states found (531,579 ds/min), 2,516,401 states left on queue.
Progress(32) at 2026-09-23 20:19:05: 182,655,113 states generated (1,925,220 s/min), 51,524,997 distinct states found (513,024 ds/min), 2,394,135 states left on queue.
Progress(33) at 2026-09-23 20:20:05: 184,568,462 states generated (1,913,349 s/min), 52,054,898 distinct states found (529,901 ds/min), 2,283,414 states left on queue.
Progress(33) at 2026-09-23 20:21:05: 186,505,362 states generated (1,936,900 s/min), 52,588,661 distinct states found (533,763 ds/min), 2,178,602 states left on queue.
Progress(33) at 2026-09-23 20:22:05: 188,463,121 states generated (1,957,759 s/min), 53,107,113 distinct states found (518,452 ds/min), 2,054,210 states left on queue.
Progress(34) at 2026-09-23 20:23:05: 190,345,660 states generated (1,882,539 s/min), 53,610,312 distinct states found (503,199 ds/min), 1,906,494 states left on queue.
Checkpointing of run /mnt/nvme/tlc-r35/LeanImmutableSentinelImpl1/26-09-23-18-53-59
Checkpointing completed at (2026-09-23 20:24:06)
Progress(34) at 2026-09-23 20:24:06: 192,245,607 states generated (1,899,947 s/min), 54,139,753 distinct states found (529,441 ds/min), 1,759,486 states left on queue.
Progress(34) at 2026-09-23 20:25:06: 194,176,676 states generated (1,931,069 s/min), 54,642,050 distinct states found (502,297 ds/min), 1,558,578 states left on queue.
Progress(35) at 2026-09-23 20:26:06: 196,024,844 states generated (1,848,168 s/min), 55,132,556 distinct states found (490,506 ds/min), 1,329,309 states left on queue.
Progress(35) at 2026-09-23 20:27:06: 197,938,138 states generated (1,913,294 s/min), 55,625,669 distinct states found (493,113 ds/min), 1,036,959 states left on queue.
Progress(36) at 2026-09-23 20:28:06: 199,786,709 states generated (1,848,571 s/min), 56,087,372 distinct states found (461,703 ds/min), 670,017 states left on queue.
Progress(38) at 2026-09-23 20:29:06: 201,664,615 states generated (1,877,906 s/min), 56,480,251 distinct states found (392,879 ds/min), 54,314 states left on queue.
Model checking completed. No error has been found.
  Estimates of the probability that TLC did not check all reachable states
  because two distinct states had the same fingerprint:
  calculated (optimistic):  val = 4.4E-4
  based on the actual fingerprints:  val = 1.0E-4
201742446 states generated, 56491448 distinct states found, 0 states left on queue.
The depth of the complete state graph search is 40.
The average outdegree of the complete state graph is 1 (minimum is 0, the maximum 9 and the 95th percentile is 3).
Finished in 01h 35min at (2026-09-23 20:29:11)
