tlc-rs: LeanP1 (31 variables, 0 symmetry permutations), 4 workers, generated engine; loaded in 0.003s
liveness: 1316 expanded states checked, no violation yet (0.0s)
liveness: 5746 expanded states checked, no violation yet (0.0s)
Error: Temporal properties were violated.
Error: Temporal property Prop_UISaveCompletes (for p1) is violated.
State 1:
/\ live = {<<p1, 1>>}
/\ minted = {<<p1, 1>>}
/\ doc = (p1 :> <<p1, 1>> @@ p2 :> Nil)
/\ seq = 1
/\ tomb = (p1 :> Nil @@ p2 :> Nil)
/\ base = (<<p1, 1>> :> Nil @@ <<p1, 2>> :> Nil @@ <<p1, 3>> :> Nil @@ <<p1, 4>> :> Nil @@ <<p2, 1>> :> Nil @@ <<p2, 2>> :> Nil @@ <<p2, 3>> :> Nil @@ <<p2, 4>> :> Nil)
/\ acked = {}
/\ conflicts = {}
/\ holder = "none"
/\ nextGen = 2
/\ ui = 0
/\ reqs = 0
/\ barriers = 0
/\ w = (A :> [st |-> "off", pc |-> "idle", local |-> (p1 :> Nil @@ p2 :> Nil), baseline |-> (p1 :> Nil @@ p2 :> Nil), integrated |-> {}, uploads |-> {}, deletes |-> {}, snap |-> (p1 :> Nil @@ p2 :> Nil), upDone |-> {}, gone |-> {}, verified |-> FALSE, inst |-> (p1 :> Nil @@ p2 :> Nil), retire |-> {}, collected |-> FALSE, adv |-> FALSE, synced |-> 0, derived |-> 0, skipped |-> {}, scope |-> {}, sStage |-> "none", sTgt |-> {}, sDrop |-> {}, sKeep |-> {}, sHeld |-> (p1 :> Nil @@ p2 :> Nil), unlinked |-> {}, memo |-> 0, rnow |-> 0] @@ B :> [st |-> "off", pc |-> "idle", local |-> (p1 :> Nil @@ p2 :> Nil), baseline |-> (p1 :> Nil @@ p2 :> Nil), integrated |-> {}, uploads |-> {}, deletes |-> {}, snap |-> (p1 :> Nil @@ p2 :> Nil), upDone |-> {}, gone |-> {}, verified |-> FALSE, inst |-> (p1 :> Nil @@ p2 :> Nil), retire |-> {}, collected |-> FALSE, adv |-> FALSE, synced |-> 0, derived |-> 0, skipped |-> {}, scope |-> {}, sStage |-> "none", sTgt |-> {}, sDrop |-> {}, sKeep |-> {}, sHeld |-> (p1 :> Nil @@ p2 :> Nil), unlinked |-> {}, memo |-> 0, rnow |-> 0])
/\ took = (A :> (p1 :> {} @@ p2 :> {}) @@ B :> (p1 :> {} @@ p2 :> {}))
/\ gw = (p1 :> Nil @@ p2 :> Nil)
/\ mv = Nil
/\ udel = {}
/\ restarts = 0
/\ syncs = 0
/\ regressed = FALSE
/\ rescopes = 0
/\ fails = 0
/\ upped = {<<p1, 1>>}
/\ copies = 0
/\ orig = (<<p1, 1>> :> Nil @@ <<p1, 2>> :> Nil @@ <<p1, 3>> :> Nil @@ <<p1, 4>> :> Nil @@ <<p2, 1>> :> Nil @@ <<p2, 2>> :> Nil @@ <<p2, 3>> :> Nil @@ <<p2, 4>> :> Nil)
/\ retiring = {}
/\ aged = {}
/\ ages = 0
/\ rdoc = (p1 :> Nil @@ p2 :> Nil)
/\ rlag = TRUE

State 2:
/\ live = {<<p1, 1>>, <<p1, 2>>}
/\ minted = {<<p1, 1>>, <<p1, 2>>}
/\ doc = (p1 :> <<p1, 1>> @@ p2 :> Nil)
/\ seq = 1
/\ tomb = (p1 :> Nil @@ p2 :> Nil)
/\ base = (<<p1, 1>> :> Nil @@ <<p1, 2>> :> <<p1, 1>> @@ <<p1, 3>> :> Nil @@ <<p1, 4>> :> Nil @@ <<p2, 1>> :> Nil @@ <<p2, 2>> :> Nil @@ <<p2, 3>> :> Nil @@ <<p2, 4>> :> Nil)
/\ acked = {}
/\ conflicts = {}
/\ holder = "none"
/\ nextGen = 3
/\ ui = 1
/\ reqs = 0
/\ barriers = 0
/\ w = (A :> [st |-> "off", pc |-> "idle", local |-> (p1 :> Nil @@ p2 :> Nil), baseline |-> (p1 :> Nil @@ p2 :> Nil), integrated |-> {}, uploads |-> {}, deletes |-> {}, snap |-> (p1 :> Nil @@ p2 :> Nil), upDone |-> {}, gone |-> {}, verified |-> FALSE, inst |-> (p1 :> Nil @@ p2 :> Nil), retire |-> {}, collected |-> FALSE, adv |-> FALSE, synced |-> 0, derived |-> 0, skipped |-> {}, scope |-> {}, sStage |-> "none", sTgt |-> {}, sDrop |-> {}, sKeep |-> {}, sHeld |-> (p1 :> Nil @@ p2 :> Nil), unlinked |-> {}, memo |-> 0, rnow |-> 0] @@ B :> [st |-> "off", pc |-> "idle", local |-> (p1 :> Nil @@ p2 :> Nil), baseline |-> (p1 :> Nil @@ p2 :> Nil), integrated |-> {}, uploads |-> {}, deletes |-> {}, snap |-> (p1 :> Nil @@ p2 :> Nil), upDone |-> {}, gone |-> {}, verified |-> FALSE, inst |-> (p1 :> Nil @@ p2 :> Nil), retire |-> {}, collected |-> FALSE, adv |-> FALSE, synced |-> 0, derived |-> 0, skipped |-> {}, scope |-> {}, sStage |-> "none", sTgt |-> {}, sDrop |-> {}, sKeep |-> {}, sHeld |-> (p1 :> Nil @@ p2 :> Nil), unlinked |-> {}, memo |-> 0, rnow |-> 0])
/\ took = (A :> (p1 :> {} @@ p2 :> {}) @@ B :> (p1 :> {} @@ p2 :> {}))
/\ gw = (p1 :> <<p1, 2>> @@ p2 :> Nil)
/\ mv = Nil
/\ udel = {}
/\ restarts = 0
/\ syncs = 0
/\ regressed = FALSE
/\ rescopes = 0
/\ fails = 0
/\ upped = {<<p1, 1>>, <<p1, 2>>}
/\ copies = 0
/\ orig = (<<p1, 1>> :> Nil @@ <<p1, 2>> :> Nil @@ <<p1, 3>> :> Nil @@ <<p1, 4>> :> Nil @@ <<p2, 1>> :> Nil @@ <<p2, 2>> :> Nil @@ <<p2, 3>> :> Nil @@ <<p2, 4>> :> Nil)
/\ retiring = {}
/\ aged = {}
/\ ages = 0
/\ rdoc = (p1 :> Nil @@ p2 :> Nil)
/\ rlag = TRUE

State 3:
/\ live = {<<p1, 1>>, <<p1, 2>>}
/\ minted = {<<p1, 1>>, <<p1, 2>>}
/\ doc = (p1 :> <<p1, 1>> @@ p2 :> Nil)
/\ seq = 1
/\ tomb = (p1 :> Nil @@ p2 :> Nil)
/\ base = (<<p1, 1>> :> Nil @@ <<p1, 2>> :> <<p1, 1>> @@ <<p1, 3>> :> Nil @@ <<p1, 4>> :> Nil @@ <<p2, 1>> :> Nil @@ <<p2, 2>> :> Nil @@ <<p2, 3>> :> Nil @@ <<p2, 4>> :> Nil)
/\ acked = {}
/\ conflicts = {}
/\ holder = "none"
/\ nextGen = 3
/\ ui = 1
/\ reqs = 0
/\ barriers = 0
/\ w = (A :> [st |-> "off", pc |-> "idle", local |-> (p1 :> Nil @@ p2 :> Nil), baseline |-> (p1 :> Nil @@ p2 :> Nil), integrated |-> {}, uploads |-> {}, deletes |-> {}, snap |-> (p1 :> Nil @@ p2 :> Nil), upDone |-> {}, gone |-> {}, verified |-> FALSE, inst |-> (p1 :> Nil @@ p2 :> Nil), retire |-> {}, collected |-> FALSE, adv |-> FALSE, synced |-> 0, derived |-> 0, skipped |-> {}, scope |-> {}, sStage |-> "none", sTgt |-> {}, sDrop |-> {}, sKeep |-> {}, sHeld |-> (p1 :> Nil @@ p2 :> Nil), unlinked |-> {}, memo |-> 0, rnow |-> 0] @@ B :> [st |-> "on", pc |-> "idle", local |-> (p1 :> <<p1, 1>> @@ p2 :> Nil), baseline |-> (p1 :> <<p1, 1>> @@ p2 :> Nil), integrated |-> {1}, uploads |-> {}, deletes |-> {}, snap |-> (p1 :> Nil @@ p2 :> Nil), upDone |-> {}, gone |-> {}, verified |-> FALSE, inst |-> (p1 :> <<p1, 1>> @@ p2 :> Nil), retire |-> {}, collected |-> FALSE, adv |-> FALSE, synced |-> 1, derived |-> 1, skipped |-> {}, scope |-> {p1, p2}, sStage |-> "none", sTgt |-> {}, sDrop |-> {}, sKeep |-> {}, sHeld |-> (p1 :> Nil @@ p2 :> Nil), unlinked |-> {}, memo |-> 0, rnow |-> 0])
/\ took = (A :> (p1 :> {} @@ p2 :> {}) @@ B :> (p1 :> {1} @@ p2 :> {}))
/\ gw = (p1 :> <<p1, 2>> @@ p2 :> Nil)
/\ mv = Nil
/\ udel = {}
/\ restarts = 0
/\ syncs = 0
/\ regressed = FALSE
/\ rescopes = 0
/\ fails = 0
/\ upped = {<<p1, 1>>, <<p1, 2>>}
/\ copies = 0
/\ orig = (<<p1, 1>> :> Nil @@ <<p1, 2>> :> Nil @@ <<p1, 3>> :> Nil @@ <<p1, 4>> :> Nil @@ <<p2, 1>> :> Nil @@ <<p2, 2>> :> Nil @@ <<p2, 3>> :> Nil @@ <<p2, 4>> :> Nil)
/\ retiring = {}
/\ aged = {}
/\ ages = 0
/\ rdoc = (p1 :> Nil @@ p2 :> Nil)
/\ rlag = TRUE

State 4:
/\ live = {<<p1, 1>>, <<p1, 2>>}
/\ minted = {<<p1, 1>>, <<p1, 2>>}
/\ doc = (p1 :> <<p1, 1>> @@ p2 :> Nil)
/\ seq = 1
/\ tomb = (p1 :> Nil @@ p2 :> Nil)
/\ base = (<<p1, 1>> :> Nil @@ <<p1, 2>> :> <<p1, 1>> @@ <<p1, 3>> :> Nil @@ <<p1, 4>> :> Nil @@ <<p2, 1>> :> Nil @@ <<p2, 2>> :> Nil @@ <<p2, 3>> :> Nil @@ <<p2, 4>> :> Nil)
/\ acked = {}
/\ conflicts = {}
/\ holder = "none"
/\ nextGen = 3
/\ ui = 1
/\ reqs = 0
/\ barriers = 0
/\ w = (A :> [st |-> "off", pc |-> "idle", local |-> (p1 :> Nil @@ p2 :> Nil), baseline |-> (p1 :> Nil @@ p2 :> Nil), integrated |-> {}, uploads |-> {}, deletes |-> {}, snap |-> (p1 :> Nil @@ p2 :> Nil), upDone |-> {}, gone |-> {}, verified |-> FALSE, inst |-> (p1 :> Nil @@ p2 :> Nil), retire |-> {}, collected |-> FALSE, adv |-> FALSE, synced |-> 0, derived |-> 0, skipped |-> {}, scope |-> {}, sStage |-> "none", sTgt |-> {}, sDrop |-> {}, sKeep |-> {}, sHeld |-> (p1 :> Nil @@ p2 :> Nil), unlinked |-> {}, memo |-> 0, rnow |-> 0] @@ B :> [st |-> "on", pc |-> "consumed", local |-> (p1 :> <<p1, 1>> @@ p2 :> Nil), baseline |-> (p1 :> <<p1, 1>> @@ p2 :> Nil), integrated |-> {1}, uploads |-> {}, deletes |-> {}, snap |-> (p1 :> Nil @@ p2 :> Nil), upDone |-> {}, gone |-> {}, verified |-> FALSE, inst |-> (p1 :> <<p1, 1>> @@ p2 :> Nil), retire |-> {}, collected |-> FALSE, adv |-> FALSE, synced |-> 1, derived |-> 1, skipped |-> {}, scope |-> {p1, p2}, sStage |-> "none", sTgt |-> {}, sDrop |-> {}, sKeep |-> {}, sHeld |-> (p1 :> Nil @@ p2 :> Nil), unlinked |-> {}, memo |-> 0, rnow |-> 0])
/\ took = (A :> (p1 :> {} @@ p2 :> {}) @@ B :> (p1 :> {1} @@ p2 :> {}))
/\ gw = (p1 :> <<p1, 2>> @@ p2 :> Nil)
/\ mv = Nil
/\ udel = {}
/\ restarts = 0
/\ syncs = 0
/\ regressed = FALSE
/\ rescopes = 0
/\ fails = 0
/\ upped = {<<p1, 1>>, <<p1, 2>>}
/\ copies = 0
/\ orig = (<<p1, 1>> :> Nil @@ <<p1, 2>> :> Nil @@ <<p1, 3>> :> Nil @@ <<p1, 4>> :> Nil @@ <<p2, 1>> :> Nil @@ <<p2, 2>> :> Nil @@ <<p2, 3>> :> Nil @@ <<p2, 4>> :> Nil)
/\ retiring = {}
/\ aged = {}
/\ ages = 0
/\ rdoc = (p1 :> Nil @@ p2 :> Nil)
/\ rlag = TRUE

State 5:
/\ live = {<<p1, 1>>, <<p1, 2>>}
/\ minted = {<<p1, 1>>, <<p1, 2>>}
/\ doc = (p1 :> <<p1, 1>> @@ p2 :> Nil)
/\ seq = 1
/\ tomb = (p1 :> Nil @@ p2 :> Nil)
/\ base = (<<p1, 1>> :> Nil @@ <<p1, 2>> :> <<p1, 1>> @@ <<p1, 3>> :> Nil @@ <<p1, 4>> :> Nil @@ <<p2, 1>> :> Nil @@ <<p2, 2>> :> Nil @@ <<p2, 3>> :> Nil @@ <<p2, 4>> :> Nil)
/\ acked = {}
/\ conflicts = {}
/\ holder = "none"
/\ nextGen = 3
/\ ui = 1
/\ reqs = 0
/\ barriers = 0
/\ w = (A :> [st |-> "off", pc |-> "idle", local |-> (p1 :> Nil @@ p2 :> Nil), baseline |-> (p1 :> Nil @@ p2 :> Nil), integrated |-> {}, uploads |-> {}, deletes |-> {}, snap |-> (p1 :> Nil @@ p2 :> Nil), upDone |-> {}, gone |-> {}, verified |-> FALSE, inst |-> (p1 :> Nil @@ p2 :> Nil), retire |-> {}, collected |-> FALSE, adv |-> FALSE, synced |-> 0, derived |-> 0, skipped |-> {}, scope |-> {}, sStage |-> "none", sTgt |-> {}, sDrop |-> {}, sKeep |-> {}, sHeld |-> (p1 :> Nil @@ p2 :> Nil), unlinked |-> {}, memo |-> 0, rnow |-> 0] @@ B :> [st |-> "on", pc |-> "consumed", local |-> (p1 :> Nil @@ p2 :> Nil), baseline |-> (p1 :> <<p1, 1>> @@ p2 :> Nil), integrated |-> {1}, uploads |-> {}, deletes |-> {}, snap |-> (p1 :> Nil @@ p2 :> Nil), upDone |-> {}, gone |-> {}, verified |-> FALSE, inst |-> (p1 :> <<p1, 1>> @@ p2 :> Nil), retire |-> {}, collected |-> FALSE, adv |-> FALSE, synced |-> 1, derived |-> 1, skipped |-> {}, scope |-> {p1, p2}, sStage |-> "none", sTgt |-> {}, sDrop |-> {}, sKeep |-> {}, sHeld |-> (p1 :> Nil @@ p2 :> Nil), unlinked |-> {}, memo |-> 0, rnow |-> 0])
/\ took = (A :> (p1 :> {} @@ p2 :> {}) @@ B :> (p1 :> {1} @@ p2 :> {}))
/\ gw = (p1 :> <<p1, 2>> @@ p2 :> Nil)
/\ mv = Nil
/\ udel = {}
/\ restarts = 0
/\ syncs = 0
/\ regressed = FALSE
/\ rescopes = 0
/\ fails = 0
/\ upped = {<<p1, 1>>, <<p1, 2>>}
/\ copies = 0
/\ orig = (<<p1, 1>> :> Nil @@ <<p1, 2>> :> Nil @@ <<p1, 3>> :> Nil @@ <<p1, 4>> :> Nil @@ <<p2, 1>> :> Nil @@ <<p2, 2>> :> Nil @@ <<p2, 3>> :> Nil @@ <<p2, 4>> :> Nil)
/\ retiring = {}
/\ aged = {}
/\ ages = 0
/\ rdoc = (p1 :> Nil @@ p2 :> Nil)
/\ rlag = TRUE

State 6:
/\ live = {<<p1, 1>>, <<p1, 2>>}
/\ minted = {<<p1, 1>>, <<p1, 2>>}
/\ doc = (p1 :> <<p1, 1>> @@ p2 :> Nil)
/\ seq = 1
/\ tomb = (p1 :> Nil @@ p2 :> Nil)
/\ base = (<<p1, 1>> :> Nil @@ <<p1, 2>> :> <<p1, 1>> @@ <<p1, 3>> :> Nil @@ <<p1, 4>> :> Nil @@ <<p2, 1>> :> Nil @@ <<p2, 2>> :> Nil @@ <<p2, 3>> :> Nil @@ <<p2, 4>> :> Nil)
/\ acked = {}
/\ conflicts = {}
/\ holder = "none"
/\ nextGen = 3
/\ ui = 1
/\ reqs = 0
/\ barriers = 1
/\ w = (A :> [st |-> "off", pc |-> "idle", local |-> (p1 :> Nil @@ p2 :> Nil), baseline |-> (p1 :> Nil @@ p2 :> Nil), integrated |-> {}, uploads |-> {}, deletes |-> {}, snap |-> (p1 :> Nil @@ p2 :> Nil), upDone |-> {}, gone |-> {}, verified |-> FALSE, inst |-> (p1 :> Nil @@ p2 :> Nil), retire |-> {}, collected |-> FALSE, adv |-> FALSE, synced |-> 0, derived |-> 0, skipped |-> {}, scope |-> {}, sStage |-> "none", sTgt |-> {}, sDrop |-> {}, sKeep |-> {}, sHeld |-> (p1 :> Nil @@ p2 :> Nil), unlinked |-> {}, memo |-> 0, rnow |-> 0] @@ B :> [st |-> "on", pc |-> "scanned", local |-> (p1 :> Nil @@ p2 :> Nil), baseline |-> (p1 :> <<p1, 1>> @@ p2 :> Nil), integrated |-> {1}, uploads |-> {}, deletes |-> {p1}, snap |-> (p1 :> Nil @@ p2 :> Nil), upDone |-> {}, gone |-> {}, verified |-> FALSE, inst |-> (p1 :> <<p1, 1>> @@ p2 :> Nil), retire |-> {}, collected |-> FALSE, adv |-> FALSE, synced |-> 1, derived |-> 1, skipped |-> {}, scope |-> {p1, p2}, sStage |-> "none", sTgt |-> {}, sDrop |-> {}, sKeep |-> {}, sHeld |-> (p1 :> Nil @@ p2 :> Nil), unlinked |-> {}, memo |-> 0, rnow |-> 0])
/\ took = (A :> (p1 :> {} @@ p2 :> {}) @@ B :> (p1 :> {1} @@ p2 :> {}))
/\ gw = (p1 :> <<p1, 2>> @@ p2 :> Nil)
/\ mv = Nil
/\ udel = {}
/\ restarts = 0
/\ syncs = 0
/\ regressed = FALSE
/\ rescopes = 0
/\ fails = 0
/\ upped = {<<p1, 1>>, <<p1, 2>>}
/\ copies = 0
/\ orig = (<<p1, 1>> :> Nil @@ <<p1, 2>> :> Nil @@ <<p1, 3>> :> Nil @@ <<p1, 4>> :> Nil @@ <<p2, 1>> :> Nil @@ <<p2, 2>> :> Nil @@ <<p2, 3>> :> Nil @@ <<p2, 4>> :> Nil)
/\ retiring = {}
/\ aged = {}
/\ ages = 0
/\ rdoc = (p1 :> Nil @@ p2 :> Nil)
/\ rlag = TRUE

State 7:
/\ live = {<<p1, 1>>, <<p1, 2>>}
/\ minted = {<<p1, 1>>, <<p1, 2>>}
/\ doc = (p1 :> <<p1, 1>> @@ p2 :> Nil)
/\ seq = 1
/\ tomb = (p1 :> Nil @@ p2 :> Nil)
/\ base = (<<p1, 1>> :> Nil @@ <<p1, 2>> :> <<p1, 1>> @@ <<p1, 3>> :> Nil @@ <<p1, 4>> :> Nil @@ <<p2, 1>> :> Nil @@ <<p2, 2>> :> Nil @@ <<p2, 3>> :> Nil @@ <<p2, 4>> :> Nil)
/\ acked = {}
/\ conflicts = {}
/\ holder = B
/\ nextGen = 3
/\ ui = 1
/\ reqs = 0
/\ barriers = 1
/\ w = (A :> [st |-> "off", pc |-> "idle", local |-> (p1 :> Nil @@ p2 :> Nil), baseline |-> (p1 :> Nil @@ p2 :> Nil), integrated |-> {}, uploads |-> {}, deletes |-> {}, snap |-> (p1 :> Nil @@ p2 :> Nil), upDone |-> {}, gone |-> {}, verified |-> FALSE, inst |-> (p1 :> Nil @@ p2 :> Nil), retire |-> {}, collected |-> FALSE, adv |-> FALSE, synced |-> 0, derived |-> 0, skipped |-> {}, scope |-> {}, sStage |-> "none", sTgt |-> {}, sDrop |-> {}, sKeep |-> {}, sHeld |-> (p1 :> Nil @@ p2 :> Nil), unlinked |-> {}, memo |-> 0, rnow |-> 0] @@ B :> [st |-> "on", pc |-> "claimed", local |-> (p1 :> Nil @@ p2 :> Nil), baseline |-> (p1 :> <<p1, 1>> @@ p2 :> Nil), integrated |-> {1}, uploads |-> {}, deletes |-> {p1}, snap |-> (p1 :> Nil @@ p2 :> Nil), upDone |-> {}, gone |-> {}, verified |-> FALSE, inst |-> (p1 :> <<p1, 1>> @@ p2 :> Nil), retire |-> {}, collected |-> FALSE, adv |-> FALSE, synced |-> 1, derived |-> 1, skipped |-> {}, scope |-> {p1, p2}, sStage |-> "none", sTgt |-> {}, sDrop |-> {}, sKeep |-> {}, sHeld |-> (p1 :> Nil @@ p2 :> Nil), unlinked |-> {}, memo |-> 0, rnow |-> 0])
/\ took = (A :> (p1 :> {} @@ p2 :> {}) @@ B :> (p1 :> {1} @@ p2 :> {}))
/\ gw = (p1 :> <<p1, 2>> @@ p2 :> Nil)
/\ mv = Nil
/\ udel = {}
/\ restarts = 0
/\ syncs = 0
/\ regressed = FALSE
/\ rescopes = 0
/\ fails = 0
/\ upped = {<<p1, 1>>, <<p1, 2>>}
/\ copies = 0
/\ orig = (<<p1, 1>> :> Nil @@ <<p1, 2>> :> Nil @@ <<p1, 3>> :> Nil @@ <<p1, 4>> :> Nil @@ <<p2, 1>> :> Nil @@ <<p2, 2>> :> Nil @@ <<p2, 3>> :> Nil @@ <<p2, 4>> :> Nil)
/\ retiring = {}
/\ aged = {}
/\ ages = 0
/\ rdoc = (p1 :> Nil @@ p2 :> Nil)
/\ rlag = TRUE

State 8: Stuttering
179518 states generated, 79626 distinct states found. Depth 8. Checked in 0.693s (114898 distinct/s).
