tlc-rs: LeanP1 (31 variables, 0 symmetry permutations), 4 workers, generated engine; loaded in 0.003s
liveness: 2047 expanded states checked, no violation yet (0.0s)
liveness: 5068 expanded states checked, no violation yet (0.0s)
liveness: 11553 expanded states checked, no violation yet (0.0s)
liveness: 24250 expanded states checked, no violation yet (0.0s)
liveness: 85865 expanded states checked, no violation yet (0.1s)
liveness: 247143 expanded states checked, no violation yet (0.3s)
liveness: 647168 expanded states checked, no violation yet (0.9s)
progress: depth 17, 3192179 generated, 1008184 distinct (0 fingerprint spills), 361016 on queue (0 on disk), 11.3s
liveness: 1505515 expanded states checked, no violation yet (2.6s)
progress: depth 19, 7023293 generated, 2131266 distinct (0 fingerprint spills), 625751 on queue (0 on disk), 26.0s
progress: depth 21, 12255673 generated, 3645838 distinct (0 fingerprint spills), 789565 on queue (0 on disk), 42.9s
liveness: 3645838 expanded states checked, no violation yet (7.8s)
progress: depth 22, 15139865 generated, 4461175 distinct (0 fingerprint spills), 815337 on queue (0 on disk), 60.2s
progress: depth 24, 21200546 generated, 6124612 distinct (0 fingerprint spills), 844148 on queue (0 on disk), 79.5s
progress: depth 25, 24493404 generated, 7029275 distinct (0 fingerprint spills), 904663 on queue (0 on disk), 89.8s
progress: depth 26, 28015965 generated, 7974185 distinct (0 fingerprint spills), 944910 on queue (0 on disk), 100.7s
liveness: 7974185 expanded states checked, no violation yet (19.5s)
progress: depth 27, 31512341 generated, 8851961 distinct (0 fingerprint spills), 877776 on queue (0 on disk), 131.1s
progress: depth 29, 36303823 generated, 9957822 distinct (0 fingerprint spills), 429919 on queue (0 on disk), 146.8s
progress: depth 35, 39213369 generated, 10675534 distinct (0 fingerprint spills), 7308 on queue (0 on disk), 156.9s
liveness: checking 1 property instances under 1 fairness instances
liveness: graph of 10676334 nodes loaded in 26.7s
liveness: all properties checked in 27.0s
Model checking completed. No error has been found.
39223077 states generated, 10676334 distinct states found. Depth 36. Checked in 183.985s (58028 distinct/s).
