TLC2 Version 2.19 of 08 August 2024 (rev: 5a47802)
Running breadth-first search Model-Checking with fp 46 and seed -5903436366139753412 with 2 workers on 8 cores with 3641MB heap and 64MB offheap memory [pid: 41915] (Linux 6.12.0-061200-generic amd64, Ubuntu 21.0.11 x86_64, MSBDiskFPSet, DiskStateQueue).
Parsing file /home/ddalton/lean-p2-2026-09-24/LeanCoreP2.tla
Parsing file /tmp/Naturals.tla
Parsing file /tmp/FiniteSets.tla
Parsing file /tmp/Sequences.tla
Semantic processing of module Naturals
Semantic processing of module Sequences
Semantic processing of module FiniteSets
Semantic processing of module LeanCoreP2
Starting... (2026-09-24 15:56:40)
Computing initial states...
Finished computing initial states: 1 distinct state generated at 2026-09-24 15:56:40.
Progress(11) at 2026-09-24 15:56:43: 160,013 states generated (160,013 s/min), 57,038 distinct states found (57,038 ds/min), 30,881 states left on queue.
Error: Action property Prop_NoSilentRevert is violated.
Error: The behavior up to this point is:
State 1: <Initial predicate>
/\ udel = {}
/\ seq = 1
/\ mv = Nil
/\ doc = (p1 :> <<p1, 1>> @@ p2 :> Nil)
/\ reqs = 0
/\ minted = {<<p1, 1>>}
/\ w = ( A :>
      [ st |-> "off",
        pc |-> "idle",
        local |-> (p1 :> Nil @@ p2 :> Nil),
        baseline |-> (p1 :> Nil @@ p2 :> Nil),
        instBase |-> (p1 :> Nil @@ p2 :> Nil),
        integrated |-> {},
        queue |-> {},
        surfaced |-> {},
        uploads |-> {},
        deletes |-> {},
        snap |-> (p1 :> Nil @@ p2 :> Nil),
        upDone |-> {},
        gone |-> {},
        verified |-> FALSE,
        inst |-> (p1 :> Nil @@ p2 :> Nil),
        retire |-> {},
        collected |-> FALSE,
        seen |-> 0,
        jSeq |-> 0 ] @@
  B :>
      [ st |-> "off",
        pc |-> "idle",
        local |-> (p1 :> Nil @@ p2 :> Nil),
        baseline |-> (p1 :> Nil @@ p2 :> Nil),
        instBase |-> (p1 :> Nil @@ p2 :> Nil),
        integrated |-> {},
        queue |-> {},
        surfaced |-> {},
        uploads |-> {},
        deletes |-> {},
        snap |-> (p1 :> Nil @@ p2 :> Nil),
        upDone |-> {},
        gone |-> {},
        verified |-> FALSE,
        inst |-> (p1 :> Nil @@ p2 :> Nil),
        retire |-> {},
        collected |-> FALSE,
        seen |-> 0,
        jSeq |-> 0 ] )
/\ conflicts = {}
/\ tomb = (p1 :> Nil @@ p2 :> Nil)
/\ holder = "none"
/\ took = (A :> (p1 :> {} @@ p2 :> {}) @@ B :> (p1 :> {} @@ p2 :> {}))
/\ gw = (p1 :> Nil @@ p2 :> Nil)
/\ barriers = 0
/\ base = ( <<p1, 1>> :> Nil @@
  <<p1, 2>> :> Nil @@
  <<p1, 3>> :> Nil @@
  <<p2, 1>> :> Nil @@
  <<p2, 2>> :> Nil @@
  <<p2, 3>> :> Nil )
/\ nextGen = 2
/\ ui = 0
/\ acked = {}
/\ live = {<<p1, 1>>}

State 2: <Next line 502, col 9 to line 502, col 49 of module LeanCoreP2>
/\ udel = {}
/\ seq = 1
/\ mv = Nil
/\ doc = (p1 :> <<p1, 1>> @@ p2 :> Nil)
/\ reqs = 0
/\ minted = {<<p1, 1>>}
/\ w = ( A :>
      [ st |-> "on",
        pc |-> "idle",
        local |-> (p1 :> <<p1, 1>> @@ p2 :> Nil),
        baseline |-> (p1 :> <<p1, 1>> @@ p2 :> Nil),
        instBase |-> (p1 :> <<p1, 1>> @@ p2 :> Nil),
        integrated |-> {1},
        queue |-> {},
        surfaced |-> {},
        uploads |-> {},
        deletes |-> {},
        snap |-> (p1 :> Nil @@ p2 :> Nil),
        upDone |-> {},
        gone |-> {},
        verified |-> FALSE,
        inst |-> (p1 :> <<p1, 1>> @@ p2 :> Nil),
        retire |-> {},
        collected |-> FALSE,
        seen |-> 1,
        jSeq |-> 0 ] @@
  B :>
      [ st |-> "off",
        pc |-> "idle",
        local |-> (p1 :> Nil @@ p2 :> Nil),
        baseline |-> (p1 :> Nil @@ p2 :> Nil),
        instBase |-> (p1 :> Nil @@ p2 :> Nil),
        integrated |-> {},
        queue |-> {},
        surfaced |-> {},
        uploads |-> {},
        deletes |-> {},
        snap |-> (p1 :> Nil @@ p2 :> Nil),
        upDone |-> {},
        gone |-> {},
        verified |-> FALSE,
        inst |-> (p1 :> Nil @@ p2 :> Nil),
        retire |-> {},
        collected |-> FALSE,
        seen |-> 0,
        jSeq |-> 0 ] )
/\ conflicts = {}
/\ tomb = (p1 :> Nil @@ p2 :> Nil)
/\ holder = "none"
/\ took = (A :> (p1 :> {1} @@ p2 :> {}) @@ B :> (p1 :> {} @@ p2 :> {}))
/\ gw = (p1 :> Nil @@ p2 :> Nil)
/\ barriers = 0
/\ base = ( <<p1, 1>> :> Nil @@
  <<p1, 2>> :> Nil @@
  <<p1, 3>> :> Nil @@
  <<p2, 1>> :> Nil @@
  <<p2, 2>> :> Nil @@
  <<p2, 3>> :> Nil )
/\ nextGen = 2
/\ ui = 0
/\ acked = {}
/\ live = {<<p1, 1>>}

State 3: <Next line 502, col 9 to line 502, col 49 of module LeanCoreP2>
/\ udel = {}
/\ seq = 2
/\ mv = Nil
/\ doc = (p1 :> Nil @@ p2 :> <<p1, 1>>)
/\ reqs = 1
/\ minted = {<<p1, 1>>}
/\ w = ( A :>
      [ st |-> "on",
        pc |-> "idle",
        local |-> (p1 :> <<p1, 1>> @@ p2 :> Nil),
        baseline |-> (p1 :> <<p1, 1>> @@ p2 :> Nil),
        instBase |-> (p1 :> <<p1, 1>> @@ p2 :> Nil),
        integrated |-> {1},
        queue |-> {},
        surfaced |-> {},
        uploads |-> {},
        deletes |-> {},
        snap |-> (p1 :> Nil @@ p2 :> Nil),
        upDone |-> {},
        gone |-> {},
        verified |-> FALSE,
        inst |-> (p1 :> <<p1, 1>> @@ p2 :> Nil),
        retire |-> {},
        collected |-> FALSE,
        seen |-> 1,
        jSeq |-> 0 ] @@
  B :>
      [ st |-> "off",
        pc |-> "idle",
        local |-> (p1 :> Nil @@ p2 :> Nil),
        baseline |-> (p1 :> Nil @@ p2 :> Nil),
        instBase |-> (p1 :> Nil @@ p2 :> Nil),
        integrated |-> {},
        queue |-> {},
        surfaced |-> {},
        uploads |-> {},
        deletes |-> {},
        snap |-> (p1 :> Nil @@ p2 :> Nil),
        upDone |-> {},
        gone |-> {},
        verified |-> FALSE,
        inst |-> (p1 :> Nil @@ p2 :> Nil),
        retire |-> {},
        collected |-> FALSE,
        seen |-> 0,
        jSeq |-> 0 ] )
/\ conflicts = {}
/\ tomb = (p1 :> <<p1, 1>> @@ p2 :> Nil)
/\ holder = "none"
/\ took = (A :> (p1 :> {1} @@ p2 :> {}) @@ B :> (p1 :> {} @@ p2 :> {}))
/\ gw = (p1 :> Nil @@ p2 :> Nil)
/\ barriers = 0
/\ base = ( <<p1, 1>> :> Nil @@
  <<p1, 2>> :> Nil @@
  <<p1, 3>> :> Nil @@
  <<p2, 1>> :> Nil @@
  <<p2, 2>> :> Nil @@
  <<p2, 3>> :> Nil )
/\ nextGen = 2
/\ ui = 0
/\ acked = {<<p2, <<p1, 1>>>>}
/\ live = {<<p1, 1>>}

State 4: <Next line 502, col 9 to line 502, col 49 of module LeanCoreP2>
/\ udel = {}
/\ seq = 2
/\ mv = Nil
/\ doc = (p1 :> Nil @@ p2 :> <<p1, 1>>)
/\ reqs = 1
/\ minted = {<<p1, 1>>}
/\ w = ( A :>
      [ st |-> "on",
        pc |-> "consumed",
        local |-> (p1 :> <<p1, 1>> @@ p2 :> Nil),
        baseline |-> (p1 :> <<p1, 1>> @@ p2 :> Nil),
        instBase |-> (p1 :> <<p1, 1>> @@ p2 :> Nil),
        integrated |-> {1},
        queue |-> {},
        surfaced |-> {},
        uploads |-> {},
        deletes |-> {},
        snap |-> (p1 :> Nil @@ p2 :> Nil),
        upDone |-> {},
        gone |-> {},
        verified |-> FALSE,
        inst |-> (p1 :> <<p1, 1>> @@ p2 :> Nil),
        retire |-> {},
        collected |-> FALSE,
        seen |-> 1,
        jSeq |-> 0 ] @@
  B :>
      [ st |-> "off",
        pc |-> "idle",
        local |-> (p1 :> Nil @@ p2 :> Nil),
        baseline |-> (p1 :> Nil @@ p2 :> Nil),
        instBase |-> (p1 :> Nil @@ p2 :> Nil),
        integrated |-> {},
        queue |-> {},
        surfaced |-> {},
        uploads |-> {},
        deletes |-> {},
        snap |-> (p1 :> Nil @@ p2 :> Nil),
        upDone |-> {},
        gone |-> {},
        verified |-> FALSE,
        inst |-> (p1 :> Nil @@ p2 :> Nil),
        retire |-> {},
        collected |-> FALSE,
        seen |-> 0,
        jSeq |-> 0 ] )
/\ conflicts = {}
/\ tomb = (p1 :> <<p1, 1>> @@ p2 :> Nil)
/\ holder = "none"
/\ took = (A :> (p1 :> {1} @@ p2 :> {}) @@ B :> (p1 :> {} @@ p2 :> {}))
/\ gw = (p1 :> Nil @@ p2 :> Nil)
/\ barriers = 0
/\ base = ( <<p1, 1>> :> Nil @@
  <<p1, 2>> :> Nil @@
  <<p1, 3>> :> Nil @@
  <<p2, 1>> :> Nil @@
  <<p2, 2>> :> Nil @@
  <<p2, 3>> :> Nil )
/\ nextGen = 2
/\ ui = 0
/\ acked = {<<p2, <<p1, 1>>>>}
/\ live = {<<p1, 1>>}

State 5: <Next line 502, col 9 to line 502, col 49 of module LeanCoreP2>
/\ udel = {}
/\ seq = 2
/\ mv = Nil
/\ doc = (p1 :> Nil @@ p2 :> <<p1, 1>>)
/\ reqs = 1
/\ minted = {<<p1, 1>>, <<p2, 2>>}
/\ w = ( A :>
      [ st |-> "on",
        pc |-> "consumed",
        local |-> (p1 :> <<p1, 1>> @@ p2 :> <<p2, 2>>),
        baseline |-> (p1 :> <<p1, 1>> @@ p2 :> Nil),
        instBase |-> (p1 :> <<p1, 1>> @@ p2 :> Nil),
        integrated |-> {1, 2},
        queue |-> {},
        surfaced |-> {},
        uploads |-> {},
        deletes |-> {},
        snap |-> (p1 :> Nil @@ p2 :> Nil),
        upDone |-> {},
        gone |-> {},
        verified |-> FALSE,
        inst |-> (p1 :> <<p1, 1>> @@ p2 :> Nil),
        retire |-> {},
        collected |-> FALSE,
        seen |-> 1,
        jSeq |-> 0 ] @@
  B :>
      [ st |-> "off",
        pc |-> "idle",
        local |-> (p1 :> Nil @@ p2 :> Nil),
        baseline |-> (p1 :> Nil @@ p2 :> Nil),
        instBase |-> (p1 :> Nil @@ p2 :> Nil),
        integrated |-> {},
        queue |-> {},
        surfaced |-> {},
        uploads |-> {},
        deletes |-> {},
        snap |-> (p1 :> Nil @@ p2 :> Nil),
        upDone |-> {},
        gone |-> {},
        verified |-> FALSE,
        inst |-> (p1 :> Nil @@ p2 :> Nil),
        retire |-> {},
        collected |-> FALSE,
        seen |-> 0,
        jSeq |-> 0 ] )
/\ conflicts = {}
/\ tomb = (p1 :> <<p1, 1>> @@ p2 :> Nil)
/\ holder = "none"
/\ took = (A :> (p1 :> {1} @@ p2 :> {2}) @@ B :> (p1 :> {} @@ p2 :> {}))
/\ gw = (p1 :> Nil @@ p2 :> Nil)
/\ barriers = 0
/\ base = ( <<p1, 1>> :> Nil @@
  <<p1, 2>> :> Nil @@
  <<p1, 3>> :> Nil @@
  <<p2, 1>> :> Nil @@
  <<p2, 2>> :> Nil @@
  <<p2, 3>> :> Nil )
/\ nextGen = 3
/\ ui = 0
/\ acked = {<<p2, <<p1, 1>>>>}
/\ live = {<<p1, 1>>}

State 6: <Next line 502, col 9 to line 502, col 49 of module LeanCoreP2>
/\ udel = {}
/\ seq = 2
/\ mv = Nil
/\ doc = (p1 :> Nil @@ p2 :> <<p1, 1>>)
/\ reqs = 1
/\ minted = {<<p1, 1>>, <<p2, 2>>}
/\ w = ( A :>
      [ st |-> "on",
        pc |-> "scanned",
        local |-> (p1 :> <<p1, 1>> @@ p2 :> <<p2, 2>>),
        baseline |-> (p1 :> <<p1, 1>> @@ p2 :> Nil),
        instBase |-> (p1 :> <<p1, 1>> @@ p2 :> Nil),
        integrated |-> {1, 2},
        queue |-> {},
        surfaced |-> {},
        uploads |-> {p2},
        deletes |-> {},
        snap |-> (p1 :> <<p1, 1>> @@ p2 :> <<p2, 2>>),
        upDone |-> {},
        gone |-> {},
        verified |-> FALSE,
        inst |-> (p1 :> <<p1, 1>> @@ p2 :> Nil),
        retire |-> {},
        collected |-> FALSE,
        seen |-> 1,
        jSeq |-> 0 ] @@
  B :>
      [ st |-> "off",
        pc |-> "idle",
        local |-> (p1 :> Nil @@ p2 :> Nil),
        baseline |-> (p1 :> Nil @@ p2 :> Nil),
        instBase |-> (p1 :> Nil @@ p2 :> Nil),
        integrated |-> {},
        queue |-> {},
        surfaced |-> {},
        uploads |-> {},
        deletes |-> {},
        snap |-> (p1 :> Nil @@ p2 :> Nil),
        upDone |-> {},
        gone |-> {},
        verified |-> FALSE,
        inst |-> (p1 :> Nil @@ p2 :> Nil),
        retire |-> {},
        collected |-> FALSE,
        seen |-> 0,
        jSeq |-> 0 ] )
/\ conflicts = {}
/\ tomb = (p1 :> <<p1, 1>> @@ p2 :> Nil)
/\ holder = "none"
/\ took = (A :> (p1 :> {1} @@ p2 :> {2}) @@ B :> (p1 :> {} @@ p2 :> {}))
/\ gw = (p1 :> Nil @@ p2 :> Nil)
/\ barriers = 1
/\ base = ( <<p1, 1>> :> Nil @@
  <<p1, 2>> :> Nil @@
  <<p1, 3>> :> Nil @@
  <<p2, 1>> :> Nil @@
  <<p2, 2>> :> Nil @@
  <<p2, 3>> :> Nil )
/\ nextGen = 3
/\ ui = 0
/\ acked = {<<p2, <<p1, 1>>>>}
/\ live = {<<p1, 1>>}

State 7: <Next line 502, col 9 to line 502, col 49 of module LeanCoreP2>
/\ udel = {}
/\ seq = 2
/\ mv = Nil
/\ doc = (p1 :> Nil @@ p2 :> <<p1, 1>>)
/\ reqs = 1
/\ minted = {<<p1, 1>>, <<p2, 2>>}
/\ w = ( A :>
      [ st |-> "on",
        pc |-> "scanned",
        local |-> (p1 :> <<p1, 1>> @@ p2 :> <<p2, 2>>),
        baseline |-> (p1 :> <<p1, 1>> @@ p2 :> Nil),
        instBase |-> (p1 :> <<p1, 1>> @@ p2 :> Nil),
        integrated |-> {1, 2},
        queue |-> {},
        surfaced |-> {},
        uploads |-> {p2},
        deletes |-> {},
        snap |-> (p1 :> <<p1, 1>> @@ p2 :> <<p2, 2>>),
        upDone |-> {p2},
        gone |-> {},
        verified |-> FALSE,
        inst |-> (p1 :> <<p1, 1>> @@ p2 :> Nil),
        retire |-> {},
        collected |-> FALSE,
        seen |-> 1,
        jSeq |-> 0 ] @@
  B :>
      [ st |-> "off",
        pc |-> "idle",
        local |-> (p1 :> Nil @@ p2 :> Nil),
        baseline |-> (p1 :> Nil @@ p2 :> Nil),
        instBase |-> (p1 :> Nil @@ p2 :> Nil),
        integrated |-> {},
        queue |-> {},
        surfaced |-> {},
        uploads |-> {},
        deletes |-> {},
        snap |-> (p1 :> Nil @@ p2 :> Nil),
        upDone |-> {},
        gone |-> {},
        verified |-> FALSE,
        inst |-> (p1 :> Nil @@ p2 :> Nil),
        retire |-> {},
        collected |-> FALSE,
        seen |-> 0,
        jSeq |-> 0 ] )
/\ conflicts = {}
/\ tomb = (p1 :> <<p1, 1>> @@ p2 :> Nil)
/\ holder = "none"
/\ took = (A :> (p1 :> {1} @@ p2 :> {2}) @@ B :> (p1 :> {} @@ p2 :> {}))
/\ gw = (p1 :> Nil @@ p2 :> Nil)
/\ barriers = 1
/\ base = ( <<p1, 1>> :> Nil @@
  <<p1, 2>> :> Nil @@
  <<p1, 3>> :> Nil @@
  <<p2, 1>> :> Nil @@
  <<p2, 2>> :> Nil @@
  <<p2, 3>> :> Nil )
/\ nextGen = 3
/\ ui = 0
/\ acked = {<<p2, <<p1, 1>>>>}
/\ live = {<<p1, 1>>, <<p2, 2>>}

State 8: <Next line 502, col 9 to line 502, col 49 of module LeanCoreP2>
/\ udel = {}
/\ seq = 2
/\ mv = Nil
/\ doc = (p1 :> Nil @@ p2 :> <<p1, 1>>)
/\ reqs = 1
/\ minted = {<<p1, 1>>, <<p2, 2>>}
/\ w = ( A :>
      [ st |-> "on",
        pc |-> "claimed",
        local |-> (p1 :> <<p1, 1>> @@ p2 :> <<p2, 2>>),
        baseline |-> (p1 :> <<p1, 1>> @@ p2 :> Nil),
        instBase |-> (p1 :> <<p1, 1>> @@ p2 :> Nil),
        integrated |-> {1, 2},
        queue |-> {},
        surfaced |-> {},
        uploads |-> {p2},
        deletes |-> {},
        snap |-> (p1 :> <<p1, 1>> @@ p2 :> <<p2, 2>>),
        upDone |-> {p2},
        gone |-> {},
        verified |-> FALSE,
        inst |-> (p1 :> <<p1, 1>> @@ p2 :> Nil),
        retire |-> {},
        collected |-> FALSE,
        seen |-> 1,
        jSeq |-> 0 ] @@
  B :>
      [ st |-> "off",
        pc |-> "idle",
        local |-> (p1 :> Nil @@ p2 :> Nil),
        baseline |-> (p1 :> Nil @@ p2 :> Nil),
        instBase |-> (p1 :> Nil @@ p2 :> Nil),
        integrated |-> {},
        queue |-> {},
        surfaced |-> {},
        uploads |-> {},
        deletes |-> {},
        snap |-> (p1 :> Nil @@ p2 :> Nil),
        upDone |-> {},
        gone |-> {},
        verified |-> FALSE,
        inst |-> (p1 :> Nil @@ p2 :> Nil),
        retire |-> {},
        collected |-> FALSE,
        seen |-> 0,
        jSeq |-> 0 ] )
/\ conflicts = {}
/\ tomb = (p1 :> <<p1, 1>> @@ p2 :> Nil)
/\ holder = A
/\ took = (A :> (p1 :> {1} @@ p2 :> {2}) @@ B :> (p1 :> {} @@ p2 :> {}))
/\ gw = (p1 :> Nil @@ p2 :> Nil)
/\ barriers = 1
/\ base = ( <<p1, 1>> :> Nil @@
  <<p1, 2>> :> Nil @@
  <<p1, 3>> :> Nil @@
  <<p2, 1>> :> Nil @@
  <<p2, 2>> :> Nil @@
  <<p2, 3>> :> Nil )
/\ nextGen = 3
/\ ui = 0
/\ acked = {<<p2, <<p1, 1>>>>}
/\ live = {<<p1, 1>>, <<p2, 2>>}

State 9: <Next line 502, col 9 to line 502, col 49 of module LeanCoreP2>
/\ udel = {}
/\ seq = 2
/\ mv = Nil
/\ doc = (p1 :> Nil @@ p2 :> <<p1, 1>>)
/\ reqs = 1
/\ minted = {<<p1, 1>>, <<p2, 2>>}
/\ w = ( A :>
      [ st |-> "on",
        pc |-> "claimed",
        local |-> (p1 :> <<p1, 1>> @@ p2 :> <<p2, 2>>),
        baseline |-> (p1 :> <<p1, 1>> @@ p2 :> Nil),
        instBase |-> (p1 :> <<p1, 1>> @@ p2 :> Nil),
        integrated |-> {1, 2},
        queue |-> {},
        surfaced |-> {},
        uploads |-> {p2},
        deletes |-> {},
        snap |-> (p1 :> <<p1, 1>> @@ p2 :> <<p2, 2>>),
        upDone |-> {p2},
        gone |-> {},
        verified |-> TRUE,
        inst |-> (p1 :> <<p1, 1>> @@ p2 :> Nil),
        retire |-> {},
        collected |-> FALSE,
        seen |-> 1,
        jSeq |-> 0 ] @@
  B :>
      [ st |-> "off",
        pc |-> "idle",
        local |-> (p1 :> Nil @@ p2 :> Nil),
        baseline |-> (p1 :> Nil @@ p2 :> Nil),
        instBase |-> (p1 :> Nil @@ p2 :> Nil),
        integrated |-> {},
        queue |-> {},
        surfaced |-> {},
        uploads |-> {},
        deletes |-> {},
        snap |-> (p1 :> Nil @@ p2 :> Nil),
        upDone |-> {},
        gone |-> {},
        verified |-> FALSE,
        inst |-> (p1 :> Nil @@ p2 :> Nil),
        retire |-> {},
        collected |-> FALSE,
        seen |-> 0,
        jSeq |-> 0 ] )
/\ conflicts = {}
/\ tomb = (p1 :> <<p1, 1>> @@ p2 :> Nil)
/\ holder = A
/\ took = (A :> (p1 :> {1} @@ p2 :> {2}) @@ B :> (p1 :> {} @@ p2 :> {}))
/\ gw = (p1 :> Nil @@ p2 :> Nil)
/\ barriers = 1
/\ base = ( <<p1, 1>> :> Nil @@
  <<p1, 2>> :> Nil @@
  <<p1, 3>> :> Nil @@
  <<p2, 1>> :> Nil @@
  <<p2, 2>> :> Nil @@
  <<p2, 3>> :> Nil )
/\ nextGen = 3
/\ ui = 0
/\ acked = {<<p2, <<p1, 1>>>>}
/\ live = {<<p1, 1>>, <<p2, 2>>}

State 10: <Next line 502, col 9 to line 502, col 49 of module LeanCoreP2>
/\ udel = {}
/\ seq = 3
/\ mv = Nil
/\ doc = (p1 :> Nil @@ p2 :> <<p2, 2>>)
/\ reqs = 1
/\ minted = {<<p1, 1>>, <<p2, 2>>}
/\ w = ( A :>
      [ st |-> "on",
        pc |-> "cased",
        local |-> (p1 :> <<p1, 1>> @@ p2 :> <<p2, 2>>),
        baseline |-> (p1 :> <<p1, 1>> @@ p2 :> Nil),
        instBase |-> (p1 :> <<p1, 1>> @@ p2 :> Nil),
        integrated |-> {1, 2},
        queue |-> {[path |-> p1, handle |-> Nil, retired |-> <<p1, 1>>]},
        surfaced |-> {},
        uploads |-> {p2},
        deletes |-> {},
        snap |-> (p1 :> <<p1, 1>> @@ p2 :> <<p2, 2>>),
        upDone |-> {p2},
        gone |-> {},
        verified |-> TRUE,
        inst |-> (p1 :> Nil @@ p2 :> <<p2, 2>>),
        retire |-> {<<p1, 1>>},
        collected |-> FALSE,
        seen |-> 3,
        jSeq |-> 3 ] @@
  B :>
      [ st |-> "off",
        pc |-> "idle",
        local |-> (p1 :> Nil @@ p2 :> Nil),
        baseline |-> (p1 :> Nil @@ p2 :> Nil),
        instBase |-> (p1 :> Nil @@ p2 :> Nil),
        integrated |-> {},
        queue |-> {},
        surfaced |-> {},
        uploads |-> {},
        deletes |-> {},
        snap |-> (p1 :> Nil @@ p2 :> Nil),
        upDone |-> {},
        gone |-> {},
        verified |-> FALSE,
        inst |-> (p1 :> Nil @@ p2 :> Nil),
        retire |-> {},
        collected |-> FALSE,
        seen |-> 0,
        jSeq |-> 0 ] )
/\ conflicts = {}
/\ tomb = (p1 :> <<p1, 1>> @@ p2 :> Nil)
/\ holder = A
/\ took = (A :> (p1 :> {1} @@ p2 :> {2}) @@ B :> (p1 :> {} @@ p2 :> {}))
/\ gw = (p1 :> Nil @@ p2 :> Nil)
/\ barriers = 1
/\ base = ( <<p1, 1>> :> Nil @@
  <<p1, 2>> :> Nil @@
  <<p1, 3>> :> Nil @@
  <<p2, 1>> :> Nil @@
  <<p2, 2>> :> Nil @@
  <<p2, 3>> :> Nil )
/\ nextGen = 3
/\ ui = 0
/\ acked = {<<p2, <<p1, 1>>>>}
/\ live = {<<p1, 1>>, <<p2, 2>>}

232567 states generated, 81221 distinct states found, 42514 states left on queue.
The depth of the complete state graph search is 11.
The average outdegree of the complete state graph is 2 (minimum is 0, the maximum 12 and the 95th percentile is 7).
Finished in 04s at (2026-09-24 15:56:44)
