=== probe-full-timing: --timing Probe.tla 14:14:01Z
File "./Probe.tla", line 4, characters 26-32:
[ERROR]: Could not prove or check:
           ASSUME NEW CONSTANT Nil,
                  NEW CONSTANT Paths,
                  NEW CONSTANT Free,
                  NEW CONSTANT Writers,
                  NEW CONSTANT MaxMint,
                  NEW CONSTANT MaxUI,
                  NEW CONSTANT MaxRemovals,
                  NEW CONSTANT MaxBarriers,
                  NEW CONSTANT MaxRestarts,
                  NEW CONSTANT MaxSyncs,
                  NEW CONSTANT MaxAges,
                  NEW CONSTANT MaxCopies,
                  NEW CONSTANT CommitSurfacesForeign,
                  NEW CONSTANT CommitVerifiesUploads,
                  NEW CONSTANT SweepUnderLease,
                  NEW CONSTANT CollectorSparesCited,
                  NEW CONSTANT CommitRecordsDeleteOverride,
                  NEW CONSTANT DeleteWinsPreserved,
                  NEW CONSTANT ContentConverges,
                  NEW CONSTANT RecheckSkipped,
                  NEW CONSTANT CommitAdvanceGuarded,
                  NEW CONSTANT RetireAge,
                  NEW CONSTANT GatewayIgnoresLease,
                  NEW CONSTANT GatewayJudgesRead,
                  NEW CONSTANT GatewaySweepGrace,
                  NEW CONSTANT RenameAtomic,
                  NEW CONSTANT Scopes,
                  NEW CONSTANT MaxRescopes,
                  NEW CONSTANT ConsumeHonorsScope,
                  NEW CONSTANT RescopeUnciteFirst,
                  NEW CONSTANT RescopeKeepsDirty,
                  NEW CONSTANT WidenKeepsLocal,
                  NEW CONSTANT UnlinkChecksBytes,
                  NEW CONSTANT MaxFetchFails,
                  NEW CONSTANT ConsumeKeepsLeft,
                  NEW CONSTANT SyncKeepsLeft,
                  NEW CONSTANT Readers,
                  NEW CONSTANT ReaderRechecksOwed,
                  NEW VARIABLE live,
                  NEW VARIABLE minted,
                  NEW VARIABLE doc,
                  NEW VARIABLE seq,
                  NEW VARIABLE tomb,
                  NEW VARIABLE base,
                  NEW VARIABLE acked,
                  NEW VARIABLE conflicts,
                  NEW VARIABLE holder,
                  NEW VARIABLE nextGen,
                  NEW VARIABLE ui,
                  NEW VARIABLE reqs,
                  NEW VARIABLE barriers,
                  NEW VARIABLE w,
                  NEW VARIABLE took,
                  NEW VARIABLE gw,
                  NEW VARIABLE mv,
                  NEW VARIABLE udel,
                  NEW VARIABLE restarts,
                  NEW VARIABLE syncs,
                  NEW VARIABLE regressed,
                  NEW VARIABLE rescopes,
                  NEW VARIABLE fails,
                  NEW VARIABLE upped,
                  NEW VARIABLE copies,
                  NEW VARIABLE orig,
                  NEW VARIABLE retiring,
                  NEW VARIABLE aged,
                  NEW VARIABLE ages,
                  NEW VARIABLE rdoc,
                  NEW VARIABLE rlag,
                  NEW VARIABLE anc
           PROVE  1 + 1 = 2
File "./Probe.tla", line 1, character 1 to line 6, character 4:
[ERROR]: 1/2 obligations failed.
There were backend errors processing module `"Probe"`.
 tlapm ending abnormally with Failure("backend errors: there are unproved obligations")
Raised at Stdlib.failwith in file "stdlib.ml", line 29, characters 17-33
Called from Tlapm_lib.process_module in file "src/tlapm_lib.ml", line 492, characters 12-77
Called from Tlapm_lib.main.f in file "src/tlapm_lib.ml", line 621, characters 23-43
Called from Stdlib__List.fold_left in file "list.ml", line 123, characters 24-34
Called from Tlapm_lib.main in file "src/tlapm_lib.ml", line 624, characters 13-40
Called from Tlapm_lib.init in file "src/tlapm_lib.ml", line 641, characters 8-59
Command exited with non-zero status 3
WALL 18.12 s  MAXRSS 3568156 kB  rc 3
=== probe-V1-noLSpec: ProbeV1.tla 14:14:19Z
File "./ProbeV1.tla", line 1, character 1 to line 4, character 4:
[INFO]: All 1 obligation proved.
WALL 9.32 s  MAXRSS 2265620 kB  rc 0
=== probe-V2-noInitNext: ProbeV2.tla 14:14:28Z
File "./ProbeV2.tla", line 1, character 1 to line 4, character 4:
[INFO]: All 1 obligation proved.
WALL 9.31 s  MAXRSS 2241344 kB  rc 0
=== probe-V3-noActions: ProbeV3.tla 14:14:37Z
File "./ProbeV3.tla", line 1, character 1 to line 4, character 4:
[INFO]: All 1 obligation proved.
WALL 0.08 s  MAXRSS 22520 kB  rc 0
BISECTDONE
