2650490 1450 0
2651960 1310 0
2653290 1840 0
2655150 1370 0
2656530 1460 0
2658030 1400 0
2659460 1620 0
2661100 1520 0
2662630 1870 0
2664550 1650 0
2666220 5890 0
2672140 2050 0
2674250 1490 0
2675750 1720 0
2677510 2020 0
2679560 2030 0
2681630 1730 0
2683390 1840 0
2685260 6840 0
2692130 2160 0
2694330 2650 0
2697000 2360 0
2699380 2670 0
2702100 2290 0
2704400 2470 0
2706900 6060 0
2650510 1420 0
2651950 1320 0
2653300 1830 0
2655150 1380 0
2656560 1430 0
2658000 1430 0
2659440 1640 0
2661100 1490 0
2662600 1920 0
2664550 1680 0
2666250 5840 0
2672160 2030 0
2674230 2680 0
2676920 1930 0
2678880 1650 0
2680550 1930 0
2682520 1600 0
2684150 1880 0
2686060 6710 0
2692790 2980 0
2695780 1850 0
2697650 3210 0
2700870 1910 0
2702790 2180 0
2704990 2570 0
2707580 4580 0
2650450 1150 0
2651630 1120 0
2652810 1350 0
2654210 1590 0
2655840 1730 0
2657630 1430 0
2659120 1550 0
2660690 1600 0
2662290 1510 0
2663820 1170 0
2665010 1620 0
2666650 5470 0
2672180 2030 0
2674250 2660 0
2676930 1920 0
2678880 1650 0
2680570 1910 0
2682510 1620 0
2684170 1870 0
2686080 6050 0
2692170 2110 0
2694310 2650 0
2697010 2360 0
2699440 2590 0
2702060 2310 0
2704400 2470 0
2706900 6050 0
2650500 1110 0
2651650 1100 0
2652790 1360 0
2654200 1610 0
2655840 1720 0
2657610 1450 0
2659120 1560 0
2660710 1580 0
2662320 2200 0
2664550 1670 0
2666270 6570 0
2672860 1740 0
2674620 2300 0
2676960 1890 0
2678880 1630 0
2680520 1940 0
2682470 1640 0
2684140 1900 0
2686060 6730 0
2692810 2980 0
2695800 1830 0
2697650 3210 0
2700880 1880 0
2702770 2190 0
2704990 2560 0
2707580 4580 0
2650390 350 0
2650740 1200 0
2651960 1310 0
2653290 1840 0
2655130 1400 0
2656560 1440 0
2658020 1410 0
2659450 1630 0
2661090 1500 0
2662590 1920 0
2664550 1660 0
2666240 5870 0
2672130 2060 0
2674250 1490 0
2675750 1700 0
2677480 2050 0
2679570 2010 0
2681610 1740 0
2683380 1830 0
2685230 6890 0
2692150 2130 0
2694310 2650 0
2696990 2390 0
2699420 2620 0
2702070 2310 0
2704400 3160 0
2707590 4570 0
2650470 1130 0
2651620 1130 0
2652780 1360 0
2654190 1610 0
2655820 1760 0
2657620 1430 0
2659060 1620 0
2660740 1550 0
2662310 1490 0
2663830 1150 0
2665000 1630 0
2666640 5470 0
2672150 2050 0
2674260 2650 0
2676950 1890 0
2678860 1670 0
2680570 1900 0
2682500 1620 0
2684140 1890 0
2686060 4740 0
2690810 1960 0
2692800 2980 0
2695800 1820 0
2697640 3220 0
2700880 1900 0
2702800 2170 0
2704980 2570 0
2707580 5370 0
2650480 1130 0
2651640 1110 0
2652780 1360 0
2654190 1620 0
2655840 1740 0
2657610 1440 0
2659060 1610 0
2660710 1590 0
2662340 1460 0
2663830 1150 0
2665000 1630 0
2666650 5470 0
2672170 2030 0
2674230 2680 0
2676940 1900 0
2678870 1650 0
2680540 1920 0
2682470 1650 0
2684140 1900 0
2686060 6710 0
2692780 3000 0
2695800 1830 0
2697660 3200 0
2700880 1900 0
2702790 2190 0
2705010 2540 0
2707580 4570 0
2650450 1140 0
2651620 1140 0
2652780 1370 0
2654190 1610 0
2655840 1730 0
2657600 1440 0
2659040 1620 0
2660670 1630 0
2662340 1470 0
2663820 1160 0
2664990 1630 0
2666640 5460 0
2672130 2070 0
2674220 1510 0
2675760 1710 0
2677500 2040 0
2679570 2020 0
2681620 1730 0
2683380 1830 0
2685230 6890 0
2692160 2120 0
2694320 2640 0
2697030 2360 0
2699440 2610 0
2702080 2310 0
2704420 2460 0
2706900 6060 0
2650420 1190 0
2651660 1100 0
2652790 1360 0
2654180 1620 0
2655840 1740 0
2657630 1440 0
2659120 1570 0
2660740 1560 0
2662340 2170 0
2664550 1670 0
2666280 6560 0
2672850 1750 0
2674610 2310 0
2676940 1890 0
2678850 1680 0
2680580 1900 0
2682500 1630 0
2684150 1870 0
2686030 6740 0
2692790 2990 0
2695800 1820 0
2697640 3220 0
2700880 1900 0
2702800 2170 0
2704990 2560 0
2707580 5380 0
2650420 1170 0
2651630 1120 0
2652790 1350 0
2654180 1630 0
2655850 1720 0
2657620 1450 0
2659090 1600 0
2660730 1560 0
2662320 1500 0
2663840 1140 0
2664990 1630 0
2666640 3930 0
2670570 2270 0
2672840 1760 0
2674620 2300 0
2676970 1860 0
2678840 1690 0
2680560 1910 0
2682500 1620 0
2684140 1890 0
2686080 6030 0
2692130 2170 0
2694350 2610 0
2696980 2420 0
2699440 2610 0
2702100 2280 0
2704430 2420 0
2706880 6080 0
2650470 1140 0
2651640 1110 0
2652810 1340 0
2654220 1590 0
2655850 1730 0
2657620 1440 0
2659090 1570 0
2660700 1590 0
2662330 2190 0
2664570 1660 0
2666270 5840 0
2672140 2060 0
2674250 1480 0
2675740 1700 0
2677450 2090 0
2679570 2010 0
2681620 1740 0
2683380 1840 0
2685240 6880 0
2692150 2130 0
2694300 2670 0
2697020 2360 0
2699410 2630 0
2702110 2280 0
2704440 2440 0
2706920 6030 0
2650410 1210 0
2651640 1110 0
2652780 1360 0
2654160 1620 0
2655780 1800 0
2657630 1440 0
2659110 1550 0
2660690 1610 0
2662320 1480 0
2663810 1170 0
2665000 1630 0
2666650 4090 0
2670740 2100 0
2672850 1750 0
2674630 2290 0
2676940 1900 0
2678860 1670 0
2680560 1920 0
2682520 1610 0
2684160 1870 0
2686060 6060 0
2692150 2140 0
2694350 2610 0
2696990 2380 0
2699390 2640 0
2702040 2350 0
2704430 2450 0
2706900 6060 0
2650480 1460 0
2651950 1330 0
2653290 1840 0
2655150 1370 0
2656540 1450 0
2658020 1410 0
2659450 1660 0
2661120 1470 0
2662600 1920 0
2664550 1670 0
2666260 6580 0
2672850 1710 0
2674570 2340 0
2676950 1890 0
2678850 1660 0
2680520 1940 0
2682480 1640 0
2684160 1870 0
2686060 6710 0
2692790 2990 0
2695800 1830 0
2697640 3220 0
2700890 1860 0
2702760 2210 0
2704980 2580 0
2707600 4550 0
2650420 1180 0
2651630 1110 0
2652770 1370 0
2654170 1630 0
2655840 1740 0
2657610 1450 0
2659090 1580 0
2660690 1610 0
2662330 2170 0
2664530 1680 0
2666260 6580 0
2672860 1700 0
2674570 2350 0
2676940 1900 0
2678870 1670 0
2680570 1900 0
2682490 1640 0
2684190 1840 0
2686060 6060 0
2692150 2160 0
2694340 2640 0
2697020 2350 0
2699410 2620 0
2702090 2300 0
2704430 3130 0
2707590 4570 0
2650420 1180 0
2651640 1100 0
2652800 1350 0
2654220 1590 0
2655840 1730 0
2657590 1470 0
2659090 1570 0
2660690 1610 0
2662340 1470 0
2663820 1160 0
2665010 1620 0
2666650 4120 0
2670780 2060 0
2672860 1740 0
2674620 2300 0
2676940 1890 0
2678830 1700 0
2680570 1900 0
2682490 1630 0
2684130 1900 0
2686060 6710 0
2692790 2980 0
2695780 1840 0
2697620 3240 0
2700880 1900 0
2702790 2180 0
2704990 2570 0
2707590 4570 0
2650480 1120 0
2651630 1140 0
2652810 1340 0
2654170 1640 0
2655850 1730 0
2657610 1440 0
2659060 1590 0
2660680 1620 0
2662340 2170 0
2664560 1640 0
2666220 5870 0
2672110 2080 0
2674260 1460 0
2675750 1700 0
2677470 2060 0
2679550 2020 0
2681610 1760 0
2683390 1820 0
2685240 6870 0
2692130 2170 0
2694360 2610 0
2697030 2340 0
2699390 2670 0
2702090 2300 0
2704450 3100 0
2707580 5380 0
2650420 1170 0
2651630 1120 0
2652810 1350 0
2654190 1620 0
2655850 1720 0
2657600 1470 0
2659120 1540 0
2660690 1600 0
2662330 1480 0
2663840 1130 0
2664980 1650 0
2666640 5480 0
2672170 2030 0
2674240 1500 0
2675760 1700 0
2677490 2050 0
2679560 2010 0
2681590 1780 0
2683400 1810 0
2685250 6860 0
2692130 2150 0
2694300 2660 0
2697000 3870 0
2700900 1880 0
2702800 2160 0
2704970 2590 0
2707580 3290 0
2650450 1480 0
2651950 1320 0
2653290 1850 0
2655160 1360 0
2656550 1440 0
2658010 1420 0
2659450 1660 0
2661120 1500 0
2662620 1880 0
2664550 1650 0
2666220 5870 0
2672110 2090 0
2674230 1500 0
2675770 1670 0
2677470 2060 0
2679540 2040 0
2681600 1770 0
2683400 1830 0
2685260 6870 0
2692180 2110 0
2694320 2660 0
2697020 2340 0
2699390 2630 0
2702030 2360 0
2704420 2460 0
2706920 6040 0
2650440 1160 0
2651630 1120 0
2652800 1330 0
2654150 1640 0
2655840 1720 0
2657570 1500 0
2659100 1590 0
2660730 1570 0
2662350 2160 0
2664560 1660 0
2666240 5870 0
2672140 2060 0
2674260 2650 0
2676950 1900 0
2678900 1630 0
2680560 1930 0
2682520 1620 0
2684160 1870 0
2686070 6700 0
2692790 2990 0
2695800 1820 0
2697630 3230 0
2700880 1870 0
2702760 2220 0
2705000 2550 0
2707580 4580 0
2650510 1420 0
2651950 1340 0
2653310 1830 0
2655170 1350 0
2656530 1470 0
2658030 1400 0
2659430 1650 0
2661100 1490 0
2662600 1910 0
2664550 1670 0
2666260 6580 0
2672860 1740 0
2674610 2310 0
2676960 1890 0
2678870 1660 0
2680570 1910 0
2682520 1590 0
2684130 1910 0
2686080 4720 0
2690810 1970 0
2692800 2990 0
2695800 1820 0
2697640 3220 0
2700860 1920 0
2702800 2170 0
2705010 2570 0
2707610 4550 0
2650470 1130 0
2651650 1100 0
2652790 1350 0
2654170 1640 0
2655840 1740 0
2657620 1450 0
2659090 1570 0
2660690 1610 0
2662340 2180 0
2664590 1630 0
2666240 5880 0
2672160 2030 0
2674240 1480 0
2675740 1710 0
2677490 2040 0
2679550 2040 0
2681610 1750 0
2683380 1840 0
2685240 6880 0
2692150 2140 0
2694320 2630 0
2696990 2380 0
2699400 2640 0
2702060 2300 0
2704400 2480 0
2706900 6060 0
2650450 1150 0
2651620 1130 0
2652790 1360 0
2654190 1620 0
2655840 1740 0
2657620 1450 0
2659100 1590 0
2660740 1560 0
2662340 2180 0
2664570 1640 0
2666220 5870 0
2672120 2090 0
2674220 1510 0
2675760 1690 0
2677480 2060 0
2679570 2010 0
2681590 1780 0
2683390 1820 0
2685260 6860 0
2692140 2140 0
2694320 2640 0
2696980 2390 0
2699410 2650 0
2702120 2270 0
2704430 2420 0
2706870 5290 0
2650450 1490 0
2651960 1320 0
2653300 1840 0
2655170 1360 0
2656540 1450 0
2658010 1420 0
2659450 1660 0
2661120 1500 0
2662630 1890 0
2664600 1600 0
2666260 6580 0
2672870 1740 0
2674630 2290 0
2676940 1890 0
2678860 1660 0
2680530 1950 0
2682510 1600 0
2684130 1900 0
2686060 6060 0
2692170 2120 0
2694350 2610 0
2697000 2370 0
2699400 2620 0
2702060 2300 0
2704370 2490 0
2706880 6070 0
2650430 1500 0
2651960 1310 0
2653290 1850 0
2655160 1360 0
2656540 1450 0
2658020 1400 0
2659440 1640 0
2661100 1520 0
2662630 1880 0
2664550 1650 0
2666210 5890 0
2672140 2050 0
2674220 1510 0
2675760 1690 0
2677460 2080 0
2679560 2030 0
2681620 1730 0
2683360 1860 0
2685250 6880 0
2692180 2100 0
2694330 2620 0
2696990 2380 0
2699410 2640 0
2702080 2280 0
2704380 2490 0
2706890 6070 0
2650410 1200 0
2651660 1100 0
2652790 1380 0
2654200 1600 0
2655840 1740 0
2657630 1440 0
2659110 1570 0
2660720 1580 0
2662340 2170 0
2664550 1670 0
2666280 5820 0
2672140 2060 0
2674230 1510 0
2675770 1690 0
2677490 2050 0
2679570 2020 0
2681620 1750 0
2683400 1810 0
2685230 6890 0
2692160 2130 0
2694350 2610 0
2696990 2370 0
2699380 2650 0
2702060 2310 0
2704390 2460 0
2706860 5300 0
2650450 1470 0
2651930 1340 0
2653270 1860 0
2655150 1370 0
2656550 1440 0
2658010 1420 0
2659460 1630 0
2661100 1520 0
2662630 1870 0
2664550 1660 0
2666260 6580 0
2672860 1740 0
2674610 2290 0
2676920 1920 0
2678880 1650 0
2680550 1930 0
2682520 1600 0
2684140 1890 0
2686050 6720 0
2692780 3010 0
2695810 1820 0
2697650 3210 0
2700880 1870 0
2702760 2200 0
2704980 2570 0
2707560 5400 0
2650430 1190 0
2651670 1070 0
2652770 1380 0
2654190 1620 0
2655860 1700 0
2657570 1500 0
2659110 1560 0
2660700 1590 0
2662330 2170 0
2664530 1670 0
2666250 5870 0
2672140 2060 0
2674240 2670 0
2676940 1880 0
2678830 1690 0
2680560 1910 0
2682500 1620 0
2684170 1860 0
2686080 6050 0
2692170 2140 0
2694360 2600 0
2696990 2390 0
2699410 2610 0
2702060 2310 0
2704390 1040 0
2705430 7530 0
2650440 1160 0
2651640 1120 0
2652840 1300 0
2654180 1620 0
2655830 1740 0
2657600 1470 0
2659120 1560 0
2660720 1580 0
2662330 1490 0
2663840 1130 0
2664980 1650 0
2666640 5470 0
2672170 2010 0
2674190 1550 0
2675760 1690 0
2677480 2050 0
2679550 2030 0
2681620 1750 0
2683390 1830 0
2685250 6870 0
2692160 2120 0
2694310 2650 0
2697020 2360 0
2699420 2610 0
2702080 2310 0
2704420 2450 0
2706900 6060 0
2650440 1150 0
2651610 1150 0
2652790 1360 0
2654210 1580 0
2655800 1780 0
2657600 1440 0
2659040 1640 0
2660740 1550 0
2662340 1460 0
2663810 1160 0
2665000 1620 0
2666640 5470 0
2672170 2030 0
2674270 2640 0
2676960 1880 0
2678880 1650 0
2680570 1910 0
2682530 1580 0
2684130 1910 0
2686070 6060 0
2692210 2070 0
2694350 2610 0
2697010 2370 0
2699440 2620 0
2702110 2260 0
2704400 2470 0
2706900 6060 0
2650430 1180 0
2651640 1110 0
2652780 1370 0
2654190 1620 0
2655850 1720 0
2657610 1460 0
2659120 1540 0
2660690 1610 0
2662340 2160 0
2664550 1670 0
2666290 5820 0
2672150 2030 0
2674190 1530 0
2675750 1700 0
2677470 2070 0
2679560 2020 0
2681620 1740 0
2683370 1850 0
2685240 6890 0
2692180 2120 0
2694330 2630 0
2697020 2380 0
2699420 2640 0
2702070 2310 0
2704410 2440 0
2706870 5290 0
2650480 1450 0
2651950 1330 0
2653300 1830 0
2655130 1390 0
2656550 1440 0
2658020 1400 0
2659440 1670 0
2661120 1500 0
2662630 1890 0
2664550 1650 0
2666250 5870 0
2672170 2010 0
2674210 1520 0
2675750 1710 0
2677490 2050 0
2679570 2010 0
2681600 1760 0
2683390 1830 0
2685240 6870 0
2692140 2160 0
2694330 2630 0
2696990 2390 0
2699450 2570 0
2702050 2340 0
2704420 2450 0
2706910 6050 0
2650470 1460 0
2651960 1310 0
2653280 1850 0
2655150 1380 0
2656550 1450 0
2658010 1420 0
2659450 1630 0
2661090 1490 0
2662590 1910 0
2664520 1700 0
2666240 5870 0
2672170 2040 0
2674240 1490 0
2675760 1690 0
2677470 2070 0
2679570 2020 0
2681610 1760 0
2683400 1810 0
2685240 6880 0
2692180 2100 0
2694320 2640 0
2696990 2390 0
2699400 2620 0
2702030 2340 0
2704420 2430 0
2706860 5300 0
