2714160 1760 0
2716000 2250 0
2718270 1490 0
2719770 1580 0
2721380 2500 0
2723910 2530 0
2726450 2450 0
2728920 2440 0
2731390 2530 0
2733940 3300 0
2737260 3330 0
2740610 3190 0
2743820 4070 0
2747900 3710 0
2751620 4110 0
2755750 4840 0
2760590 4200 0
2764790 4960 0
2769750 5090 0
2714150 1780 0
2715950 730 0
2716700 1550 0
2718270 1480 0
2719770 1580 0
2721370 1660 0
2723050 1670 0
2724730 1700 0
2726440 1640 0
2728090 2440 0
2730540 2520 0
2733080 3320 0
2736420 3330 0
2739770 4020 0
2743800 4090 0
2747900 4530 0
2752450 4920 0
2757380 4900 0
2762290 5090 0
2767380 5670 0
2773050 5340 0
2714140 1780 0
2715990 1480 0
2717500 1450 0
2718990 1590 0
2720600 1500 0
2722110 2610 0
2724730 1710 0
2726460 2440 0
2728920 2440 0
2731380 2530 0
2733930 3310 0
2737270 3310 0
2740630 3910 0
2744550 4770 0
2749320 3990 0
2753310 4050 0
2757370 4080 0
2761460 5080 0
2766550 4800 0
2771360 6150 0
2714140 1780 0
2715960 1520 0
2717520 2230 0
2719770 1580 0
2721370 1650 0
2723050 2480 0
2725550 2540 0
2728110 3260 0
2731390 3350 0
2734760 3320 0
2738090 3300 0
2741410 3970 0
2745390 3930 0
2749340 4750 0
2754110 4830 0
2758950 4970 0
2763940 5000 0
2768950 5890 0
2714150 1770 0
2715990 1490 0
2717520 1460 0
2719000 2350 0
2721360 1660 0
2723050 2480 0
2725550 2520 0
2728100 2430 0
2730540 2520 0
2733080 3320 0
2736420 3340 0
2739770 3240 0
2743020 3250 0
2746280 3820 0
2750110 4790 0
2754910 4030 0
2758950 4970 0
2763940 5810 0
2769760 6000 0
2714180 1760 0
2715990 1480 0
2717500 1450 0
2718980 1600 0
2720620 2390 0
2723020 1710 0
2724750 2500 0
2727280 2490 0
2729790 3260 0
2733070 2520 0
2735610 3340 0
2738970 3270 0
2742250 4030 0
2746290 3810 0
2750110 3980 0
2754110 4830 0
2758950 4970 0
2763930 5010 0
2768940 4990 0
2773940 5330 0
2714130 1820 0
2716030 2210 0
2718270 1490 0
2719790 1560 0
2721390 1640 0
2723060 2460 0
2725560 2520 0
2728100 2430 0
2730550 2510 0
2733080 3320 0
2736420 3340 0
2739770 4030 0
2743820 4760 0
2748590 3840 0
2752440 4070 0
2756520 4930 0
2761460 5080 0
2766550 4790 0
2771360 6150 0
2714150 1780 0
2716020 2220 0
2718250 1520 0
2719800 2300 0
2722130 2590 0
2724750 2500 0
2727260 2500 0
2729770 2430 0
2732220 3380 0
2735610 3330 0
2738950 3280 0
2742250 4020 0
2746290 4600 0
2750900 4000 0
2754920 4870 0
2759800 4990 0
2764800 4950 0
2769760 6000 0
2714150 1760 0
2715940 1540 0
2717520 1450 0
2719000 2350 0
2721380 2500 0
2723900 2530 0
2726460 2450 0
2728930 2430 0
2731380 2540 0
2733930 3310 0
2737260 3330 0
2740610 3180 0
2743800 4090 0
2747900 4530 0
2752440 4070 0
2756510 4940 0
2761470 5070 0
2766560 5580 0
2772150 6240 0
2714140 1810 0
2716010 2230 0
2718260 1500 0
2719800 2290 0
2722120 1750 0
2723900 1630 0
2725550 2530 0
2728100 2440 0
2730560 3350 0
2733940 3300 0
2737260 3330 0
2740610 3930 0
2744550 4030 0
2748600 4710 0
2753320 4050 0
2757380 4910 0
2762290 5090 0
2767390 5660 0
2773060 5330 0
2714150 1780 0
2716010 2240 0
2718270 1490 0
2719790 1570 0
2721370 2500 0
2723870 1650 0
2725540 2540 0
2728100 2430 0
2730560 3360 0
2733930 3310 0
2737240 3340 0
2740600 3190 0
2743810 4080 0
2747900 3710 0
2751630 4100 0
2755740 4850 0
2760600 5030 0
2765640 5700 0
2771350 5280 0
2714110 1820 0
2715990 1480 0
2717510 1460 0
2718990 1590 0
2720600 1510 0
2722130 1740 0
2723900 1620 0
2725550 2540 0
2728110 3260 0
2731390 3350 0
2734760 3320 0
2738100 3290 0
2741400 3990 0
2745400 4700 0
2750100 4000 0
2754110 4030 0
2758150 4930 0
2763080 5080 0
2768160 4890 0
2773050 5340 0
2714120 1810 0
2715990 1490 0
2717510 1440 0
2719000 1580 0
2720600 2420 0
2723050 1670 0
2724750 2500 0
2727280 2490 0
2729790 2410 0
2732220 2520 0
2734750 3330 0
2738090 3300 0
2741400 3980 0
2745390 3930 0
2749320 3990 0
2753320 4820 0
2758150 4930 0
2763090 5070 0
2768170 5760 0
2773940 5330 0
2714100 1820 0
2715960 720 0
2716690 1560 0
2718270 1480 0
2719770 1580 0
2721370 1660 0
2723060 1660 0
2724750 2510 0
2727290 3240 0
2730550 2510 0
2733080 3320 0
2736400 3360 0
2739760 3260 0
2743030 4110 0
2747150 3740 0
2750900 4830 0
2755740 4850 0
2760610 5020 0
2765630 4880 0
2770520 6110 0
2714150 1770 0
2715960 1510 0
2717480 1480 0
2718980 1600 0
2720600 2410 0
2723030 1690 0
2724740 2500 0
2727260 2510 0
2729790 3270 0
2733080 3320 0
2736420 3330 0
2739760 3260 0
2743030 4110 0
2747140 3750 0
2750890 4020 0
2754920 4870 0
2759790 4130 0
2763930 5010 0
2768950 5890 0
2714120 1830 0
2716000 1470 0
2717510 1460 0
2718990 1580 0
2720610 2410 0
2723050 1670 0
2724730 1710 0
2726470 2440 0
2728930 3270 0
2732210 2530 0
2734760 3310 0
2738090 3290 0
2741390 3150 0
2744550 4030 0
2748580 3860 0
2752450 4920 0
2757380 4910 0
2762300 5080 0
2767390 5660 0
2773060 6210 0
2714100 1840 0
2716010 2240 0
2718270 1490 0
2719790 2300 0
2722120 1750 0
2723900 2540 0
2726450 2460 0
2728920 2440 0
2731390 3350 0
2734760 3310 0
2738080 3300 0
2741400 3140 0
2744550 4030 0
2748590 3850 0
2752450 4910 0
2757370 4920 0
2762300 5070 0
2767370 4770 0
2772140 5370 0
2714140 1780 0
2715970 1510 0
2717530 2230 0
2719790 2310 0
2722130 2600 0
2724750 2500 0
2727270 2490 0
2729780 2420 0
2732220 2510 0
2734740 2500 0
2737240 3340 0
2740600 3940 0
2744550 4030 0
2748590 4720 0
2753320 4830 0
2758160 4920 0
2763080 5080 0
2768160 5770 0
2773940 6110 0
2714130 1790 0
2715950 740 0
2716700 1560 0
2718280 1470 0
2719780 1570 0
2721370 1660 0
2723060 2460 0
2725560 2520 0
2728100 3260 0
2731370 2540 0
2733920 2480 0
2736420 3330 0
2739770 3240 0
2743020 4110 0
2747150 4460 0
2751620 4110 0
2755740 4850 0
2760610 5020 0
2765640 5700 0
2771360 5270 0
2714140 1780 0
2715960 1520 0
2717510 1440 0
2718970 1610 0
2720600 1500 0
2722130 2590 0
2724750 2500 0
2727290 2470 0
2729790 2410 0
2732220 3370 0
2735600 3350 0
2738960 3280 0
2742250 4030 0
2746290 4600 0
2750890 4020 0
2754930 4860 0
2759800 4990 0
2764800 4950 0
2769760 6000 0
2714150 1770 0
2715940 1540 0
2717530 1440 0
2718990 1590 0
2720590 1510 0
2722120 1760 0
2723910 2530 0
2726460 2450 0
2728930 3280 0
2732220 3380 0
2735610 3340 0
2738970 4050 0
2743030 4110 0
2747150 3740 0
2750900 4010 0
2754920 4870 0
2759790 5000 0
2764800 5700 0
2770510 5250 0
2714190 1730 0
2715950 1540 0
2717520 1440 0
2718990 1590 0
2720610 2420 0
2723050 1680 0
2724750 2500 0
2727280 3250 0
2730530 2520 0
2733070 2520 0
2735610 3340 0
2738970 3270 0
2742260 4020 0
2746290 3810 0
2750110 4800 0
2754920 4870 0
2759800 4990 0
2764800 5710 0
2770520 5240 0
2714080 890 0
2714980 1700 0
2716690 1550 0
2718240 1520 0
2719790 1560 0
2721370 2500 0
2723880 1640 0
2725540 1710 0
2727260 2510 0
2729790 3260 0
2733070 2530 0
2735610 3340 0
2738960 3270 0
2742240 3140 0
2745390 3930 0
2749340 4750 0
2754100 4040 0
2758150 4930 0
2763090 5070 0
2768170 5760 0
2773940 6110 0
2714160 1770 0
2715990 2270 0
2718300 2280 0
2720600 2420 0
2723050 1660 0
2724720 1720 0
2726470 3300 0
2729780 2420 0
2732220 3370 0
2735600 3360 0
2738970 4050 0
2743030 4110 0
2747150 4460 0
2751630 4100 0
2755740 4850 0
2760600 5030 0
2765630 4870 0
2770510 5250 0
2714120 1800 0
2715990 1480 0
2717510 1450 0
2718970 1610 0
2720610 1490 0
2722120 1750 0
2723890 2540 0
2726460 2450 0
2728930 2440 0
2731390 2530 0
2733940 3300 0
2737250 3340 0
2740610 3190 0
2743810 4080 0
2747910 4520 0
2752450 4060 0
2756510 4940 0
2761450 5090 0
2766560 5580 0
2772150 5360 0
2714130 1790 0
2716000 1470 0
2717520 1430 0
2718960 1620 0
2720610 2410 0
2723050 2470 0
2725520 1730 0
2727260 2500 0
2729790 2410 0
2732210 2530 0
2734760 3310 0
2738080 3300 0
2741390 3150 0
2744550 4030 0
2748590 4720 0
2753330 4820 0
2758160 5760 0
2763930 5010 0
2768940 5900 0
2714110 1820 0
2715990 1490 0
2717530 1440 0
2719000 2340 0
2721340 1690 0
2723060 2470 0
2725550 2520 0
2728070 2460 0
2730540 2520 0
2733070 3330 0
2736410 3340 0
2739750 3270 0
2743030 4100 0
2747150 4470 0
2751630 4880 0
2756520 4930 0
2761460 5080 0
2766550 4790 0
2771350 5280 0
2714110 1800 0
2715990 1500 0
2717530 1430 0
2719000 2350 0
2721380 2490 0
2723900 1630 0
2725550 2530 0
2728080 2460 0
2730560 3360 0
2733940 3310 0
2737260 3320 0
2740590 3200 0
2743800 4090 0
2747900 3720 0
2751630 4880 0
2756520 4930 0
2761460 5080 0
2766560 5580 0
2772140 6250 0
2714100 1820 0
2715990 1490 0
2717500 750 0
2718280 1490 0
2719800 1540 0
2721340 1670 0
2723020 1700 0
2724750 2500 0
2727270 2490 0
2729770 2430 0
2732200 2540 0
2734760 3320 0
2738100 3290 0
2741410 3970 0
2745380 3940 0
2749340 4750 0
2754100 4050 0
2758160 4920 0
2763090 5070 0
2768170 5760 0
2773940 5330 0
2714090 1830 0
2715950 1540 0
2717520 1440 0
2718960 1620 0
2720600 1490 0
2722110 1760 0
2723900 2530 0
2726440 2460 0
2728910 2460 0
2731390 3350 0
2734740 3330 0
2738090 4140 0
2742240 3140 0
2745390 3930 0
2749330 3980 0
2753320 4050 0
2757380 4910 0
2762300 5080 0
2767390 5660 0
2773060 6210 0
2714170 2510 0
2716700 1560 0
2718290 2280 0
2720580 1510 0
2722100 1780 0
2723910 2530 0
2726460 2440 0
2728920 2440 0
2731360 2550 0
2733920 2480 0
2736400 2550 0
2738970 3270 0
2742250 4030 0
2746290 3810 0
2750110 3990 0
2754110 4830 0
2758950 4970 0
2763940 5810 0
2769750 5090 0
2714170 1740 0
2715940 740 0
2716700 1560 0
2718280 1480 0
2719790 1560 0
2721390 2480 0
2723900 1620 0
2725550 2520 0
2728070 2470 0
2730550 2500 0
2733060 2540 0
2735610 3330 0
2738950 3280 0
2742260 4020 0
2746300 4590 0
2750900 4830 0
2755750 4840 0
2760610 5020 0
2765640 4870 0
2770520 6110 0
