tlc-rs: ForgeSync (35 variables, 1 symmetry permutations), 192 workers, generated engine; loaded in 0.003s
State 1:
/\ cell = [ep |-> 0, tok |-> 0, held |-> FALSE, holder |-> NoSyncer, released |-> FALSE]
/\ nextTok = 1
/\ snap = [etag |-> 0, main |-> 0, packs |-> {}, history |-> {}]
/\ packObj = {}
/\ idxObj = {}
/\ uploads = {}
/\ st = (s1 :> "idle" @@ s2 :> "idle")
/\ lease = (s1 :> [ep |-> 0, tok |-> 0] @@ s2 :> [ep |-> 0, tok |-> 0])
/\ lastTok = (s1 :> 0 @@ s2 :> 0)
/\ quiet = (s1 :> 0 @@ s2 :> 0)
/\ belief = (s1 :> [etag |-> 0, main |-> 0, packs |-> {}] @@ s2 :> [etag |-> 0, main |-> 0, packs |-> {}])
/\ localMain = (s1 :> 0 @@ s2 :> 0)
/\ localPacks = (s1 :> {} @@ s2 :> {})
/\ retained = (s1 :> {} @@ s2 :> {})
/\ migrating = (s1 :> {} @@ s2 :> {})
/\ batch = (s1 :> [push |-> 0, stage |-> "none", listed |-> {}] @@ s2 :> [push |-> 0, stage |-> "none", listed |-> {}])
/\ sensorMoved = (s1 :> FALSE @@ s2 :> FALSE)
/\ realMoved = (s1 :> FALSE @@ s2 :> FALSE)
/\ hbDue = (s1 :> FALSE @@ s2 :> FALSE)
/\ pushState = (p1 :> "new" @@ p2 :> "new")
/\ pushTo = (p1 :> NoSyncer @@ p2 :> NoSyncer)
/\ holds = (p1 :> {p1} @@ p2 :> {p1, p2} @@ f1 :> {})
/\ fold = (s1 :> [stage |-> "none", id |-> 0, inputs |-> {}, base |-> FALSE, at |-> {}, atRest |-> FALSE] @@ s2 :> [stage |-> "none", id |-> 0, inputs |-> {}, base |-> FALSE, at |-> {}, atRest |-> FALSE])
/\ foldBudget = 1
/\ crashes = 0
/\ renewBudget = 3
/\ claimBudget = 3
/\ ackNotDurable = FALSE
/\ skipOverMovement = FALSE
/\ stragglerLand = FALSE
/\ unrestorable = FALSE
/\ toldFailedButDurable = FALSE
/\ renewOverWedge = FALSE
/\ provedOffBucket = FALSE
/\ provedOverRetained = FALSE

State 2:
/\ cell = [ep |-> 1, tok |-> 1, held |-> TRUE, holder |-> s1, released |-> FALSE]
/\ nextTok = 2
/\ snap = [etag |-> 0, main |-> 0, packs |-> {}, history |-> {}]
/\ packObj = {}
/\ idxObj = {}
/\ uploads = {}
/\ st = (s1 :> "claimed" @@ s2 :> "idle")
/\ lease = (s1 :> [ep |-> 1, tok |-> 1] @@ s2 :> [ep |-> 0, tok |-> 0])
/\ lastTok = (s1 :> 0 @@ s2 :> 0)
/\ quiet = (s1 :> 0 @@ s2 :> 0)
/\ belief = (s1 :> [etag |-> 0, main |-> 0, packs |-> {}] @@ s2 :> [etag |-> 0, main |-> 0, packs |-> {}])
/\ localMain = (s1 :> 0 @@ s2 :> 0)
/\ localPacks = (s1 :> {} @@ s2 :> {})
/\ retained = (s1 :> {} @@ s2 :> {})
/\ migrating = (s1 :> {} @@ s2 :> {})
/\ batch = (s1 :> [push |-> 0, stage |-> "none", listed |-> {}] @@ s2 :> [push |-> 0, stage |-> "none", listed |-> {}])
/\ sensorMoved = (s1 :> FALSE @@ s2 :> FALSE)
/\ realMoved = (s1 :> FALSE @@ s2 :> FALSE)
/\ hbDue = (s1 :> FALSE @@ s2 :> FALSE)
/\ pushState = (p1 :> "new" @@ p2 :> "new")
/\ pushTo = (p1 :> NoSyncer @@ p2 :> NoSyncer)
/\ holds = (p1 :> {p1} @@ p2 :> {p1, p2} @@ f1 :> {})
/\ fold = (s1 :> [stage |-> "none", id |-> 0, inputs |-> {}, base |-> FALSE, at |-> {}, atRest |-> FALSE] @@ s2 :> [stage |-> "none", id |-> 0, inputs |-> {}, base |-> FALSE, at |-> {}, atRest |-> FALSE])
/\ foldBudget = 1
/\ crashes = 0
/\ renewBudget = 3
/\ claimBudget = 2
/\ ackNotDurable = FALSE
/\ skipOverMovement = FALSE
/\ stragglerLand = FALSE
/\ unrestorable = FALSE
/\ toldFailedButDurable = FALSE
/\ renewOverWedge = FALSE
/\ provedOffBucket = FALSE
/\ provedOverRetained = FALSE

State 3:
/\ cell = [ep |-> 1, tok |-> 1, held |-> TRUE, holder |-> s1, released |-> FALSE]
/\ nextTok = 2
/\ snap = [etag |-> 0, main |-> 0, packs |-> {}, history |-> {}]
/\ packObj = {}
/\ idxObj = {}
/\ uploads = {}
/\ st = (s1 :> "restoring" @@ s2 :> "idle")
/\ lease = (s1 :> [ep |-> 1, tok |-> 1] @@ s2 :> [ep |-> 0, tok |-> 0])
/\ lastTok = (s1 :> 0 @@ s2 :> 0)
/\ quiet = (s1 :> 0 @@ s2 :> 0)
/\ belief = (s1 :> [etag |-> 0, main |-> 0, packs |-> {}] @@ s2 :> [etag |-> 0, main |-> 0, packs |-> {}])
/\ localMain = (s1 :> 0 @@ s2 :> 0)
/\ localPacks = (s1 :> {} @@ s2 :> {})
/\ retained = (s1 :> {} @@ s2 :> {})
/\ migrating = (s1 :> {} @@ s2 :> {})
/\ batch = (s1 :> [push |-> 0, stage |-> "none", listed |-> {}] @@ s2 :> [push |-> 0, stage |-> "none", listed |-> {}])
/\ sensorMoved = (s1 :> FALSE @@ s2 :> FALSE)
/\ realMoved = (s1 :> FALSE @@ s2 :> FALSE)
/\ hbDue = (s1 :> FALSE @@ s2 :> FALSE)
/\ pushState = (p1 :> "new" @@ p2 :> "new")
/\ pushTo = (p1 :> NoSyncer @@ p2 :> NoSyncer)
/\ holds = (p1 :> {p1} @@ p2 :> {p1, p2} @@ f1 :> {})
/\ fold = (s1 :> [stage |-> "none", id |-> 0, inputs |-> {}, base |-> FALSE, at |-> {}, atRest |-> FALSE] @@ s2 :> [stage |-> "none", id |-> 0, inputs |-> {}, base |-> FALSE, at |-> {}, atRest |-> FALSE])
/\ foldBudget = 1
/\ crashes = 0
/\ renewBudget = 3
/\ claimBudget = 2
/\ ackNotDurable = FALSE
/\ skipOverMovement = FALSE
/\ stragglerLand = FALSE
/\ unrestorable = FALSE
/\ toldFailedButDurable = FALSE
/\ renewOverWedge = FALSE
/\ provedOffBucket = FALSE
/\ provedOverRetained = FALSE

State 4:
/\ cell = [ep |-> 1, tok |-> 1, held |-> TRUE, holder |-> s1, released |-> FALSE]
/\ nextTok = 2
/\ snap = [etag |-> 0, main |-> 0, packs |-> {}, history |-> {}]
/\ packObj = {}
/\ idxObj = {}
/\ uploads = {}
/\ st = (s1 :> "serving" @@ s2 :> "idle")
/\ lease = (s1 :> [ep |-> 1, tok |-> 1] @@ s2 :> [ep |-> 0, tok |-> 0])
/\ lastTok = (s1 :> 0 @@ s2 :> 0)
/\ quiet = (s1 :> 0 @@ s2 :> 0)
/\ belief = (s1 :> [etag |-> 0, main |-> 0, packs |-> {}] @@ s2 :> [etag |-> 0, main |-> 0, packs |-> {}])
/\ localMain = (s1 :> 0 @@ s2 :> 0)
/\ localPacks = (s1 :> {} @@ s2 :> {})
/\ retained = (s1 :> {} @@ s2 :> {})
/\ migrating = (s1 :> {} @@ s2 :> {})
/\ batch = (s1 :> [push |-> 0, stage |-> "none", listed |-> {}] @@ s2 :> [push |-> 0, stage |-> "none", listed |-> {}])
/\ sensorMoved = (s1 :> FALSE @@ s2 :> FALSE)
/\ realMoved = (s1 :> FALSE @@ s2 :> FALSE)
/\ hbDue = (s1 :> FALSE @@ s2 :> FALSE)
/\ pushState = (p1 :> "new" @@ p2 :> "new")
/\ pushTo = (p1 :> NoSyncer @@ p2 :> NoSyncer)
/\ holds = (p1 :> {p1} @@ p2 :> {p1, p2} @@ f1 :> {})
/\ fold = (s1 :> [stage |-> "none", id |-> 0, inputs |-> {}, base |-> FALSE, at |-> {}, atRest |-> FALSE] @@ s2 :> [stage |-> "none", id |-> 0, inputs |-> {}, base |-> FALSE, at |-> {}, atRest |-> FALSE])
/\ foldBudget = 1
/\ crashes = 0
/\ renewBudget = 3
/\ claimBudget = 2
/\ ackNotDurable = FALSE
/\ skipOverMovement = FALSE
/\ stragglerLand = FALSE
/\ unrestorable = FALSE
/\ toldFailedButDurable = FALSE
/\ renewOverWedge = FALSE
/\ provedOffBucket = FALSE
/\ provedOverRetained = FALSE

State 5:
/\ cell = [ep |-> 1, tok |-> 1, held |-> TRUE, holder |-> s1, released |-> FALSE]
/\ nextTok = 2
/\ snap = [etag |-> 0, main |-> 0, packs |-> {}, history |-> {}]
/\ packObj = {}
/\ idxObj = {}
/\ uploads = {}
/\ st = (s1 :> "serving" @@ s2 :> "idle")
/\ lease = (s1 :> [ep |-> 1, tok |-> 1] @@ s2 :> [ep |-> 0, tok |-> 0])
/\ lastTok = (s1 :> 0 @@ s2 :> 0)
/\ quiet = (s1 :> 0 @@ s2 :> 0)
/\ belief = (s1 :> [etag |-> 0, main |-> 0, packs |-> {}] @@ s2 :> [etag |-> 0, main |-> 0, packs |-> {}])
/\ localMain = (s1 :> 0 @@ s2 :> 0)
/\ localPacks = (s1 :> {} @@ s2 :> {})
/\ retained = (s1 :> {} @@ s2 :> {})
/\ migrating = (s1 :> {p1} @@ s2 :> {})
/\ batch = (s1 :> [push |-> 0, stage |-> "none", listed |-> {}] @@ s2 :> [push |-> 0, stage |-> "none", listed |-> {}])
/\ sensorMoved = (s1 :> FALSE @@ s2 :> FALSE)
/\ realMoved = (s1 :> FALSE @@ s2 :> FALSE)
/\ hbDue = (s1 :> FALSE @@ s2 :> FALSE)
/\ pushState = (p1 :> "sent" @@ p2 :> "new")
/\ pushTo = (p1 :> s1 @@ p2 :> NoSyncer)
/\ holds = (p1 :> {p1} @@ p2 :> {p1, p2} @@ f1 :> {})
/\ fold = (s1 :> [stage |-> "none", id |-> 0, inputs |-> {}, base |-> FALSE, at |-> {}, atRest |-> FALSE] @@ s2 :> [stage |-> "none", id |-> 0, inputs |-> {}, base |-> FALSE, at |-> {}, atRest |-> FALSE])
/\ foldBudget = 1
/\ crashes = 0
/\ renewBudget = 3
/\ claimBudget = 2
/\ ackNotDurable = FALSE
/\ skipOverMovement = FALSE
/\ stragglerLand = FALSE
/\ unrestorable = FALSE
/\ toldFailedButDurable = FALSE
/\ renewOverWedge = FALSE
/\ provedOffBucket = FALSE
/\ provedOverRetained = FALSE

State 6:
/\ cell = [ep |-> 1, tok |-> 1, held |-> TRUE, holder |-> s1, released |-> FALSE]
/\ nextTok = 2
/\ snap = [etag |-> 0, main |-> 0, packs |-> {}, history |-> {}]
/\ packObj = {}
/\ idxObj = {}
/\ uploads = {}
/\ st = (s1 :> "serving" @@ s2 :> "idle")
/\ lease = (s1 :> [ep |-> 1, tok |-> 1] @@ s2 :> [ep |-> 0, tok |-> 0])
/\ lastTok = (s1 :> 0 @@ s2 :> 0)
/\ quiet = (s1 :> 0 @@ s2 :> 0)
/\ belief = (s1 :> [etag |-> 0, main |-> 0, packs |-> {}] @@ s2 :> [etag |-> 0, main |-> 0, packs |-> {}])
/\ localMain = (s1 :> 0 @@ s2 :> 0)
/\ localPacks = (s1 :> {p1} @@ s2 :> {})
/\ retained = (s1 :> {} @@ s2 :> {})
/\ migrating = (s1 :> {} @@ s2 :> {})
/\ batch = (s1 :> [push |-> 0, stage |-> "none", listed |-> {}] @@ s2 :> [push |-> 0, stage |-> "none", listed |-> {}])
/\ sensorMoved = (s1 :> FALSE @@ s2 :> FALSE)
/\ realMoved = (s1 :> FALSE @@ s2 :> FALSE)
/\ hbDue = (s1 :> FALSE @@ s2 :> FALSE)
/\ pushState = (p1 :> "sent" @@ p2 :> "new")
/\ pushTo = (p1 :> s1 @@ p2 :> NoSyncer)
/\ holds = (p1 :> {p1} @@ p2 :> {p1, p2} @@ f1 :> {})
/\ fold = (s1 :> [stage |-> "none", id |-> 0, inputs |-> {}, base |-> FALSE, at |-> {}, atRest |-> FALSE] @@ s2 :> [stage |-> "none", id |-> 0, inputs |-> {}, base |-> FALSE, at |-> {}, atRest |-> FALSE])
/\ foldBudget = 1
/\ crashes = 0
/\ renewBudget = 3
/\ claimBudget = 2
/\ ackNotDurable = FALSE
/\ skipOverMovement = FALSE
/\ stragglerLand = FALSE
/\ unrestorable = FALSE
/\ toldFailedButDurable = FALSE
/\ renewOverWedge = FALSE
/\ provedOffBucket = FALSE
/\ provedOverRetained = FALSE

State 7:
/\ cell = [ep |-> 1, tok |-> 1, held |-> TRUE, holder |-> s1, released |-> FALSE]
/\ nextTok = 2
/\ snap = [etag |-> 0, main |-> 0, packs |-> {}, history |-> {}]
/\ packObj = {}
/\ idxObj = {}
/\ uploads = {}
/\ st = (s1 :> "pushing" @@ s2 :> "idle")
/\ lease = (s1 :> [ep |-> 1, tok |-> 1] @@ s2 :> [ep |-> 0, tok |-> 0])
/\ lastTok = (s1 :> 0 @@ s2 :> 0)
/\ quiet = (s1 :> 0 @@ s2 :> 0)
/\ belief = (s1 :> [etag |-> 0, main |-> 0, packs |-> {}] @@ s2 :> [etag |-> 0, main |-> 0, packs |-> {}])
/\ localMain = (s1 :> 0 @@ s2 :> 0)
/\ localPacks = (s1 :> {p1} @@ s2 :> {})
/\ retained = (s1 :> {} @@ s2 :> {})
/\ migrating = (s1 :> {} @@ s2 :> {})
/\ batch = (s1 :> [push |-> p1, stage |-> "judged", listed |-> {}] @@ s2 :> [push |-> 0, stage |-> "none", listed |-> {}])
/\ sensorMoved = (s1 :> TRUE @@ s2 :> FALSE)
/\ realMoved = (s1 :> TRUE @@ s2 :> FALSE)
/\ hbDue = (s1 :> FALSE @@ s2 :> FALSE)
/\ pushState = (p1 :> "sent" @@ p2 :> "new")
/\ pushTo = (p1 :> s1 @@ p2 :> NoSyncer)
/\ holds = (p1 :> {p1} @@ p2 :> {p1, p2} @@ f1 :> {})
/\ fold = (s1 :> [stage |-> "none", id |-> 0, inputs |-> {}, base |-> FALSE, at |-> {}, atRest |-> FALSE] @@ s2 :> [stage |-> "none", id |-> 0, inputs |-> {}, base |-> FALSE, at |-> {}, atRest |-> FALSE])
/\ foldBudget = 1
/\ crashes = 0
/\ renewBudget = 3
/\ claimBudget = 2
/\ ackNotDurable = FALSE
/\ skipOverMovement = FALSE
/\ stragglerLand = FALSE
/\ unrestorable = FALSE
/\ toldFailedButDurable = FALSE
/\ renewOverWedge = FALSE
/\ provedOffBucket = FALSE
/\ provedOverRetained = FALSE

State 8:
/\ cell = [ep |-> 1, tok |-> 2, held |-> TRUE, holder |-> s1, released |-> FALSE]
/\ nextTok = 3
/\ snap = [etag |-> 0, main |-> 0, packs |-> {}, history |-> {}]
/\ packObj = {}
/\ idxObj = {}
/\ uploads = {}
/\ st = (s1 :> "pushing" @@ s2 :> "idle")
/\ lease = (s1 :> [ep |-> 1, tok |-> 2] @@ s2 :> [ep |-> 0, tok |-> 0])
/\ lastTok = (s1 :> 0 @@ s2 :> 0)
/\ quiet = (s1 :> 0 @@ s2 :> 0)
/\ belief = (s1 :> [etag |-> 0, main |-> 0, packs |-> {}] @@ s2 :> [etag |-> 0, main |-> 0, packs |-> {}])
/\ localMain = (s1 :> 0 @@ s2 :> 0)
/\ localPacks = (s1 :> {p1} @@ s2 :> {})
/\ retained = (s1 :> {} @@ s2 :> {})
/\ migrating = (s1 :> {} @@ s2 :> {})
/\ batch = (s1 :> [push |-> p1, stage |-> "renewed", listed |-> {}] @@ s2 :> [push |-> 0, stage |-> "none", listed |-> {}])
/\ sensorMoved = (s1 :> FALSE @@ s2 :> FALSE)
/\ realMoved = (s1 :> FALSE @@ s2 :> FALSE)
/\ hbDue = (s1 :> FALSE @@ s2 :> FALSE)
/\ pushState = (p1 :> "sent" @@ p2 :> "new")
/\ pushTo = (p1 :> s1 @@ p2 :> NoSyncer)
/\ holds = (p1 :> {p1} @@ p2 :> {p1, p2} @@ f1 :> {})
/\ fold = (s1 :> [stage |-> "none", id |-> 0, inputs |-> {}, base |-> FALSE, at |-> {}, atRest |-> FALSE] @@ s2 :> [stage |-> "none", id |-> 0, inputs |-> {}, base |-> FALSE, at |-> {}, atRest |-> FALSE])
/\ foldBudget = 1
/\ crashes = 0
/\ renewBudget = 2
/\ claimBudget = 2
/\ ackNotDurable = FALSE
/\ skipOverMovement = FALSE
/\ stragglerLand = FALSE
/\ unrestorable = FALSE
/\ toldFailedButDurable = FALSE
/\ renewOverWedge = FALSE
/\ provedOffBucket = FALSE
/\ provedOverRetained = FALSE

State 9:
/\ cell = [ep |-> 1, tok |-> 2, held |-> TRUE, holder |-> s1, released |-> FALSE]
/\ nextTok = 3
/\ snap = [etag |-> 0, main |-> 0, packs |-> {}, history |-> {}]
/\ packObj = {}
/\ idxObj = {}
/\ uploads = {}
/\ st = (s1 :> "pushing" @@ s2 :> "idle")
/\ lease = (s1 :> [ep |-> 1, tok |-> 2] @@ s2 :> [ep |-> 0, tok |-> 0])
/\ lastTok = (s1 :> 0 @@ s2 :> 0)
/\ quiet = (s1 :> 0 @@ s2 :> 0)
/\ belief = (s1 :> [etag |-> 0, main |-> 0, packs |-> {}] @@ s2 :> [etag |-> 0, main |-> 0, packs |-> {}])
/\ localMain = (s1 :> 0 @@ s2 :> 0)
/\ localPacks = (s1 :> {p1} @@ s2 :> {})
/\ retained = (s1 :> {} @@ s2 :> {})
/\ migrating = (s1 :> {p2} @@ s2 :> {})
/\ batch = (s1 :> [push |-> p1, stage |-> "renewed", listed |-> {}] @@ s2 :> [push |-> 0, stage |-> "none", listed |-> {}])
/\ sensorMoved = (s1 :> FALSE @@ s2 :> FALSE)
/\ realMoved = (s1 :> FALSE @@ s2 :> FALSE)
/\ hbDue = (s1 :> FALSE @@ s2 :> FALSE)
/\ pushState = (p1 :> "sent" @@ p2 :> "sent")
/\ pushTo = (p1 :> s1 @@ p2 :> s1)
/\ holds = (p1 :> {p1} @@ p2 :> {p1, p2} @@ f1 :> {})
/\ fold = (s1 :> [stage |-> "none", id |-> 0, inputs |-> {}, base |-> FALSE, at |-> {}, atRest |-> FALSE] @@ s2 :> [stage |-> "none", id |-> 0, inputs |-> {}, base |-> FALSE, at |-> {}, atRest |-> FALSE])
/\ foldBudget = 1
/\ crashes = 0
/\ renewBudget = 2
/\ claimBudget = 2
/\ ackNotDurable = FALSE
/\ skipOverMovement = FALSE
/\ stragglerLand = FALSE
/\ unrestorable = FALSE
/\ toldFailedButDurable = FALSE
/\ renewOverWedge = FALSE
/\ provedOffBucket = FALSE
/\ provedOverRetained = FALSE

State 10:
/\ cell = [ep |-> 1, tok |-> 2, held |-> TRUE, holder |-> s1, released |-> FALSE]
/\ nextTok = 3
/\ snap = [etag |-> 0, main |-> 0, packs |-> {}, history |-> {}]
/\ packObj = {}
/\ idxObj = {}
/\ uploads = {}
/\ st = (s1 :> "pushing" @@ s2 :> "idle")
/\ lease = (s1 :> [ep |-> 1, tok |-> 2] @@ s2 :> [ep |-> 0, tok |-> 0])
/\ lastTok = (s1 :> 0 @@ s2 :> 0)
/\ quiet = (s1 :> 0 @@ s2 :> 0)
/\ belief = (s1 :> [etag |-> 0, main |-> 0, packs |-> {}] @@ s2 :> [etag |-> 0, main |-> 0, packs |-> {}])
/\ localMain = (s1 :> 0 @@ s2 :> 0)
/\ localPacks = (s1 :> {p1, p2} @@ s2 :> {})
/\ retained = (s1 :> {} @@ s2 :> {})
/\ migrating = (s1 :> {} @@ s2 :> {})
/\ batch = (s1 :> [push |-> p1, stage |-> "renewed", listed |-> {}] @@ s2 :> [push |-> 0, stage |-> "none", listed |-> {}])
/\ sensorMoved = (s1 :> FALSE @@ s2 :> FALSE)
/\ realMoved = (s1 :> FALSE @@ s2 :> FALSE)
/\ hbDue = (s1 :> FALSE @@ s2 :> FALSE)
/\ pushState = (p1 :> "sent" @@ p2 :> "sent")
/\ pushTo = (p1 :> s1 @@ p2 :> s1)
/\ holds = (p1 :> {p1} @@ p2 :> {p1, p2} @@ f1 :> {})
/\ fold = (s1 :> [stage |-> "none", id |-> 0, inputs |-> {}, base |-> FALSE, at |-> {}, atRest |-> FALSE] @@ s2 :> [stage |-> "none", id |-> 0, inputs |-> {}, base |-> FALSE, at |-> {}, atRest |-> FALSE])
/\ foldBudget = 1
/\ crashes = 0
/\ renewBudget = 2
/\ claimBudget = 2
/\ ackNotDurable = FALSE
/\ skipOverMovement = FALSE
/\ stragglerLand = FALSE
/\ unrestorable = FALSE
/\ toldFailedButDurable = FALSE
/\ renewOverWedge = FALSE
/\ provedOffBucket = FALSE
/\ provedOverRetained = FALSE

State 11:
/\ cell = [ep |-> 1, tok |-> 2, held |-> TRUE, holder |-> s1, released |-> FALSE]
/\ nextTok = 3
/\ snap = [etag |-> 0, main |-> 0, packs |-> {}, history |-> {}]
/\ packObj = {}
/\ idxObj = {}
/\ uploads = {}
/\ st = (s1 :> "pushing" @@ s2 :> "idle")
/\ lease = (s1 :> [ep |-> 1, tok |-> 2] @@ s2 :> [ep |-> 0, tok |-> 0])
/\ lastTok = (s1 :> 0 @@ s2 :> 0)
/\ quiet = (s1 :> 0 @@ s2 :> 0)
/\ belief = (s1 :> [etag |-> 0, main |-> 0, packs |-> {}] @@ s2 :> [etag |-> 0, main |-> 0, packs |-> {}])
/\ localMain = (s1 :> 0 @@ s2 :> 0)
/\ localPacks = (s1 :> {p1, p2} @@ s2 :> {})
/\ retained = (s1 :> {} @@ s2 :> {})
/\ migrating = (s1 :> {} @@ s2 :> {})
/\ batch = (s1 :> [push |-> p1, stage |-> "hashed", listed |-> {p1, p2}] @@ s2 :> [push |-> 0, stage |-> "none", listed |-> {}])
/\ sensorMoved = (s1 :> TRUE @@ s2 :> FALSE)
/\ realMoved = (s1 :> TRUE @@ s2 :> FALSE)
/\ hbDue = (s1 :> FALSE @@ s2 :> FALSE)
/\ pushState = (p1 :> "sent" @@ p2 :> "sent")
/\ pushTo = (p1 :> s1 @@ p2 :> s1)
/\ holds = (p1 :> {p1} @@ p2 :> {p1, p2} @@ f1 :> {})
/\ fold = (s1 :> [stage |-> "none", id |-> 0, inputs |-> {}, base |-> FALSE, at |-> {}, atRest |-> FALSE] @@ s2 :> [stage |-> "none", id |-> 0, inputs |-> {}, base |-> FALSE, at |-> {}, atRest |-> FALSE])
/\ foldBudget = 1
/\ crashes = 0
/\ renewBudget = 2
/\ claimBudget = 2
/\ ackNotDurable = FALSE
/\ skipOverMovement = FALSE
/\ stragglerLand = FALSE
/\ unrestorable = FALSE
/\ toldFailedButDurable = FALSE
/\ renewOverWedge = FALSE
/\ provedOffBucket = FALSE
/\ provedOverRetained = FALSE

State 12:
/\ cell = [ep |-> 1, tok |-> 2, held |-> TRUE, holder |-> s1, released |-> FALSE]
/\ nextTok = 3
/\ snap = [etag |-> 0, main |-> 0, packs |-> {}, history |-> {}]
/\ packObj = {}
/\ idxObj = {}
/\ uploads = {[ep |-> 1, p |-> p1, s |-> s1], [ep |-> 1, p |-> p2, s |-> s1]}
/\ st = (s1 :> "pushing" @@ s2 :> "idle")
/\ lease = (s1 :> [ep |-> 1, tok |-> 2] @@ s2 :> [ep |-> 0, tok |-> 0])
/\ lastTok = (s1 :> 0 @@ s2 :> 0)
/\ quiet = (s1 :> 0 @@ s2 :> 0)
/\ belief = (s1 :> [etag |-> 0, main |-> 0, packs |-> {}] @@ s2 :> [etag |-> 0, main |-> 0, packs |-> {}])
/\ localMain = (s1 :> 0 @@ s2 :> 0)
/\ localPacks = (s1 :> {p1, p2} @@ s2 :> {})
/\ retained = (s1 :> {} @@ s2 :> {})
/\ migrating = (s1 :> {} @@ s2 :> {})
/\ batch = (s1 :> [push |-> p1, stage |-> "initiated", listed |-> {p1, p2}] @@ s2 :> [push |-> 0, stage |-> "none", listed |-> {}])
/\ sensorMoved = (s1 :> TRUE @@ s2 :> FALSE)
/\ realMoved = (s1 :> TRUE @@ s2 :> FALSE)
/\ hbDue = (s1 :> FALSE @@ s2 :> FALSE)
/\ pushState = (p1 :> "sent" @@ p2 :> "sent")
/\ pushTo = (p1 :> s1 @@ p2 :> s1)
/\ holds = (p1 :> {p1} @@ p2 :> {p1, p2} @@ f1 :> {})
/\ fold = (s1 :> [stage |-> "none", id |-> 0, inputs |-> {}, base |-> FALSE, at |-> {}, atRest |-> FALSE] @@ s2 :> [stage |-> "none", id |-> 0, inputs |-> {}, base |-> FALSE, at |-> {}, atRest |-> FALSE])
/\ foldBudget = 1
/\ crashes = 0
/\ renewBudget = 2
/\ claimBudget = 2
/\ ackNotDurable = FALSE
/\ skipOverMovement = FALSE
/\ stragglerLand = FALSE
/\ unrestorable = FALSE
/\ toldFailedButDurable = FALSE
/\ renewOverWedge = FALSE
/\ provedOffBucket = FALSE
/\ provedOverRetained = FALSE

State 13:
/\ cell = [ep |-> 1, tok |-> 2, held |-> TRUE, holder |-> s1, released |-> FALSE]
/\ nextTok = 3
/\ snap = [etag |-> 0, main |-> 0, packs |-> {}, history |-> {}]
/\ packObj = {p1, p2}
/\ idxObj = {p1, p2}
/\ uploads = {}
/\ st = (s1 :> "pushing" @@ s2 :> "idle")
/\ lease = (s1 :> [ep |-> 1, tok |-> 2] @@ s2 :> [ep |-> 0, tok |-> 0])
/\ lastTok = (s1 :> 0 @@ s2 :> 0)
/\ quiet = (s1 :> 0 @@ s2 :> 0)
/\ belief = (s1 :> [etag |-> 0, main |-> 0, packs |-> {}] @@ s2 :> [etag |-> 0, main |-> 0, packs |-> {}])
/\ localMain = (s1 :> 0 @@ s2 :> 0)
/\ localPacks = (s1 :> {p1, p2} @@ s2 :> {})
/\ retained = (s1 :> {} @@ s2 :> {})
/\ migrating = (s1 :> {} @@ s2 :> {})
/\ batch = (s1 :> [push |-> p1, stage |-> "uploaded", listed |-> {p1, p2}] @@ s2 :> [push |-> 0, stage |-> "none", listed |-> {}])
/\ sensorMoved = (s1 :> TRUE @@ s2 :> FALSE)
/\ realMoved = (s1 :> TRUE @@ s2 :> FALSE)
/\ hbDue = (s1 :> FALSE @@ s2 :> FALSE)
/\ pushState = (p1 :> "sent" @@ p2 :> "sent")
/\ pushTo = (p1 :> s1 @@ p2 :> s1)
/\ holds = (p1 :> {p1} @@ p2 :> {p1, p2} @@ f1 :> {})
/\ fold = (s1 :> [stage |-> "none", id |-> 0, inputs |-> {}, base |-> FALSE, at |-> {}, atRest |-> FALSE] @@ s2 :> [stage |-> "none", id |-> 0, inputs |-> {}, base |-> FALSE, at |-> {}, atRest |-> FALSE])
/\ foldBudget = 1
/\ crashes = 0
/\ renewBudget = 2
/\ claimBudget = 2
/\ ackNotDurable = FALSE
/\ skipOverMovement = FALSE
/\ stragglerLand = FALSE
/\ unrestorable = FALSE
/\ toldFailedButDurable = FALSE
/\ renewOverWedge = FALSE
/\ provedOffBucket = FALSE
/\ provedOverRetained = FALSE

State 14:
/\ cell = [ep |-> 1, tok |-> 2, held |-> TRUE, holder |-> s1, released |-> FALSE]
/\ nextTok = 4
/\ snap = [etag |-> 3, main |-> p1, packs |-> {p1, p2}, history |-> {p1}]
/\ packObj = {p1, p2}
/\ idxObj = {p1, p2}
/\ uploads = {}
/\ st = (s1 :> "pushing" @@ s2 :> "idle")
/\ lease = (s1 :> [ep |-> 1, tok |-> 2] @@ s2 :> [ep |-> 0, tok |-> 0])
/\ lastTok = (s1 :> 0 @@ s2 :> 0)
/\ quiet = (s1 :> 0 @@ s2 :> 0)
/\ belief = (s1 :> [etag |-> 3, main |-> p1, packs |-> {p1, p2}] @@ s2 :> [etag |-> 0, main |-> 0, packs |-> {}])
/\ localMain = (s1 :> 0 @@ s2 :> 0)
/\ localPacks = (s1 :> {p1, p2} @@ s2 :> {})
/\ retained = (s1 :> {} @@ s2 :> {})
/\ migrating = (s1 :> {} @@ s2 :> {})
/\ batch = (s1 :> [push |-> p1, stage |-> "cas", listed |-> {p1, p2}] @@ s2 :> [push |-> 0, stage |-> "none", listed |-> {}])
/\ sensorMoved = (s1 :> TRUE @@ s2 :> FALSE)
/\ realMoved = (s1 :> TRUE @@ s2 :> FALSE)
/\ hbDue = (s1 :> FALSE @@ s2 :> FALSE)
/\ pushState = (p1 :> "sent" @@ p2 :> "sent")
/\ pushTo = (p1 :> s1 @@ p2 :> s1)
/\ holds = (p1 :> {p1} @@ p2 :> {p1, p2} @@ f1 :> {})
/\ fold = (s1 :> [stage |-> "none", id |-> 0, inputs |-> {}, base |-> FALSE, at |-> {}, atRest |-> FALSE] @@ s2 :> [stage |-> "none", id |-> 0, inputs |-> {}, base |-> FALSE, at |-> {}, atRest |-> FALSE])
/\ foldBudget = 1
/\ crashes = 0
/\ renewBudget = 2
/\ claimBudget = 2
/\ ackNotDurable = FALSE
/\ skipOverMovement = FALSE
/\ stragglerLand = FALSE
/\ unrestorable = FALSE
/\ toldFailedButDurable = FALSE
/\ renewOverWedge = FALSE
/\ provedOffBucket = FALSE
/\ provedOverRetained = FALSE

State 15:
/\ cell = [ep |-> 1, tok |-> 2, held |-> TRUE, holder |-> s1, released |-> FALSE]
/\ nextTok = 4
/\ snap = [etag |-> 3, main |-> p1, packs |-> {p1, p2}, history |-> {p1}]
/\ packObj = {p1, p2}
/\ idxObj = {p1, p2}
/\ uploads = {}
/\ st = (s1 :> "idle" @@ s2 :> "idle")
/\ lease = (s1 :> [ep |-> 0, tok |-> 0] @@ s2 :> [ep |-> 0, tok |-> 0])
/\ lastTok = (s1 :> 0 @@ s2 :> 0)
/\ quiet = (s1 :> 0 @@ s2 :> 0)
/\ belief = (s1 :> [etag |-> 3, main |-> p1, packs |-> {p1, p2}] @@ s2 :> [etag |-> 0, main |-> 0, packs |-> {}])
/\ localMain = (s1 :> 0 @@ s2 :> 0)
/\ localPacks = (s1 :> {p1, p2} @@ s2 :> {})
/\ retained = (s1 :> {} @@ s2 :> {})
/\ migrating = (s1 :> {} @@ s2 :> {})
/\ batch = (s1 :> [push |-> 0, stage |-> "none", listed |-> {}] @@ s2 :> [push |-> 0, stage |-> "none", listed |-> {}])
/\ sensorMoved = (s1 :> FALSE @@ s2 :> FALSE)
/\ realMoved = (s1 :> FALSE @@ s2 :> FALSE)
/\ hbDue = (s1 :> FALSE @@ s2 :> FALSE)
/\ pushState = (p1 :> "failed" @@ p2 :> "failed")
/\ pushTo = (p1 :> s1 @@ p2 :> s1)
/\ holds = (p1 :> {p1} @@ p2 :> {p1, p2} @@ f1 :> {})
/\ fold = (s1 :> [stage |-> "none", id |-> 0, inputs |-> {}, base |-> FALSE, at |-> {}, atRest |-> FALSE] @@ s2 :> [stage |-> "none", id |-> 0, inputs |-> {}, base |-> FALSE, at |-> {}, atRest |-> FALSE])
/\ foldBudget = 1
/\ crashes = 1
/\ renewBudget = 2
/\ claimBudget = 2
/\ ackNotDurable = FALSE
/\ skipOverMovement = FALSE
/\ stragglerLand = FALSE
/\ unrestorable = FALSE
/\ toldFailedButDurable = FALSE
/\ renewOverWedge = FALSE
/\ provedOffBucket = FALSE
/\ provedOverRetained = FALSE

State 16:
/\ cell = [ep |-> 2, tok |-> 4, held |-> TRUE, holder |-> s1, released |-> FALSE]
/\ nextTok = 5
/\ snap = [etag |-> 3, main |-> p1, packs |-> {p1, p2}, history |-> {p1}]
/\ packObj = {p1, p2}
/\ idxObj = {p1, p2}
/\ uploads = {}
/\ st = (s1 :> "rotating" @@ s2 :> "idle")
/\ lease = (s1 :> [ep |-> 2, tok |-> 4] @@ s2 :> [ep |-> 0, tok |-> 0])
/\ lastTok = (s1 :> 0 @@ s2 :> 0)
/\ quiet = (s1 :> 0 @@ s2 :> 0)
/\ belief = (s1 :> [etag |-> 3, main |-> p1, packs |-> {p1, p2}] @@ s2 :> [etag |-> 0, main |-> 0, packs |-> {}])
/\ localMain = (s1 :> 0 @@ s2 :> 0)
/\ localPacks = (s1 :> {p1, p2} @@ s2 :> {})
/\ retained = (s1 :> {} @@ s2 :> {})
/\ migrating = (s1 :> {} @@ s2 :> {})
/\ batch = (s1 :> [push |-> 0, stage |-> "none", listed |-> {}] @@ s2 :> [push |-> 0, stage |-> "none", listed |-> {}])
/\ sensorMoved = (s1 :> FALSE @@ s2 :> FALSE)
/\ realMoved = (s1 :> FALSE @@ s2 :> FALSE)
/\ hbDue = (s1 :> FALSE @@ s2 :> FALSE)
/\ pushState = (p1 :> "failed" @@ p2 :> "failed")
/\ pushTo = (p1 :> s1 @@ p2 :> s1)
/\ holds = (p1 :> {p1} @@ p2 :> {p1, p2} @@ f1 :> {})
/\ fold = (s1 :> [stage |-> "none", id |-> 0, inputs |-> {}, base |-> FALSE, at |-> {}, atRest |-> FALSE] @@ s2 :> [stage |-> "none", id |-> 0, inputs |-> {}, base |-> FALSE, at |-> {}, atRest |-> FALSE])
/\ foldBudget = 1
/\ crashes = 1
/\ renewBudget = 2
/\ claimBudget = 1
/\ ackNotDurable = FALSE
/\ skipOverMovement = FALSE
/\ stragglerLand = FALSE
/\ unrestorable = FALSE
/\ toldFailedButDurable = FALSE
/\ renewOverWedge = FALSE
/\ provedOffBucket = FALSE
/\ provedOverRetained = FALSE

State 17:
/\ cell = [ep |-> 2, tok |-> 4, held |-> TRUE, holder |-> s1, released |-> FALSE]
/\ nextTok = 6
/\ snap = [etag |-> 5, main |-> p1, packs |-> {p1, p2}, history |-> {p1}]
/\ packObj = {p1, p2}
/\ idxObj = {p1, p2}
/\ uploads = {}
/\ st = (s1 :> "claimed" @@ s2 :> "idle")
/\ lease = (s1 :> [ep |-> 2, tok |-> 4] @@ s2 :> [ep |-> 0, tok |-> 0])
/\ lastTok = (s1 :> 0 @@ s2 :> 0)
/\ quiet = (s1 :> 0 @@ s2 :> 0)
/\ belief = (s1 :> [etag |-> 3, main |-> p1, packs |-> {p1, p2}] @@ s2 :> [etag |-> 0, main |-> 0, packs |-> {}])
/\ localMain = (s1 :> 0 @@ s2 :> 0)
/\ localPacks = (s1 :> {p1, p2} @@ s2 :> {})
/\ retained = (s1 :> {} @@ s2 :> {})
/\ migrating = (s1 :> {} @@ s2 :> {})
/\ batch = (s1 :> [push |-> 0, stage |-> "none", listed |-> {}] @@ s2 :> [push |-> 0, stage |-> "none", listed |-> {}])
/\ sensorMoved = (s1 :> FALSE @@ s2 :> FALSE)
/\ realMoved = (s1 :> FALSE @@ s2 :> FALSE)
/\ hbDue = (s1 :> FALSE @@ s2 :> FALSE)
/\ pushState = (p1 :> "failed" @@ p2 :> "failed")
/\ pushTo = (p1 :> s1 @@ p2 :> s1)
/\ holds = (p1 :> {p1} @@ p2 :> {p1, p2} @@ f1 :> {})
/\ fold = (s1 :> [stage |-> "none", id |-> 0, inputs |-> {}, base |-> FALSE, at |-> {}, atRest |-> FALSE] @@ s2 :> [stage |-> "none", id |-> 0, inputs |-> {}, base |-> FALSE, at |-> {}, atRest |-> FALSE])
/\ foldBudget = 1
/\ crashes = 1
/\ renewBudget = 2
/\ claimBudget = 1
/\ ackNotDurable = FALSE
/\ skipOverMovement = FALSE
/\ stragglerLand = FALSE
/\ unrestorable = FALSE
/\ toldFailedButDurable = FALSE
/\ renewOverWedge = FALSE
/\ provedOffBucket = FALSE
/\ provedOverRetained = FALSE

State 18:
/\ cell = [ep |-> 2, tok |-> 4, held |-> TRUE, holder |-> s1, released |-> FALSE]
/\ nextTok = 6
/\ snap = [etag |-> 5, main |-> p1, packs |-> {p1, p2}, history |-> {p1}]
/\ packObj = {p1, p2}
/\ idxObj = {p1, p2}
/\ uploads = {}
/\ st = (s1 :> "restoring" @@ s2 :> "idle")
/\ lease = (s1 :> [ep |-> 2, tok |-> 4] @@ s2 :> [ep |-> 0, tok |-> 0])
/\ lastTok = (s1 :> 0 @@ s2 :> 0)
/\ quiet = (s1 :> 0 @@ s2 :> 0)
/\ belief = (s1 :> [etag |-> 3, main |-> p1, packs |-> {p1, p2}] @@ s2 :> [etag |-> 0, main |-> 0, packs |-> {}])
/\ localMain = (s1 :> 0 @@ s2 :> 0)
/\ localPacks = (s1 :> {p1, p2} @@ s2 :> {})
/\ retained = (s1 :> {} @@ s2 :> {})
/\ migrating = (s1 :> {} @@ s2 :> {})
/\ batch = (s1 :> [push |-> 0, stage |-> "none", listed |-> {}] @@ s2 :> [push |-> 0, stage |-> "none", listed |-> {}])
/\ sensorMoved = (s1 :> FALSE @@ s2 :> FALSE)
/\ realMoved = (s1 :> FALSE @@ s2 :> FALSE)
/\ hbDue = (s1 :> FALSE @@ s2 :> FALSE)
/\ pushState = (p1 :> "failed" @@ p2 :> "failed")
/\ pushTo = (p1 :> s1 @@ p2 :> s1)
/\ holds = (p1 :> {p1} @@ p2 :> {p1, p2} @@ f1 :> {})
/\ fold = (s1 :> [stage |-> "none", id |-> 0, inputs |-> {}, base |-> FALSE, at |-> {}, atRest |-> FALSE] @@ s2 :> [stage |-> "none", id |-> 0, inputs |-> {}, base |-> FALSE, at |-> {}, atRest |-> FALSE])
/\ foldBudget = 1
/\ crashes = 1
/\ renewBudget = 2
/\ claimBudget = 1
/\ ackNotDurable = FALSE
/\ skipOverMovement = FALSE
/\ stragglerLand = FALSE
/\ unrestorable = FALSE
/\ toldFailedButDurable = FALSE
/\ renewOverWedge = FALSE
/\ provedOffBucket = FALSE
/\ provedOverRetained = FALSE

State 19:
/\ cell = [ep |-> 2, tok |-> 4, held |-> TRUE, holder |-> s1, released |-> FALSE]
/\ nextTok = 6
/\ snap = [etag |-> 5, main |-> p1, packs |-> {p1, p2}, history |-> {p1}]
/\ packObj = {p1, p2}
/\ idxObj = {p1, p2}
/\ uploads = {}
/\ st = (s1 :> "reclaiming" @@ s2 :> "idle")
/\ lease = (s1 :> [ep |-> 2, tok |-> 4] @@ s2 :> [ep |-> 0, tok |-> 0])
/\ lastTok = (s1 :> 0 @@ s2 :> 0)
/\ quiet = (s1 :> 0 @@ s2 :> 0)
/\ belief = (s1 :> [etag |-> 5, main |-> p1, packs |-> {p1, p2}] @@ s2 :> [etag |-> 0, main |-> 0, packs |-> {}])
/\ localMain = (s1 :> p1 @@ s2 :> 0)
/\ localPacks = (s1 :> {p1, p2} @@ s2 :> {})
/\ retained = (s1 :> {} @@ s2 :> {})
/\ migrating = (s1 :> {} @@ s2 :> {})
/\ batch = (s1 :> [push |-> 0, stage |-> "none", listed |-> {}] @@ s2 :> [push |-> 0, stage |-> "none", listed |-> {}])
/\ sensorMoved = (s1 :> TRUE @@ s2 :> FALSE)
/\ realMoved = (s1 :> TRUE @@ s2 :> FALSE)
/\ hbDue = (s1 :> FALSE @@ s2 :> FALSE)
/\ pushState = (p1 :> "failed" @@ p2 :> "new")
/\ pushTo = (p1 :> s1 @@ p2 :> s1)
/\ holds = (p1 :> {p1} @@ p2 :> {p1, p2} @@ f1 :> {})
/\ fold = (s1 :> [stage |-> "none", id |-> 0, inputs |-> {}, base |-> FALSE, at |-> {}, atRest |-> FALSE] @@ s2 :> [stage |-> "none", id |-> 0, inputs |-> {}, base |-> FALSE, at |-> {}, atRest |-> FALSE])
/\ foldBudget = 1
/\ crashes = 1
/\ renewBudget = 2
/\ claimBudget = 1
/\ ackNotDurable = FALSE
/\ skipOverMovement = FALSE
/\ stragglerLand = FALSE
/\ unrestorable = FALSE
/\ toldFailedButDurable = FALSE
/\ renewOverWedge = FALSE
/\ provedOffBucket = FALSE
/\ provedOverRetained = FALSE

State 20:
/\ cell = [ep |-> 2, tok |-> 6, held |-> TRUE, holder |-> s1, released |-> FALSE]
/\ nextTok = 7
/\ snap = [etag |-> 5, main |-> p1, packs |-> {p1, p2}, history |-> {p1}]
/\ packObj = {p1, p2}
/\ idxObj = {p1, p2}
/\ uploads = {}
/\ st = (s1 :> "reclaiming" @@ s2 :> "idle")
/\ lease = (s1 :> [ep |-> 2, tok |-> 6] @@ s2 :> [ep |-> 0, tok |-> 0])
/\ lastTok = (s1 :> 0 @@ s2 :> 0)
/\ quiet = (s1 :> 0 @@ s2 :> 0)
/\ belief = (s1 :> [etag |-> 5, main |-> p1, packs |-> {p1, p2}] @@ s2 :> [etag |-> 0, main |-> 0, packs |-> {}])
/\ localMain = (s1 :> p1 @@ s2 :> 0)
/\ localPacks = (s1 :> {p1, p2} @@ s2 :> {})
/\ retained = (s1 :> {} @@ s2 :> {})
/\ migrating = (s1 :> {} @@ s2 :> {})
/\ batch = (s1 :> [push |-> 0, stage |-> "none", listed |-> {}] @@ s2 :> [push |-> 0, stage |-> "none", listed |-> {}])
/\ sensorMoved = (s1 :> TRUE @@ s2 :> FALSE)
/\ realMoved = (s1 :> TRUE @@ s2 :> FALSE)
/\ hbDue = (s1 :> FALSE @@ s2 :> FALSE)
/\ pushState = (p1 :> "failed" @@ p2 :> "new")
/\ pushTo = (p1 :> s1 @@ p2 :> s1)
/\ holds = (p1 :> {p1} @@ p2 :> {p1, p2} @@ f1 :> {})
/\ fold = (s1 :> [stage |-> "keptRenewed", id |-> 0, inputs |-> {p2}, base |-> FALSE, at |-> {p1}, atRest |-> TRUE] @@ s2 :> [stage |-> "none", id |-> 0, inputs |-> {}, base |-> FALSE, at |-> {}, atRest |-> FALSE])
/\ foldBudget = 1
/\ crashes = 1
/\ renewBudget = 1
/\ claimBudget = 1
/\ ackNotDurable = FALSE
/\ skipOverMovement = FALSE
/\ stragglerLand = FALSE
/\ unrestorable = FALSE
/\ toldFailedButDurable = FALSE
/\ renewOverWedge = FALSE
/\ provedOffBucket = FALSE
/\ provedOverRetained = FALSE

State 21:
/\ cell = [ep |-> 2, tok |-> 6, held |-> TRUE, holder |-> s1, released |-> FALSE]
/\ nextTok = 8
/\ snap = [etag |-> 7, main |-> p1, packs |-> {p1}, history |-> {p1}]
/\ packObj = {p1, p2}
/\ idxObj = {p1, p2}
/\ uploads = {}
/\ st = (s1 :> "serving" @@ s2 :> "idle")
/\ lease = (s1 :> [ep |-> 2, tok |-> 6] @@ s2 :> [ep |-> 0, tok |-> 0])
/\ lastTok = (s1 :> 0 @@ s2 :> 0)
/\ quiet = (s1 :> 0 @@ s2 :> 0)
/\ belief = (s1 :> [etag |-> 7, main |-> p1, packs |-> {p1}] @@ s2 :> [etag |-> 0, main |-> 0, packs |-> {}])
/\ localMain = (s1 :> p1 @@ s2 :> 0)
/\ localPacks = (s1 :> {p1} @@ s2 :> {})
/\ retained = (s1 :> {} @@ s2 :> {})
/\ migrating = (s1 :> {} @@ s2 :> {})
/\ batch = (s1 :> [push |-> 0, stage |-> "none", listed |-> {}] @@ s2 :> [push |-> 0, stage |-> "none", listed |-> {}])
/\ sensorMoved = (s1 :> TRUE @@ s2 :> FALSE)
/\ realMoved = (s1 :> TRUE @@ s2 :> FALSE)
/\ hbDue = (s1 :> FALSE @@ s2 :> FALSE)
/\ pushState = (p1 :> "failed" @@ p2 :> "new")
/\ pushTo = (p1 :> s1 @@ p2 :> s1)
/\ holds = (p1 :> {p1} @@ p2 :> {p1, p2} @@ f1 :> {})
/\ fold = (s1 :> [stage |-> "none", id |-> 0, inputs |-> {}, base |-> FALSE, at |-> {}, atRest |-> FALSE] @@ s2 :> [stage |-> "none", id |-> 0, inputs |-> {}, base |-> FALSE, at |-> {}, atRest |-> FALSE])
/\ foldBudget = 1
/\ crashes = 1
/\ renewBudget = 1
/\ claimBudget = 1
/\ ackNotDurable = FALSE
/\ skipOverMovement = FALSE
/\ stragglerLand = FALSE
/\ unrestorable = FALSE
/\ toldFailedButDurable = FALSE
/\ renewOverWedge = FALSE
/\ provedOffBucket = FALSE
/\ provedOverRetained = FALSE

Error: Action property ProbeKeptSetDropsResidue is violated by the last step above.
1404692 states generated, 425818 distinct states found. Depth 20. Checked in 0.286s (1489763 distinct/s).
