s3.csi.chert.us e2e — context s3a, node s3a-aws-1

── S1 — the driver is registered, the plugin is Ready, and there is NO webhook
  ok: CSIDriver s3.csi.chert.us exists
  ok: CSINode s3a-aws-1 lists s3.csi.chert.us (the registrar did its job, 0s after the plugin came up)
  ok: DaemonSet numberReady=3
  ok: zero flint MutatingWebhookConfigurations
  ok: PRECONDITION: reader is gone while the plugin can still unmount it
  ok: CONTROL: without the plugin a new pod stays ContainerCreating with a mount event
  ok: the same pod mounts once the plugin is back

── S2 — a RESTRICTED-namespace pod reads bucket bytes it did not write, as uid 1001
  ok: namespace enforces PodSecurity restricted
  ok: reader is uid 1001
  ok: shard-05.txt = seeded-object-05
  ok: 11 entries under the prefix
  ok: sub/deep.txt = deep-seeded
  ok: /mnt/s3 is fuse inside the tenant container
  ok: elsewhere/ and private/ are invisible (keyPrefix scopes the mount)
  ok: elsewhere's file is not
  ok: FALSIFIER: the other prefix shows exactly one file with its own bytes
  ok: CONTROL: the labelled pod carries no injected sidecar (no webhook in this delivery)
  ok: CONTROL: labelled pod has no mount

── S3 — the tenant pod holds no credential, no token, no injected anything — and the worker does
  ok: zero AWS_* in the agent env
  ok: zero FLINT_* in the agent env
  ok: no token or comm files in the tenant container
  ok: pod spec: one csi volume, no secret volumes, no envFrom, no initContainers, nothing privileged
  ok: worker pod s3w-8606cfd1bc8681bb exists in flint-workers for reader
  ok: worker is unprivileged, uid 1001, drop ALL
  ok: worker has no hostPath
  ok: worker /comm holds creds.json + auth.token (auth.token creds.json mount.sock )
  ok: creds.json is 0600 owned by the worker uid
  ok: no secret in the worker pod spec (it travels over the socket and the comm dir)

── S4 — a pod naming a CR that does not exist never starts, and the event names it
  ok: event names the CR and the namespace
  ok: CONTROL: the pod naming a real CR is Running

── S5 — volumeAttributes cannot choose the bucket; readOnly is honoured; RW writes land and unlink removes
  ok: event names the refused attribute 'bucket'
  ok: read-only mount reads
  ok: read-only mount refuses a write
  ok: nothing landed in the bucket from the RO mount
  ok: RW write accepted
  ok: the object exists in the bucket with the written bytes
  ok: unlink accepted
  ok: unlink removed the object

── S5c — the static arm: the pod names a Secret, kubelet fetches it, the node SA never could
  ok: static-arm mount reads content
  ok: static arm: no creds.json (keys went over the launch socket into the child env)

── S6 — an SA not in consumers is refused by name; an absent consumers list denies
  ok: event names bob and spec.consumers.serviceAccounts
  ok: the CR exists (the refusal is about the SA, not the CR)
  ok: absent consumers denies and says so
  ok: CONTROL: the identical pod under SA trainer is Running

── S7 — a pod presenting its OWN projected s3.csi.chert.us token to the broker is refused (no registration)
  ok: broker refused the self-minted token with 403 AccessDenied: no live publish registration
  ok: a garbage token is refused with 400 InvalidIdentityToken at TokenReview

── S8 — rotation: short-lived keys are refreshed by republish while a reader keeps reading
  NOTE: creds expire 2026-09-30T16:21:28Z; broker issued so far: 33; lifetime 120 s — reading for 150 s
  ok: zero read errors across 150 s of reads
  ok: creds.json Expiration moved (2026-09-30T16:21:28Z → 2026-09-30T16:22:58Z): republish refreshed the key
  ok: broker issued count grew (33 → 45)
  ok: CONTROL: with the broker down, CredentialRefreshFailed lands on the tenant pod within 90s

── S9 — a DaemonSet roll mid-read leaves the mount serving; a dead WORKER strands its tenant and the pod is told
  ok: reads before/during/after the plugin roll agree (4b7804772772cd87b99f76b89e79e44a)
  ok: the worker pod is the same object across the roll (uid unchanged)
  NOTE: FailedMount events on reader so far: 1 (S1's control contributes)
  BAD: CONTROL: reads still succeed after the worker died — the leg above would be vacuous
./run-s3csi.sh: line 641: 48140 Terminated: 15          sleep 10
  BAD: no MounterDead event within 200 s
Error from server (NotFound): error when creating "STDIN": namespaces "s3-tenants" not found
Error from server (NotFound): error when creating "STDIN": namespaces "s3-tenants" not found
Error from server (NotFound): error when creating "STDIN": namespaces "s3-tenants" not found
Error from server (NotFound): error when creating "STDIN": namespaces "s3-tenants" not found
Error from server (NotFound): error when creating "STDIN": namespaces "s3-tenants" not found
Error from server (NotFound): error when creating "STDIN": namespaces "s3-tenants" not found
Error from server (NotFound): error when creating "STDIN": namespaces "s3-tenants" not found
Error from server (NotFound): error when creating "STDIN": namespaces "s3-tenants" not found
Error from server (NotFound): error when creating "STDIN": namespaces "s3-tenants" not found
Error from server (NotFound): error when creating "STDIN": namespaces "s3-tenants" not found
Error from server (NotFound): error when creating "STDIN": namespaces "s3-tenants" not found
Error from server (NotFound): error when creating "STDIN": namespaces "s3-tenants" not found
Error from server (NotFound): error when creating "STDIN": namespaces "s3-tenants" not found
Error from server (NotFound): error when creating "STDIN": namespaces "s3-tenants" not found
Error from server (NotFound): error when creating "STDIN": namespaces "s3-tenants" not found
Error from server (NotFound): error when creating "STDIN": namespaces "s3-tenants" not found
  BAD: recreated reader did not come back reading

── S10 — removing the SA from consumers stops the mount within one key lifetime; a sibling keeps reading
  BAD: pod reader is 'absent', not Running — every observation this leg makes would be an empty string

── S15 — two projects on one node: two workers, two keys, no cross-visibility
  BAD: pod reader-ro is 'absent', not Running — every observation this leg makes would be an empty string

── S19 — the node SA can read no Secret anywhere and create pods only in flint-workers; the VAP pins workers to the caller's node
  ok: node SA cannot get secrets in s3-tenants
  ok: node SA cannot get secrets in flint-system
  ok: node SA cannot create pods in s3-tenants
  BAD: node SA cannot create pods in flint-workers
  BAD: VAP did not refuse the forged worker: Error from server (Forbidden): error when retrieving current configuration of:
Resource: "/v1, Resource=pods", GroupVersionKind: "/v1, Kind=Pod"
Name: "forged-worker", Namespace: "flint-workers"
from 

── S11 — lean: the checkout gate holds for the app AND its init container; a cold pod finds the seeded project; the syncer lives in the worker, not the pod
Error from server (NotFound): error when creating "STDIN": namespaces "s3-tenants" not found
Error from server (NotFound): error when creating "STDIN": namespaces "s3-tenants" not found
Error from server (NotFound): error when creating "STDIN": namespaces "s3-tenants" not found
Error from server (NotFound): error when creating "STDIN": namespaces "s3-tenants" not found
  BAD: lean-seeder never became Running: 
  BAD: CONTROL: lean-refused event: 

── S12 — lean: the in-band publish verb is acked under CSI delivery, the manifest advances, and the control door is reachable in the TENANT's own view of the tree
  BAD: pod lean-agent is 'absent', not Running — every observation this leg makes would be an empty string

── S13 — lean drain: a file written after the last publish is in the bucket, cited, once the pod is deleted — and the worker follows the pod
  BAD: pod lean-agent is 'absent', not Running — every observation this leg makes would be an empty string

── S14 — lean holder identity: a syncer restart over the same tree self-recognises; a pod REPLACEMENT after an unclean death waits out the lease and rotates the manifest
Error from server (NotFound): error when creating "STDIN": namespaces "s3-tenants" not found
  BAD: lean-agent never reached Running in 300s — S14 made no observation at all

── S17 — a node-plugin restart mid-checkout does not restart the checkout: the syncer is a separate pod, and its marker predates the new plugin
Error from server (NotFound): error when creating "STDIN": namespaces "s3-tenants" not found
Error from server (NotFound): error when creating "STDIN": namespaces "s3-tenants" not found
  BAD: no worker appeared for slow-agent in 120s — S17 made no observation at all

── S17f-seed — seed a 4000-file project (proj-wide) through a lean seeder and its drain
Error from server (NotFound): error when creating "STDIN": namespaces "s3-tenants" not found
Error from server (NotFound): error when creating "STDIN": namespaces "s3-tenants" not found
  BAD: the wide seeder did not reach Succeeded

── S17f — adoption keeps a checkout in progress: syncer frozen mid-checkout, plugin rolled, volume kept, checkout completes after the thaw
Error from server (NotFound): error when creating "STDIN": namespaces "s3-tenants" not found
  BAD: no worker appeared for slow-agent in 120s — S17f made no observation at all

── S18 — lean quota: sizeLimitGib is a filesystem, so a workspace fills at its ceiling instead of filling the node — and an unbounded sibling proves the node did not
Error from server (NotFound): error when creating "STDIN": namespaces "s3-tenants" not found
Error from server (NotFound): error when creating "STDIN": namespaces "s3-tenants" not found
Error from server (NotFound): error when creating "STDIN": namespaces "s3-tenants" not found
Error from server (NotFound): error when creating "STDIN": namespaces "s3-tenants" not found
./run-s3csi.sh: line 174: 58192 Terminated: 15          sleep 2
