residue drill — context kind-forge-residue, images drill-onbydefault

── R0 — the rig stands up and BOTH repositories serve
  ok: both repositories reached Ready

── R1 — the treated repository's syncer actually received the two flags
  ok: treated carries FLINT_FORGE_NAME_ACCEPTED_SET
  ok: treated carries FLINT_FORGE_RECLAIM_AT_REST
  ok: the control carries FLINT_FORGE_NAME_ACCEPTED_SET=0
  ok: the control carries FLINT_FORGE_RECLAIM_AT_REST=0

── R2 — the same workload against both, and the refusals are real
  ..  ctl push 1: To http://flint-forge-door.forge-system.svc/git/agents/ctl.git| ! [remote rejected] agent/b1 -> agent/b1 (non-fast-forward update to refs/he
  ..  ctl push 2: To http://flint-forge-door.forge-system.svc/git/agents/ctl.git| ! [remote rejected] agent/b2 -> agent/b2 (non-fast-forward update to refs/he
  ..  ctl push 3: To http://flint-forge-door.forge-system.svc/git/agents/ctl.git| ! [remote rejected] agent/b3 -> agent/b3 (non-fast-forward update to refs/he
  ..  treated push 1: To http://flint-forge-door.forge-system.svc/git/agents/treated.git| ! [remote rejected] agent/b1 -> agent/b1 (non-fast-forward update to ref
  ..  treated push 2: To http://flint-forge-door.forge-system.svc/git/agents/treated.git| ! [remote rejected] agent/b2 -> agent/b2 (non-fast-forward update to ref
  ..  treated push 3: To http://flint-forge-door.forge-system.svc/git/agents/treated.git| ! [remote rejected] agent/b3 -> agent/b3 (non-fast-forward update to ref
  ..  refusals: ctl 3/3, treated 3/3
  ok: every non-fast-forward was refused in both arms

── R3 — direction 5: the pack a REFUSED push leaves is not named by the accepted set
  ..  ctl: the refusal left pack-3adaf81891f8e6fb17dcfbe7af05c54df8a5ed3c.pack on disk
  ..  ctl: the snapshot NAMES pack-3adaf81891f8e6fb17dcfbe7af05c54df8a5ed3c.pack
  ..  treated: the refusal left pack-ae15d031d1cd4ed5aef6a6ba8bc5e38c994096b0.pack on disk
  ..  treated: the snapshot does NOT name pack-ae15d031d1cd4ed5aef6a6ba8bc5e38c994096b0.pack
  ok: the control NAMES the refused push's pack — the pinning is reproduced here
  ok: direction 5 declines to name it, on the same cluster and the same workload
  ..  named totals — ctl: 8 pack(s) 76980 B;  treated: 6 pack(s) 57738 B

── R4 — direction 4: a RESTART collects what is left, and the control's does not
  ..  after restart — ctl: 8 pack(s) 76980 B (was 76980 B);  treated: 4 pack(s) 38532 B (was 57738 B)
  ok: both arms still name packs (neither emptied itself)
  ok: the treated named set did not grow across the restart (57738 B -> 38532 B)
  ok: after the restart treated names 38532 B against the control's 76980 B

── R5 — and the treated repository still serves a clone that fsck's
  ok: a fresh clone of the treated repository passes git fsck --strict
  ok: the control clones cleanly too (R5 discriminates)

══ residue drill: 13 passed, 0 failed, 0 skipped ══
   GREEN
