tlc-rs: ForgeSync (41 variables, 3 symmetry permutations), 192 workers, generated engine; loaded in 0.003s
State 1:
/\ cell = [ep |-> 0, tok |-> 0, held |-> FALSE, holder |-> NoSyncer, released |-> FALSE]
/\ nextTok = 1
/\ snap = [etag |-> 0, main |-> 0, packs |-> {}, history |-> {}]
/\ packObj = {}
/\ idxObj = {}
/\ uploads = {}
/\ st = (s1 :> "idle" @@ s2 :> "idle")
/\ lease = (s1 :> [ep |-> 0, tok |-> 0] @@ s2 :> [ep |-> 0, tok |-> 0])
/\ lastTok = (s1 :> 0 @@ s2 :> 0)
/\ quiet = (s1 :> 0 @@ s2 :> 0)
/\ belief = (s1 :> [etag |-> 0, main |-> 0, packs |-> {}] @@ s2 :> [etag |-> 0, main |-> 0, packs |-> {}])
/\ localMain = (s1 :> 0 @@ s2 :> 0)
/\ localPacks = (s1 :> {} @@ s2 :> {})
/\ retained = (s1 :> {} @@ s2 :> {})
/\ migrating = (s1 :> {} @@ s2 :> {})
/\ batch = (s1 :> [push |-> 0, stage |-> "none", listed |-> {}] @@ s2 :> [push |-> 0, stage |-> "none", listed |-> {}])
/\ sensorMoved = (s1 :> FALSE @@ s2 :> FALSE)
/\ realMoved = (s1 :> FALSE @@ s2 :> FALSE)
/\ hbDue = (s1 :> FALSE @@ s2 :> FALSE)
/\ pushState = (p1 :> "new" @@ p2 :> "new")
/\ pushTo = (p1 :> NoSyncer @@ p2 :> NoSyncer)
/\ holds = (p1 :> {p1} @@ p2 :> {p2} @@ f1 :> {})
/\ fold = (s1 :> [stage |-> "none", id |-> 0, inputs |-> {}, base |-> FALSE, at |-> {}, atRest |-> FALSE] @@ s2 :> [stage |-> "none", id |-> 0, inputs |-> {}, base |-> FALSE, at |-> {}, atRest |-> FALSE])
/\ foldBudget = 1
/\ crashes = 0
/\ renewBudget = 3
/\ claimBudget = 3
/\ ackNotDurable = FALSE
/\ skipOverMovement = FALSE
/\ stragglerLand = FALSE
/\ unrestorable = FALSE
/\ toldFailedButDurable = FALSE
/\ renewOverWedge = FALSE
/\ provedOffBucket = FALSE
/\ provedOverRetained = FALSE
/\ anc = (p1 :> {} @@ p2 :> {})
/\ par = (p1 :> 0 @@ p2 :> 0)
/\ rewound = {}
/\ rewindBudget = 0
/\ resendBudget = 0
/\ resurrected = FALSE

State 2:
/\ cell = [ep |-> 1, tok |-> 1, held |-> TRUE, holder |-> s1, released |-> FALSE]
/\ nextTok = 2
/\ snap = [etag |-> 0, main |-> 0, packs |-> {}, history |-> {}]
/\ packObj = {}
/\ idxObj = {}
/\ uploads = {}
/\ st = (s1 :> "claimed" @@ s2 :> "idle")
/\ lease = (s1 :> [ep |-> 1, tok |-> 1] @@ s2 :> [ep |-> 0, tok |-> 0])
/\ lastTok = (s1 :> 0 @@ s2 :> 0)
/\ quiet = (s1 :> 0 @@ s2 :> 0)
/\ belief = (s1 :> [etag |-> 0, main |-> 0, packs |-> {}] @@ s2 :> [etag |-> 0, main |-> 0, packs |-> {}])
/\ localMain = (s1 :> 0 @@ s2 :> 0)
/\ localPacks = (s1 :> {} @@ s2 :> {})
/\ retained = (s1 :> {} @@ s2 :> {})
/\ migrating = (s1 :> {} @@ s2 :> {})
/\ batch = (s1 :> [push |-> 0, stage |-> "none", listed |-> {}] @@ s2 :> [push |-> 0, stage |-> "none", listed |-> {}])
/\ sensorMoved = (s1 :> FALSE @@ s2 :> FALSE)
/\ realMoved = (s1 :> FALSE @@ s2 :> FALSE)
/\ hbDue = (s1 :> FALSE @@ s2 :> FALSE)
/\ pushState = (p1 :> "new" @@ p2 :> "new")
/\ pushTo = (p1 :> NoSyncer @@ p2 :> NoSyncer)
/\ holds = (p1 :> {p1} @@ p2 :> {p2} @@ f1 :> {})
/\ fold = (s1 :> [stage |-> "none", id |-> 0, inputs |-> {}, base |-> FALSE, at |-> {}, atRest |-> FALSE] @@ s2 :> [stage |-> "none", id |-> 0, inputs |-> {}, base |-> FALSE, at |-> {}, atRest |-> FALSE])
/\ foldBudget = 1
/\ crashes = 0
/\ renewBudget = 3
/\ claimBudget = 2
/\ ackNotDurable = FALSE
/\ skipOverMovement = FALSE
/\ stragglerLand = FALSE
/\ unrestorable = FALSE
/\ toldFailedButDurable = FALSE
/\ renewOverWedge = FALSE
/\ provedOffBucket = FALSE
/\ provedOverRetained = FALSE
/\ anc = (p1 :> {} @@ p2 :> {})
/\ par = (p1 :> 0 @@ p2 :> 0)
/\ rewound = {}
/\ rewindBudget = 0
/\ resendBudget = 0
/\ resurrected = FALSE

State 3:
/\ cell = [ep |-> 1, tok |-> 1, held |-> TRUE, holder |-> s1, released |-> FALSE]
/\ nextTok = 2
/\ snap = [etag |-> 0, main |-> 0, packs |-> {}, history |-> {}]
/\ packObj = {}
/\ idxObj = {}
/\ uploads = {}
/\ st = (s1 :> "restoring" @@ s2 :> "idle")
/\ lease = (s1 :> [ep |-> 1, tok |-> 1] @@ s2 :> [ep |-> 0, tok |-> 0])
/\ lastTok = (s1 :> 0 @@ s2 :> 0)
/\ quiet = (s1 :> 0 @@ s2 :> 0)
/\ belief = (s1 :> [etag |-> 0, main |-> 0, packs |-> {}] @@ s2 :> [etag |-> 0, main |-> 0, packs |-> {}])
/\ localMain = (s1 :> 0 @@ s2 :> 0)
/\ localPacks = (s1 :> {} @@ s2 :> {})
/\ retained = (s1 :> {} @@ s2 :> {})
/\ migrating = (s1 :> {} @@ s2 :> {})
/\ batch = (s1 :> [push |-> 0, stage |-> "none", listed |-> {}] @@ s2 :> [push |-> 0, stage |-> "none", listed |-> {}])
/\ sensorMoved = (s1 :> FALSE @@ s2 :> FALSE)
/\ realMoved = (s1 :> FALSE @@ s2 :> FALSE)
/\ hbDue = (s1 :> FALSE @@ s2 :> FALSE)
/\ pushState = (p1 :> "new" @@ p2 :> "new")
/\ pushTo = (p1 :> NoSyncer @@ p2 :> NoSyncer)
/\ holds = (p1 :> {p1} @@ p2 :> {p2} @@ f1 :> {})
/\ fold = (s1 :> [stage |-> "none", id |-> 0, inputs |-> {}, base |-> FALSE, at |-> {}, atRest |-> FALSE] @@ s2 :> [stage |-> "none", id |-> 0, inputs |-> {}, base |-> FALSE, at |-> {}, atRest |-> FALSE])
/\ foldBudget = 1
/\ crashes = 0
/\ renewBudget = 3
/\ claimBudget = 2
/\ ackNotDurable = FALSE
/\ skipOverMovement = FALSE
/\ stragglerLand = FALSE
/\ unrestorable = FALSE
/\ toldFailedButDurable = FALSE
/\ renewOverWedge = FALSE
/\ provedOffBucket = FALSE
/\ provedOverRetained = FALSE
/\ anc = (p1 :> {} @@ p2 :> {})
/\ par = (p1 :> 0 @@ p2 :> 0)
/\ rewound = {}
/\ rewindBudget = 0
/\ resendBudget = 0
/\ resurrected = FALSE

State 4:
/\ cell = [ep |-> 1, tok |-> 1, held |-> TRUE, holder |-> s1, released |-> FALSE]
/\ nextTok = 2
/\ snap = [etag |-> 0, main |-> 0, packs |-> {}, history |-> {}]
/\ packObj = {}
/\ idxObj = {}
/\ uploads = {}
/\ st = (s1 :> "serving" @@ s2 :> "idle")
/\ lease = (s1 :> [ep |-> 1, tok |-> 1] @@ s2 :> [ep |-> 0, tok |-> 0])
/\ lastTok = (s1 :> 0 @@ s2 :> 0)
/\ quiet = (s1 :> 0 @@ s2 :> 0)
/\ belief = (s1 :> [etag |-> 0, main |-> 0, packs |-> {}] @@ s2 :> [etag |-> 0, main |-> 0, packs |-> {}])
/\ localMain = (s1 :> 0 @@ s2 :> 0)
/\ localPacks = (s1 :> {} @@ s2 :> {})
/\ retained = (s1 :> {} @@ s2 :> {})
/\ migrating = (s1 :> {} @@ s2 :> {})
/\ batch = (s1 :> [push |-> 0, stage |-> "none", listed |-> {}] @@ s2 :> [push |-> 0, stage |-> "none", listed |-> {}])
/\ sensorMoved = (s1 :> FALSE @@ s2 :> FALSE)
/\ realMoved = (s1 :> FALSE @@ s2 :> FALSE)
/\ hbDue = (s1 :> FALSE @@ s2 :> FALSE)
/\ pushState = (p1 :> "new" @@ p2 :> "new")
/\ pushTo = (p1 :> NoSyncer @@ p2 :> NoSyncer)
/\ holds = (p1 :> {p1} @@ p2 :> {p2} @@ f1 :> {})
/\ fold = (s1 :> [stage |-> "none", id |-> 0, inputs |-> {}, base |-> FALSE, at |-> {}, atRest |-> FALSE] @@ s2 :> [stage |-> "none", id |-> 0, inputs |-> {}, base |-> FALSE, at |-> {}, atRest |-> FALSE])
/\ foldBudget = 1
/\ crashes = 0
/\ renewBudget = 3
/\ claimBudget = 2
/\ ackNotDurable = FALSE
/\ skipOverMovement = FALSE
/\ stragglerLand = FALSE
/\ unrestorable = FALSE
/\ toldFailedButDurable = FALSE
/\ renewOverWedge = FALSE
/\ provedOffBucket = FALSE
/\ provedOverRetained = FALSE
/\ anc = (p1 :> {} @@ p2 :> {})
/\ par = (p1 :> 0 @@ p2 :> 0)
/\ rewound = {}
/\ rewindBudget = 0
/\ resendBudget = 0
/\ resurrected = FALSE

State 5:
/\ cell = [ep |-> 1, tok |-> 1, held |-> TRUE, holder |-> s1, released |-> FALSE]
/\ nextTok = 2
/\ snap = [etag |-> 0, main |-> 0, packs |-> {}, history |-> {}]
/\ packObj = {}
/\ idxObj = {}
/\ uploads = {}
/\ st = (s1 :> "serving" @@ s2 :> "idle")
/\ lease = (s1 :> [ep |-> 1, tok |-> 1] @@ s2 :> [ep |-> 0, tok |-> 0])
/\ lastTok = (s1 :> 0 @@ s2 :> 0)
/\ quiet = (s1 :> 0 @@ s2 :> 0)
/\ belief = (s1 :> [etag |-> 0, main |-> 0, packs |-> {}] @@ s2 :> [etag |-> 0, main |-> 0, packs |-> {}])
/\ localMain = (s1 :> 0 @@ s2 :> 0)
/\ localPacks = (s1 :> {} @@ s2 :> {})
/\ retained = (s1 :> {} @@ s2 :> {})
/\ migrating = (s1 :> {p1} @@ s2 :> {})
/\ batch = (s1 :> [push |-> 0, stage |-> "none", listed |-> {}] @@ s2 :> [push |-> 0, stage |-> "none", listed |-> {}])
/\ sensorMoved = (s1 :> FALSE @@ s2 :> FALSE)
/\ realMoved = (s1 :> FALSE @@ s2 :> FALSE)
/\ hbDue = (s1 :> FALSE @@ s2 :> FALSE)
/\ pushState = (p1 :> "sent" @@ p2 :> "new")
/\ pushTo = (p1 :> s1 @@ p2 :> NoSyncer)
/\ holds = (p1 :> {p1} @@ p2 :> {p2} @@ f1 :> {})
/\ fold = (s1 :> [stage |-> "none", id |-> 0, inputs |-> {}, base |-> FALSE, at |-> {}, atRest |-> FALSE] @@ s2 :> [stage |-> "none", id |-> 0, inputs |-> {}, base |-> FALSE, at |-> {}, atRest |-> FALSE])
/\ foldBudget = 1
/\ crashes = 0
/\ renewBudget = 3
/\ claimBudget = 2
/\ ackNotDurable = FALSE
/\ skipOverMovement = FALSE
/\ stragglerLand = FALSE
/\ unrestorable = FALSE
/\ toldFailedButDurable = FALSE
/\ renewOverWedge = FALSE
/\ provedOffBucket = FALSE
/\ provedOverRetained = FALSE
/\ anc = (p1 :> {} @@ p2 :> {})
/\ par = (p1 :> 0 @@ p2 :> 0)
/\ rewound = {}
/\ rewindBudget = 0
/\ resendBudget = 0
/\ resurrected = FALSE

State 6:
/\ cell = [ep |-> 1, tok |-> 1, held |-> TRUE, holder |-> s1, released |-> FALSE]
/\ nextTok = 2
/\ snap = [etag |-> 0, main |-> 0, packs |-> {}, history |-> {}]
/\ packObj = {}
/\ idxObj = {}
/\ uploads = {}
/\ st = (s1 :> "serving" @@ s2 :> "idle")
/\ lease = (s1 :> [ep |-> 1, tok |-> 1] @@ s2 :> [ep |-> 0, tok |-> 0])
/\ lastTok = (s1 :> 0 @@ s2 :> 0)
/\ quiet = (s1 :> 0 @@ s2 :> 0)
/\ belief = (s1 :> [etag |-> 0, main |-> 0, packs |-> {}] @@ s2 :> [etag |-> 0, main |-> 0, packs |-> {}])
/\ localMain = (s1 :> 0 @@ s2 :> 0)
/\ localPacks = (s1 :> {p1} @@ s2 :> {})
/\ retained = (s1 :> {} @@ s2 :> {})
/\ migrating = (s1 :> {} @@ s2 :> {})
/\ batch = (s1 :> [push |-> 0, stage |-> "none", listed |-> {}] @@ s2 :> [push |-> 0, stage |-> "none", listed |-> {}])
/\ sensorMoved = (s1 :> FALSE @@ s2 :> FALSE)
/\ realMoved = (s1 :> FALSE @@ s2 :> FALSE)
/\ hbDue = (s1 :> FALSE @@ s2 :> FALSE)
/\ pushState = (p1 :> "sent" @@ p2 :> "new")
/\ pushTo = (p1 :> s1 @@ p2 :> NoSyncer)
/\ holds = (p1 :> {p1} @@ p2 :> {p2} @@ f1 :> {})
/\ fold = (s1 :> [stage |-> "none", id |-> 0, inputs |-> {}, base |-> FALSE, at |-> {}, atRest |-> FALSE] @@ s2 :> [stage |-> "none", id |-> 0, inputs |-> {}, base |-> FALSE, at |-> {}, atRest |-> FALSE])
/\ foldBudget = 1
/\ crashes = 0
/\ renewBudget = 3
/\ claimBudget = 2
/\ ackNotDurable = FALSE
/\ skipOverMovement = FALSE
/\ stragglerLand = FALSE
/\ unrestorable = FALSE
/\ toldFailedButDurable = FALSE
/\ renewOverWedge = FALSE
/\ provedOffBucket = FALSE
/\ provedOverRetained = FALSE
/\ anc = (p1 :> {} @@ p2 :> {})
/\ par = (p1 :> 0 @@ p2 :> 0)
/\ rewound = {}
/\ rewindBudget = 0
/\ resendBudget = 0
/\ resurrected = FALSE

State 7:
/\ cell = [ep |-> 1, tok |-> 1, held |-> TRUE, holder |-> s1, released |-> FALSE]
/\ nextTok = 2
/\ snap = [etag |-> 0, main |-> 0, packs |-> {}, history |-> {}]
/\ packObj = {}
/\ idxObj = {}
/\ uploads = {}
/\ st = (s1 :> "pushing" @@ s2 :> "idle")
/\ lease = (s1 :> [ep |-> 1, tok |-> 1] @@ s2 :> [ep |-> 0, tok |-> 0])
/\ lastTok = (s1 :> 0 @@ s2 :> 0)
/\ quiet = (s1 :> 0 @@ s2 :> 0)
/\ belief = (s1 :> [etag |-> 0, main |-> 0, packs |-> {}] @@ s2 :> [etag |-> 0, main |-> 0, packs |-> {}])
/\ localMain = (s1 :> 0 @@ s2 :> 0)
/\ localPacks = (s1 :> {p1} @@ s2 :> {})
/\ retained = (s1 :> {} @@ s2 :> {})
/\ migrating = (s1 :> {} @@ s2 :> {})
/\ batch = (s1 :> [push |-> p1, stage |-> "judged", listed |-> {}] @@ s2 :> [push |-> 0, stage |-> "none", listed |-> {}])
/\ sensorMoved = (s1 :> TRUE @@ s2 :> FALSE)
/\ realMoved = (s1 :> TRUE @@ s2 :> FALSE)
/\ hbDue = (s1 :> FALSE @@ s2 :> FALSE)
/\ pushState = (p1 :> "sent" @@ p2 :> "new")
/\ pushTo = (p1 :> s1 @@ p2 :> NoSyncer)
/\ holds = (p1 :> {p1} @@ p2 :> {p2} @@ f1 :> {})
/\ fold = (s1 :> [stage |-> "none", id |-> 0, inputs |-> {}, base |-> FALSE, at |-> {}, atRest |-> FALSE] @@ s2 :> [stage |-> "none", id |-> 0, inputs |-> {}, base |-> FALSE, at |-> {}, atRest |-> FALSE])
/\ foldBudget = 1
/\ crashes = 0
/\ renewBudget = 3
/\ claimBudget = 2
/\ ackNotDurable = FALSE
/\ skipOverMovement = FALSE
/\ stragglerLand = FALSE
/\ unrestorable = FALSE
/\ toldFailedButDurable = FALSE
/\ renewOverWedge = FALSE
/\ provedOffBucket = FALSE
/\ provedOverRetained = FALSE
/\ anc = (p1 :> {} @@ p2 :> {})
/\ par = (p1 :> 0 @@ p2 :> 0)
/\ rewound = {}
/\ rewindBudget = 0
/\ resendBudget = 0
/\ resurrected = FALSE

State 8:
/\ cell = [ep |-> 1, tok |-> 2, held |-> TRUE, holder |-> s1, released |-> FALSE]
/\ nextTok = 3
/\ snap = [etag |-> 0, main |-> 0, packs |-> {}, history |-> {}]
/\ packObj = {}
/\ idxObj = {}
/\ uploads = {}
/\ st = (s1 :> "pushing" @@ s2 :> "idle")
/\ lease = (s1 :> [ep |-> 1, tok |-> 2] @@ s2 :> [ep |-> 0, tok |-> 0])
/\ lastTok = (s1 :> 0 @@ s2 :> 0)
/\ quiet = (s1 :> 0 @@ s2 :> 0)
/\ belief = (s1 :> [etag |-> 0, main |-> 0, packs |-> {}] @@ s2 :> [etag |-> 0, main |-> 0, packs |-> {}])
/\ localMain = (s1 :> 0 @@ s2 :> 0)
/\ localPacks = (s1 :> {p1} @@ s2 :> {})
/\ retained = (s1 :> {} @@ s2 :> {})
/\ migrating = (s1 :> {} @@ s2 :> {})
/\ batch = (s1 :> [push |-> p1, stage |-> "renewed", listed |-> {}] @@ s2 :> [push |-> 0, stage |-> "none", listed |-> {}])
/\ sensorMoved = (s1 :> FALSE @@ s2 :> FALSE)
/\ realMoved = (s1 :> FALSE @@ s2 :> FALSE)
/\ hbDue = (s1 :> FALSE @@ s2 :> FALSE)
/\ pushState = (p1 :> "sent" @@ p2 :> "new")
/\ pushTo = (p1 :> s1 @@ p2 :> NoSyncer)
/\ holds = (p1 :> {p1} @@ p2 :> {p2} @@ f1 :> {})
/\ fold = (s1 :> [stage |-> "none", id |-> 0, inputs |-> {}, base |-> FALSE, at |-> {}, atRest |-> FALSE] @@ s2 :> [stage |-> "none", id |-> 0, inputs |-> {}, base |-> FALSE, at |-> {}, atRest |-> FALSE])
/\ foldBudget = 1
/\ crashes = 0
/\ renewBudget = 2
/\ claimBudget = 2
/\ ackNotDurable = FALSE
/\ skipOverMovement = FALSE
/\ stragglerLand = FALSE
/\ unrestorable = FALSE
/\ toldFailedButDurable = FALSE
/\ renewOverWedge = FALSE
/\ provedOffBucket = FALSE
/\ provedOverRetained = FALSE
/\ anc = (p1 :> {} @@ p2 :> {})
/\ par = (p1 :> 0 @@ p2 :> 0)
/\ rewound = {}
/\ rewindBudget = 0
/\ resendBudget = 0
/\ resurrected = FALSE

State 9:
/\ cell = [ep |-> 1, tok |-> 2, held |-> TRUE, holder |-> s1, released |-> FALSE]
/\ nextTok = 3
/\ snap = [etag |-> 0, main |-> 0, packs |-> {}, history |-> {}]
/\ packObj = {}
/\ idxObj = {}
/\ uploads = {}
/\ st = (s1 :> "pushing" @@ s2 :> "idle")
/\ lease = (s1 :> [ep |-> 1, tok |-> 2] @@ s2 :> [ep |-> 0, tok |-> 0])
/\ lastTok = (s1 :> 0 @@ s2 :> 0)
/\ quiet = (s1 :> 0 @@ s2 :> 0)
/\ belief = (s1 :> [etag |-> 0, main |-> 0, packs |-> {}] @@ s2 :> [etag |-> 0, main |-> 0, packs |-> {}])
/\ localMain = (s1 :> 0 @@ s2 :> 0)
/\ localPacks = (s1 :> {p1} @@ s2 :> {})
/\ retained = (s1 :> {} @@ s2 :> {})
/\ migrating = (s1 :> {} @@ s2 :> {})
/\ batch = (s1 :> [push |-> p1, stage |-> "hashed", listed |-> {}] @@ s2 :> [push |-> 0, stage |-> "none", listed |-> {}])
/\ sensorMoved = (s1 :> TRUE @@ s2 :> FALSE)
/\ realMoved = (s1 :> TRUE @@ s2 :> FALSE)
/\ hbDue = (s1 :> FALSE @@ s2 :> FALSE)
/\ pushState = (p1 :> "sent" @@ p2 :> "new")
/\ pushTo = (p1 :> s1 @@ p2 :> NoSyncer)
/\ holds = (p1 :> {p1} @@ p2 :> {p2} @@ f1 :> {})
/\ fold = (s1 :> [stage |-> "none", id |-> 0, inputs |-> {}, base |-> FALSE, at |-> {}, atRest |-> FALSE] @@ s2 :> [stage |-> "none", id |-> 0, inputs |-> {}, base |-> FALSE, at |-> {}, atRest |-> FALSE])
/\ foldBudget = 1
/\ crashes = 0
/\ renewBudget = 2
/\ claimBudget = 2
/\ ackNotDurable = FALSE
/\ skipOverMovement = FALSE
/\ stragglerLand = FALSE
/\ unrestorable = FALSE
/\ toldFailedButDurable = FALSE
/\ renewOverWedge = FALSE
/\ provedOffBucket = FALSE
/\ provedOverRetained = FALSE
/\ anc = (p1 :> {} @@ p2 :> {})
/\ par = (p1 :> 0 @@ p2 :> 0)
/\ rewound = {}
/\ rewindBudget = 0
/\ resendBudget = 0
/\ resurrected = FALSE

State 10:
/\ cell = [ep |-> 1, tok |-> 2, held |-> TRUE, holder |-> s1, released |-> FALSE]
/\ nextTok = 3
/\ snap = [etag |-> 0, main |-> 0, packs |-> {}, history |-> {}]
/\ packObj = {}
/\ idxObj = {}
/\ uploads = {}
/\ st = (s1 :> "pushing" @@ s2 :> "idle")
/\ lease = (s1 :> [ep |-> 1, tok |-> 2] @@ s2 :> [ep |-> 0, tok |-> 0])
/\ lastTok = (s1 :> 0 @@ s2 :> 0)
/\ quiet = (s1 :> 0 @@ s2 :> 0)
/\ belief = (s1 :> [etag |-> 0, main |-> 0, packs |-> {}] @@ s2 :> [etag |-> 0, main |-> 0, packs |-> {}])
/\ localMain = (s1 :> 0 @@ s2 :> 0)
/\ localPacks = (s1 :> {p1} @@ s2 :> {})
/\ retained = (s1 :> {} @@ s2 :> {})
/\ migrating = (s1 :> {} @@ s2 :> {})
/\ batch = (s1 :> [push |-> p1, stage |-> "initiated", listed |-> {}] @@ s2 :> [push |-> 0, stage |-> "none", listed |-> {}])
/\ sensorMoved = (s1 :> TRUE @@ s2 :> FALSE)
/\ realMoved = (s1 :> TRUE @@ s2 :> FALSE)
/\ hbDue = (s1 :> FALSE @@ s2 :> FALSE)
/\ pushState = (p1 :> "sent" @@ p2 :> "new")
/\ pushTo = (p1 :> s1 @@ p2 :> NoSyncer)
/\ holds = (p1 :> {p1} @@ p2 :> {p2} @@ f1 :> {})
/\ fold = (s1 :> [stage |-> "none", id |-> 0, inputs |-> {}, base |-> FALSE, at |-> {}, atRest |-> FALSE] @@ s2 :> [stage |-> "none", id |-> 0, inputs |-> {}, base |-> FALSE, at |-> {}, atRest |-> FALSE])
/\ foldBudget = 1
/\ crashes = 0
/\ renewBudget = 2
/\ claimBudget = 2
/\ ackNotDurable = FALSE
/\ skipOverMovement = FALSE
/\ stragglerLand = FALSE
/\ unrestorable = FALSE
/\ toldFailedButDurable = FALSE
/\ renewOverWedge = FALSE
/\ provedOffBucket = FALSE
/\ provedOverRetained = FALSE
/\ anc = (p1 :> {} @@ p2 :> {})
/\ par = (p1 :> 0 @@ p2 :> 0)
/\ rewound = {}
/\ rewindBudget = 0
/\ resendBudget = 0
/\ resurrected = FALSE

State 11:
/\ cell = [ep |-> 1, tok |-> 2, held |-> TRUE, holder |-> s1, released |-> FALSE]
/\ nextTok = 3
/\ snap = [etag |-> 0, main |-> 0, packs |-> {}, history |-> {}]
/\ packObj = {}
/\ idxObj = {}
/\ uploads = {}
/\ st = (s1 :> "pushing" @@ s2 :> "idle")
/\ lease = (s1 :> [ep |-> 1, tok |-> 2] @@ s2 :> [ep |-> 0, tok |-> 0])
/\ lastTok = (s1 :> 0 @@ s2 :> 0)
/\ quiet = (s1 :> 0 @@ s2 :> 0)
/\ belief = (s1 :> [etag |-> 0, main |-> 0, packs |-> {}] @@ s2 :> [etag |-> 0, main |-> 0, packs |-> {}])
/\ localMain = (s1 :> 0 @@ s2 :> 0)
/\ localPacks = (s1 :> {p1} @@ s2 :> {})
/\ retained = (s1 :> {} @@ s2 :> {})
/\ migrating = (s1 :> {} @@ s2 :> {})
/\ batch = (s1 :> [push |-> p1, stage |-> "uploaded", listed |-> {}] @@ s2 :> [push |-> 0, stage |-> "none", listed |-> {}])
/\ sensorMoved = (s1 :> TRUE @@ s2 :> FALSE)
/\ realMoved = (s1 :> TRUE @@ s2 :> FALSE)
/\ hbDue = (s1 :> FALSE @@ s2 :> FALSE)
/\ pushState = (p1 :> "sent" @@ p2 :> "new")
/\ pushTo = (p1 :> s1 @@ p2 :> NoSyncer)
/\ holds = (p1 :> {p1} @@ p2 :> {p2} @@ f1 :> {})
/\ fold = (s1 :> [stage |-> "none", id |-> 0, inputs |-> {}, base |-> FALSE, at |-> {}, atRest |-> FALSE] @@ s2 :> [stage |-> "none", id |-> 0, inputs |-> {}, base |-> FALSE, at |-> {}, atRest |-> FALSE])
/\ foldBudget = 1
/\ crashes = 0
/\ renewBudget = 2
/\ claimBudget = 2
/\ ackNotDurable = FALSE
/\ skipOverMovement = FALSE
/\ stragglerLand = FALSE
/\ unrestorable = FALSE
/\ toldFailedButDurable = FALSE
/\ renewOverWedge = FALSE
/\ provedOffBucket = FALSE
/\ provedOverRetained = FALSE
/\ anc = (p1 :> {} @@ p2 :> {})
/\ par = (p1 :> 0 @@ p2 :> 0)
/\ rewound = {}
/\ rewindBudget = 0
/\ resendBudget = 0
/\ resurrected = FALSE

State 12:
/\ cell = [ep |-> 1, tok |-> 2, held |-> TRUE, holder |-> s1, released |-> FALSE]
/\ nextTok = 4
/\ snap = [etag |-> 3, main |-> p1, packs |-> {}, history |-> {p1}]
/\ packObj = {}
/\ idxObj = {}
/\ uploads = {}
/\ st = (s1 :> "pushing" @@ s2 :> "idle")
/\ lease = (s1 :> [ep |-> 1, tok |-> 2] @@ s2 :> [ep |-> 0, tok |-> 0])
/\ lastTok = (s1 :> 0 @@ s2 :> 0)
/\ quiet = (s1 :> 0 @@ s2 :> 0)
/\ belief = (s1 :> [etag |-> 3, main |-> p1, packs |-> {}] @@ s2 :> [etag |-> 0, main |-> 0, packs |-> {}])
/\ localMain = (s1 :> 0 @@ s2 :> 0)
/\ localPacks = (s1 :> {p1} @@ s2 :> {})
/\ retained = (s1 :> {} @@ s2 :> {})
/\ migrating = (s1 :> {} @@ s2 :> {})
/\ batch = (s1 :> [push |-> p1, stage |-> "cas", listed |-> {}] @@ s2 :> [push |-> 0, stage |-> "none", listed |-> {}])
/\ sensorMoved = (s1 :> TRUE @@ s2 :> FALSE)
/\ realMoved = (s1 :> TRUE @@ s2 :> FALSE)
/\ hbDue = (s1 :> FALSE @@ s2 :> FALSE)
/\ pushState = (p1 :> "sent" @@ p2 :> "new")
/\ pushTo = (p1 :> s1 @@ p2 :> NoSyncer)
/\ holds = (p1 :> {p1} @@ p2 :> {p2} @@ f1 :> {})
/\ fold = (s1 :> [stage |-> "none", id |-> 0, inputs |-> {}, base |-> FALSE, at |-> {}, atRest |-> FALSE] @@ s2 :> [stage |-> "none", id |-> 0, inputs |-> {}, base |-> FALSE, at |-> {}, atRest |-> FALSE])
/\ foldBudget = 1
/\ crashes = 0
/\ renewBudget = 2
/\ claimBudget = 2
/\ ackNotDurable = FALSE
/\ skipOverMovement = FALSE
/\ stragglerLand = FALSE
/\ unrestorable = FALSE
/\ toldFailedButDurable = FALSE
/\ renewOverWedge = FALSE
/\ provedOffBucket = FALSE
/\ provedOverRetained = FALSE
/\ anc = (p1 :> {p1} @@ p2 :> {})
/\ par = (p1 :> 0 @@ p2 :> 0)
/\ rewound = {}
/\ rewindBudget = 0
/\ resendBudget = 0
/\ resurrected = FALSE

Error: Invariant Inv_LandedPackComplete is violated.
11529 states generated, 4664 distinct states found. Depth 11. Checked in 0.063s (74567 distinct/s).
