tlc-rs: LeanP1 (30 variables, 0 symmetry permutations), 4 workers, interp engine; loaded in 0.003s
progress: depth 14, 2823769 generated, 803843 distinct (0 fingerprint spills), 361407 on queue (0 on disk), 10.5s
progress: depth 16, 8757680 generated, 2519208 distinct (0 fingerprint spills), 1089482 on queue (589770 on disk), 33.2s
progress: depth 17, 15168116 generated, 4382920 distinct (0 fingerprint spills), 1863712 on queue (1364512 on disk), 58.6s
State 1:
/\ live = {<<p1, 1>>}
/\ minted = {<<p1, 1>>}
/\ doc = (p1 :> <<p1, 1>>)
/\ seq = 1
/\ tomb = (p1 :> Nil)
/\ base = (<<p1, 1>> :> Nil @@ <<p1, 2>> :> Nil @@ <<p1, 3>> :> Nil @@ <<p1, 4>> :> Nil @@ <<p1, 5>> :> Nil)
/\ acked = {}
/\ conflicts = {}
/\ holder = "none"
/\ nextGen = 2
/\ ui = 0
/\ reqs = 0
/\ barriers = 0
/\ w = (A :> [st |-> "off", pc |-> "idle", local |-> (p1 :> Nil), baseline |-> (p1 :> Nil), integrated |-> {}, uploads |-> {}, deletes |-> {}, snap |-> (p1 :> Nil), upDone |-> {}, gone |-> {}, verified |-> FALSE, inst |-> (p1 :> Nil), retire |-> {}, collected |-> FALSE, adv |-> FALSE, synced |-> 0, derived |-> 0, skipped |-> {}, scope |-> {}, sStage |-> "none", sTgt |-> {}, sDrop |-> {}, sKeep |-> {}, sHeld |-> (p1 :> Nil), unlinked |-> {}] @@ B :> [st |-> "off", pc |-> "idle", local |-> (p1 :> Nil), baseline |-> (p1 :> Nil), integrated |-> {}, uploads |-> {}, deletes |-> {}, snap |-> (p1 :> Nil), upDone |-> {}, gone |-> {}, verified |-> FALSE, inst |-> (p1 :> Nil), retire |-> {}, collected |-> FALSE, adv |-> FALSE, synced |-> 0, derived |-> 0, skipped |-> {}, scope |-> {}, sStage |-> "none", sTgt |-> {}, sDrop |-> {}, sKeep |-> {}, sHeld |-> (p1 :> Nil), unlinked |-> {}])
/\ took = (A :> (p1 :> {}) @@ B :> (p1 :> {}))
/\ gw = (p1 :> Nil)
/\ mv = Nil
/\ udel = {}
/\ restarts = 0
/\ syncs = 0
/\ regressed = FALSE
/\ rescopes = 0
/\ upped = {<<p1, 1>>}
/\ copies = 0
/\ orig = (<<p1, 1>> :> Nil @@ <<p1, 2>> :> Nil @@ <<p1, 3>> :> Nil @@ <<p1, 4>> :> Nil @@ <<p1, 5>> :> Nil)
/\ retiring = {}
/\ aged = {}
/\ ages = 0
/\ rdoc = (p1 :> Nil)
/\ rlag = TRUE

State 2:
/\ live = {<<p1, 1>>}
/\ minted = {<<p1, 1>>}
/\ doc = (p1 :> <<p1, 1>>)
/\ seq = 1
/\ tomb = (p1 :> Nil)
/\ base = (<<p1, 1>> :> Nil @@ <<p1, 2>> :> Nil @@ <<p1, 3>> :> Nil @@ <<p1, 4>> :> Nil @@ <<p1, 5>> :> Nil)
/\ acked = {}
/\ conflicts = {}
/\ holder = "none"
/\ nextGen = 2
/\ ui = 0
/\ reqs = 0
/\ barriers = 0
/\ w = (A :> [st |-> "on", pc |-> "idle", local |-> (p1 :> <<p1, 1>>), baseline |-> (p1 :> <<p1, 1>>), integrated |-> {1}, uploads |-> {}, deletes |-> {}, snap |-> (p1 :> Nil), upDone |-> {}, gone |-> {}, verified |-> FALSE, inst |-> (p1 :> <<p1, 1>>), retire |-> {}, collected |-> FALSE, adv |-> FALSE, synced |-> 1, derived |-> 1, skipped |-> {}, scope |-> {p1}, sStage |-> "none", sTgt |-> {}, sDrop |-> {}, sKeep |-> {}, sHeld |-> (p1 :> Nil), unlinked |-> {}] @@ B :> [st |-> "off", pc |-> "idle", local |-> (p1 :> Nil), baseline |-> (p1 :> Nil), integrated |-> {}, uploads |-> {}, deletes |-> {}, snap |-> (p1 :> Nil), upDone |-> {}, gone |-> {}, verified |-> FALSE, inst |-> (p1 :> Nil), retire |-> {}, collected |-> FALSE, adv |-> FALSE, synced |-> 0, derived |-> 0, skipped |-> {}, scope |-> {}, sStage |-> "none", sTgt |-> {}, sDrop |-> {}, sKeep |-> {}, sHeld |-> (p1 :> Nil), unlinked |-> {}])
/\ took = (A :> (p1 :> {1}) @@ B :> (p1 :> {}))
/\ gw = (p1 :> Nil)
/\ mv = Nil
/\ udel = {}
/\ restarts = 0
/\ syncs = 0
/\ regressed = FALSE
/\ rescopes = 0
/\ upped = {<<p1, 1>>}
/\ copies = 0
/\ orig = (<<p1, 1>> :> Nil @@ <<p1, 2>> :> Nil @@ <<p1, 3>> :> Nil @@ <<p1, 4>> :> Nil @@ <<p1, 5>> :> Nil)
/\ retiring = {}
/\ aged = {}
/\ ages = 0
/\ rdoc = (p1 :> Nil)
/\ rlag = TRUE

State 3:
/\ live = {<<p1, 1>>}
/\ minted = {<<p1, 1>>}
/\ doc = (p1 :> <<p1, 1>>)
/\ seq = 1
/\ tomb = (p1 :> Nil)
/\ base = (<<p1, 1>> :> Nil @@ <<p1, 2>> :> Nil @@ <<p1, 3>> :> Nil @@ <<p1, 4>> :> Nil @@ <<p1, 5>> :> Nil)
/\ acked = {}
/\ conflicts = {}
/\ holder = "none"
/\ nextGen = 2
/\ ui = 0
/\ reqs = 0
/\ barriers = 0
/\ w = (A :> [st |-> "on", pc |-> "consumed", local |-> (p1 :> <<p1, 1>>), baseline |-> (p1 :> <<p1, 1>>), integrated |-> {1}, uploads |-> {}, deletes |-> {}, snap |-> (p1 :> Nil), upDone |-> {}, gone |-> {}, verified |-> FALSE, inst |-> (p1 :> <<p1, 1>>), retire |-> {}, collected |-> FALSE, adv |-> FALSE, synced |-> 1, derived |-> 1, skipped |-> {}, scope |-> {p1}, sStage |-> "none", sTgt |-> {}, sDrop |-> {}, sKeep |-> {}, sHeld |-> (p1 :> Nil), unlinked |-> {}] @@ B :> [st |-> "off", pc |-> "idle", local |-> (p1 :> Nil), baseline |-> (p1 :> Nil), integrated |-> {}, uploads |-> {}, deletes |-> {}, snap |-> (p1 :> Nil), upDone |-> {}, gone |-> {}, verified |-> FALSE, inst |-> (p1 :> Nil), retire |-> {}, collected |-> FALSE, adv |-> FALSE, synced |-> 0, derived |-> 0, skipped |-> {}, scope |-> {}, sStage |-> "none", sTgt |-> {}, sDrop |-> {}, sKeep |-> {}, sHeld |-> (p1 :> Nil), unlinked |-> {}])
/\ took = (A :> (p1 :> {1}) @@ B :> (p1 :> {}))
/\ gw = (p1 :> Nil)
/\ mv = Nil
/\ udel = {}
/\ restarts = 0
/\ syncs = 0
/\ regressed = FALSE
/\ rescopes = 0
/\ upped = {<<p1, 1>>}
/\ copies = 0
/\ orig = (<<p1, 1>> :> Nil @@ <<p1, 2>> :> Nil @@ <<p1, 3>> :> Nil @@ <<p1, 4>> :> Nil @@ <<p1, 5>> :> Nil)
/\ retiring = {}
/\ aged = {}
/\ ages = 0
/\ rdoc = (p1 :> Nil)
/\ rlag = TRUE

State 4:
/\ live = {<<p1, 1>>}
/\ minted = {<<p1, 1>>, <<p1, 2>>}
/\ doc = (p1 :> <<p1, 1>>)
/\ seq = 1
/\ tomb = (p1 :> Nil)
/\ base = (<<p1, 1>> :> Nil @@ <<p1, 2>> :> <<p1, 1>> @@ <<p1, 3>> :> Nil @@ <<p1, 4>> :> Nil @@ <<p1, 5>> :> Nil)
/\ acked = {}
/\ conflicts = {}
/\ holder = "none"
/\ nextGen = 3
/\ ui = 0
/\ reqs = 0
/\ barriers = 0
/\ w = (A :> [st |-> "on", pc |-> "consumed", local |-> (p1 :> <<p1, 2>>), baseline |-> (p1 :> <<p1, 1>>), integrated |-> {1, 2}, uploads |-> {}, deletes |-> {}, snap |-> (p1 :> Nil), upDone |-> {}, gone |-> {}, verified |-> FALSE, inst |-> (p1 :> <<p1, 1>>), retire |-> {}, collected |-> FALSE, adv |-> FALSE, synced |-> 1, derived |-> 1, skipped |-> {}, scope |-> {p1}, sStage |-> "none", sTgt |-> {}, sDrop |-> {}, sKeep |-> {}, sHeld |-> (p1 :> Nil), unlinked |-> {}] @@ B :> [st |-> "off", pc |-> "idle", local |-> (p1 :> Nil), baseline |-> (p1 :> Nil), integrated |-> {}, uploads |-> {}, deletes |-> {}, snap |-> (p1 :> Nil), upDone |-> {}, gone |-> {}, verified |-> FALSE, inst |-> (p1 :> Nil), retire |-> {}, collected |-> FALSE, adv |-> FALSE, synced |-> 0, derived |-> 0, skipped |-> {}, scope |-> {}, sStage |-> "none", sTgt |-> {}, sDrop |-> {}, sKeep |-> {}, sHeld |-> (p1 :> Nil), unlinked |-> {}])
/\ took = (A :> (p1 :> {1, 2}) @@ B :> (p1 :> {}))
/\ gw = (p1 :> Nil)
/\ mv = Nil
/\ udel = {}
/\ restarts = 0
/\ syncs = 0
/\ regressed = FALSE
/\ rescopes = 0
/\ upped = {<<p1, 1>>}
/\ copies = 0
/\ orig = (<<p1, 1>> :> Nil @@ <<p1, 2>> :> Nil @@ <<p1, 3>> :> Nil @@ <<p1, 4>> :> Nil @@ <<p1, 5>> :> Nil)
/\ retiring = {}
/\ aged = {}
/\ ages = 0
/\ rdoc = (p1 :> Nil)
/\ rlag = TRUE

State 5:
/\ live = {<<p1, 1>>}
/\ minted = {<<p1, 1>>, <<p1, 2>>}
/\ doc = (p1 :> <<p1, 1>>)
/\ seq = 1
/\ tomb = (p1 :> Nil)
/\ base = (<<p1, 1>> :> Nil @@ <<p1, 2>> :> <<p1, 1>> @@ <<p1, 3>> :> Nil @@ <<p1, 4>> :> Nil @@ <<p1, 5>> :> Nil)
/\ acked = {}
/\ conflicts = {}
/\ holder = "none"
/\ nextGen = 3
/\ ui = 0
/\ reqs = 0
/\ barriers = 1
/\ w = (A :> [st |-> "on", pc |-> "scanned", local |-> (p1 :> <<p1, 2>>), baseline |-> (p1 :> <<p1, 1>>), integrated |-> {1, 2}, uploads |-> {p1}, deletes |-> {}, snap |-> (p1 :> <<p1, 2>>), upDone |-> {}, gone |-> {}, verified |-> FALSE, inst |-> (p1 :> <<p1, 1>>), retire |-> {}, collected |-> FALSE, adv |-> FALSE, synced |-> 1, derived |-> 1, skipped |-> {}, scope |-> {p1}, sStage |-> "none", sTgt |-> {}, sDrop |-> {}, sKeep |-> {}, sHeld |-> (p1 :> Nil), unlinked |-> {}] @@ B :> [st |-> "off", pc |-> "idle", local |-> (p1 :> Nil), baseline |-> (p1 :> Nil), integrated |-> {}, uploads |-> {}, deletes |-> {}, snap |-> (p1 :> Nil), upDone |-> {}, gone |-> {}, verified |-> FALSE, inst |-> (p1 :> Nil), retire |-> {}, collected |-> FALSE, adv |-> FALSE, synced |-> 0, derived |-> 0, skipped |-> {}, scope |-> {}, sStage |-> "none", sTgt |-> {}, sDrop |-> {}, sKeep |-> {}, sHeld |-> (p1 :> Nil), unlinked |-> {}])
/\ took = (A :> (p1 :> {1, 2}) @@ B :> (p1 :> {}))
/\ gw = (p1 :> Nil)
/\ mv = Nil
/\ udel = {}
/\ restarts = 0
/\ syncs = 0
/\ regressed = FALSE
/\ rescopes = 0
/\ upped = {<<p1, 1>>}
/\ copies = 0
/\ orig = (<<p1, 1>> :> Nil @@ <<p1, 2>> :> Nil @@ <<p1, 3>> :> Nil @@ <<p1, 4>> :> Nil @@ <<p1, 5>> :> Nil)
/\ retiring = {}
/\ aged = {}
/\ ages = 0
/\ rdoc = (p1 :> Nil)
/\ rlag = TRUE

State 6:
/\ live = {<<p1, 1>>, <<p1, 2>>}
/\ minted = {<<p1, 1>>, <<p1, 2>>}
/\ doc = (p1 :> <<p1, 1>>)
/\ seq = 1
/\ tomb = (p1 :> Nil)
/\ base = (<<p1, 1>> :> Nil @@ <<p1, 2>> :> <<p1, 1>> @@ <<p1, 3>> :> Nil @@ <<p1, 4>> :> Nil @@ <<p1, 5>> :> Nil)
/\ acked = {}
/\ conflicts = {}
/\ holder = "none"
/\ nextGen = 3
/\ ui = 0
/\ reqs = 0
/\ barriers = 1
/\ w = (A :> [st |-> "on", pc |-> "scanned", local |-> (p1 :> <<p1, 2>>), baseline |-> (p1 :> <<p1, 1>>), integrated |-> {1, 2}, uploads |-> {p1}, deletes |-> {}, snap |-> (p1 :> <<p1, 2>>), upDone |-> {p1}, gone |-> {}, verified |-> FALSE, inst |-> (p1 :> <<p1, 1>>), retire |-> {}, collected |-> FALSE, adv |-> FALSE, synced |-> 1, derived |-> 1, skipped |-> {}, scope |-> {p1}, sStage |-> "none", sTgt |-> {}, sDrop |-> {}, sKeep |-> {}, sHeld |-> (p1 :> Nil), unlinked |-> {}] @@ B :> [st |-> "off", pc |-> "idle", local |-> (p1 :> Nil), baseline |-> (p1 :> Nil), integrated |-> {}, uploads |-> {}, deletes |-> {}, snap |-> (p1 :> Nil), upDone |-> {}, gone |-> {}, verified |-> FALSE, inst |-> (p1 :> Nil), retire |-> {}, collected |-> FALSE, adv |-> FALSE, synced |-> 0, derived |-> 0, skipped |-> {}, scope |-> {}, sStage |-> "none", sTgt |-> {}, sDrop |-> {}, sKeep |-> {}, sHeld |-> (p1 :> Nil), unlinked |-> {}])
/\ took = (A :> (p1 :> {1, 2}) @@ B :> (p1 :> {}))
/\ gw = (p1 :> Nil)
/\ mv = Nil
/\ udel = {}
/\ restarts = 0
/\ syncs = 0
/\ regressed = FALSE
/\ rescopes = 0
/\ upped = {<<p1, 1>>, <<p1, 2>>}
/\ copies = 0
/\ orig = (<<p1, 1>> :> Nil @@ <<p1, 2>> :> Nil @@ <<p1, 3>> :> Nil @@ <<p1, 4>> :> Nil @@ <<p1, 5>> :> Nil)
/\ retiring = {}
/\ aged = {}
/\ ages = 0
/\ rdoc = (p1 :> Nil)
/\ rlag = TRUE

State 7:
/\ live = {<<p1, 1>>, <<p1, 2>>}
/\ minted = {<<p1, 1>>, <<p1, 2>>}
/\ doc = (p1 :> <<p1, 1>>)
/\ seq = 1
/\ tomb = (p1 :> Nil)
/\ base = (<<p1, 1>> :> Nil @@ <<p1, 2>> :> <<p1, 1>> @@ <<p1, 3>> :> Nil @@ <<p1, 4>> :> Nil @@ <<p1, 5>> :> Nil)
/\ acked = {}
/\ conflicts = {}
/\ holder = A
/\ nextGen = 3
/\ ui = 0
/\ reqs = 0
/\ barriers = 1
/\ w = (A :> [st |-> "on", pc |-> "claimed", local |-> (p1 :> <<p1, 2>>), baseline |-> (p1 :> <<p1, 1>>), integrated |-> {1, 2}, uploads |-> {p1}, deletes |-> {}, snap |-> (p1 :> <<p1, 2>>), upDone |-> {p1}, gone |-> {}, verified |-> FALSE, inst |-> (p1 :> <<p1, 1>>), retire |-> {}, collected |-> FALSE, adv |-> FALSE, synced |-> 1, derived |-> 1, skipped |-> {}, scope |-> {p1}, sStage |-> "none", sTgt |-> {}, sDrop |-> {}, sKeep |-> {}, sHeld |-> (p1 :> Nil), unlinked |-> {}] @@ B :> [st |-> "off", pc |-> "idle", local |-> (p1 :> Nil), baseline |-> (p1 :> Nil), integrated |-> {}, uploads |-> {}, deletes |-> {}, snap |-> (p1 :> Nil), upDone |-> {}, gone |-> {}, verified |-> FALSE, inst |-> (p1 :> Nil), retire |-> {}, collected |-> FALSE, adv |-> FALSE, synced |-> 0, derived |-> 0, skipped |-> {}, scope |-> {}, sStage |-> "none", sTgt |-> {}, sDrop |-> {}, sKeep |-> {}, sHeld |-> (p1 :> Nil), unlinked |-> {}])
/\ took = (A :> (p1 :> {1, 2}) @@ B :> (p1 :> {}))
/\ gw = (p1 :> Nil)
/\ mv = Nil
/\ udel = {}
/\ restarts = 0
/\ syncs = 0
/\ regressed = FALSE
/\ rescopes = 0
/\ upped = {<<p1, 1>>, <<p1, 2>>}
/\ copies = 0
/\ orig = (<<p1, 1>> :> Nil @@ <<p1, 2>> :> Nil @@ <<p1, 3>> :> Nil @@ <<p1, 4>> :> Nil @@ <<p1, 5>> :> Nil)
/\ retiring = {}
/\ aged = {}
/\ ages = 0
/\ rdoc = (p1 :> Nil)
/\ rlag = TRUE

State 8:
/\ live = {<<p1, 1>>, <<p1, 2>>}
/\ minted = {<<p1, 1>>, <<p1, 2>>}
/\ doc = (p1 :> <<p1, 1>>)
/\ seq = 1
/\ tomb = (p1 :> Nil)
/\ base = (<<p1, 1>> :> Nil @@ <<p1, 2>> :> <<p1, 1>> @@ <<p1, 3>> :> Nil @@ <<p1, 4>> :> Nil @@ <<p1, 5>> :> Nil)
/\ acked = {}
/\ conflicts = {}
/\ holder = A
/\ nextGen = 3
/\ ui = 0
/\ reqs = 0
/\ barriers = 1
/\ w = (A :> [st |-> "on", pc |-> "claimed", local |-> (p1 :> <<p1, 2>>), baseline |-> (p1 :> <<p1, 1>>), integrated |-> {1, 2}, uploads |-> {p1}, deletes |-> {}, snap |-> (p1 :> <<p1, 2>>), upDone |-> {p1}, gone |-> {}, verified |-> TRUE, inst |-> (p1 :> <<p1, 1>>), retire |-> {}, collected |-> FALSE, adv |-> FALSE, synced |-> 1, derived |-> 1, skipped |-> {}, scope |-> {p1}, sStage |-> "none", sTgt |-> {}, sDrop |-> {}, sKeep |-> {}, sHeld |-> (p1 :> Nil), unlinked |-> {}] @@ B :> [st |-> "off", pc |-> "idle", local |-> (p1 :> Nil), baseline |-> (p1 :> Nil), integrated |-> {}, uploads |-> {}, deletes |-> {}, snap |-> (p1 :> Nil), upDone |-> {}, gone |-> {}, verified |-> FALSE, inst |-> (p1 :> Nil), retire |-> {}, collected |-> FALSE, adv |-> FALSE, synced |-> 0, derived |-> 0, skipped |-> {}, scope |-> {}, sStage |-> "none", sTgt |-> {}, sDrop |-> {}, sKeep |-> {}, sHeld |-> (p1 :> Nil), unlinked |-> {}])
/\ took = (A :> (p1 :> {1, 2}) @@ B :> (p1 :> {}))
/\ gw = (p1 :> Nil)
/\ mv = Nil
/\ udel = {}
/\ restarts = 0
/\ syncs = 0
/\ regressed = FALSE
/\ rescopes = 0
/\ upped = {<<p1, 1>>, <<p1, 2>>}
/\ copies = 0
/\ orig = (<<p1, 1>> :> Nil @@ <<p1, 2>> :> Nil @@ <<p1, 3>> :> Nil @@ <<p1, 4>> :> Nil @@ <<p1, 5>> :> Nil)
/\ retiring = {}
/\ aged = {}
/\ ages = 0
/\ rdoc = (p1 :> Nil)
/\ rlag = TRUE

State 9:
/\ live = {<<p1, 1>>, <<p1, 2>>}
/\ minted = {<<p1, 1>>, <<p1, 2>>}
/\ doc = (p1 :> <<p1, 2>>)
/\ seq = 2
/\ tomb = (p1 :> Nil)
/\ base = (<<p1, 1>> :> Nil @@ <<p1, 2>> :> <<p1, 1>> @@ <<p1, 3>> :> Nil @@ <<p1, 4>> :> Nil @@ <<p1, 5>> :> Nil)
/\ acked = {}
/\ conflicts = {}
/\ holder = A
/\ nextGen = 3
/\ ui = 0
/\ reqs = 0
/\ barriers = 1
/\ w = (A :> [st |-> "on", pc |-> "cased", local |-> (p1 :> <<p1, 2>>), baseline |-> (p1 :> <<p1, 1>>), integrated |-> {1, 2}, uploads |-> {p1}, deletes |-> {}, snap |-> (p1 :> <<p1, 2>>), upDone |-> {p1}, gone |-> {}, verified |-> TRUE, inst |-> (p1 :> <<p1, 2>>), retire |-> {<<p1, 1>>}, collected |-> FALSE, adv |-> TRUE, synced |-> 1, derived |-> 1, skipped |-> {}, scope |-> {p1}, sStage |-> "none", sTgt |-> {}, sDrop |-> {}, sKeep |-> {}, sHeld |-> (p1 :> Nil), unlinked |-> {}] @@ B :> [st |-> "off", pc |-> "idle", local |-> (p1 :> Nil), baseline |-> (p1 :> Nil), integrated |-> {}, uploads |-> {}, deletes |-> {}, snap |-> (p1 :> Nil), upDone |-> {}, gone |-> {}, verified |-> FALSE, inst |-> (p1 :> Nil), retire |-> {}, collected |-> FALSE, adv |-> FALSE, synced |-> 0, derived |-> 0, skipped |-> {}, scope |-> {}, sStage |-> "none", sTgt |-> {}, sDrop |-> {}, sKeep |-> {}, sHeld |-> (p1 :> Nil), unlinked |-> {}])
/\ took = (A :> (p1 :> {1, 2}) @@ B :> (p1 :> {}))
/\ gw = (p1 :> Nil)
/\ mv = Nil
/\ udel = {}
/\ restarts = 0
/\ syncs = 0
/\ regressed = FALSE
/\ rescopes = 0
/\ upped = {<<p1, 1>>, <<p1, 2>>}
/\ copies = 0
/\ orig = (<<p1, 1>> :> Nil @@ <<p1, 2>> :> Nil @@ <<p1, 3>> :> Nil @@ <<p1, 4>> :> Nil @@ <<p1, 5>> :> Nil)
/\ retiring = {<<p1, 1>>}
/\ aged = {}
/\ ages = 0
/\ rdoc = (p1 :> Nil)
/\ rlag = TRUE

State 10:
/\ live = {<<p1, 1>>, <<p1, 2>>, <<p1, 3>>}
/\ minted = {<<p1, 1>>, <<p1, 2>>, <<p1, 3>>}
/\ doc = (p1 :> <<p1, 2>>)
/\ seq = 2
/\ tomb = (p1 :> Nil)
/\ base = (<<p1, 1>> :> Nil @@ <<p1, 2>> :> <<p1, 1>> @@ <<p1, 3>> :> <<p1, 2>> @@ <<p1, 4>> :> Nil @@ <<p1, 5>> :> Nil)
/\ acked = {}
/\ conflicts = {}
/\ holder = A
/\ nextGen = 4
/\ ui = 1
/\ reqs = 0
/\ barriers = 1
/\ w = (A :> [st |-> "on", pc |-> "cased", local |-> (p1 :> <<p1, 2>>), baseline |-> (p1 :> <<p1, 1>>), integrated |-> {1, 2}, uploads |-> {p1}, deletes |-> {}, snap |-> (p1 :> <<p1, 2>>), upDone |-> {p1}, gone |-> {}, verified |-> TRUE, inst |-> (p1 :> <<p1, 2>>), retire |-> {<<p1, 1>>}, collected |-> FALSE, adv |-> TRUE, synced |-> 1, derived |-> 1, skipped |-> {}, scope |-> {p1}, sStage |-> "none", sTgt |-> {}, sDrop |-> {}, sKeep |-> {}, sHeld |-> (p1 :> Nil), unlinked |-> {}] @@ B :> [st |-> "off", pc |-> "idle", local |-> (p1 :> Nil), baseline |-> (p1 :> Nil), integrated |-> {}, uploads |-> {}, deletes |-> {}, snap |-> (p1 :> Nil), upDone |-> {}, gone |-> {}, verified |-> FALSE, inst |-> (p1 :> Nil), retire |-> {}, collected |-> FALSE, adv |-> FALSE, synced |-> 0, derived |-> 0, skipped |-> {}, scope |-> {}, sStage |-> "none", sTgt |-> {}, sDrop |-> {}, sKeep |-> {}, sHeld |-> (p1 :> Nil), unlinked |-> {}])
/\ took = (A :> (p1 :> {1, 2}) @@ B :> (p1 :> {}))
/\ gw = (p1 :> <<p1, 3>>)
/\ mv = Nil
/\ udel = {}
/\ restarts = 0
/\ syncs = 0
/\ regressed = FALSE
/\ rescopes = 0
/\ upped = {<<p1, 1>>, <<p1, 2>>, <<p1, 3>>}
/\ copies = 0
/\ orig = (<<p1, 1>> :> Nil @@ <<p1, 2>> :> Nil @@ <<p1, 3>> :> Nil @@ <<p1, 4>> :> Nil @@ <<p1, 5>> :> Nil)
/\ retiring = {<<p1, 1>>}
/\ aged = {}
/\ ages = 0
/\ rdoc = (p1 :> Nil)
/\ rlag = TRUE

State 11:
/\ live = {<<p1, 1>>, <<p1, 2>>, <<p1, 3>>}
/\ minted = {<<p1, 1>>, <<p1, 2>>, <<p1, 3>>}
/\ doc = (p1 :> <<p1, 3>>)
/\ seq = 3
/\ tomb = (p1 :> Nil)
/\ base = (<<p1, 1>> :> Nil @@ <<p1, 2>> :> <<p1, 1>> @@ <<p1, 3>> :> <<p1, 2>> @@ <<p1, 4>> :> Nil @@ <<p1, 5>> :> Nil)
/\ acked = {<<p1, <<p1, 3>>>>}
/\ conflicts = {}
/\ holder = A
/\ nextGen = 4
/\ ui = 1
/\ reqs = 0
/\ barriers = 1
/\ w = (A :> [st |-> "on", pc |-> "cased", local |-> (p1 :> <<p1, 2>>), baseline |-> (p1 :> <<p1, 1>>), integrated |-> {1, 2}, uploads |-> {p1}, deletes |-> {}, snap |-> (p1 :> <<p1, 2>>), upDone |-> {p1}, gone |-> {}, verified |-> TRUE, inst |-> (p1 :> <<p1, 2>>), retire |-> {<<p1, 1>>}, collected |-> FALSE, adv |-> TRUE, synced |-> 1, derived |-> 1, skipped |-> {}, scope |-> {p1}, sStage |-> "none", sTgt |-> {}, sDrop |-> {}, sKeep |-> {}, sHeld |-> (p1 :> Nil), unlinked |-> {}] @@ B :> [st |-> "off", pc |-> "idle", local |-> (p1 :> Nil), baseline |-> (p1 :> Nil), integrated |-> {}, uploads |-> {}, deletes |-> {}, snap |-> (p1 :> Nil), upDone |-> {}, gone |-> {}, verified |-> FALSE, inst |-> (p1 :> Nil), retire |-> {}, collected |-> FALSE, adv |-> FALSE, synced |-> 0, derived |-> 0, skipped |-> {}, scope |-> {}, sStage |-> "none", sTgt |-> {}, sDrop |-> {}, sKeep |-> {}, sHeld |-> (p1 :> Nil), unlinked |-> {}])
/\ took = (A :> (p1 :> {1, 2}) @@ B :> (p1 :> {}))
/\ gw = (p1 :> Nil)
/\ mv = Nil
/\ udel = {}
/\ restarts = 0
/\ syncs = 0
/\ regressed = FALSE
/\ rescopes = 0
/\ upped = {<<p1, 1>>, <<p1, 2>>, <<p1, 3>>}
/\ copies = 0
/\ orig = (<<p1, 1>> :> Nil @@ <<p1, 2>> :> Nil @@ <<p1, 3>> :> Nil @@ <<p1, 4>> :> Nil @@ <<p1, 5>> :> Nil)
/\ retiring = {<<p1, 1>>, <<p1, 2>>}
/\ aged = {}
/\ ages = 0
/\ rdoc = (p1 :> Nil)
/\ rlag = TRUE

State 12:
/\ live = {<<p1, 1>>, <<p1, 2>>, <<p1, 3>>}
/\ minted = {<<p1, 1>>, <<p1, 2>>, <<p1, 3>>}
/\ doc = (p1 :> <<p1, 3>>)
/\ seq = 3
/\ tomb = (p1 :> Nil)
/\ base = (<<p1, 1>> :> Nil @@ <<p1, 2>> :> <<p1, 1>> @@ <<p1, 3>> :> <<p1, 2>> @@ <<p1, 4>> :> Nil @@ <<p1, 5>> :> Nil)
/\ acked = {<<p1, <<p1, 3>>>>}
/\ conflicts = {}
/\ holder = "none"
/\ nextGen = 4
/\ ui = 1
/\ reqs = 0
/\ barriers = 1
/\ w = (A :> [st |-> "on", pc |-> "idle", local |-> (p1 :> <<p1, 2>>), baseline |-> (p1 :> <<p1, 1>>), integrated |-> {1, 2}, uploads |-> {}, deletes |-> {}, snap |-> (p1 :> Nil), upDone |-> {}, gone |-> {}, verified |-> FALSE, inst |-> (p1 :> Nil), retire |-> {}, collected |-> FALSE, adv |-> FALSE, synced |-> 1, derived |-> 1, skipped |-> {}, scope |-> {p1}, sStage |-> "none", sTgt |-> {}, sDrop |-> {}, sKeep |-> {}, sHeld |-> (p1 :> Nil), unlinked |-> {}] @@ B :> [st |-> "off", pc |-> "idle", local |-> (p1 :> Nil), baseline |-> (p1 :> Nil), integrated |-> {}, uploads |-> {}, deletes |-> {}, snap |-> (p1 :> Nil), upDone |-> {}, gone |-> {}, verified |-> FALSE, inst |-> (p1 :> Nil), retire |-> {}, collected |-> FALSE, adv |-> FALSE, synced |-> 0, derived |-> 0, skipped |-> {}, scope |-> {}, sStage |-> "none", sTgt |-> {}, sDrop |-> {}, sKeep |-> {}, sHeld |-> (p1 :> Nil), unlinked |-> {}])
/\ took = (A :> (p1 :> {1, 2}) @@ B :> (p1 :> {}))
/\ gw = (p1 :> Nil)
/\ mv = Nil
/\ udel = {}
/\ restarts = 1
/\ syncs = 0
/\ regressed = FALSE
/\ rescopes = 0
/\ upped = {<<p1, 1>>, <<p1, 2>>, <<p1, 3>>}
/\ copies = 0
/\ orig = (<<p1, 1>> :> Nil @@ <<p1, 2>> :> Nil @@ <<p1, 3>> :> Nil @@ <<p1, 4>> :> Nil @@ <<p1, 5>> :> Nil)
/\ retiring = {<<p1, 1>>, <<p1, 2>>}
/\ aged = {}
/\ ages = 0
/\ rdoc = (p1 :> Nil)
/\ rlag = TRUE

State 13:
/\ live = {<<p1, 1>>, <<p1, 2>>, <<p1, 3>>}
/\ minted = {<<p1, 1>>, <<p1, 2>>, <<p1, 3>>}
/\ doc = (p1 :> <<p1, 3>>)
/\ seq = 3
/\ tomb = (p1 :> Nil)
/\ base = (<<p1, 1>> :> Nil @@ <<p1, 2>> :> <<p1, 1>> @@ <<p1, 3>> :> <<p1, 2>> @@ <<p1, 4>> :> Nil @@ <<p1, 5>> :> Nil)
/\ acked = {<<p1, <<p1, 3>>>>}
/\ conflicts = {}
/\ holder = "none"
/\ nextGen = 4
/\ ui = 1
/\ reqs = 0
/\ barriers = 1
/\ w = (A :> [st |-> "on", pc |-> "consumed", local |-> (p1 :> <<p1, 2>>), baseline |-> (p1 :> <<p1, 1>>), integrated |-> {1, 2}, uploads |-> {}, deletes |-> {}, snap |-> (p1 :> Nil), upDone |-> {}, gone |-> {}, verified |-> FALSE, inst |-> (p1 :> Nil), retire |-> {}, collected |-> FALSE, adv |-> FALSE, synced |-> 3, derived |-> 3, skipped |-> {p1}, scope |-> {p1}, sStage |-> "none", sTgt |-> {}, sDrop |-> {}, sKeep |-> {}, sHeld |-> (p1 :> Nil), unlinked |-> {}] @@ B :> [st |-> "off", pc |-> "idle", local |-> (p1 :> Nil), baseline |-> (p1 :> Nil), integrated |-> {}, uploads |-> {}, deletes |-> {}, snap |-> (p1 :> Nil), upDone |-> {}, gone |-> {}, verified |-> FALSE, inst |-> (p1 :> Nil), retire |-> {}, collected |-> FALSE, adv |-> FALSE, synced |-> 0, derived |-> 0, skipped |-> {}, scope |-> {}, sStage |-> "none", sTgt |-> {}, sDrop |-> {}, sKeep |-> {}, sHeld |-> (p1 :> Nil), unlinked |-> {}])
/\ took = (A :> (p1 :> {1, 2}) @@ B :> (p1 :> {}))
/\ gw = (p1 :> Nil)
/\ mv = Nil
/\ udel = {}
/\ restarts = 1
/\ syncs = 0
/\ regressed = FALSE
/\ rescopes = 0
/\ upped = {<<p1, 1>>, <<p1, 2>>, <<p1, 3>>}
/\ copies = 0
/\ orig = (<<p1, 1>> :> Nil @@ <<p1, 2>> :> Nil @@ <<p1, 3>> :> Nil @@ <<p1, 4>> :> Nil @@ <<p1, 5>> :> Nil)
/\ retiring = {<<p1, 1>>, <<p1, 2>>}
/\ aged = {}
/\ ages = 0
/\ rdoc = (p1 :> Nil)
/\ rlag = TRUE

State 14:
/\ live = {<<p1, 1>>, <<p1, 2>>, <<p1, 3>>}
/\ minted = {<<p1, 1>>, <<p1, 2>>, <<p1, 3>>}
/\ doc = (p1 :> <<p1, 3>>)
/\ seq = 3
/\ tomb = (p1 :> Nil)
/\ base = (<<p1, 1>> :> Nil @@ <<p1, 2>> :> <<p1, 1>> @@ <<p1, 3>> :> <<p1, 2>> @@ <<p1, 4>> :> Nil @@ <<p1, 5>> :> Nil)
/\ acked = {<<p1, <<p1, 3>>>>}
/\ conflicts = {}
/\ holder = "none"
/\ nextGen = 4
/\ ui = 1
/\ reqs = 0
/\ barriers = 2
/\ w = (A :> [st |-> "on", pc |-> "scanned", local |-> (p1 :> <<p1, 2>>), baseline |-> (p1 :> <<p1, 1>>), integrated |-> {1, 2}, uploads |-> {p1}, deletes |-> {}, snap |-> (p1 :> <<p1, 2>>), upDone |-> {}, gone |-> {}, verified |-> FALSE, inst |-> (p1 :> Nil), retire |-> {}, collected |-> FALSE, adv |-> FALSE, synced |-> 3, derived |-> 3, skipped |-> {p1}, scope |-> {p1}, sStage |-> "none", sTgt |-> {}, sDrop |-> {}, sKeep |-> {}, sHeld |-> (p1 :> Nil), unlinked |-> {}] @@ B :> [st |-> "off", pc |-> "idle", local |-> (p1 :> Nil), baseline |-> (p1 :> Nil), integrated |-> {}, uploads |-> {}, deletes |-> {}, snap |-> (p1 :> Nil), upDone |-> {}, gone |-> {}, verified |-> FALSE, inst |-> (p1 :> Nil), retire |-> {}, collected |-> FALSE, adv |-> FALSE, synced |-> 0, derived |-> 0, skipped |-> {}, scope |-> {}, sStage |-> "none", sTgt |-> {}, sDrop |-> {}, sKeep |-> {}, sHeld |-> (p1 :> Nil), unlinked |-> {}])
/\ took = (A :> (p1 :> {1, 2}) @@ B :> (p1 :> {}))
/\ gw = (p1 :> Nil)
/\ mv = Nil
/\ udel = {}
/\ restarts = 1
/\ syncs = 0
/\ regressed = FALSE
/\ rescopes = 0
/\ upped = {<<p1, 1>>, <<p1, 2>>, <<p1, 3>>}
/\ copies = 0
/\ orig = (<<p1, 1>> :> Nil @@ <<p1, 2>> :> Nil @@ <<p1, 3>> :> Nil @@ <<p1, 4>> :> Nil @@ <<p1, 5>> :> Nil)
/\ retiring = {<<p1, 1>>, <<p1, 2>>}
/\ aged = {}
/\ ages = 0
/\ rdoc = (p1 :> Nil)
/\ rlag = TRUE

State 15:
/\ live = {<<p1, 1>>, <<p1, 2>>, <<p1, 3>>, <<p1, 4>>}
/\ minted = {<<p1, 1>>, <<p1, 2>>, <<p1, 3>>, <<p1, 4>>}
/\ doc = (p1 :> <<p1, 3>>)
/\ seq = 3
/\ tomb = (p1 :> Nil)
/\ base = (<<p1, 1>> :> Nil @@ <<p1, 2>> :> <<p1, 1>> @@ <<p1, 3>> :> <<p1, 2>> @@ <<p1, 4>> :> <<p1, 1>> @@ <<p1, 5>> :> Nil)
/\ acked = {<<p1, <<p1, 3>>>>}
/\ conflicts = {}
/\ holder = "none"
/\ nextGen = 4
/\ ui = 1
/\ reqs = 0
/\ barriers = 2
/\ w = (A :> [st |-> "on", pc |-> "scanned", local |-> (p1 :> <<p1, 4>>), baseline |-> (p1 :> <<p1, 1>>), integrated |-> {1, 2}, uploads |-> {p1}, deletes |-> {}, snap |-> (p1 :> <<p1, 4>>), upDone |-> {p1}, gone |-> {}, verified |-> FALSE, inst |-> (p1 :> Nil), retire |-> {}, collected |-> FALSE, adv |-> FALSE, synced |-> 3, derived |-> 3, skipped |-> {p1}, scope |-> {p1}, sStage |-> "none", sTgt |-> {}, sDrop |-> {}, sKeep |-> {}, sHeld |-> (p1 :> Nil), unlinked |-> {}] @@ B :> [st |-> "off", pc |-> "idle", local |-> (p1 :> Nil), baseline |-> (p1 :> Nil), integrated |-> {}, uploads |-> {}, deletes |-> {}, snap |-> (p1 :> Nil), upDone |-> {}, gone |-> {}, verified |-> FALSE, inst |-> (p1 :> Nil), retire |-> {}, collected |-> FALSE, adv |-> FALSE, synced |-> 0, derived |-> 0, skipped |-> {}, scope |-> {}, sStage |-> "none", sTgt |-> {}, sDrop |-> {}, sKeep |-> {}, sHeld |-> (p1 :> Nil), unlinked |-> {}])
/\ took = (A :> (p1 :> {1, 2, 4}) @@ B :> (p1 :> {}))
/\ gw = (p1 :> Nil)
/\ mv = Nil
/\ udel = {}
/\ restarts = 1
/\ syncs = 0
/\ regressed = FALSE
/\ rescopes = 0
/\ upped = {<<p1, 1>>, <<p1, 2>>, <<p1, 3>>, <<p1, 4>>}
/\ copies = 1
/\ orig = (<<p1, 1>> :> Nil @@ <<p1, 2>> :> Nil @@ <<p1, 3>> :> Nil @@ <<p1, 4>> :> <<p1, 2>> @@ <<p1, 5>> :> Nil)
/\ retiring = {<<p1, 1>>, <<p1, 2>>}
/\ aged = {}
/\ ages = 0
/\ rdoc = (p1 :> Nil)
/\ rlag = TRUE

State 16:
/\ live = {<<p1, 1>>, <<p1, 2>>, <<p1, 3>>, <<p1, 4>>}
/\ minted = {<<p1, 1>>, <<p1, 2>>, <<p1, 3>>, <<p1, 4>>}
/\ doc = (p1 :> <<p1, 3>>)
/\ seq = 3
/\ tomb = (p1 :> Nil)
/\ base = (<<p1, 1>> :> Nil @@ <<p1, 2>> :> <<p1, 1>> @@ <<p1, 3>> :> <<p1, 2>> @@ <<p1, 4>> :> <<p1, 1>> @@ <<p1, 5>> :> Nil)
/\ acked = {<<p1, <<p1, 3>>>>}
/\ conflicts = {}
/\ holder = A
/\ nextGen = 4
/\ ui = 1
/\ reqs = 0
/\ barriers = 2
/\ w = (A :> [st |-> "on", pc |-> "claimed", local |-> (p1 :> <<p1, 4>>), baseline |-> (p1 :> <<p1, 1>>), integrated |-> {1, 2}, uploads |-> {p1}, deletes |-> {}, snap |-> (p1 :> <<p1, 4>>), upDone |-> {p1}, gone |-> {}, verified |-> FALSE, inst |-> (p1 :> Nil), retire |-> {}, collected |-> FALSE, adv |-> FALSE, synced |-> 3, derived |-> 3, skipped |-> {p1}, scope |-> {p1}, sStage |-> "none", sTgt |-> {}, sDrop |-> {}, sKeep |-> {}, sHeld |-> (p1 :> Nil), unlinked |-> {}] @@ B :> [st |-> "off", pc |-> "idle", local |-> (p1 :> Nil), baseline |-> (p1 :> Nil), integrated |-> {}, uploads |-> {}, deletes |-> {}, snap |-> (p1 :> Nil), upDone |-> {}, gone |-> {}, verified |-> FALSE, inst |-> (p1 :> Nil), retire |-> {}, collected |-> FALSE, adv |-> FALSE, synced |-> 0, derived |-> 0, skipped |-> {}, scope |-> {}, sStage |-> "none", sTgt |-> {}, sDrop |-> {}, sKeep |-> {}, sHeld |-> (p1 :> Nil), unlinked |-> {}])
/\ took = (A :> (p1 :> {1, 2, 4}) @@ B :> (p1 :> {}))
/\ gw = (p1 :> Nil)
/\ mv = Nil
/\ udel = {}
/\ restarts = 1
/\ syncs = 0
/\ regressed = FALSE
/\ rescopes = 0
/\ upped = {<<p1, 1>>, <<p1, 2>>, <<p1, 3>>, <<p1, 4>>}
/\ copies = 1
/\ orig = (<<p1, 1>> :> Nil @@ <<p1, 2>> :> Nil @@ <<p1, 3>> :> Nil @@ <<p1, 4>> :> <<p1, 2>> @@ <<p1, 5>> :> Nil)
/\ retiring = {<<p1, 1>>, <<p1, 2>>}
/\ aged = {}
/\ ages = 0
/\ rdoc = (p1 :> Nil)
/\ rlag = TRUE

State 17:
/\ live = {<<p1, 1>>, <<p1, 2>>, <<p1, 3>>, <<p1, 4>>}
/\ minted = {<<p1, 1>>, <<p1, 2>>, <<p1, 3>>, <<p1, 4>>}
/\ doc = (p1 :> <<p1, 3>>)
/\ seq = 3
/\ tomb = (p1 :> Nil)
/\ base = (<<p1, 1>> :> Nil @@ <<p1, 2>> :> <<p1, 1>> @@ <<p1, 3>> :> <<p1, 2>> @@ <<p1, 4>> :> <<p1, 1>> @@ <<p1, 5>> :> Nil)
/\ acked = {<<p1, <<p1, 3>>>>}
/\ conflicts = {}
/\ holder = A
/\ nextGen = 4
/\ ui = 1
/\ reqs = 0
/\ barriers = 2
/\ w = (A :> [st |-> "on", pc |-> "claimed", local |-> (p1 :> <<p1, 4>>), baseline |-> (p1 :> <<p1, 1>>), integrated |-> {1, 2}, uploads |-> {p1}, deletes |-> {}, snap |-> (p1 :> <<p1, 4>>), upDone |-> {p1}, gone |-> {}, verified |-> TRUE, inst |-> (p1 :> Nil), retire |-> {}, collected |-> FALSE, adv |-> FALSE, synced |-> 3, derived |-> 3, skipped |-> {p1}, scope |-> {p1}, sStage |-> "none", sTgt |-> {}, sDrop |-> {}, sKeep |-> {}, sHeld |-> (p1 :> Nil), unlinked |-> {}] @@ B :> [st |-> "off", pc |-> "idle", local |-> (p1 :> Nil), baseline |-> (p1 :> Nil), integrated |-> {}, uploads |-> {}, deletes |-> {}, snap |-> (p1 :> Nil), upDone |-> {}, gone |-> {}, verified |-> FALSE, inst |-> (p1 :> Nil), retire |-> {}, collected |-> FALSE, adv |-> FALSE, synced |-> 0, derived |-> 0, skipped |-> {}, scope |-> {}, sStage |-> "none", sTgt |-> {}, sDrop |-> {}, sKeep |-> {}, sHeld |-> (p1 :> Nil), unlinked |-> {}])
/\ took = (A :> (p1 :> {1, 2, 4}) @@ B :> (p1 :> {}))
/\ gw = (p1 :> Nil)
/\ mv = Nil
/\ udel = {}
/\ restarts = 1
/\ syncs = 0
/\ regressed = FALSE
/\ rescopes = 0
/\ upped = {<<p1, 1>>, <<p1, 2>>, <<p1, 3>>, <<p1, 4>>}
/\ copies = 1
/\ orig = (<<p1, 1>> :> Nil @@ <<p1, 2>> :> Nil @@ <<p1, 3>> :> Nil @@ <<p1, 4>> :> <<p1, 2>> @@ <<p1, 5>> :> Nil)
/\ retiring = {<<p1, 1>>, <<p1, 2>>}
/\ aged = {}
/\ ages = 0
/\ rdoc = (p1 :> Nil)
/\ rlag = TRUE

State 18:
/\ live = {<<p1, 1>>, <<p1, 2>>, <<p1, 3>>, <<p1, 4>>}
/\ minted = {<<p1, 1>>, <<p1, 2>>, <<p1, 3>>, <<p1, 4>>}
/\ doc = (p1 :> <<p1, 4>>)
/\ seq = 4
/\ tomb = (p1 :> Nil)
/\ base = (<<p1, 1>> :> Nil @@ <<p1, 2>> :> <<p1, 1>> @@ <<p1, 3>> :> <<p1, 2>> @@ <<p1, 4>> :> <<p1, 1>> @@ <<p1, 5>> :> Nil)
/\ acked = {<<p1, <<p1, 3>>>>}
/\ conflicts = {<<p1, <<p1, 3>>>>}
/\ holder = A
/\ nextGen = 4
/\ ui = 1
/\ reqs = 0
/\ barriers = 2
/\ w = (A :> [st |-> "on", pc |-> "cased", local |-> (p1 :> <<p1, 4>>), baseline |-> (p1 :> <<p1, 1>>), integrated |-> {1, 2}, uploads |-> {p1}, deletes |-> {}, snap |-> (p1 :> <<p1, 4>>), upDone |-> {p1}, gone |-> {}, verified |-> TRUE, inst |-> (p1 :> <<p1, 4>>), retire |-> {<<p1, 3>>}, collected |-> FALSE, adv |-> TRUE, synced |-> 3, derived |-> 3, skipped |-> {p1}, scope |-> {p1}, sStage |-> "none", sTgt |-> {}, sDrop |-> {}, sKeep |-> {}, sHeld |-> (p1 :> Nil), unlinked |-> {}] @@ B :> [st |-> "off", pc |-> "idle", local |-> (p1 :> Nil), baseline |-> (p1 :> Nil), integrated |-> {}, uploads |-> {}, deletes |-> {}, snap |-> (p1 :> Nil), upDone |-> {}, gone |-> {}, verified |-> FALSE, inst |-> (p1 :> Nil), retire |-> {}, collected |-> FALSE, adv |-> FALSE, synced |-> 0, derived |-> 0, skipped |-> {}, scope |-> {}, sStage |-> "none", sTgt |-> {}, sDrop |-> {}, sKeep |-> {}, sHeld |-> (p1 :> Nil), unlinked |-> {}])
/\ took = (A :> (p1 :> {1, 2, 4}) @@ B :> (p1 :> {}))
/\ gw = (p1 :> Nil)
/\ mv = Nil
/\ udel = {}
/\ restarts = 1
/\ syncs = 0
/\ regressed = FALSE
/\ rescopes = 0
/\ upped = {<<p1, 1>>, <<p1, 2>>, <<p1, 3>>, <<p1, 4>>}
/\ copies = 1
/\ orig = (<<p1, 1>> :> Nil @@ <<p1, 2>> :> Nil @@ <<p1, 3>> :> Nil @@ <<p1, 4>> :> <<p1, 2>> @@ <<p1, 5>> :> Nil)
/\ retiring = {<<p1, 1>>, <<p1, 2>>, <<p1, 3>>}
/\ aged = {}
/\ ages = 0
/\ rdoc = (p1 :> Nil)
/\ rlag = TRUE

Error: Action property ProbeRepublish is violated by the last step above.
24246936 states generated, 6960127 distinct states found. Depth 17. Checked in 93.788s (74211 distinct/s).
