tlc-rs: LeanP1 (30 variables, 0 symmetry permutations), 4 workers, interp engine; loaded in 0.003s
State 1:
/\ live = {<<p1, 1>>}
/\ minted = {<<p1, 1>>}
/\ doc = (p1 :> <<p1, 1>> @@ p2 :> Nil)
/\ seq = 1
/\ tomb = (p1 :> Nil @@ p2 :> Nil)
/\ base = (<<p1, 1>> :> Nil @@ <<p1, 2>> :> Nil @@ <<p1, 3>> :> Nil @@ <<p1, 4>> :> Nil @@ <<p2, 1>> :> Nil @@ <<p2, 2>> :> Nil @@ <<p2, 3>> :> Nil @@ <<p2, 4>> :> Nil)
/\ acked = {}
/\ conflicts = {}
/\ holder = "none"
/\ nextGen = 2
/\ ui = 0
/\ reqs = 0
/\ barriers = 0
/\ w = (A :> [st |-> "off", pc |-> "idle", local |-> (p1 :> Nil @@ p2 :> Nil), baseline |-> (p1 :> Nil @@ p2 :> Nil), integrated |-> {}, uploads |-> {}, deletes |-> {}, snap |-> (p1 :> Nil @@ p2 :> Nil), upDone |-> {}, gone |-> {}, verified |-> FALSE, inst |-> (p1 :> Nil @@ p2 :> Nil), retire |-> {}, collected |-> FALSE, adv |-> FALSE, synced |-> 0, derived |-> 0, skipped |-> {}, scope |-> {}, sStage |-> "none", sTgt |-> {}, sDrop |-> {}, sKeep |-> {}, sHeld |-> (p1 :> Nil @@ p2 :> Nil), unlinked |-> {}] @@ B :> [st |-> "off", pc |-> "idle", local |-> (p1 :> Nil @@ p2 :> Nil), baseline |-> (p1 :> Nil @@ p2 :> Nil), integrated |-> {}, uploads |-> {}, deletes |-> {}, snap |-> (p1 :> Nil @@ p2 :> Nil), upDone |-> {}, gone |-> {}, verified |-> FALSE, inst |-> (p1 :> Nil @@ p2 :> Nil), retire |-> {}, collected |-> FALSE, adv |-> FALSE, synced |-> 0, derived |-> 0, skipped |-> {}, scope |-> {}, sStage |-> "none", sTgt |-> {}, sDrop |-> {}, sKeep |-> {}, sHeld |-> (p1 :> Nil @@ p2 :> Nil), unlinked |-> {}])
/\ took = (A :> (p1 :> {} @@ p2 :> {}) @@ B :> (p1 :> {} @@ p2 :> {}))
/\ gw = (p1 :> Nil @@ p2 :> Nil)
/\ mv = Nil
/\ udel = {}
/\ restarts = 0
/\ syncs = 0
/\ regressed = FALSE
/\ rescopes = 0
/\ upped = {<<p1, 1>>}
/\ copies = 0
/\ orig = (<<p1, 1>> :> Nil @@ <<p1, 2>> :> Nil @@ <<p1, 3>> :> Nil @@ <<p1, 4>> :> Nil @@ <<p2, 1>> :> Nil @@ <<p2, 2>> :> Nil @@ <<p2, 3>> :> Nil @@ <<p2, 4>> :> Nil)
/\ retiring = {}
/\ aged = {}
/\ ages = 0
/\ rdoc = (p1 :> Nil @@ p2 :> Nil)
/\ rlag = TRUE

State 2:
/\ live = {<<p1, 1>>, <<p1, 2>>}
/\ minted = {<<p1, 1>>, <<p1, 2>>}
/\ doc = (p1 :> <<p1, 1>> @@ p2 :> Nil)
/\ seq = 1
/\ tomb = (p1 :> Nil @@ p2 :> Nil)
/\ base = (<<p1, 1>> :> Nil @@ <<p1, 2>> :> <<p1, 1>> @@ <<p1, 3>> :> Nil @@ <<p1, 4>> :> Nil @@ <<p2, 1>> :> Nil @@ <<p2, 2>> :> Nil @@ <<p2, 3>> :> Nil @@ <<p2, 4>> :> Nil)
/\ acked = {}
/\ conflicts = {}
/\ holder = "none"
/\ nextGen = 3
/\ ui = 1
/\ reqs = 0
/\ barriers = 0
/\ w = (A :> [st |-> "off", pc |-> "idle", local |-> (p1 :> Nil @@ p2 :> Nil), baseline |-> (p1 :> Nil @@ p2 :> Nil), integrated |-> {}, uploads |-> {}, deletes |-> {}, snap |-> (p1 :> Nil @@ p2 :> Nil), upDone |-> {}, gone |-> {}, verified |-> FALSE, inst |-> (p1 :> Nil @@ p2 :> Nil), retire |-> {}, collected |-> FALSE, adv |-> FALSE, synced |-> 0, derived |-> 0, skipped |-> {}, scope |-> {}, sStage |-> "none", sTgt |-> {}, sDrop |-> {}, sKeep |-> {}, sHeld |-> (p1 :> Nil @@ p2 :> Nil), unlinked |-> {}] @@ B :> [st |-> "off", pc |-> "idle", local |-> (p1 :> Nil @@ p2 :> Nil), baseline |-> (p1 :> Nil @@ p2 :> Nil), integrated |-> {}, uploads |-> {}, deletes |-> {}, snap |-> (p1 :> Nil @@ p2 :> Nil), upDone |-> {}, gone |-> {}, verified |-> FALSE, inst |-> (p1 :> Nil @@ p2 :> Nil), retire |-> {}, collected |-> FALSE, adv |-> FALSE, synced |-> 0, derived |-> 0, skipped |-> {}, scope |-> {}, sStage |-> "none", sTgt |-> {}, sDrop |-> {}, sKeep |-> {}, sHeld |-> (p1 :> Nil @@ p2 :> Nil), unlinked |-> {}])
/\ took = (A :> (p1 :> {} @@ p2 :> {}) @@ B :> (p1 :> {} @@ p2 :> {}))
/\ gw = (p1 :> <<p1, 2>> @@ p2 :> Nil)
/\ mv = Nil
/\ udel = {}
/\ restarts = 0
/\ syncs = 0
/\ regressed = FALSE
/\ rescopes = 0
/\ upped = {<<p1, 1>>, <<p1, 2>>}
/\ copies = 0
/\ orig = (<<p1, 1>> :> Nil @@ <<p1, 2>> :> Nil @@ <<p1, 3>> :> Nil @@ <<p1, 4>> :> Nil @@ <<p2, 1>> :> Nil @@ <<p2, 2>> :> Nil @@ <<p2, 3>> :> Nil @@ <<p2, 4>> :> Nil)
/\ retiring = {}
/\ aged = {}
/\ ages = 0
/\ rdoc = (p1 :> Nil @@ p2 :> Nil)
/\ rlag = TRUE

State 3:
/\ live = {<<p1, 1>>, <<p1, 2>>}
/\ minted = {<<p1, 1>>, <<p1, 2>>}
/\ doc = (p1 :> <<p1, 1>> @@ p2 :> Nil)
/\ seq = 1
/\ tomb = (p1 :> Nil @@ p2 :> Nil)
/\ base = (<<p1, 1>> :> Nil @@ <<p1, 2>> :> <<p1, 1>> @@ <<p1, 3>> :> Nil @@ <<p1, 4>> :> Nil @@ <<p2, 1>> :> Nil @@ <<p2, 2>> :> Nil @@ <<p2, 3>> :> Nil @@ <<p2, 4>> :> Nil)
/\ acked = {}
/\ conflicts = {}
/\ holder = "none"
/\ nextGen = 3
/\ ui = 1
/\ reqs = 0
/\ barriers = 0
/\ w = (A :> [st |-> "on", pc |-> "idle", local |-> (p1 :> <<p1, 1>> @@ p2 :> Nil), baseline |-> (p1 :> <<p1, 1>> @@ p2 :> Nil), integrated |-> {1}, uploads |-> {}, deletes |-> {}, snap |-> (p1 :> Nil @@ p2 :> Nil), upDone |-> {}, gone |-> {}, verified |-> FALSE, inst |-> (p1 :> <<p1, 1>> @@ p2 :> Nil), retire |-> {}, collected |-> FALSE, adv |-> FALSE, synced |-> 1, derived |-> 1, skipped |-> {}, scope |-> {p1, p2}, sStage |-> "none", sTgt |-> {}, sDrop |-> {}, sKeep |-> {}, sHeld |-> (p1 :> Nil @@ p2 :> Nil), unlinked |-> {}] @@ B :> [st |-> "off", pc |-> "idle", local |-> (p1 :> Nil @@ p2 :> Nil), baseline |-> (p1 :> Nil @@ p2 :> Nil), integrated |-> {}, uploads |-> {}, deletes |-> {}, snap |-> (p1 :> Nil @@ p2 :> Nil), upDone |-> {}, gone |-> {}, verified |-> FALSE, inst |-> (p1 :> Nil @@ p2 :> Nil), retire |-> {}, collected |-> FALSE, adv |-> FALSE, synced |-> 0, derived |-> 0, skipped |-> {}, scope |-> {}, sStage |-> "none", sTgt |-> {}, sDrop |-> {}, sKeep |-> {}, sHeld |-> (p1 :> Nil @@ p2 :> Nil), unlinked |-> {}])
/\ took = (A :> (p1 :> {1} @@ p2 :> {}) @@ B :> (p1 :> {} @@ p2 :> {}))
/\ gw = (p1 :> <<p1, 2>> @@ p2 :> Nil)
/\ mv = Nil
/\ udel = {}
/\ restarts = 0
/\ syncs = 0
/\ regressed = FALSE
/\ rescopes = 0
/\ upped = {<<p1, 1>>, <<p1, 2>>}
/\ copies = 0
/\ orig = (<<p1, 1>> :> Nil @@ <<p1, 2>> :> Nil @@ <<p1, 3>> :> Nil @@ <<p1, 4>> :> Nil @@ <<p2, 1>> :> Nil @@ <<p2, 2>> :> Nil @@ <<p2, 3>> :> Nil @@ <<p2, 4>> :> Nil)
/\ retiring = {}
/\ aged = {}
/\ ages = 0
/\ rdoc = (p1 :> Nil @@ p2 :> Nil)
/\ rlag = TRUE

State 4:
/\ live = {<<p1, 1>>, <<p1, 2>>}
/\ minted = {<<p1, 1>>, <<p1, 2>>}
/\ doc = (p1 :> <<p1, 1>> @@ p2 :> Nil)
/\ seq = 1
/\ tomb = (p1 :> Nil @@ p2 :> Nil)
/\ base = (<<p1, 1>> :> Nil @@ <<p1, 2>> :> <<p1, 1>> @@ <<p1, 3>> :> Nil @@ <<p1, 4>> :> Nil @@ <<p2, 1>> :> Nil @@ <<p2, 2>> :> Nil @@ <<p2, 3>> :> Nil @@ <<p2, 4>> :> Nil)
/\ acked = {}
/\ conflicts = {}
/\ holder = "none"
/\ nextGen = 3
/\ ui = 1
/\ reqs = 0
/\ barriers = 0
/\ w = (A :> [st |-> "on", pc |-> "consumed", local |-> (p1 :> <<p1, 1>> @@ p2 :> Nil), baseline |-> (p1 :> <<p1, 1>> @@ p2 :> Nil), integrated |-> {1}, uploads |-> {}, deletes |-> {}, snap |-> (p1 :> Nil @@ p2 :> Nil), upDone |-> {}, gone |-> {}, verified |-> FALSE, inst |-> (p1 :> <<p1, 1>> @@ p2 :> Nil), retire |-> {}, collected |-> FALSE, adv |-> FALSE, synced |-> 1, derived |-> 1, skipped |-> {}, scope |-> {p1, p2}, sStage |-> "none", sTgt |-> {}, sDrop |-> {}, sKeep |-> {}, sHeld |-> (p1 :> Nil @@ p2 :> Nil), unlinked |-> {}] @@ B :> [st |-> "off", pc |-> "idle", local |-> (p1 :> Nil @@ p2 :> Nil), baseline |-> (p1 :> Nil @@ p2 :> Nil), integrated |-> {}, uploads |-> {}, deletes |-> {}, snap |-> (p1 :> Nil @@ p2 :> Nil), upDone |-> {}, gone |-> {}, verified |-> FALSE, inst |-> (p1 :> Nil @@ p2 :> Nil), retire |-> {}, collected |-> FALSE, adv |-> FALSE, synced |-> 0, derived |-> 0, skipped |-> {}, scope |-> {}, sStage |-> "none", sTgt |-> {}, sDrop |-> {}, sKeep |-> {}, sHeld |-> (p1 :> Nil @@ p2 :> Nil), unlinked |-> {}])
/\ took = (A :> (p1 :> {1} @@ p2 :> {}) @@ B :> (p1 :> {} @@ p2 :> {}))
/\ gw = (p1 :> <<p1, 2>> @@ p2 :> Nil)
/\ mv = Nil
/\ udel = {}
/\ restarts = 0
/\ syncs = 0
/\ regressed = FALSE
/\ rescopes = 0
/\ upped = {<<p1, 1>>, <<p1, 2>>}
/\ copies = 0
/\ orig = (<<p1, 1>> :> Nil @@ <<p1, 2>> :> Nil @@ <<p1, 3>> :> Nil @@ <<p1, 4>> :> Nil @@ <<p2, 1>> :> Nil @@ <<p2, 2>> :> Nil @@ <<p2, 3>> :> Nil @@ <<p2, 4>> :> Nil)
/\ retiring = {}
/\ aged = {}
/\ ages = 0
/\ rdoc = (p1 :> Nil @@ p2 :> Nil)
/\ rlag = TRUE

State 5:
/\ live = {<<p1, 1>>, <<p1, 2>>}
/\ minted = {<<p1, 1>>, <<p1, 2>>, <<p1, 3>>}
/\ doc = (p1 :> <<p1, 1>> @@ p2 :> Nil)
/\ seq = 1
/\ tomb = (p1 :> Nil @@ p2 :> Nil)
/\ base = (<<p1, 1>> :> Nil @@ <<p1, 2>> :> <<p1, 1>> @@ <<p1, 3>> :> <<p1, 1>> @@ <<p1, 4>> :> Nil @@ <<p2, 1>> :> Nil @@ <<p2, 2>> :> Nil @@ <<p2, 3>> :> Nil @@ <<p2, 4>> :> Nil)
/\ acked = {}
/\ conflicts = {}
/\ holder = "none"
/\ nextGen = 4
/\ ui = 1
/\ reqs = 0
/\ barriers = 0
/\ w = (A :> [st |-> "on", pc |-> "consumed", local |-> (p1 :> <<p1, 3>> @@ p2 :> Nil), baseline |-> (p1 :> <<p1, 1>> @@ p2 :> Nil), integrated |-> {1, 3}, uploads |-> {}, deletes |-> {}, snap |-> (p1 :> Nil @@ p2 :> Nil), upDone |-> {}, gone |-> {}, verified |-> FALSE, inst |-> (p1 :> <<p1, 1>> @@ p2 :> Nil), retire |-> {}, collected |-> FALSE, adv |-> FALSE, synced |-> 1, derived |-> 1, skipped |-> {}, scope |-> {p1, p2}, sStage |-> "none", sTgt |-> {}, sDrop |-> {}, sKeep |-> {}, sHeld |-> (p1 :> Nil @@ p2 :> Nil), unlinked |-> {}] @@ B :> [st |-> "off", pc |-> "idle", local |-> (p1 :> Nil @@ p2 :> Nil), baseline |-> (p1 :> Nil @@ p2 :> Nil), integrated |-> {}, uploads |-> {}, deletes |-> {}, snap |-> (p1 :> Nil @@ p2 :> Nil), upDone |-> {}, gone |-> {}, verified |-> FALSE, inst |-> (p1 :> Nil @@ p2 :> Nil), retire |-> {}, collected |-> FALSE, adv |-> FALSE, synced |-> 0, derived |-> 0, skipped |-> {}, scope |-> {}, sStage |-> "none", sTgt |-> {}, sDrop |-> {}, sKeep |-> {}, sHeld |-> (p1 :> Nil @@ p2 :> Nil), unlinked |-> {}])
/\ took = (A :> (p1 :> {1, 3} @@ p2 :> {}) @@ B :> (p1 :> {} @@ p2 :> {}))
/\ gw = (p1 :> <<p1, 2>> @@ p2 :> Nil)
/\ mv = Nil
/\ udel = {}
/\ restarts = 0
/\ syncs = 0
/\ regressed = FALSE
/\ rescopes = 0
/\ upped = {<<p1, 1>>, <<p1, 2>>}
/\ copies = 0
/\ orig = (<<p1, 1>> :> Nil @@ <<p1, 2>> :> Nil @@ <<p1, 3>> :> Nil @@ <<p1, 4>> :> Nil @@ <<p2, 1>> :> Nil @@ <<p2, 2>> :> Nil @@ <<p2, 3>> :> Nil @@ <<p2, 4>> :> Nil)
/\ retiring = {}
/\ aged = {}
/\ ages = 0
/\ rdoc = (p1 :> Nil @@ p2 :> Nil)
/\ rlag = TRUE

State 6:
/\ live = {<<p1, 1>>, <<p1, 2>>}
/\ minted = {<<p1, 1>>, <<p1, 2>>, <<p1, 3>>}
/\ doc = (p1 :> <<p1, 1>> @@ p2 :> Nil)
/\ seq = 1
/\ tomb = (p1 :> Nil @@ p2 :> Nil)
/\ base = (<<p1, 1>> :> Nil @@ <<p1, 2>> :> <<p1, 1>> @@ <<p1, 3>> :> <<p1, 1>> @@ <<p1, 4>> :> Nil @@ <<p2, 1>> :> Nil @@ <<p2, 2>> :> Nil @@ <<p2, 3>> :> Nil @@ <<p2, 4>> :> Nil)
/\ acked = {}
/\ conflicts = {}
/\ holder = "none"
/\ nextGen = 4
/\ ui = 1
/\ reqs = 0
/\ barriers = 1
/\ w = (A :> [st |-> "on", pc |-> "scanned", local |-> (p1 :> <<p1, 3>> @@ p2 :> Nil), baseline |-> (p1 :> <<p1, 1>> @@ p2 :> Nil), integrated |-> {1, 3}, uploads |-> {p1}, deletes |-> {}, snap |-> (p1 :> <<p1, 3>> @@ p2 :> Nil), upDone |-> {}, gone |-> {}, verified |-> FALSE, inst |-> (p1 :> <<p1, 1>> @@ p2 :> Nil), retire |-> {}, collected |-> FALSE, adv |-> FALSE, synced |-> 1, derived |-> 1, skipped |-> {}, scope |-> {p1, p2}, sStage |-> "none", sTgt |-> {}, sDrop |-> {}, sKeep |-> {}, sHeld |-> (p1 :> Nil @@ p2 :> Nil), unlinked |-> {}] @@ B :> [st |-> "off", pc |-> "idle", local |-> (p1 :> Nil @@ p2 :> Nil), baseline |-> (p1 :> Nil @@ p2 :> Nil), integrated |-> {}, uploads |-> {}, deletes |-> {}, snap |-> (p1 :> Nil @@ p2 :> Nil), upDone |-> {}, gone |-> {}, verified |-> FALSE, inst |-> (p1 :> Nil @@ p2 :> Nil), retire |-> {}, collected |-> FALSE, adv |-> FALSE, synced |-> 0, derived |-> 0, skipped |-> {}, scope |-> {}, sStage |-> "none", sTgt |-> {}, sDrop |-> {}, sKeep |-> {}, sHeld |-> (p1 :> Nil @@ p2 :> Nil), unlinked |-> {}])
/\ took = (A :> (p1 :> {1, 3} @@ p2 :> {}) @@ B :> (p1 :> {} @@ p2 :> {}))
/\ gw = (p1 :> <<p1, 2>> @@ p2 :> Nil)
/\ mv = Nil
/\ udel = {}
/\ restarts = 0
/\ syncs = 0
/\ regressed = FALSE
/\ rescopes = 0
/\ upped = {<<p1, 1>>, <<p1, 2>>}
/\ copies = 0
/\ orig = (<<p1, 1>> :> Nil @@ <<p1, 2>> :> Nil @@ <<p1, 3>> :> Nil @@ <<p1, 4>> :> Nil @@ <<p2, 1>> :> Nil @@ <<p2, 2>> :> Nil @@ <<p2, 3>> :> Nil @@ <<p2, 4>> :> Nil)
/\ retiring = {}
/\ aged = {}
/\ ages = 0
/\ rdoc = (p1 :> Nil @@ p2 :> Nil)
/\ rlag = TRUE

State 7:
/\ live = {<<p1, 1>>, <<p1, 2>>, <<p1, 3>>}
/\ minted = {<<p1, 1>>, <<p1, 2>>, <<p1, 3>>}
/\ doc = (p1 :> <<p1, 1>> @@ p2 :> Nil)
/\ seq = 1
/\ tomb = (p1 :> Nil @@ p2 :> Nil)
/\ base = (<<p1, 1>> :> Nil @@ <<p1, 2>> :> <<p1, 1>> @@ <<p1, 3>> :> <<p1, 1>> @@ <<p1, 4>> :> Nil @@ <<p2, 1>> :> Nil @@ <<p2, 2>> :> Nil @@ <<p2, 3>> :> Nil @@ <<p2, 4>> :> Nil)
/\ acked = {}
/\ conflicts = {}
/\ holder = "none"
/\ nextGen = 4
/\ ui = 1
/\ reqs = 0
/\ barriers = 1
/\ w = (A :> [st |-> "on", pc |-> "scanned", local |-> (p1 :> <<p1, 3>> @@ p2 :> Nil), baseline |-> (p1 :> <<p1, 1>> @@ p2 :> Nil), integrated |-> {1, 3}, uploads |-> {p1}, deletes |-> {}, snap |-> (p1 :> <<p1, 3>> @@ p2 :> Nil), upDone |-> {p1}, gone |-> {}, verified |-> FALSE, inst |-> (p1 :> <<p1, 1>> @@ p2 :> Nil), retire |-> {}, collected |-> FALSE, adv |-> FALSE, synced |-> 1, derived |-> 1, skipped |-> {}, scope |-> {p1, p2}, sStage |-> "none", sTgt |-> {}, sDrop |-> {}, sKeep |-> {}, sHeld |-> (p1 :> Nil @@ p2 :> Nil), unlinked |-> {}] @@ B :> [st |-> "off", pc |-> "idle", local |-> (p1 :> Nil @@ p2 :> Nil), baseline |-> (p1 :> Nil @@ p2 :> Nil), integrated |-> {}, uploads |-> {}, deletes |-> {}, snap |-> (p1 :> Nil @@ p2 :> Nil), upDone |-> {}, gone |-> {}, verified |-> FALSE, inst |-> (p1 :> Nil @@ p2 :> Nil), retire |-> {}, collected |-> FALSE, adv |-> FALSE, synced |-> 0, derived |-> 0, skipped |-> {}, scope |-> {}, sStage |-> "none", sTgt |-> {}, sDrop |-> {}, sKeep |-> {}, sHeld |-> (p1 :> Nil @@ p2 :> Nil), unlinked |-> {}])
/\ took = (A :> (p1 :> {1, 3} @@ p2 :> {}) @@ B :> (p1 :> {} @@ p2 :> {}))
/\ gw = (p1 :> <<p1, 2>> @@ p2 :> Nil)
/\ mv = Nil
/\ udel = {}
/\ restarts = 0
/\ syncs = 0
/\ regressed = FALSE
/\ rescopes = 0
/\ upped = {<<p1, 1>>, <<p1, 2>>, <<p1, 3>>}
/\ copies = 0
/\ orig = (<<p1, 1>> :> Nil @@ <<p1, 2>> :> Nil @@ <<p1, 3>> :> Nil @@ <<p1, 4>> :> Nil @@ <<p2, 1>> :> Nil @@ <<p2, 2>> :> Nil @@ <<p2, 3>> :> Nil @@ <<p2, 4>> :> Nil)
/\ retiring = {}
/\ aged = {}
/\ ages = 0
/\ rdoc = (p1 :> Nil @@ p2 :> Nil)
/\ rlag = TRUE

State 8:
/\ live = {<<p1, 1>>, <<p1, 2>>, <<p1, 3>>}
/\ minted = {<<p1, 1>>, <<p1, 2>>, <<p1, 3>>}
/\ doc = (p1 :> <<p1, 1>> @@ p2 :> Nil)
/\ seq = 1
/\ tomb = (p1 :> Nil @@ p2 :> Nil)
/\ base = (<<p1, 1>> :> Nil @@ <<p1, 2>> :> <<p1, 1>> @@ <<p1, 3>> :> <<p1, 1>> @@ <<p1, 4>> :> Nil @@ <<p2, 1>> :> Nil @@ <<p2, 2>> :> Nil @@ <<p2, 3>> :> Nil @@ <<p2, 4>> :> Nil)
/\ acked = {}
/\ conflicts = {}
/\ holder = A
/\ nextGen = 4
/\ ui = 1
/\ reqs = 0
/\ barriers = 1
/\ w = (A :> [st |-> "on", pc |-> "claimed", local |-> (p1 :> <<p1, 3>> @@ p2 :> Nil), baseline |-> (p1 :> <<p1, 1>> @@ p2 :> Nil), integrated |-> {1, 3}, uploads |-> {p1}, deletes |-> {}, snap |-> (p1 :> <<p1, 3>> @@ p2 :> Nil), upDone |-> {p1}, gone |-> {}, verified |-> FALSE, inst |-> (p1 :> <<p1, 1>> @@ p2 :> Nil), retire |-> {}, collected |-> FALSE, adv |-> FALSE, synced |-> 1, derived |-> 1, skipped |-> {}, scope |-> {p1, p2}, sStage |-> "none", sTgt |-> {}, sDrop |-> {}, sKeep |-> {}, sHeld |-> (p1 :> Nil @@ p2 :> Nil), unlinked |-> {}] @@ B :> [st |-> "off", pc |-> "idle", local |-> (p1 :> Nil @@ p2 :> Nil), baseline |-> (p1 :> Nil @@ p2 :> Nil), integrated |-> {}, uploads |-> {}, deletes |-> {}, snap |-> (p1 :> Nil @@ p2 :> Nil), upDone |-> {}, gone |-> {}, verified |-> FALSE, inst |-> (p1 :> Nil @@ p2 :> Nil), retire |-> {}, collected |-> FALSE, adv |-> FALSE, synced |-> 0, derived |-> 0, skipped |-> {}, scope |-> {}, sStage |-> "none", sTgt |-> {}, sDrop |-> {}, sKeep |-> {}, sHeld |-> (p1 :> Nil @@ p2 :> Nil), unlinked |-> {}])
/\ took = (A :> (p1 :> {1, 3} @@ p2 :> {}) @@ B :> (p1 :> {} @@ p2 :> {}))
/\ gw = (p1 :> <<p1, 2>> @@ p2 :> Nil)
/\ mv = Nil
/\ udel = {}
/\ restarts = 0
/\ syncs = 0
/\ regressed = FALSE
/\ rescopes = 0
/\ upped = {<<p1, 1>>, <<p1, 2>>, <<p1, 3>>}
/\ copies = 0
/\ orig = (<<p1, 1>> :> Nil @@ <<p1, 2>> :> Nil @@ <<p1, 3>> :> Nil @@ <<p1, 4>> :> Nil @@ <<p2, 1>> :> Nil @@ <<p2, 2>> :> Nil @@ <<p2, 3>> :> Nil @@ <<p2, 4>> :> Nil)
/\ retiring = {}
/\ aged = {}
/\ ages = 0
/\ rdoc = (p1 :> Nil @@ p2 :> Nil)
/\ rlag = TRUE

State 9:
/\ live = {<<p1, 1>>, <<p1, 2>>, <<p1, 3>>}
/\ minted = {<<p1, 1>>, <<p1, 2>>, <<p1, 3>>}
/\ doc = (p1 :> <<p1, 1>> @@ p2 :> Nil)
/\ seq = 1
/\ tomb = (p1 :> Nil @@ p2 :> Nil)
/\ base = (<<p1, 1>> :> Nil @@ <<p1, 2>> :> <<p1, 1>> @@ <<p1, 3>> :> <<p1, 1>> @@ <<p1, 4>> :> Nil @@ <<p2, 1>> :> Nil @@ <<p2, 2>> :> Nil @@ <<p2, 3>> :> Nil @@ <<p2, 4>> :> Nil)
/\ acked = {}
/\ conflicts = {}
/\ holder = A
/\ nextGen = 4
/\ ui = 1
/\ reqs = 0
/\ barriers = 1
/\ w = (A :> [st |-> "on", pc |-> "claimed", local |-> (p1 :> <<p1, 3>> @@ p2 :> Nil), baseline |-> (p1 :> <<p1, 1>> @@ p2 :> Nil), integrated |-> {1, 3}, uploads |-> {p1}, deletes |-> {}, snap |-> (p1 :> <<p1, 3>> @@ p2 :> Nil), upDone |-> {p1}, gone |-> {}, verified |-> TRUE, inst |-> (p1 :> <<p1, 1>> @@ p2 :> Nil), retire |-> {}, collected |-> FALSE, adv |-> FALSE, synced |-> 1, derived |-> 1, skipped |-> {}, scope |-> {p1, p2}, sStage |-> "none", sTgt |-> {}, sDrop |-> {}, sKeep |-> {}, sHeld |-> (p1 :> Nil @@ p2 :> Nil), unlinked |-> {}] @@ B :> [st |-> "off", pc |-> "idle", local |-> (p1 :> Nil @@ p2 :> Nil), baseline |-> (p1 :> Nil @@ p2 :> Nil), integrated |-> {}, uploads |-> {}, deletes |-> {}, snap |-> (p1 :> Nil @@ p2 :> Nil), upDone |-> {}, gone |-> {}, verified |-> FALSE, inst |-> (p1 :> Nil @@ p2 :> Nil), retire |-> {}, collected |-> FALSE, adv |-> FALSE, synced |-> 0, derived |-> 0, skipped |-> {}, scope |-> {}, sStage |-> "none", sTgt |-> {}, sDrop |-> {}, sKeep |-> {}, sHeld |-> (p1 :> Nil @@ p2 :> Nil), unlinked |-> {}])
/\ took = (A :> (p1 :> {1, 3} @@ p2 :> {}) @@ B :> (p1 :> {} @@ p2 :> {}))
/\ gw = (p1 :> <<p1, 2>> @@ p2 :> Nil)
/\ mv = Nil
/\ udel = {}
/\ restarts = 0
/\ syncs = 0
/\ regressed = FALSE
/\ rescopes = 0
/\ upped = {<<p1, 1>>, <<p1, 2>>, <<p1, 3>>}
/\ copies = 0
/\ orig = (<<p1, 1>> :> Nil @@ <<p1, 2>> :> Nil @@ <<p1, 3>> :> Nil @@ <<p1, 4>> :> Nil @@ <<p2, 1>> :> Nil @@ <<p2, 2>> :> Nil @@ <<p2, 3>> :> Nil @@ <<p2, 4>> :> Nil)
/\ retiring = {}
/\ aged = {}
/\ ages = 0
/\ rdoc = (p1 :> Nil @@ p2 :> Nil)
/\ rlag = TRUE

State 10:
/\ live = {<<p1, 1>>, <<p1, 2>>, <<p1, 3>>}
/\ minted = {<<p1, 1>>, <<p1, 2>>, <<p1, 3>>}
/\ doc = (p1 :> <<p1, 3>> @@ p2 :> Nil)
/\ seq = 2
/\ tomb = (p1 :> Nil @@ p2 :> Nil)
/\ base = (<<p1, 1>> :> Nil @@ <<p1, 2>> :> <<p1, 1>> @@ <<p1, 3>> :> <<p1, 1>> @@ <<p1, 4>> :> Nil @@ <<p2, 1>> :> Nil @@ <<p2, 2>> :> Nil @@ <<p2, 3>> :> Nil @@ <<p2, 4>> :> Nil)
/\ acked = {}
/\ conflicts = {}
/\ holder = A
/\ nextGen = 4
/\ ui = 1
/\ reqs = 0
/\ barriers = 1
/\ w = (A :> [st |-> "on", pc |-> "cased", local |-> (p1 :> <<p1, 3>> @@ p2 :> Nil), baseline |-> (p1 :> <<p1, 1>> @@ p2 :> Nil), integrated |-> {1, 3}, uploads |-> {p1}, deletes |-> {}, snap |-> (p1 :> <<p1, 3>> @@ p2 :> Nil), upDone |-> {p1}, gone |-> {}, verified |-> TRUE, inst |-> (p1 :> <<p1, 3>> @@ p2 :> Nil), retire |-> {<<p1, 1>>}, collected |-> FALSE, adv |-> TRUE, synced |-> 1, derived |-> 1, skipped |-> {}, scope |-> {p1, p2}, sStage |-> "none", sTgt |-> {}, sDrop |-> {}, sKeep |-> {}, sHeld |-> (p1 :> Nil @@ p2 :> Nil), unlinked |-> {}] @@ B :> [st |-> "off", pc |-> "idle", local |-> (p1 :> Nil @@ p2 :> Nil), baseline |-> (p1 :> Nil @@ p2 :> Nil), integrated |-> {}, uploads |-> {}, deletes |-> {}, snap |-> (p1 :> Nil @@ p2 :> Nil), upDone |-> {}, gone |-> {}, verified |-> FALSE, inst |-> (p1 :> Nil @@ p2 :> Nil), retire |-> {}, collected |-> FALSE, adv |-> FALSE, synced |-> 0, derived |-> 0, skipped |-> {}, scope |-> {}, sStage |-> "none", sTgt |-> {}, sDrop |-> {}, sKeep |-> {}, sHeld |-> (p1 :> Nil @@ p2 :> Nil), unlinked |-> {}])
/\ took = (A :> (p1 :> {1, 3} @@ p2 :> {}) @@ B :> (p1 :> {} @@ p2 :> {}))
/\ gw = (p1 :> <<p1, 2>> @@ p2 :> Nil)
/\ mv = Nil
/\ udel = {}
/\ restarts = 0
/\ syncs = 0
/\ regressed = FALSE
/\ rescopes = 0
/\ upped = {<<p1, 1>>, <<p1, 2>>, <<p1, 3>>}
/\ copies = 0
/\ orig = (<<p1, 1>> :> Nil @@ <<p1, 2>> :> Nil @@ <<p1, 3>> :> Nil @@ <<p1, 4>> :> Nil @@ <<p2, 1>> :> Nil @@ <<p2, 2>> :> Nil @@ <<p2, 3>> :> Nil @@ <<p2, 4>> :> Nil)
/\ retiring = {<<p1, 1>>}
/\ aged = {}
/\ ages = 0
/\ rdoc = (p1 :> Nil @@ p2 :> Nil)
/\ rlag = TRUE

State 11:
/\ live = {<<p1, 1>>, <<p1, 2>>, <<p1, 3>>}
/\ minted = {<<p1, 1>>, <<p1, 2>>, <<p1, 3>>}
/\ doc = (p1 :> <<p1, 2>> @@ p2 :> Nil)
/\ seq = 3
/\ tomb = (p1 :> Nil @@ p2 :> Nil)
/\ base = (<<p1, 1>> :> Nil @@ <<p1, 2>> :> <<p1, 1>> @@ <<p1, 3>> :> <<p1, 1>> @@ <<p1, 4>> :> Nil @@ <<p2, 1>> :> Nil @@ <<p2, 2>> :> Nil @@ <<p2, 3>> :> Nil @@ <<p2, 4>> :> Nil)
/\ acked = {<<p1, <<p1, 2>>>>}
/\ conflicts = {}
/\ holder = A
/\ nextGen = 4
/\ ui = 1
/\ reqs = 0
/\ barriers = 1
/\ w = (A :> [st |-> "on", pc |-> "cased", local |-> (p1 :> <<p1, 3>> @@ p2 :> Nil), baseline |-> (p1 :> <<p1, 1>> @@ p2 :> Nil), integrated |-> {1, 3}, uploads |-> {p1}, deletes |-> {}, snap |-> (p1 :> <<p1, 3>> @@ p2 :> Nil), upDone |-> {p1}, gone |-> {}, verified |-> TRUE, inst |-> (p1 :> <<p1, 3>> @@ p2 :> Nil), retire |-> {<<p1, 1>>}, collected |-> FALSE, adv |-> TRUE, synced |-> 1, derived |-> 1, skipped |-> {}, scope |-> {p1, p2}, sStage |-> "none", sTgt |-> {}, sDrop |-> {}, sKeep |-> {}, sHeld |-> (p1 :> Nil @@ p2 :> Nil), unlinked |-> {}] @@ B :> [st |-> "off", pc |-> "idle", local |-> (p1 :> Nil @@ p2 :> Nil), baseline |-> (p1 :> Nil @@ p2 :> Nil), integrated |-> {}, uploads |-> {}, deletes |-> {}, snap |-> (p1 :> Nil @@ p2 :> Nil), upDone |-> {}, gone |-> {}, verified |-> FALSE, inst |-> (p1 :> Nil @@ p2 :> Nil), retire |-> {}, collected |-> FALSE, adv |-> FALSE, synced |-> 0, derived |-> 0, skipped |-> {}, scope |-> {}, sStage |-> "none", sTgt |-> {}, sDrop |-> {}, sKeep |-> {}, sHeld |-> (p1 :> Nil @@ p2 :> Nil), unlinked |-> {}])
/\ took = (A :> (p1 :> {1, 3} @@ p2 :> {}) @@ B :> (p1 :> {} @@ p2 :> {}))
/\ gw = (p1 :> Nil @@ p2 :> Nil)
/\ mv = Nil
/\ udel = {}
/\ restarts = 0
/\ syncs = 0
/\ regressed = FALSE
/\ rescopes = 0
/\ upped = {<<p1, 1>>, <<p1, 2>>, <<p1, 3>>}
/\ copies = 0
/\ orig = (<<p1, 1>> :> Nil @@ <<p1, 2>> :> Nil @@ <<p1, 3>> :> Nil @@ <<p1, 4>> :> Nil @@ <<p2, 1>> :> Nil @@ <<p2, 2>> :> Nil @@ <<p2, 3>> :> Nil @@ <<p2, 4>> :> Nil)
/\ retiring = {<<p1, 1>>, <<p1, 3>>}
/\ aged = {}
/\ ages = 0
/\ rdoc = (p1 :> Nil @@ p2 :> Nil)
/\ rlag = TRUE

Error: Action property Prop_NoSilentRevert is violated by the last step above.
2001739 states generated, 767722 distinct states found. Depth 10. Checked in 9.169s (83732 distinct/s).
