TLC2 Version 2.19 of 08 August 2024 (rev: 5a47802)
Running breadth-first search Model-Checking with fp 46 and seed -1584094957763247830 with 2 workers on 8 cores with 2731MB heap and 64MB offheap memory [pid: 58629] (Linux 6.12.0-061200-generic amd64, Ubuntu 21.0.11 x86_64, MSBDiskFPSet, DiskStateQueue).
Parsing file /home/ddalton/lean-io-sent/formal/LeanSubtree.tla
Parsing file /tmp/Naturals.tla
Parsing file /tmp/FiniteSets.tla
Parsing file /tmp/Sequences.tla
Parsing file /tmp/TLC.tla
Semantic processing of module Naturals
Semantic processing of module Sequences
Semantic processing of module FiniteSets
Semantic processing of module TLC
Semantic processing of module LeanSubtree
Starting... (2026-09-23 18:39:11)
Computing initial states...
Finished computing initial states: 1 distinct state generated at 2026-09-23 18:39:11.
Progress(11) at 2026-09-23 18:39:14: 29,961 states generated (29,961 s/min), 9,127 distinct states found (9,127 ds/min), 4,311 states left on queue.
Progress(19) at 2026-09-23 18:40:14: 1,740,519 states generated (1,710,558 s/min), 467,680 distinct states found (458,553 ds/min), 125,633 states left on queue.
Progress(22) at 2026-09-23 18:41:14: 3,473,667 states generated (1,733,148 s/min), 964,923 distinct states found (497,243 ds/min), 218,018 states left on queue.
Progress(23) at 2026-09-23 18:42:14: 5,128,925 states generated (1,655,258 s/min), 1,415,349 distinct states found (450,426 ds/min), 282,536 states left on queue.
Progress(25) at 2026-09-23 18:43:14: 6,683,802 states generated (1,554,877 s/min), 1,796,377 distinct states found (381,028 ds/min), 260,952 states left on queue.
Progress(27) at 2026-09-23 18:44:14: 8,447,765 states generated (1,763,963 s/min), 2,210,638 distinct states found (414,261 ds/min), 122,660 states left on queue.
Model checking completed. No error has been found.
  Estimates of the probability that TLC did not check all reachable states
  because two distinct states had the same fingerprint:
  calculated (optimistic):  val = 1.0E-6
  based on the actual fingerprints:  val = 1.6E-7
9763881 states generated, 2570348 distinct states found, 0 states left on queue.
The depth of the complete state graph search is 34.
The average outdegree of the complete state graph is 1 (minimum is 0, the maximum 10 and the 95th percentile is 3).
Finished in 06min 01s at (2026-09-23 18:45:11)
