TLC2 Version 2.19 of 08 August 2024 (rev: 5a47802)
Running breadth-first search Model-Checking with fp 41 and seed -1581281768202325253 with 6 workers on 8 cores with 14564MB heap and 64MB offheap memory [pid: 117319] (Linux 6.12.0-061200-generic amd64, Ubuntu 21.0.11 x86_64, MSBDiskFPSet, DiskStateQueue).
Parsing file /home/ddalton/lean-l125-2026-09-24/LeanCore.tla
Parsing file /tmp/Naturals.tla
Parsing file /tmp/FiniteSets.tla
Parsing file /tmp/Sequences.tla
Semantic processing of module Naturals
Semantic processing of module Sequences
Semantic processing of module FiniteSets
Semantic processing of module LeanCore
Starting... (2026-09-25 00:35:19)
Computing initial states...
Finished computing initial states: 1 distinct state generated at 2026-09-25 00:35:19.
Progress(11) at 2026-09-25 00:35:22: 79,775 states generated (79,775 s/min), 36,416 distinct states found (36,416 ds/min), 23,011 states left on queue.
Progress(17) at 2026-09-25 00:36:22: 6,045,255 states generated (5,965,480 s/min), 2,227,808 distinct states found (2,191,392 ds/min), 877,975 states left on queue.
Progress(19) at 2026-09-25 00:37:22: 12,447,062 states generated (6,401,807 s/min), 4,563,359 distinct states found (2,335,551 ds/min), 1,576,443 states left on queue.
Error: Invariant Inv_AckedNamed is violated.
Error: The behavior up to this point is:
State 1: <Initial predicate>
/\ seq = 1
/\ removals = {}
/\ doc = (p1 :> <<p1, 1>> @@ p2 :> Nil)
/\ reqs = 0
/\ minted = {<<p1, 1>>}
/\ w = ( A :>
      [ st |-> "off",
        pc |-> "idle",
        local |-> (p1 :> Nil @@ p2 :> Nil),
        baseline |-> (p1 :> Nil @@ p2 :> Nil),
        instBase |-> (p1 :> Nil @@ p2 :> Nil),
        integrated |-> {},
        queue |-> {},
        consumed |-> {},
        declared |-> {},
        surfaced |-> {},
        uploads |-> {},
        deletes |-> {},
        snap |-> (p1 :> Nil @@ p2 :> Nil),
        upDone |-> {},
        gone |-> {},
        verified |-> FALSE,
        inst |-> (p1 :> Nil @@ p2 :> Nil),
        retire |-> {},
        collected |-> FALSE,
        seen |-> 0,
        jSeq |-> 0 ] @@
  B :>
      [ st |-> "off",
        pc |-> "idle",
        local |-> (p1 :> Nil @@ p2 :> Nil),
        baseline |-> (p1 :> Nil @@ p2 :> Nil),
        instBase |-> (p1 :> Nil @@ p2 :> Nil),
        integrated |-> {},
        queue |-> {},
        consumed |-> {},
        declared |-> {},
        surfaced |-> {},
        uploads |-> {},
        deletes |-> {},
        snap |-> (p1 :> Nil @@ p2 :> Nil),
        upDone |-> {},
        gone |-> {},
        verified |-> FALSE,
        inst |-> (p1 :> Nil @@ p2 :> Nil),
        retire |-> {},
        collected |-> FALSE,
        seen |-> 0,
        jSeq |-> 0 ] )
/\ conflicts = {}
/\ tomb = (p1 :> Nil @@ p2 :> Nil)
/\ holder = "none"
/\ took = (A :> (p1 :> {} @@ p2 :> {}) @@ B :> (p1 :> {} @@ p2 :> {}))
/\ barriers = 0
/\ saw = {}
/\ base = ( <<p1, 1>> :> Nil @@
  <<p1, 2>> :> Nil @@
  <<p1, 3>> :> Nil @@
  <<p2, 1>> :> Nil @@
  <<p2, 2>> :> Nil @@
  <<p2, 3>> :> Nil )
/\ nextGen = 2
/\ ui = 0
/\ acked = {}
/\ live = {<<p1, 1>>}
/\ entries = {}
/\ refused = {}

State 2: <Next line 805, col 9 to line 805, col 26 of module LeanCore>
/\ seq = 1
/\ removals = {}
/\ doc = (p1 :> <<p1, 1>> @@ p2 :> Nil)
/\ reqs = 0
/\ minted = {<<p1, 1>>, <<p2, 2>>}
/\ w = ( A :>
      [ st |-> "off",
        pc |-> "idle",
        local |-> (p1 :> Nil @@ p2 :> Nil),
        baseline |-> (p1 :> Nil @@ p2 :> Nil),
        instBase |-> (p1 :> Nil @@ p2 :> Nil),
        integrated |-> {},
        queue |-> {},
        consumed |-> {},
        declared |-> {},
        surfaced |-> {},
        uploads |-> {},
        deletes |-> {},
        snap |-> (p1 :> Nil @@ p2 :> Nil),
        upDone |-> {},
        gone |-> {},
        verified |-> FALSE,
        inst |-> (p1 :> Nil @@ p2 :> Nil),
        retire |-> {},
        collected |-> FALSE,
        seen |-> 0,
        jSeq |-> 0 ] @@
  B :>
      [ st |-> "off",
        pc |-> "idle",
        local |-> (p1 :> Nil @@ p2 :> Nil),
        baseline |-> (p1 :> Nil @@ p2 :> Nil),
        instBase |-> (p1 :> Nil @@ p2 :> Nil),
        integrated |-> {},
        queue |-> {},
        consumed |-> {},
        declared |-> {},
        surfaced |-> {},
        uploads |-> {},
        deletes |-> {},
        snap |-> (p1 :> Nil @@ p2 :> Nil),
        upDone |-> {},
        gone |-> {},
        verified |-> FALSE,
        inst |-> (p1 :> Nil @@ p2 :> Nil),
        retire |-> {},
        collected |-> FALSE,
        seen |-> 0,
        jSeq |-> 0 ] )
/\ conflicts = {}
/\ tomb = (p1 :> Nil @@ p2 :> Nil)
/\ holder = "none"
/\ took = (A :> (p1 :> {} @@ p2 :> {}) @@ B :> (p1 :> {} @@ p2 :> {}))
/\ barriers = 0
/\ saw = {<<p2, <<p2, 2>>, Nil>>}
/\ base = ( <<p1, 1>> :> Nil @@
  <<p1, 2>> :> Nil @@
  <<p1, 3>> :> Nil @@
  <<p2, 1>> :> Nil @@
  <<p2, 2>> :> Nil @@
  <<p2, 3>> :> Nil )
/\ nextGen = 3
/\ ui = 1
/\ acked = {<<p2, <<p2, 2>>>>}
/\ live = {<<p1, 1>>, <<p2, 2>>}
/\ entries = {<<p2, <<p2, 2>>>>}
/\ refused = {}

State 3: <Next line 805, col 9 to line 805, col 26 of module LeanCore>
/\ seq = 1
/\ removals = {}
/\ doc = (p1 :> <<p1, 1>> @@ p2 :> Nil)
/\ reqs = 0
/\ minted = {<<p1, 1>>, <<p2, 2>>}
/\ w = ( A :>
      [ st |-> "off",
        pc |-> "idle",
        local |-> (p1 :> Nil @@ p2 :> Nil),
        baseline |-> (p1 :> Nil @@ p2 :> Nil),
        instBase |-> (p1 :> Nil @@ p2 :> Nil),
        integrated |-> {},
        queue |-> {},
        consumed |-> {},
        declared |-> {},
        surfaced |-> {},
        uploads |-> {},
        deletes |-> {},
        snap |-> (p1 :> Nil @@ p2 :> Nil),
        upDone |-> {},
        gone |-> {},
        verified |-> FALSE,
        inst |-> (p1 :> Nil @@ p2 :> Nil),
        retire |-> {},
        collected |-> FALSE,
        seen |-> 0,
        jSeq |-> 0 ] @@
  B :>
      [ st |-> "on",
        pc |-> "idle",
        local |-> (p1 :> <<p1, 1>> @@ p2 :> Nil),
        baseline |-> (p1 :> <<p1, 1>> @@ p2 :> Nil),
        instBase |-> (p1 :> <<p1, 1>> @@ p2 :> Nil),
        integrated |-> {1},
        queue |-> {},
        consumed |-> {},
        declared |-> {},
        surfaced |-> {},
        uploads |-> {},
        deletes |-> {},
        snap |-> (p1 :> Nil @@ p2 :> Nil),
        upDone |-> {},
        gone |-> {},
        verified |-> FALSE,
        inst |-> (p1 :> <<p1, 1>> @@ p2 :> Nil),
        retire |-> {},
        collected |-> FALSE,
        seen |-> 1,
        jSeq |-> 0 ] )
/\ conflicts = {}
/\ tomb = (p1 :> Nil @@ p2 :> Nil)
/\ holder = "none"
/\ took = (A :> (p1 :> {} @@ p2 :> {}) @@ B :> (p1 :> {1} @@ p2 :> {}))
/\ barriers = 0
/\ saw = {<<p2, <<p2, 2>>, Nil>>}
/\ base = ( <<p1, 1>> :> Nil @@
  <<p1, 2>> :> Nil @@
  <<p1, 3>> :> Nil @@
  <<p2, 1>> :> Nil @@
  <<p2, 2>> :> Nil @@
  <<p2, 3>> :> Nil )
/\ nextGen = 3
/\ ui = 1
/\ acked = {<<p2, <<p2, 2>>>>}
/\ live = {<<p1, 1>>, <<p2, 2>>}
/\ entries = {<<p2, <<p2, 2>>>>}
/\ refused = {}

State 4: <Next line 805, col 9 to line 805, col 26 of module LeanCore>
/\ seq = 1
/\ removals = {}
/\ doc = (p1 :> <<p1, 1>> @@ p2 :> Nil)
/\ reqs = 0
/\ minted = {<<p1, 1>>, <<p2, 2>>}
/\ w = ( A :>
      [ st |-> "on",
        pc |-> "idle",
        local |-> (p1 :> <<p1, 1>> @@ p2 :> Nil),
        baseline |-> (p1 :> <<p1, 1>> @@ p2 :> Nil),
        instBase |-> (p1 :> <<p1, 1>> @@ p2 :> Nil),
        integrated |-> {1},
        queue |-> {},
        consumed |-> {},
        declared |-> {},
        surfaced |-> {},
        uploads |-> {},
        deletes |-> {},
        snap |-> (p1 :> Nil @@ p2 :> Nil),
        upDone |-> {},
        gone |-> {},
        verified |-> FALSE,
        inst |-> (p1 :> <<p1, 1>> @@ p2 :> Nil),
        retire |-> {},
        collected |-> FALSE,
        seen |-> 1,
        jSeq |-> 0 ] @@
  B :>
      [ st |-> "on",
        pc |-> "idle",
        local |-> (p1 :> <<p1, 1>> @@ p2 :> Nil),
        baseline |-> (p1 :> <<p1, 1>> @@ p2 :> Nil),
        instBase |-> (p1 :> <<p1, 1>> @@ p2 :> Nil),
        integrated |-> {1},
        queue |-> {},
        consumed |-> {},
        declared |-> {},
        surfaced |-> {},
        uploads |-> {},
        deletes |-> {},
        snap |-> (p1 :> Nil @@ p2 :> Nil),
        upDone |-> {},
        gone |-> {},
        verified |-> FALSE,
        inst |-> (p1 :> <<p1, 1>> @@ p2 :> Nil),
        retire |-> {},
        collected |-> FALSE,
        seen |-> 1,
        jSeq |-> 0 ] )
/\ conflicts = {}
/\ tomb = (p1 :> Nil @@ p2 :> Nil)
/\ holder = "none"
/\ took = (A :> (p1 :> {1} @@ p2 :> {}) @@ B :> (p1 :> {1} @@ p2 :> {}))
/\ barriers = 0
/\ saw = {<<p2, <<p2, 2>>, Nil>>}
/\ base = ( <<p1, 1>> :> Nil @@
  <<p1, 2>> :> Nil @@
  <<p1, 3>> :> Nil @@
  <<p2, 1>> :> Nil @@
  <<p2, 2>> :> Nil @@
  <<p2, 3>> :> Nil )
/\ nextGen = 3
/\ ui = 1
/\ acked = {<<p2, <<p2, 2>>>>}
/\ live = {<<p1, 1>>, <<p2, 2>>}
/\ entries = {<<p2, <<p2, 2>>>>}
/\ refused = {}

State 5: <Next line 805, col 9 to line 805, col 26 of module LeanCore>
/\ seq = 1
/\ removals = {}
/\ doc = (p1 :> <<p1, 1>> @@ p2 :> Nil)
/\ reqs = 0
/\ minted = {<<p1, 1>>, <<p2, 2>>}
/\ w = ( A :>
      [ st |-> "on",
        pc |-> "consumed",
        local |-> (p1 :> <<p1, 1>> @@ p2 :> <<p2, 2>>),
        baseline |-> (p1 :> <<p1, 1>> @@ p2 :> <<p2, 2>>),
        instBase |-> (p1 :> <<p1, 1>> @@ p2 :> Nil),
        integrated |-> {1, 2},
        queue |-> {},
        consumed |-> {<<p2, <<p2, 2>>>>},
        declared |-> {},
        surfaced |-> {},
        uploads |-> {},
        deletes |-> {},
        snap |-> (p1 :> Nil @@ p2 :> Nil),
        upDone |-> {},
        gone |-> {},
        verified |-> FALSE,
        inst |-> (p1 :> <<p1, 1>> @@ p2 :> Nil),
        retire |-> {},
        collected |-> FALSE,
        seen |-> 1,
        jSeq |-> 0 ] @@
  B :>
      [ st |-> "on",
        pc |-> "idle",
        local |-> (p1 :> <<p1, 1>> @@ p2 :> Nil),
        baseline |-> (p1 :> <<p1, 1>> @@ p2 :> Nil),
        instBase |-> (p1 :> <<p1, 1>> @@ p2 :> Nil),
        integrated |-> {1},
        queue |-> {},
        consumed |-> {},
        declared |-> {},
        surfaced |-> {},
        uploads |-> {},
        deletes |-> {},
        snap |-> (p1 :> Nil @@ p2 :> Nil),
        upDone |-> {},
        gone |-> {},
        verified |-> FALSE,
        inst |-> (p1 :> <<p1, 1>> @@ p2 :> Nil),
        retire |-> {},
        collected |-> FALSE,
        seen |-> 1,
        jSeq |-> 0 ] )
/\ conflicts = {}
/\ tomb = (p1 :> Nil @@ p2 :> Nil)
/\ holder = "none"
/\ took = (A :> (p1 :> {1} @@ p2 :> {2}) @@ B :> (p1 :> {1} @@ p2 :> {}))
/\ barriers = 0
/\ saw = {<<p2, <<p2, 2>>, Nil>>}
/\ base = ( <<p1, 1>> :> Nil @@
  <<p1, 2>> :> Nil @@
  <<p1, 3>> :> Nil @@
  <<p2, 1>> :> Nil @@
  <<p2, 2>> :> Nil @@
  <<p2, 3>> :> Nil )
/\ nextGen = 3
/\ ui = 1
/\ acked = {<<p2, <<p2, 2>>>>}
/\ live = {<<p1, 1>>, <<p2, 2>>}
/\ entries = {<<p2, <<p2, 2>>>>}
/\ refused = {}

State 6: <Next line 805, col 9 to line 805, col 26 of module LeanCore>
/\ seq = 1
/\ removals = {}
/\ doc = (p1 :> <<p1, 1>> @@ p2 :> Nil)
/\ reqs = 0
/\ minted = {<<p1, 1>>, <<p2, 2>>}
/\ w = ( A :>
      [ st |-> "on",
        pc |-> "scanned",
        local |-> (p1 :> <<p1, 1>> @@ p2 :> <<p2, 2>>),
        baseline |-> (p1 :> <<p1, 1>> @@ p2 :> <<p2, 2>>),
        instBase |-> (p1 :> <<p1, 1>> @@ p2 :> Nil),
        integrated |-> {1, 2},
        queue |-> {},
        consumed |-> {<<p2, <<p2, 2>>>>},
        declared |-> {},
        surfaced |-> {},
        uploads |-> {},
        deletes |-> {},
        snap |-> (p1 :> <<p1, 1>> @@ p2 :> <<p2, 2>>),
        upDone |-> {},
        gone |-> {},
        verified |-> FALSE,
        inst |-> (p1 :> <<p1, 1>> @@ p2 :> Nil),
        retire |-> {},
        collected |-> FALSE,
        seen |-> 1,
        jSeq |-> 0 ] @@
  B :>
      [ st |-> "on",
        pc |-> "idle",
        local |-> (p1 :> <<p1, 1>> @@ p2 :> Nil),
        baseline |-> (p1 :> <<p1, 1>> @@ p2 :> Nil),
        instBase |-> (p1 :> <<p1, 1>> @@ p2 :> Nil),
        integrated |-> {1},
        queue |-> {},
        consumed |-> {},
        declared |-> {},
        surfaced |-> {},
        uploads |-> {},
        deletes |-> {},
        snap |-> (p1 :> Nil @@ p2 :> Nil),
        upDone |-> {},
        gone |-> {},
        verified |-> FALSE,
        inst |-> (p1 :> <<p1, 1>> @@ p2 :> Nil),
        retire |-> {},
        collected |-> FALSE,
        seen |-> 1,
        jSeq |-> 0 ] )
/\ conflicts = {}
/\ tomb = (p1 :> Nil @@ p2 :> Nil)
/\ holder = "none"
/\ took = (A :> (p1 :> {1} @@ p2 :> {2}) @@ B :> (p1 :> {1} @@ p2 :> {}))
/\ barriers = 1
/\ saw = {<<p2, <<p2, 2>>, Nil>>}
/\ base = ( <<p1, 1>> :> Nil @@
  <<p1, 2>> :> Nil @@
  <<p1, 3>> :> Nil @@
  <<p2, 1>> :> Nil @@
  <<p2, 2>> :> Nil @@
  <<p2, 3>> :> Nil )
/\ nextGen = 3
/\ ui = 1
/\ acked = {<<p2, <<p2, 2>>>>}
/\ live = {<<p1, 1>>, <<p2, 2>>}
/\ entries = {<<p2, <<p2, 2>>>>}
/\ refused = {}

State 7: <Next line 805, col 9 to line 805, col 26 of module LeanCore>
/\ seq = 1
/\ removals = {}
/\ doc = (p1 :> <<p1, 1>> @@ p2 :> Nil)
/\ reqs = 0
/\ minted = {<<p1, 1>>, <<p2, 2>>}
/\ w = ( A :>
      [ st |-> "on",
        pc |-> "claimed",
        local |-> (p1 :> <<p1, 1>> @@ p2 :> <<p2, 2>>),
        baseline |-> (p1 :> <<p1, 1>> @@ p2 :> <<p2, 2>>),
        instBase |-> (p1 :> <<p1, 1>> @@ p2 :> Nil),
        integrated |-> {1, 2},
        queue |-> {},
        consumed |-> {<<p2, <<p2, 2>>>>},
        declared |-> {},
        surfaced |-> {},
        uploads |-> {},
        deletes |-> {},
        snap |-> (p1 :> <<p1, 1>> @@ p2 :> <<p2, 2>>),
        upDone |-> {},
        gone |-> {},
        verified |-> FALSE,
        inst |-> (p1 :> <<p1, 1>> @@ p2 :> Nil),
        retire |-> {},
        collected |-> FALSE,
        seen |-> 1,
        jSeq |-> 0 ] @@
  B :>
      [ st |-> "on",
        pc |-> "idle",
        local |-> (p1 :> <<p1, 1>> @@ p2 :> Nil),
        baseline |-> (p1 :> <<p1, 1>> @@ p2 :> Nil),
        instBase |-> (p1 :> <<p1, 1>> @@ p2 :> Nil),
        integrated |-> {1},
        queue |-> {},
        consumed |-> {},
        declared |-> {},
        surfaced |-> {},
        uploads |-> {},
        deletes |-> {},
        snap |-> (p1 :> Nil @@ p2 :> Nil),
        upDone |-> {},
        gone |-> {},
        verified |-> FALSE,
        inst |-> (p1 :> <<p1, 1>> @@ p2 :> Nil),
        retire |-> {},
        collected |-> FALSE,
        seen |-> 1,
        jSeq |-> 0 ] )
/\ conflicts = {}
/\ tomb = (p1 :> Nil @@ p2 :> Nil)
/\ holder = A
/\ took = (A :> (p1 :> {1} @@ p2 :> {2}) @@ B :> (p1 :> {1} @@ p2 :> {}))
/\ barriers = 1
/\ saw = {<<p2, <<p2, 2>>, Nil>>}
/\ base = ( <<p1, 1>> :> Nil @@
  <<p1, 2>> :> Nil @@
  <<p1, 3>> :> Nil @@
  <<p2, 1>> :> Nil @@
  <<p2, 2>> :> Nil @@
  <<p2, 3>> :> Nil )
/\ nextGen = 3
/\ ui = 1
/\ acked = {<<p2, <<p2, 2>>>>}
/\ live = {<<p1, 1>>, <<p2, 2>>}
/\ entries = {<<p2, <<p2, 2>>>>}
/\ refused = {}

State 8: <Next line 805, col 9 to line 805, col 26 of module LeanCore>
/\ seq = 1
/\ removals = {}
/\ doc = (p1 :> <<p1, 1>> @@ p2 :> Nil)
/\ reqs = 0
/\ minted = {<<p1, 1>>, <<p2, 2>>}
/\ w = ( A :>
      [ st |-> "on",
        pc |-> "claimed",
        local |-> (p1 :> <<p1, 1>> @@ p2 :> <<p2, 2>>),
        baseline |-> (p1 :> <<p1, 1>> @@ p2 :> <<p2, 2>>),
        instBase |-> (p1 :> <<p1, 1>> @@ p2 :> Nil),
        integrated |-> {1, 2},
        queue |-> {},
        consumed |-> {<<p2, <<p2, 2>>>>},
        declared |-> {},
        surfaced |-> {},
        uploads |-> {},
        deletes |-> {},
        snap |-> (p1 :> <<p1, 1>> @@ p2 :> <<p2, 2>>),
        upDone |-> {},
        gone |-> {},
        verified |-> TRUE,
        inst |-> (p1 :> <<p1, 1>> @@ p2 :> Nil),
        retire |-> {},
        collected |-> FALSE,
        seen |-> 1,
        jSeq |-> 0 ] @@
  B :>
      [ st |-> "on",
        pc |-> "idle",
        local |-> (p1 :> <<p1, 1>> @@ p2 :> Nil),
        baseline |-> (p1 :> <<p1, 1>> @@ p2 :> Nil),
        instBase |-> (p1 :> <<p1, 1>> @@ p2 :> Nil),
        integrated |-> {1},
        queue |-> {},
        consumed |-> {},
        declared |-> {},
        surfaced |-> {},
        uploads |-> {},
        deletes |-> {},
        snap |-> (p1 :> Nil @@ p2 :> Nil),
        upDone |-> {},
        gone |-> {},
        verified |-> FALSE,
        inst |-> (p1 :> <<p1, 1>> @@ p2 :> Nil),
        retire |-> {},
        collected |-> FALSE,
        seen |-> 1,
        jSeq |-> 0 ] )
/\ conflicts = {}
/\ tomb = (p1 :> Nil @@ p2 :> Nil)
/\ holder = A
/\ took = (A :> (p1 :> {1} @@ p2 :> {2}) @@ B :> (p1 :> {1} @@ p2 :> {}))
/\ barriers = 1
/\ saw = {<<p2, <<p2, 2>>, Nil>>}
/\ base = ( <<p1, 1>> :> Nil @@
  <<p1, 2>> :> Nil @@
  <<p1, 3>> :> Nil @@
  <<p2, 1>> :> Nil @@
  <<p2, 2>> :> Nil @@
  <<p2, 3>> :> Nil )
/\ nextGen = 3
/\ ui = 1
/\ acked = {<<p2, <<p2, 2>>>>}
/\ live = {<<p1, 1>>, <<p2, 2>>}
/\ entries = {<<p2, <<p2, 2>>>>}
/\ refused = {}

State 9: <Next line 805, col 9 to line 805, col 26 of module LeanCore>
/\ seq = 2
/\ removals = {}
/\ doc = (p1 :> <<p1, 1>> @@ p2 :> <<p2, 2>>)
/\ reqs = 0
/\ minted = {<<p1, 1>>, <<p2, 2>>}
/\ w = ( A :>
      [ st |-> "on",
        pc |-> "cased",
        local |-> (p1 :> <<p1, 1>> @@ p2 :> <<p2, 2>>),
        baseline |-> (p1 :> <<p1, 1>> @@ p2 :> <<p2, 2>>),
        instBase |-> (p1 :> <<p1, 1>> @@ p2 :> Nil),
        integrated |-> {1, 2},
        queue |-> {},
        consumed |-> {<<p2, <<p2, 2>>>>},
        declared |-> {},
        surfaced |-> {},
        uploads |-> {},
        deletes |-> {},
        snap |-> (p1 :> <<p1, 1>> @@ p2 :> <<p2, 2>>),
        upDone |-> {},
        gone |-> {},
        verified |-> TRUE,
        inst |-> (p1 :> <<p1, 1>> @@ p2 :> <<p2, 2>>),
        retire |-> {},
        collected |-> TRUE,
        seen |-> 2,
        jSeq |-> 2 ] @@
  B :>
      [ st |-> "on",
        pc |-> "idle",
        local |-> (p1 :> <<p1, 1>> @@ p2 :> Nil),
        baseline |-> (p1 :> <<p1, 1>> @@ p2 :> Nil),
        instBase |-> (p1 :> <<p1, 1>> @@ p2 :> Nil),
        integrated |-> {1},
        queue |-> {},
        consumed |-> {},
        declared |-> {},
        surfaced |-> {},
        uploads |-> {},
        deletes |-> {},
        snap |-> (p1 :> Nil @@ p2 :> Nil),
        upDone |-> {},
        gone |-> {},
        verified |-> FALSE,
        inst |-> (p1 :> <<p1, 1>> @@ p2 :> Nil),
        retire |-> {},
        collected |-> FALSE,
        seen |-> 1,
        jSeq |-> 0 ] )
/\ conflicts = {}
/\ tomb = (p1 :> Nil @@ p2 :> Nil)
/\ holder = A
/\ took = (A :> (p1 :> {1} @@ p2 :> {2}) @@ B :> (p1 :> {1} @@ p2 :> {}))
/\ barriers = 1
/\ saw = {<<p2, <<p2, 2>>, Nil>>}
/\ base = ( <<p1, 1>> :> Nil @@
  <<p1, 2>> :> Nil @@
  <<p1, 3>> :> Nil @@
  <<p2, 1>> :> Nil @@
  <<p2, 2>> :> Nil @@
  <<p2, 3>> :> Nil )
/\ nextGen = 3
/\ ui = 1
/\ acked = {<<p2, <<p2, 2>>>>}
/\ live = {<<p1, 1>>, <<p2, 2>>}
/\ entries = {<<p2, <<p2, 2>>>>}
/\ refused = {}

State 10: <Next line 805, col 9 to line 805, col 26 of module LeanCore>
/\ seq = 2
/\ removals = {}
/\ doc = (p1 :> <<p1, 1>> @@ p2 :> <<p2, 2>>)
/\ reqs = 0
/\ minted = {<<p1, 1>>, <<p2, 2>>}
/\ w = ( A :>
      [ st |-> "on",
        pc |-> "idle",
        local |-> (p1 :> <<p1, 1>> @@ p2 :> <<p2, 2>>),
        baseline |-> (p1 :> <<p1, 1>> @@ p2 :> <<p2, 2>>),
        instBase |-> (p1 :> <<p1, 1>> @@ p2 :> <<p2, 2>>),
        integrated |-> {1, 2},
        queue |-> {},
        consumed |-> {},
        declared |-> {},
        surfaced |-> {},
        uploads |-> {},
        deletes |-> {},
        snap |-> (p1 :> Nil @@ p2 :> Nil),
        upDone |-> {},
        gone |-> {},
        verified |-> FALSE,
        inst |-> (p1 :> <<p1, 1>> @@ p2 :> <<p2, 2>>),
        retire |-> {},
        collected |-> FALSE,
        seen |-> 2,
        jSeq |-> 2 ] @@
  B :>
      [ st |-> "on",
        pc |-> "idle",
        local |-> (p1 :> <<p1, 1>> @@ p2 :> Nil),
        baseline |-> (p1 :> <<p1, 1>> @@ p2 :> Nil),
        instBase |-> (p1 :> <<p1, 1>> @@ p2 :> Nil),
        integrated |-> {1},
        queue |-> {},
        consumed |-> {},
        declared |-> {},
        surfaced |-> {},
        uploads |-> {},
        deletes |-> {},
        snap |-> (p1 :> Nil @@ p2 :> Nil),
        upDone |-> {},
        gone |-> {},
        verified |-> FALSE,
        inst |-> (p1 :> <<p1, 1>> @@ p2 :> Nil),
        retire |-> {},
        collected |-> FALSE,
        seen |-> 1,
        jSeq |-> 0 ] )
/\ conflicts = {}
/\ tomb = (p1 :> Nil @@ p2 :> Nil)
/\ holder = "none"
/\ took = (A :> (p1 :> {1} @@ p2 :> {2}) @@ B :> (p1 :> {1} @@ p2 :> {}))
/\ barriers = 1
/\ saw = {<<p2, <<p2, 2>>, Nil>>}
/\ base = ( <<p1, 1>> :> Nil @@
  <<p1, 2>> :> Nil @@
  <<p1, 3>> :> Nil @@
  <<p2, 1>> :> Nil @@
  <<p2, 2>> :> Nil @@
  <<p2, 3>> :> Nil )
/\ nextGen = 3
/\ ui = 1
/\ acked = {<<p2, <<p2, 2>>>>}
/\ live = {<<p1, 1>>, <<p2, 2>>}
/\ entries = {}
/\ refused = {}

State 11: <Next line 805, col 9 to line 805, col 26 of module LeanCore>
/\ seq = 2
/\ removals = {}
/\ doc = (p1 :> <<p1, 1>> @@ p2 :> <<p2, 2>>)
/\ reqs = 0
/\ minted = {<<p1, 1>>, <<p2, 2>>}
/\ w = ( A :>
      [ st |-> "on",
        pc |-> "idle",
        local |-> (p1 :> <<p1, 1>> @@ p2 :> <<p2, 2>>),
        baseline |-> (p1 :> <<p1, 1>> @@ p2 :> <<p2, 2>>),
        instBase |-> (p1 :> <<p1, 1>> @@ p2 :> <<p2, 2>>),
        integrated |-> {1, 2},
        queue |-> {},
        consumed |-> {},
        declared |-> {},
        surfaced |-> {},
        uploads |-> {},
        deletes |-> {},
        snap |-> (p1 :> Nil @@ p2 :> Nil),
        upDone |-> {},
        gone |-> {},
        verified |-> FALSE,
        inst |-> (p1 :> <<p1, 1>> @@ p2 :> <<p2, 2>>),
        retire |-> {},
        collected |-> FALSE,
        seen |-> 2,
        jSeq |-> 2 ] @@
  B :>
      [ st |-> "on",
        pc |-> "consumed",
        local |-> (p1 :> <<p1, 1>> @@ p2 :> Nil),
        baseline |-> (p1 :> <<p1, 1>> @@ p2 :> Nil),
        instBase |-> (p1 :> <<p1, 1>> @@ p2 :> Nil),
        integrated |-> {1},
        queue |-> {},
        consumed |-> {},
        declared |-> {},
        surfaced |-> {},
        uploads |-> {},
        deletes |-> {},
        snap |-> (p1 :> Nil @@ p2 :> Nil),
        upDone |-> {},
        gone |-> {},
        verified |-> FALSE,
        inst |-> (p1 :> <<p1, 1>> @@ p2 :> Nil),
        retire |-> {},
        collected |-> FALSE,
        seen |-> 1,
        jSeq |-> 0 ] )
/\ conflicts = {}
/\ tomb = (p1 :> Nil @@ p2 :> Nil)
/\ holder = "none"
/\ took = (A :> (p1 :> {1} @@ p2 :> {2}) @@ B :> (p1 :> {1} @@ p2 :> {}))
/\ barriers = 1
/\ saw = {<<p2, <<p2, 2>>, Nil>>}
/\ base = ( <<p1, 1>> :> Nil @@
  <<p1, 2>> :> Nil @@
  <<p1, 3>> :> Nil @@
  <<p2, 1>> :> Nil @@
  <<p2, 2>> :> Nil @@
  <<p2, 3>> :> Nil )
/\ nextGen = 3
/\ ui = 1
/\ acked = {<<p2, <<p2, 2>>>>}
/\ live = {<<p1, 1>>, <<p2, 2>>}
/\ entries = {}
/\ refused = {}

State 12: <Next line 805, col 9 to line 805, col 26 of module LeanCore>
/\ seq = 2
/\ removals = {}
/\ doc = (p1 :> <<p1, 1>> @@ p2 :> <<p2, 2>>)
/\ reqs = 0
/\ minted = {<<p1, 1>>, <<p2, 2>>, <<p2, 3>>}
/\ w = ( A :>
      [ st |-> "on",
        pc |-> "idle",
        local |-> (p1 :> <<p1, 1>> @@ p2 :> <<p2, 2>>),
        baseline |-> (p1 :> <<p1, 1>> @@ p2 :> <<p2, 2>>),
        instBase |-> (p1 :> <<p1, 1>> @@ p2 :> <<p2, 2>>),
        integrated |-> {1, 2},
        queue |-> {},
        consumed |-> {},
        declared |-> {},
        surfaced |-> {},
        uploads |-> {},
        deletes |-> {},
        snap |-> (p1 :> Nil @@ p2 :> Nil),
        upDone |-> {},
        gone |-> {},
        verified |-> FALSE,
        inst |-> (p1 :> <<p1, 1>> @@ p2 :> <<p2, 2>>),
        retire |-> {},
        collected |-> FALSE,
        seen |-> 2,
        jSeq |-> 2 ] @@
  B :>
      [ st |-> "on",
        pc |-> "consumed",
        local |-> (p1 :> <<p1, 1>> @@ p2 :> <<p2, 3>>),
        baseline |-> (p1 :> <<p1, 1>> @@ p2 :> Nil),
        instBase |-> (p1 :> <<p1, 1>> @@ p2 :> Nil),
        integrated |-> {1, 3},
        queue |-> {},
        consumed |-> {},
        declared |-> {},
        surfaced |-> {},
        uploads |-> {},
        deletes |-> {},
        snap |-> (p1 :> Nil @@ p2 :> Nil),
        upDone |-> {},
        gone |-> {},
        verified |-> FALSE,
        inst |-> (p1 :> <<p1, 1>> @@ p2 :> Nil),
        retire |-> {},
        collected |-> FALSE,
        seen |-> 1,
        jSeq |-> 0 ] )
/\ conflicts = {}
/\ tomb = (p1 :> Nil @@ p2 :> Nil)
/\ holder = "none"
/\ took = (A :> (p1 :> {1} @@ p2 :> {2}) @@ B :> (p1 :> {1} @@ p2 :> {3}))
/\ barriers = 1
/\ saw = {<<p2, <<p2, 2>>, Nil>>}
/\ base = ( <<p1, 1>> :> Nil @@
  <<p1, 2>> :> Nil @@
  <<p1, 3>> :> Nil @@
  <<p2, 1>> :> Nil @@
  <<p2, 2>> :> Nil @@
  <<p2, 3>> :> Nil )
/\ nextGen = 4
/\ ui = 1
/\ acked = {<<p2, <<p2, 2>>>>}
/\ live = {<<p1, 1>>, <<p2, 2>>}
/\ entries = {}
/\ refused = {}

State 13: <Next line 805, col 9 to line 805, col 26 of module LeanCore>
/\ seq = 2
/\ removals = {}
/\ doc = (p1 :> <<p1, 1>> @@ p2 :> <<p2, 2>>)
/\ reqs = 0
/\ minted = {<<p1, 1>>, <<p2, 2>>, <<p2, 3>>}
/\ w = ( A :>
      [ st |-> "on",
        pc |-> "idle",
        local |-> (p1 :> <<p1, 1>> @@ p2 :> <<p2, 2>>),
        baseline |-> (p1 :> <<p1, 1>> @@ p2 :> <<p2, 2>>),
        instBase |-> (p1 :> <<p1, 1>> @@ p2 :> <<p2, 2>>),
        integrated |-> {1, 2},
        queue |-> {},
        consumed |-> {},
        declared |-> {},
        surfaced |-> {},
        uploads |-> {},
        deletes |-> {},
        snap |-> (p1 :> Nil @@ p2 :> Nil),
        upDone |-> {},
        gone |-> {},
        verified |-> FALSE,
        inst |-> (p1 :> <<p1, 1>> @@ p2 :> <<p2, 2>>),
        retire |-> {},
        collected |-> FALSE,
        seen |-> 2,
        jSeq |-> 2 ] @@
  B :>
      [ st |-> "on",
        pc |-> "scanned",
        local |-> (p1 :> <<p1, 1>> @@ p2 :> <<p2, 3>>),
        baseline |-> (p1 :> <<p1, 1>> @@ p2 :> Nil),
        instBase |-> (p1 :> <<p1, 1>> @@ p2 :> Nil),
        integrated |-> {1, 3},
        queue |-> {},
        consumed |-> {},
        declared |-> {},
        surfaced |-> {},
        uploads |-> {p2},
        deletes |-> {},
        snap |-> (p1 :> <<p1, 1>> @@ p2 :> <<p2, 3>>),
        upDone |-> {},
        gone |-> {},
        verified |-> FALSE,
        inst |-> (p1 :> <<p1, 1>> @@ p2 :> Nil),
        retire |-> {},
        collected |-> FALSE,
        seen |-> 1,
        jSeq |-> 0 ] )
/\ conflicts = {}
/\ tomb = (p1 :> Nil @@ p2 :> Nil)
/\ holder = "none"
/\ took = (A :> (p1 :> {1} @@ p2 :> {2}) @@ B :> (p1 :> {1} @@ p2 :> {3}))
/\ barriers = 2
/\ saw = {<<p2, <<p2, 2>>, Nil>>}
/\ base = ( <<p1, 1>> :> Nil @@
  <<p1, 2>> :> Nil @@
  <<p1, 3>> :> Nil @@
  <<p2, 1>> :> Nil @@
  <<p2, 2>> :> Nil @@
  <<p2, 3>> :> Nil )
/\ nextGen = 4
/\ ui = 1
/\ acked = {<<p2, <<p2, 2>>>>}
/\ live = {<<p1, 1>>, <<p2, 2>>}
/\ entries = {}
/\ refused = {}

State 14: <Next line 805, col 9 to line 805, col 26 of module LeanCore>
/\ seq = 2
/\ removals = {}
/\ doc = (p1 :> <<p1, 1>> @@ p2 :> <<p2, 2>>)
/\ reqs = 0
/\ minted = {<<p1, 1>>, <<p2, 2>>, <<p2, 3>>}
/\ w = ( A :>
      [ st |-> "on",
        pc |-> "idle",
        local |-> (p1 :> <<p1, 1>> @@ p2 :> <<p2, 2>>),
        baseline |-> (p1 :> <<p1, 1>> @@ p2 :> <<p2, 2>>),
        instBase |-> (p1 :> <<p1, 1>> @@ p2 :> <<p2, 2>>),
        integrated |-> {1, 2},
        queue |-> {},
        consumed |-> {},
        declared |-> {},
        surfaced |-> {},
        uploads |-> {},
        deletes |-> {},
        snap |-> (p1 :> Nil @@ p2 :> Nil),
        upDone |-> {},
        gone |-> {},
        verified |-> FALSE,
        inst |-> (p1 :> <<p1, 1>> @@ p2 :> <<p2, 2>>),
        retire |-> {},
        collected |-> FALSE,
        seen |-> 2,
        jSeq |-> 2 ] @@
  B :>
      [ st |-> "on",
        pc |-> "scanned",
        local |-> (p1 :> <<p1, 1>> @@ p2 :> <<p2, 3>>),
        baseline |-> (p1 :> <<p1, 1>> @@ p2 :> Nil),
        instBase |-> (p1 :> <<p1, 1>> @@ p2 :> Nil),
        integrated |-> {1, 3},
        queue |-> {},
        consumed |-> {},
        declared |-> {},
        surfaced |-> {},
        uploads |-> {p2},
        deletes |-> {},
        snap |-> (p1 :> <<p1, 1>> @@ p2 :> <<p2, 3>>),
        upDone |-> {p2},
        gone |-> {},
        verified |-> FALSE,
        inst |-> (p1 :> <<p1, 1>> @@ p2 :> Nil),
        retire |-> {},
        collected |-> FALSE,
        seen |-> 1,
        jSeq |-> 0 ] )
/\ conflicts = {}
/\ tomb = (p1 :> Nil @@ p2 :> Nil)
/\ holder = "none"
/\ took = (A :> (p1 :> {1} @@ p2 :> {2}) @@ B :> (p1 :> {1} @@ p2 :> {3}))
/\ barriers = 2
/\ saw = {<<p2, <<p2, 2>>, Nil>>}
/\ base = ( <<p1, 1>> :> Nil @@
  <<p1, 2>> :> Nil @@
  <<p1, 3>> :> Nil @@
  <<p2, 1>> :> Nil @@
  <<p2, 2>> :> Nil @@
  <<p2, 3>> :> Nil )
/\ nextGen = 4
/\ ui = 1
/\ acked = {<<p2, <<p2, 2>>>>}
/\ live = {<<p1, 1>>, <<p2, 2>>, <<p2, 3>>}
/\ entries = {}
/\ refused = {}

State 15: <Next line 805, col 9 to line 805, col 26 of module LeanCore>
/\ seq = 2
/\ removals = {}
/\ doc = (p1 :> <<p1, 1>> @@ p2 :> <<p2, 2>>)
/\ reqs = 0
/\ minted = {<<p1, 1>>, <<p2, 2>>, <<p2, 3>>}
/\ w = ( A :>
      [ st |-> "on",
        pc |-> "idle",
        local |-> (p1 :> <<p1, 1>> @@ p2 :> <<p2, 2>>),
        baseline |-> (p1 :> <<p1, 1>> @@ p2 :> <<p2, 2>>),
        instBase |-> (p1 :> <<p1, 1>> @@ p2 :> <<p2, 2>>),
        integrated |-> {1, 2},
        queue |-> {},
        consumed |-> {},
        declared |-> {},
        surfaced |-> {},
        uploads |-> {},
        deletes |-> {},
        snap |-> (p1 :> Nil @@ p2 :> Nil),
        upDone |-> {},
        gone |-> {},
        verified |-> FALSE,
        inst |-> (p1 :> <<p1, 1>> @@ p2 :> <<p2, 2>>),
        retire |-> {},
        collected |-> FALSE,
        seen |-> 2,
        jSeq |-> 2 ] @@
  B :>
      [ st |-> "on",
        pc |-> "claimed",
        local |-> (p1 :> <<p1, 1>> @@ p2 :> <<p2, 3>>),
        baseline |-> (p1 :> <<p1, 1>> @@ p2 :> Nil),
        instBase |-> (p1 :> <<p1, 1>> @@ p2 :> Nil),
        integrated |-> {1, 3},
        queue |-> {},
        consumed |-> {},
        declared |-> {},
        surfaced |-> {},
        uploads |-> {p2},
        deletes |-> {},
        snap |-> (p1 :> <<p1, 1>> @@ p2 :> <<p2, 3>>),
        upDone |-> {p2},
        gone |-> {},
        verified |-> FALSE,
        inst |-> (p1 :> <<p1, 1>> @@ p2 :> Nil),
        retire |-> {},
        collected |-> FALSE,
        seen |-> 1,
        jSeq |-> 0 ] )
/\ conflicts = {}
/\ tomb = (p1 :> Nil @@ p2 :> Nil)
/\ holder = B
/\ took = (A :> (p1 :> {1} @@ p2 :> {2}) @@ B :> (p1 :> {1} @@ p2 :> {3}))
/\ barriers = 2
/\ saw = {<<p2, <<p2, 2>>, Nil>>}
/\ base = ( <<p1, 1>> :> Nil @@
  <<p1, 2>> :> Nil @@
  <<p1, 3>> :> Nil @@
  <<p2, 1>> :> Nil @@
  <<p2, 2>> :> Nil @@
  <<p2, 3>> :> Nil )
/\ nextGen = 4
/\ ui = 1
/\ acked = {<<p2, <<p2, 2>>>>}
/\ live = {<<p1, 1>>, <<p2, 2>>, <<p2, 3>>}
/\ entries = {}
/\ refused = {}

State 16: <Next line 805, col 9 to line 805, col 26 of module LeanCore>
/\ seq = 2
/\ removals = {}
/\ doc = (p1 :> <<p1, 1>> @@ p2 :> <<p2, 2>>)
/\ reqs = 0
/\ minted = {<<p1, 1>>, <<p2, 2>>, <<p2, 3>>}
/\ w = ( A :>
      [ st |-> "on",
        pc |-> "idle",
        local |-> (p1 :> <<p1, 1>> @@ p2 :> <<p2, 2>>),
        baseline |-> (p1 :> <<p1, 1>> @@ p2 :> <<p2, 2>>),
        instBase |-> (p1 :> <<p1, 1>> @@ p2 :> <<p2, 2>>),
        integrated |-> {1, 2},
        queue |-> {},
        consumed |-> {},
        declared |-> {},
        surfaced |-> {},
        uploads |-> {},
        deletes |-> {},
        snap |-> (p1 :> Nil @@ p2 :> Nil),
        upDone |-> {},
        gone |-> {},
        verified |-> FALSE,
        inst |-> (p1 :> <<p1, 1>> @@ p2 :> <<p2, 2>>),
        retire |-> {},
        collected |-> FALSE,
        seen |-> 2,
        jSeq |-> 2 ] @@
  B :>
      [ st |-> "on",
        pc |-> "claimed",
        local |-> (p1 :> <<p1, 1>> @@ p2 :> <<p2, 3>>),
        baseline |-> (p1 :> <<p1, 1>> @@ p2 :> Nil),
        instBase |-> (p1 :> <<p1, 1>> @@ p2 :> Nil),
        integrated |-> {1, 3},
        queue |-> {},
        consumed |-> {},
        declared |-> {},
        surfaced |-> {},
        uploads |-> {p2},
        deletes |-> {},
        snap |-> (p1 :> <<p1, 1>> @@ p2 :> <<p2, 3>>),
        upDone |-> {p2},
        gone |-> {},
        verified |-> TRUE,
        inst |-> (p1 :> <<p1, 1>> @@ p2 :> Nil),
        retire |-> {},
        collected |-> FALSE,
        seen |-> 1,
        jSeq |-> 0 ] )
/\ conflicts = {}
/\ tomb = (p1 :> Nil @@ p2 :> Nil)
/\ holder = B
/\ took = (A :> (p1 :> {1} @@ p2 :> {2}) @@ B :> (p1 :> {1} @@ p2 :> {3}))
/\ barriers = 2
/\ saw = {<<p2, <<p2, 2>>, Nil>>}
/\ base = ( <<p1, 1>> :> Nil @@
  <<p1, 2>> :> Nil @@
  <<p1, 3>> :> Nil @@
  <<p2, 1>> :> Nil @@
  <<p2, 2>> :> Nil @@
  <<p2, 3>> :> Nil )
/\ nextGen = 4
/\ ui = 1
/\ acked = {<<p2, <<p2, 2>>>>}
/\ live = {<<p1, 1>>, <<p2, 2>>, <<p2, 3>>}
/\ entries = {}
/\ refused = {}

State 17: <Next line 805, col 9 to line 805, col 26 of module LeanCore>
/\ seq = 3
/\ removals = {}
/\ doc = (p1 :> <<p1, 1>> @@ p2 :> <<p2, 3>>)
/\ reqs = 0
/\ minted = {<<p1, 1>>, <<p2, 2>>, <<p2, 3>>}
/\ w = ( A :>
      [ st |-> "on",
        pc |-> "idle",
        local |-> (p1 :> <<p1, 1>> @@ p2 :> <<p2, 2>>),
        baseline |-> (p1 :> <<p1, 1>> @@ p2 :> <<p2, 2>>),
        instBase |-> (p1 :> <<p1, 1>> @@ p2 :> <<p2, 2>>),
        integrated |-> {1, 2},
        queue |-> {},
        consumed |-> {},
        declared |-> {},
        surfaced |-> {},
        uploads |-> {},
        deletes |-> {},
        snap |-> (p1 :> Nil @@ p2 :> Nil),
        upDone |-> {},
        gone |-> {},
        verified |-> FALSE,
        inst |-> (p1 :> <<p1, 1>> @@ p2 :> <<p2, 2>>),
        retire |-> {},
        collected |-> FALSE,
        seen |-> 2,
        jSeq |-> 2 ] @@
  B :>
      [ st |-> "on",
        pc |-> "cased",
        local |-> (p1 :> <<p1, 1>> @@ p2 :> <<p2, 3>>),
        baseline |-> (p1 :> <<p1, 1>> @@ p2 :> Nil),
        instBase |-> (p1 :> <<p1, 1>> @@ p2 :> Nil),
        integrated |-> {1, 3},
        queue |-> {},
        consumed |-> {},
        declared |-> {},
        surfaced |-> {},
        uploads |-> {p2},
        deletes |-> {},
        snap |-> (p1 :> <<p1, 1>> @@ p2 :> <<p2, 3>>),
        upDone |-> {p2},
        gone |-> {},
        verified |-> TRUE,
        inst |-> (p1 :> <<p1, 1>> @@ p2 :> <<p2, 3>>),
        retire |-> {<<p2, 2>>},
        collected |-> FALSE,
        seen |-> 3,
        jSeq |-> 3 ] )
/\ conflicts = {}
/\ tomb = (p1 :> Nil @@ p2 :> Nil)
/\ holder = B
/\ took = (A :> (p1 :> {1} @@ p2 :> {2}) @@ B :> (p1 :> {1} @@ p2 :> {3}))
/\ barriers = 2
/\ saw = {<<p2, <<p2, 2>>, Nil>>}
/\ base = ( <<p1, 1>> :> Nil @@
  <<p1, 2>> :> Nil @@
  <<p1, 3>> :> Nil @@
  <<p2, 1>> :> Nil @@
  <<p2, 2>> :> Nil @@
  <<p2, 3>> :> Nil )
/\ nextGen = 4
/\ ui = 1
/\ acked = {<<p2, <<p2, 2>>>>}
/\ live = {<<p1, 1>>, <<p2, 2>>, <<p2, 3>>}
/\ entries = {}
/\ refused = {}

State 18: <Next line 805, col 9 to line 805, col 26 of module LeanCore>
/\ seq = 3
/\ removals = {}
/\ doc = (p1 :> <<p1, 1>> @@ p2 :> <<p2, 3>>)
/\ reqs = 0
/\ minted = {<<p1, 1>>, <<p2, 2>>, <<p2, 3>>}
/\ w = ( A :>
      [ st |-> "on",
        pc |-> "idle",
        local |-> (p1 :> <<p1, 1>> @@ p2 :> <<p2, 2>>),
        baseline |-> (p1 :> <<p1, 1>> @@ p2 :> <<p2, 2>>),
        instBase |-> (p1 :> <<p1, 1>> @@ p2 :> <<p2, 2>>),
        integrated |-> {1, 2},
        queue |-> {},
        consumed |-> {},
        declared |-> {},
        surfaced |-> {},
        uploads |-> {},
        deletes |-> {},
        snap |-> (p1 :> Nil @@ p2 :> Nil),
        upDone |-> {},
        gone |-> {},
        verified |-> FALSE,
        inst |-> (p1 :> <<p1, 1>> @@ p2 :> <<p2, 2>>),
        retire |-> {},
        collected |-> FALSE,
        seen |-> 2,
        jSeq |-> 2 ] @@
  B :>
      [ st |-> "on",
        pc |-> "cased",
        local |-> (p1 :> <<p1, 1>> @@ p2 :> <<p2, 3>>),
        baseline |-> (p1 :> <<p1, 1>> @@ p2 :> Nil),
        instBase |-> (p1 :> <<p1, 1>> @@ p2 :> Nil),
        integrated |-> {1, 3},
        queue |-> {},
        consumed |-> {},
        declared |-> {},
        surfaced |-> {},
        uploads |-> {p2},
        deletes |-> {},
        snap |-> (p1 :> <<p1, 1>> @@ p2 :> <<p2, 3>>),
        upDone |-> {p2},
        gone |-> {},
        verified |-> TRUE,
        inst |-> (p1 :> <<p1, 1>> @@ p2 :> <<p2, 3>>),
        retire |-> {},
        collected |-> TRUE,
        seen |-> 3,
        jSeq |-> 3 ] )
/\ conflicts = {}
/\ tomb = (p1 :> Nil @@ p2 :> Nil)
/\ holder = B
/\ took = (A :> (p1 :> {1} @@ p2 :> {2}) @@ B :> (p1 :> {1} @@ p2 :> {3}))
/\ barriers = 2
/\ saw = {<<p2, <<p2, 2>>, Nil>>}
/\ base = ( <<p1, 1>> :> Nil @@
  <<p1, 2>> :> Nil @@
  <<p1, 3>> :> Nil @@
  <<p2, 1>> :> Nil @@
  <<p2, 2>> :> Nil @@
  <<p2, 3>> :> Nil )
/\ nextGen = 4
/\ ui = 1
/\ acked = {<<p2, <<p2, 2>>>>}
/\ live = {<<p1, 1>>, <<p2, 3>>}
/\ entries = {}
/\ refused = {}

16525537 states generated, 6058688 distinct states found, 2011687 states left on queue.
The depth of the complete state graph search is 19.
The average outdegree of the complete state graph is 1 (minimum is 0, the maximum 14 and the 95th percentile is 4).
Finished in 02min 43s at (2026-09-25 00:38:02)
