
▶ host prerequisites
HugePages_Total:    1024
HugePages_Total:    1024
HugePages_Total:    1024

▶ helm install longhorn 1.13.0 (v2 engine, cpu mask 0x3, guaranteed v2 CPU 25%)
WARNING: Kubernetes configuration file is group-readable. This is insecure. Location: /Users/ddalton/.kube/bench3.yaml
WARNING: Kubernetes configuration file is world-readable. This is insecure. Location: /Users/ddalton/.kube/bench3.yaml
WARNING: Kubernetes configuration file is group-readable. This is insecure. Location: /Users/ddalton/.kube/bench3.yaml
WARNING: Kubernetes configuration file is world-readable. This is insecure. Location: /Users/ddalton/.kube/bench3.yaml
Release "longhorn" does not exist. Installing it now.
W1008 14:14:31.313909   61706 warnings.go:70] unrecognized format "int64"
W1008 14:14:31.400890   61706 warnings.go:70] unrecognized format "int64"
W1008 14:14:31.482309   61706 warnings.go:70] unrecognized format "int64"
W1008 14:14:31.486431   61706 warnings.go:70] unrecognized format "int64"
W1008 14:14:31.809996   61706 warnings.go:70] unrecognized format "int64"
W1008 14:14:31.922629   61706 warnings.go:70] unrecognized format "int64"
NAME: longhorn
LAST DEPLOYED: Thu Oct  8 14:14:22 2026
NAMESPACE: longhorn-system
STATUS: deployed
REVISION: 1
TEST SUITE: None
NOTES:
Longhorn is now installed on the cluster!

Please wait a few minutes for other Longhorn components such as CSI deployments, Engine Images, and Instance Managers to be initialized.

Visit our documentation at https://longhorn.io/docs/
pod/instance-manager-18166477a9400f99a87f0e6bae7d8f53 condition met
pod/instance-manager-8c8ab289e65a24bdfac462304436f324 condition met
pod/instance-manager-c078c5e04e4fb1e918653e884b361ce5 condition met
pod/instance-manager-d28d60f5bd7bc95af4c749f392356c9e condition met
pod/instance-manager-da166f97df28624a86414662c0e99399 condition met
pod/instance-manager-db9cc1a77142c6f63a94fab7e85fe781 condition met

▶ add each node's instance store as a block-type disk (driver auto)
node.longhorn.io/bench3-aws-1 patched
node.longhorn.io/bench3-aws-2 patched
node.longhorn.io/bench3-cp-1 patched
bench3-aws-1 driver=nvme {'Ready': 'True Disk bench-nvme(0000:00:1f.0) on node bench3-aws-1 is ready', 'Schedulable': 'True Disk bench-nvme(0000:00:1f.0) on node bench3-aws-1 is schedulable'}
bench3-aws-2 driver=nvme {'Ready': 'True Disk bench-nvme(0000:00:1f.0) on node bench3-aws-2 is ready', 'Schedulable': 'True Disk bench-nvme(0000:00:1f.0) on node bench3-aws-2 is schedulable'}
bench3-cp-1 driver=nvme {'Ready': 'True Disk bench-nvme(0000:00:1f.0) on node bench3-cp-1 is ready', 'Schedulable': 'True Disk bench-nvme(0000:00:1f.0) on node bench3-cp-1 is schedulable'}
storageclass.storage.k8s.io/longhorn-v2-bench-r1 created
storageclass.storage.k8s.io/longhorn-v2-bench-r3 created
