t states found (1,796,476 ds/min), 72,913,181 states left on queue.
Progress(21) at 2026-09-25 07:10:20: 977,667,873 states generated (6,923,855 s/min), 245,333,818 distinct states found (1,682,892 ds/min), 73,348,213 states left on queue.
Progress(21) at 2026-09-25 07:11:20: 984,351,367 states generated (6,683,494 s/min), 247,009,680 distinct states found (1,675,862 ds/min), 73,737,179 states left on queue.
Progress(21) at 2026-09-25 07:12:20: 990,904,756 states generated (6,553,389 s/min), 248,561,881 distinct states found (1,552,201 ds/min), 74,047,042 states left on queue.
Progress(21) at 2026-09-25 07:13:20: 997,777,422 states generated (6,872,666 s/min), 250,294,734 distinct states found (1,732,853 ds/min), 74,506,188 states left on queue.
Progress(21) at 2026-09-25 07:14:20: 1,004,883,196 states generated (7,105,774 s/min), 252,143,998 distinct states found (1,849,264 ds/min), 75,067,221 states left on queue.
Progress(21) at 2026-09-25 07:15:20: 1,012,051,850 states generated (7,168,654 s/min), 253,978,522 distinct states found (1,834,524 ds/min), 75,481,078 states left on queue.
Progress(21) at 2026-09-25 07:16:20: 1,018,288,997 states generated (6,237,147 s/min), 255,363,479 distinct states found (1,384,957 ds/min), 75,597,201 states left on queue.
Progress(21) at 2026-09-25 07:17:20: 1,024,897,653 states generated (6,608,656 s/min), 256,752,564 distinct states found (1,389,085 ds/min), 75,830,304 states left on queue.
Progress(21) at 2026-09-25 07:18:20: 1,032,361,383 states generated (7,463,730 s/min), 258,719,128 distinct states found (1,966,564 ds/min), 76,416,458 states left on queue.
Progress(21) at 2026-09-25 07:19:20: 1,039,371,937 states generated (7,010,554 s/min), 260,674,766 distinct states found (1,955,638 ds/min), 77,010,214 states left on queue.
Progress(21) at 2026-09-25 07:20:20: 1,045,949,494 states generated (6,577,557 s/min), 262,316,088 distinct states found (1,641,322 ds/min), 77,366,805 states left on queue.
Progress(21) at 2026-09-25 07:21:20: 1,052,456,566 states generated (6,507,072 s/min), 263,846,346 distinct states found (1,530,258 ds/min), 77,690,560 states left on queue.
Progress(21) at 2026-09-25 07:22:20: 1,059,420,159 states generated (6,963,593 s/min), 265,596,432 distinct states found (1,750,086 ds/min), 78,090,470 states left on queue.
Progress(21) at 2026-09-25 07:23:20: 1,066,045,528 states generated (6,625,369 s/min), 267,284,363 distinct states found (1,687,931 ds/min), 78,464,332 states left on queue.
Progress(21) at 2026-09-25 07:24:20: 1,071,556,245 states generated (5,510,717 s/min), 268,608,462 distinct states found (1,324,099 ds/min), 78,735,679 states left on queue.
Progress(21) at 2026-09-25 07:25:20: 1,075,273,043 states generated (3,716,798 s/min), 269,362,786 distinct states found (754,324 ds/min), 78,851,585 states left on queue.
Progress(21) at 2026-09-25 07:26:20: 1,081,870,843 states generated (6,597,800 s/min), 270,742,632 distinct states found (1,379,846 ds/min), 78,988,567 states left on queue.
Progress(21) at 2026-09-25 07:27:20: 1,088,413,296 states generated (6,542,453 s/min), 272,257,014 distinct states found (1,514,382 ds/min), 79,175,595 states left on queue.
Progress(21) at 2026-09-25 07:28:20: 1,093,688,456 states generated (5,275,160 s/min), 273,551,676 distinct states found (1,294,662 ds/min), 79,527,651 states left on queue.
Progress(21) at 2026-09-25 07:29:20: 1,100,850,206 states generated (7,161,750 s/min), 275,384,009 distinct states found (1,832,333 ds/min), 79,991,957 states left on queue.
Progress(21) at 2026-09-25 07:30:20: 1,107,541,251 states generated (6,691,045 s/min), 276,788,958 distinct states found (1,404,949 ds/min), 80,094,685 states left on queue.
Progress(21) at 2026-09-25 07:31:20: 1,112,655,430 states generated (5,114,179 s/min), 278,052,562 distinct states found (1,263,604 ds/min), 80,422,464 states left on queue.
Progress(21) at 2026-09-25 07:32:20: 1,118,002,589 states generated (5,347,159 s/min), 279,294,091 distinct states found (1,241,529 ds/min), 80,694,179 states left on queue.
Progress(21) at 2026-09-25 07:33:20: 1,125,123,331 states generated (7,120,742 s/min), 280,954,812 distinct states found (1,660,721 ds/min), 81,081,258 states left on queue.
Progress(21) at 2026-09-25 07:34:20: 1,132,529,079 states generated (7,405,748 s/min), 282,780,919 distinct states found (1,826,107 ds/min), 81,542,804 states left on queue.
Progress(21) at 2026-09-25 07:35:20: 1,139,817,851 states generated (7,288,772 s/min), 284,588,848 distinct states found (1,807,929 ds/min), 81,975,088 states left on queue.
Progress(21) at 2026-09-25 07:36:20: 1,147,435,937 states generated (7,618,086 s/min), 286,536,215 distinct states found (1,947,367 ds/min), 82,531,875 states left on queue.
Progress(22) at 2026-09-25 07:37:20: 1,154,547,043 states generated (7,111,106 s/min), 288,322,209 distinct states found (1,785,994 ds/min), 82,902,919 states left on queue.
Progress(22) at 2026-09-25 07:38:20: 1,161,038,967 states generated (6,491,924 s/min), 290,009,588 distinct states found (1,687,379 ds/min), 83,220,538 states left on queue.
Checkpointing of run /mnt/nvme/tlc-patches/LeanImmutableRepairOverridesUI/26-09-25-04-09-07
Checkpointing completed at (2026-09-25 07:39:23)
Progress(22) at 2026-09-25 07:39:23: 1,168,385,208 states generated (7,346,241 s/min), 291,919,939 distinct states found (1,910,351 ds/min), 83,701,278 states left on queue.
Progress(22) at 2026-09-25 07:40:23: 1,174,836,137 states generated (6,450,929 s/min), 293,593,330 distinct states found (1,673,391 ds/min), 84,054,196 states left on queue.
Progress(22) at 2026-09-25 07:41:23: 1,181,282,722 states generated (6,446,585 s/min), 295,176,022 distinct states found (1,582,692 ds/min), 84,352,548 states left on queue.
Progress(22) at 2026-09-25 07:42:23: 1,187,739,454 states generated (6,456,732 s/min), 296,800,734 distinct states found (1,624,712 ds/min), 84,685,293 states left on queue.
Progress(22) at 2026-09-25 07:43:23: 1,194,212,138 states generated (6,472,684 s/min), 298,259,041 distinct states found (1,458,307 ds/min), 84,848,543 states left on queue.
Progress(22) at 2026-09-25 07:44:23: 1,201,222,648 states generated (7,010,510 s/min), 300,123,060 distinct states found (1,864,019 ds/min), 85,381,197 states left on queue.
Progress(22) at 2026-09-25 07:45:23: 1,207,846,125 states generated (6,623,477 s/min), 301,814,078 distinct states found (1,691,018 ds/min), 85,728,700 states left on queue.
Progress(22) at 2026-09-25 07:46:23: 1,214,443,552 states generated (6,597,427 s/min), 303,370,831 distinct states found (1,556,753 ds/min), 85,998,538 states left on queue.
Progress(22) at 2026-09-25 07:47:23: 1,220,926,175 states generated (6,482,623 s/min), 304,901,765 distinct states found (1,530,934 ds/min), 86,195,106 states left on queue.
Progress(22) at 2026-09-25 07:48:23: 1,227,627,701 states generated (6,701,526 s/min), 306,584,264 distinct states found (1,682,499 ds/min), 86,511,743 states left on queue.
Progress(22) at 2026-09-25 07:49:23: 1,234,671,442 states generated (7,043,741 s/min), 308,023,558 distinct states found (1,439,294 ds/min), 86,536,869 states left on queue.
Progress(22) at 2026-09-25 07:50:23: 1,241,300,210 states generated (6,628,768 s/min), 309,422,651 distinct states found (1,399,093 ds/min), 86,663,427 states left on queue.
Progress(22) at 2026-09-25 07:51:23: 1,248,088,529 states generated (6,788,319 s/min), 311,105,207 distinct states found (1,682,556 ds/min), 87,073,821 states left on queue.
Progress(22) at 2026-09-25 07:52:23: 1,255,283,411 states generated (7,194,882 s/min), 313,021,973 distinct states found (1,916,766 ds/min), 87,644,637 states left on queue.
Progress(22) at 2026-09-25 07:53:23: 1,262,046,686 states generated (6,763,275 s/min), 314,668,890 distinct states found (1,646,917 ds/min), 87,969,486 states left on queue.
Progress(22) at 2026-09-25 07:54:23: 1,269,182,748 states generated (7,136,062 s/min), 316,571,893 distinct states found (1,903,003 ds/min), 88,483,817 states left on queue.
Progress(22) at 2026-09-25 07:55:23: 1,276,688,678 states generated (7,505,930 s/min), 318,448,238 distinct states found (1,876,345 ds/min), 89,035,070 states left on queue.
Progress(22) at 2026-09-25 07:56:23: 1,283,611,843 states generated (6,923,165 s/min), 320,161,649 distinct states found (1,713,411 ds/min), 89,394,823 states left on queue.
Progress(22) at 2026-09-25 07:57:23: 1,290,622,545 states generated (7,010,702 s/min), 321,959,537 distinct states found (1,797,888 ds/min), 89,856,351 states left on queue.
Progress(22) at 2026-09-25 07:58:23: 1,297,424,854 states generated (6,802,309 s/min), 323,675,256 distinct states found (1,715,719 ds/min), 90,190,154 states left on queue.
Progress(22) at 2026-09-25 07:59:23: 1,304,460,391 states generated (7,035,537 s/min), 325,081,164 distinct states found (1,405,908 ds/min), 90,247,887 states left on queue.
Progress(22) at 2026-09-25 08:00:23: 1,311,197,947 states generated (6,737,556 s/min), 326,553,440 distinct states found (1,472,276 ds/min), 90,333,078 states left on queue.
Progress(22) at 2026-09-25 08:01:23: 1,317,329,503 states generated (6,131,556 s/min), 327,966,067 distinct states found (1,412,627 ds/min), 90,360,911 states left on queue.
Progress(22) at 2026-09-25 08:02:23: 1,324,200,626 states generated (6,871,123 s/min), 329,653,496 distinct states found (1,687,429 ds/min), 90,716,126 states left on queue.
Progress(22) at 2026-09-25 08:03:23: 1,331,516,874 states generated (7,316,248 s/min), 331,467,842 distinct states found (1,814,346 ds/min), 91,287,053 states left on queue.
Progress(22) at 2026-09-25 08:04:23: 1,338,888,951 states generated (7,372,077 s/min), 333,389,899 distinct states found (1,922,057 ds/min), 91,937,223 states left on queue.
Progress(22) at 2026-09-25 08:05:23: 1,345,450,466 states generated (6,561,515 s/min), 335,130,353 distinct states found (1,740,454 ds/min), 92,425,649 states left on queue.
Progress(22) at 2026-09-25 08:06:23: 1,348,990,945 states generated (3,540,479 s/min), 335,986,796 distinct states found (856,443 ds/min), 92,588,518 states left on queue.
Progress(22) at 2026-09-25 08:07:23: 1,354,563,777 states generated (5,572,832 s/min), 337,438,325 distinct states found (1,451,529 ds/min), 93,007,206 states left on queue.
Progress(22) at 2026-09-25 08:08:23: 1,361,084,508 states generated (6,520,731 s/min), 338,836,209 distinct states found (1,397,884 ds/min), 93,163,446 states left on queue.
Checkpointing of run /mnt/nvme/tlc-patches/LeanImmutableRepairOverridesUI/26-09-25-04-09-07
Checkpointing completed at (2026-09-25 08:09:26)
Progress(22) at 2026-09-25 08:09:26: 1,368,317,164 states generated (7,232,656 s/min), 340,743,012 distinct states found (1,906,803 ds/min), 93,640,386 states left on queue.
Progress(22) at 2026-09-25 08:10:26: 1,375,020,038 states generated (6,702,874 s/min), 342,297,069 distinct states found (1,554,057 ds/min), 93,859,620 states left on queue.
Progress(22) at 2026-09-25 08:11:26: 1,382,044,734 states generated (7,024,696 s/min), 343,955,019 distinct states found (1,657,950 ds/min), 94,227,311 states left on queue.
Progress(22) at 2026-09-25 08:12:26: 1,389,104,393 states generated (7,059,659 s/min), 345,745,310 distinct states found (1,790,291 ds/min), 94,692,815 states left on queue.
Progress(22) at 2026-09-25 08:13:26: 1,396,322,588 states generated (7,218,195 s/min), 347,712,032 distinct states found (1,966,722 ds/min), 95,277,881 states left on queue.
Progress(22) at 2026-09-25 08:14:26: 1,403,278,220 states generated (6,955,632 s/min), 349,474,319 distinct states found (1,762,287 ds/min), 95,651,442 states left on queue.
Progress(22) at 2026-09-25 08:15:26: 1,409,897,284 states generated (6,619,064 s/min), 350,933,728 distinct states found (1,459,409 ds/min), 95,670,815 states left on queue.
Progress(22) at 2026-09-25 08:16:26: 1,416,705,722 states generated (6,808,438 s/min), 352,382,346 distinct states found (1,448,618 ds/min), 95,823,014 states left on queue.
Progress(22) at 2026-09-25 08:17:26: 1,423,795,095 states generated (7,089,373 s/min), 354,061,249 distinct states found (1,678,903 ds/min), 96,240,168 states left on queue.
Progress(22) at 2026-09-25 08:18:26: 1,430,786,420 states generated (6,991,325 s/min), 355,940,845 distinct states found (1,879,596 ds/min), 96,817,588 states left on queue.
Progress(22) at 2026-09-25 08:19:26: 1,437,851,853 states generated (7,065,433 s/min), 357,843,194 distinct states found (1,902,349 ds/min), 97,364,053 states left on queue.
Progress(22) at 2026-09-25 08:20:26: 1,444,647,415 states generated (6,795,562 s/min), 359,585,671 distinct states found (1,742,477 ds/min), 97,735,329 states left on queue.
Progress(22) at 2026-09-25 08:21:26: 1,451,206,111 states generated (6,558,696 s/min), 361,023,570 distinct states found (1,437,899 ds/min), 97,874,199 states left on queue.
Progress(22) at 2026-09-25 08:22:26: 1,458,267,683 states generated (7,061,572 s/min), 362,721,269 distinct states found (1,697,699 ds/min), 98,235,916 states left on queue.
Progress(22) at 2026-09-25 08:23:26: 1,464,948,371 states generated (6,680,688 s/min), 364,491,804 distinct states found (1,770,535 ds/min), 98,669,172 states left on queue.
Progress(22) at 2026-09-25 08:24:26: 1,472,026,312 states generated (7,077,941 s/min), 366,294,657 distinct states found (1,802,853 ds/min), 99,060,065 states left on queue.
Progress(22) at 2026-09-25 08:25:26: 1,478,924,127 states generated (6,897,815 s/min), 367,946,705 distinct states found (1,652,048 ds/min), 99,342,595 states left on queue.
Progress(22) at 2026-09-25 08:26:26: 1,486,117,483 states generated (7,193,356 s/min), 369,341,228 distinct states found (1,394,523 ds/min), 99,400,625 states left on queue.
Progress(22) at 2026-09-25 08:27:26: 1,492,700,352 states generated (6,582,869 s/min), 370,825,436 distinct states found (1,484,208 ds/min), 99,378,859 states left on queue.
Progress(22) at 2026-09-25 08:28:26: 1,499,462,215 states generated (6,761,863 s/min), 372,454,722 distinct states found (1,629,286 ds/min), 99,776,485 states left on queue.
Progress(22) at 2026-09-25 08:29:26: 1,506,575,030 states generated (7,112,815 s/min), 374,196,001 distinct states found (1,741,279 ds/min), 100,165,151 states left on queue.
Progress(22) at 2026-09-25 08:30:26: 1,513,674,237 states generated (7,099,207 s/min), 376,046,632 distinct states found (1,850,631 ds/min), 100,651,727 states left on queue.
Progress(22) at 2026-09-25 08:31:26: 1,520,377,680 states generated (6,703,443 s/min), 377,436,450 distinct states found (1,389,818 ds/min), 100,612,036 states left on queue.
Progress(22) at 2026-09-25 08:32:26: 1,527,377,258 states generated (6,999,578 s/min), 379,164,243 distinct states found (1,727,793 ds/min), 101,067,975 states left on queue.
Progress(22) at 2026-09-25 08:33:26: 1,534,020,271 states generated (6,643,013 s/min), 380,693,886 distinct states found (1,529,643 ds/min), 101,352,048 states left on queue.
Progress(22) at 2026-09-25 08:34:26: 1,540,787,757 states generated (6,767,486 s/min), 382,186,420 distinct states found (1,492,534 ds/min), 101,599,283 states left on queue.
Progress(22) at 2026-09-25 08:35:26: 1,547,920,644 states generated (7,132,887 s/min), 384,000,246 distinct states found (1,813,826 ds/min), 102,137,168 states left on queue.
Progress(22) at 2026-09-25 08:36:26: 1,554,819,468 states generated (6,898,824 s/min), 385,728,088 distinct states found (1,727,842 ds/min), 102,522,926 states left on queue.
Progress(22) at 2026-09-25 08:37:26: 1,561,782,482 states generated (6,963,014 s/min), 387,461,289 distinct states found (1,733,201 ds/min), 102,947,969 states left on queue.
Progress(22) at 2026-09-25 08:38:26: 1,568,845,492 states generated (7,063,010 s/min), 389,201,995 distinct states found (1,740,706 ds/min), 103,396,318 states left on queue.
Checkpointing of run /mnt/nvme/tlc-patches/LeanImmutableRepairOverridesUI/26-09-25-04-09-07
Checkpointing completed at (2026-09-25 08:39:29)
Progress(22) at 2026-09-25 08:39:29: 1,576,334,844 states generated (7,489,352 s/min), 391,084,564 distinct states found (1,882,569 ds/min), 103,915,687 states left on queue.
Progress(23) at 2026-09-25 08:40:29: 1,582,744,173 states generated (6,409,329 s/min), 392,686,380 distinct states found (1,601,816 ds/min), 104,108,560 states left on queue.
Progress(23) at 2026-09-25 08:41:29: 1,589,196,111 states generated (6,451,938 s/min), 394,333,324 distinct states found (1,646,944 ds/min), 104,413,655 states left on queue.
Progress(23) at 2026-09-25 08:42:29: 1,595,937,416 states generated (6,741,305 s/min), 396,045,672 distinct states found (1,712,348 ds/min), 104,804,020 states left on queue.
Progress(23) at 2026-09-25 08:43:29: 1,602,927,875 states generated (6,990,459 s/min), 397,810,917 distinct states found (1,765,245 ds/min), 105,240,909 states left on queue.
Progress(23) at 2026-09-25 08:44:29: 1,609,488,715 states generated (6,560,840 s/min), 399,491,435 distinct states found (1,680,518 ds/min), 105,523,310 states left on queue.
Progress(23) at 2026-09-25 08:45:29: 1,615,726,634 states generated (6,237,919 s/min), 401,006,590 distinct states found (1,515,155 ds/min), 105,739,997 states left on queue.
Progress(23) at 2026-09-25 08:46:29: 1,622,196,108 states generated (6,469,474 s/min), 402,580,467 distinct states found (1,573,877 ds/min), 105,990,594 states left on queue.
Progress(23) at 2026-09-25 08:47:29: 1,628,631,963 states generated (6,435,855 s/min), 404,089,370 distinct states found (1,508,903 ds/min), 106,118,319 states left on queue.
Progress(23) at 2026-09-25 08:48:29: 1,635,167,447 states generated (6,535,484 s/min), 405,674,267 distinct states found (1,584,897 ds/min), 106,400,399 states left on queue.
Progress(23) at 2026-09-25 08:49:29: 1,642,246,821 states generated (7,079,374 s/min), 407,567,821 distinct states found (1,893,554 ds/min), 106,946,530 states left on queue.
Progress(23) at 2026-09-25 08:50:29: 1,648,509,843 states generated (6,263,022 s/min), 409,122,512 distinct states found (1,554,691 ds/min), 107,197,014 states left on queue.
Progress(23) at 2026-09-25 08:51:29: 1,655,283,537 states generated (6,773,694 s/min), 410,692,545 distinct states found (1,570,033 ds/min), 107,389,737 states left on queue.
Progress(23) at 2026-09-25 08:52:29: 1,661,919,753 states generated (6,636,216 s/min), 412,233,071 distinct states found (1,540,526 ds/min), 107,532,821 states left on queue.
Progress(23) at 2026-09-25 08:53:29: 1,668,327,255 states generated (6,407,502 s/min), 413,850,135 distinct states found (1,617,064 ds/min), 107,900,090 states left on queue.
Progress(23) at 2026-09-25 08:54:29: 1,674,833,081 states generated (6,505,826 s/min), 415,336,632 distinct states found (1,486,497 ds/min), 107,936,489 states left on queue.
Progress(23) at 2026-09-25 08:55:29: 1,681,362,650 states generated (6,529,569 s/min), 416,728,067 distinct states found (1,391,435 ds/min), 108,016,848 states left on queue.
Progress(23) at 2026-09-25 08:56:29: 1,688,000,442 states generated (6,637,792 s/min), 418,226,837 distinct states found (1,498,770 ds/min), 108,193,084 states left on queue.
Progress(23) at 2026-09-25 08:57:29: 1,695,242,777 states generated (7,242,335 s/min), 420,050,026 distinct states found (1,823,189 ds/min), 108,617,406 states left on queue.
Progress(23) at 2026-09-25 08:58:29: 1,702,367,727 states generated (7,124,950 s/min), 421,887,408 distinct states found (1,837,382 ds/min), 109,126,454 states left on queue.
Progress(23) at 2026-09-25 08:59:29: 1,709,222,353 states generated (6,854,626 s/min), 423,609,059 distinct states found (1,721,651 ds/min), 109,480,926 states left on queue.
Progress(23) at 2026-09-25 09:00:29: 1,716,217,762 states generated (6,995,409 s/min), 425,284,770 distinct states found (1,675,711 ds/min), 109,811,527 states left on queue.
Progress(23) at 2026-09-25 09:01:29: 1,722,921,048 states generated (6,703,286 s/min), 427,042,669 distinct states found (1,757,899 ds/min), 110,304,799 states left on queue.
