TLC2 Version 2.19 of 08 August 2024 (rev: 5a47802)
Running breadth-first search Model-Checking with fp 89 and seed 8812281997251971853 with 6 workers on 8 cores with 14564MB heap and 64MB offheap memory [pid: 146584] (Linux 6.12.0-061200-generic amd64, Ubuntu 21.0.11 x86_64, MSBDiskFPSet, DiskStateQueue).
Parsing file /home/ddalton/lean-patches-2026-09-24/LeanSubtree.tla
Parsing file /tmp/Naturals.tla
Parsing file /tmp/FiniteSets.tla
Parsing file /tmp/Sequences.tla
Parsing file /tmp/TLC.tla
Semantic processing of module Naturals
Semantic processing of module Sequences
Semantic processing of module FiniteSets
Semantic processing of module TLC
Semantic processing of module LeanSubtree
Starting... (2026-09-25 03:51:18)
Computing initial states...
Finished computing initial states: 1 distinct state generated at 2026-09-25 03:51:18.
Progress(14) at 2026-09-25 03:51:21: 160,234 states generated (160,234 s/min), 52,851 distinct states found (52,851 ds/min), 24,893 states left on queue.
Progress(21) at 2026-09-25 03:52:21: 6,603,334 states generated (6,443,100 s/min), 2,154,762 distinct states found (2,101,911 ds/min), 720,893 states left on queue.
Progress(23) at 2026-09-25 03:53:21: 13,083,416 states generated (6,480,082 s/min), 4,199,902 distinct states found (2,045,140 ds/min), 1,195,848 states left on queue.
Progress(24) at 2026-09-25 03:54:21: 19,135,044 states generated (6,051,628 s/min), 6,056,127 distinct states found (1,856,225 ds/min), 1,524,030 states left on queue.
Progress(24) at 2026-09-25 03:55:21: 24,878,045 states generated (5,743,001 s/min), 7,786,162 distinct states found (1,730,035 ds/min), 1,746,863 states left on queue.
Progress(25) at 2026-09-25 03:56:21: 30,344,495 states generated (5,466,450 s/min), 9,444,911 distinct states found (1,658,749 ds/min), 1,870,871 states left on queue.
Progress(25) at 2026-09-25 03:57:21: 35,682,652 states generated (5,338,157 s/min), 11,093,712 distinct states found (1,648,801 ds/min), 1,918,679 states left on queue.
Progress(26) at 2026-09-25 03:58:21: 41,319,202 states generated (5,636,550 s/min), 12,846,867 distinct states found (1,753,155 ds/min), 1,816,128 states left on queue.
Progress(27) at 2026-09-25 03:59:21: 46,698,610 states generated (5,379,408 s/min), 14,491,038 distinct states found (1,644,171 ds/min), 1,552,227 states left on queue.
Progress(29) at 2026-09-25 04:00:21: 51,620,303 states generated (4,921,693 s/min), 15,977,111 distinct states found (1,486,073 ds/min), 1,168,207 states left on queue.
Progress(31) at 2026-09-25 04:01:21: 56,345,024 states generated (4,724,721 s/min), 17,379,922 distinct states found (1,402,811 ds/min), 393,524 states left on queue.
Model checking completed. No error has been found.
  Estimates of the probability that TLC did not check all reachable states
  because two distinct states had the same fingerprint:
  calculated (optimistic):  val = 3.8E-5
  based on the actual fingerprints:  val = 1.1E-5
57162161 states generated, 17580288 distinct states found, 0 states left on queue.
The depth of the complete state graph search is 35.
The average outdegree of the complete state graph is 1 (minimum is 0, the maximum 10 and the 95th percentile is 3).
Finished in 10min 15s at (2026-09-25 04:01:34)
