TLC2 Version 2.19 of 08 August 2024 (rev: 5a47802)
Running breadth-first search Model-Checking with fp 4 and seed -4542470041819607472 with 6 workers on 8 cores with 14564MB heap and 64MB offheap memory [pid: 142815] (Linux 6.12.0-061200-generic amd64, Ubuntu 21.0.11 x86_64, MSBDiskFPSet, DiskStateQueue).
Parsing file /home/ddalton/lean-patches-2026-09-24/LeanRefine.tla
Parsing file /home/ddalton/lean-patches-2026-09-24/LeanSubtree.tla
Parsing file /tmp/Naturals.tla
Parsing file /tmp/FiniteSets.tla
Parsing file /tmp/Sequences.tla
Parsing file /tmp/TLC.tla
Parsing file /home/ddalton/lean-patches-2026-09-24/LeanCore.tla
Semantic processing of module Naturals
Semantic processing of module Sequences
Semantic processing of module FiniteSets
Semantic processing of module TLC
Semantic processing of module LeanSubtree
Semantic processing of module LeanCore
Semantic processing of module LeanRefine
Starting... (2026-09-25 03:34:44)
Computing initial states...
Finished computing initial states: 1 distinct state generated at 2026-09-25 03:34:44.
Progress(15) at 2026-09-25 03:34:47: 20,284 states generated (20,284 s/min), 7,952 distinct states found (7,952 ds/min), 3,010 states left on queue.
Progress(24) at 2026-09-25 03:35:47: 651,602 states generated (631,318 s/min), 236,318 distinct states found (228,366 ds/min), 50,007 states left on queue.
Progress(28) at 2026-09-25 03:36:47: 1,258,969 states generated (607,367 s/min), 432,828 distinct states found (196,510 ds/min), 41,492 states left on queue.
Model checking completed. No error has been found.
  Estimates of the probability that TLC did not check all reachable states
  because two distinct states had the same fingerprint:
  calculated (optimistic):  val = 3.8E-8
  based on the actual fingerprints:  val = 1.0E-8
1768710 states generated, 606916 distinct states found, 0 states left on queue.
The depth of the complete state graph search is 40.
The average outdegree of the complete state graph is 1 (minimum is 0, the maximum 6 and the 95th percentile is 2).
Finished in 02min 57s at (2026-09-25 03:37:41)
