TLC2 Version 2.19 of 08 August 2024 (rev: 5a47802)
Running breadth-first search Model-Checking with fp 38 and seed 5072621004863194447 with 6 workers on 8 cores with 14564MB heap and 64MB offheap memory [pid: 149733] (Linux 6.12.0-061200-generic amd64, Ubuntu 21.0.11 x86_64, MSBDiskFPSet, DiskStateQueue).
Parsing file /home/ddalton/lean-patches-2026-09-24/LeanSubtree.tla
Parsing file /tmp/Naturals.tla
Parsing file /tmp/FiniteSets.tla
Parsing file /tmp/Sequences.tla
Parsing file /tmp/TLC.tla
Semantic processing of module Naturals
Semantic processing of module Sequences
Semantic processing of module FiniteSets
Semantic processing of module TLC
Semantic processing of module LeanSubtree
Starting... (2026-09-25 04:05:34)
Computing initial states...
Finished computing initial states: 1 distinct state generated at 2026-09-25 04:05:34.
Progress(17) at 2026-09-25 04:05:37: 127,471 states generated (127,471 s/min), 39,316 distinct states found (39,316 ds/min), 13,444 states left on queue.
Progress(34) at 2026-09-25 04:06:37: 5,961,048 states generated (5,833,577 s/min), 1,696,423 distinct states found (1,657,107 ds/min), 168,790 states left on queue.
Model checking completed. No error has been found.
  Estimates of the probability that TLC did not check all reachable states
  because two distinct states had the same fingerprint:
  calculated (optimistic):  val = 8.6E-7
  based on the actual fingerprints:  val = 4.1E-7
8797830 states generated, 2522269 distinct states found, 0 states left on queue.
The depth of the complete state graph search is 48.
The average outdegree of the complete state graph is 1 (minimum is 0, the maximum 7 and the 95th percentile is 3).
Finished in 01min 34s at (2026-09-25 04:07:07)
