TLC2 Version 2.19 of 08 August 2024 (rev: 5a47802)
Running breadth-first search Model-Checking with fp 112 and seed 8214397536669237523 with 6 workers on 8 cores with 14564MB heap and 64MB offheap memory [pid: 148587] (Linux 6.12.0-061200-generic amd64, Ubuntu 21.0.11 x86_64, MSBDiskFPSet, DiskStateQueue).
Parsing file /home/ddalton/lean-patches-2026-09-24/LeanSubtree.tla
Parsing file /tmp/Naturals.tla
Parsing file /tmp/FiniteSets.tla
Parsing file /tmp/Sequences.tla
Parsing file /tmp/TLC.tla
Semantic processing of module Naturals
Semantic processing of module Sequences
Semantic processing of module FiniteSets
Semantic processing of module TLC
Semantic processing of module LeanSubtree
Starting... (2026-09-25 04:01:35)
Computing initial states...
Finished computing initial states: 1 distinct state generated at 2026-09-25 04:01:35.
Progress(22) at 2026-09-25 04:01:38: 165,134 states generated (165,134 s/min), 55,621 distinct states found (55,621 ds/min), 10,381 states left on queue.
Model checking completed. No error has been found.
  Estimates of the probability that TLC did not check all reachable states
  because two distinct states had the same fingerprint:
  calculated (optimistic):  val = 2.3E-9
  based on the actual fingerprints:  val = 2.9E-10
441671 states generated, 139912 distinct states found, 0 states left on queue.
The depth of the complete state graph search is 38.
The average outdegree of the complete state graph is 1 (minimum is 0, the maximum 6 and the 95th percentile is 3).
Finished in 07s at (2026-09-25 04:01:42)
