TLC2 Version 2.19 of 08 August 2024 (rev: 5a47802)
Running breadth-first search Model-Checking with fp 19 and seed 1719704483492038736 with 6 workers on 8 cores with 14564MB heap and 64MB offheap memory [pid: 143731] (Linux 6.12.0-061200-generic amd64, Ubuntu 21.0.11 x86_64, MSBDiskFPSet, DiskStateQueue).
Parsing file /home/ddalton/lean-patches-2026-09-24/LeanRefine.tla
Parsing file /home/ddalton/lean-patches-2026-09-24/LeanSubtree.tla
Parsing file /tmp/Naturals.tla
Parsing file /tmp/FiniteSets.tla
Parsing file /tmp/Sequences.tla
Parsing file /tmp/TLC.tla
Parsing file /home/ddalton/lean-patches-2026-09-24/LeanCore.tla
Semantic processing of module Naturals
Semantic processing of module Sequences
Semantic processing of module FiniteSets
Semantic processing of module TLC
Semantic processing of module LeanSubtree
Semantic processing of module LeanCore
Semantic processing of module LeanRefine
Starting... (2026-09-25 03:37:42)
Computing initial states...
Finished computing initial states: 1 distinct state generated at 2026-09-25 03:37:42.
Progress(12) at 2026-09-25 03:37:45: 12,600 states generated (12,600 s/min), 4,355 distinct states found (4,355 ds/min), 2,029 states left on queue.
Progress(19) at 2026-09-25 03:38:45: 453,255 states generated (440,655 s/min), 134,771 distinct states found (130,416 ds/min), 46,872 states left on queue.
Progress(20) at 2026-09-25 03:39:45: 914,952 states generated (461,697 s/min), 271,393 distinct states found (136,622 ds/min), 78,702 states left on queue.
Progress(22) at 2026-09-25 03:40:45: 1,380,941 states generated (465,989 s/min), 414,694 distinct states found (143,301 ds/min), 105,160 states left on queue.
Progress(23) at 2026-09-25 03:41:45: 1,837,785 states generated (456,844 s/min), 558,849 distinct states found (144,155 ds/min), 130,578 states left on queue.
Progress(24) at 2026-09-25 03:42:45: 2,288,402 states generated (450,617 s/min), 701,669 distinct states found (142,820 ds/min), 153,785 states left on queue.
Progress(25) at 2026-09-25 03:43:45: 2,764,712 states generated (476,310 s/min), 844,253 distinct states found (142,584 ds/min), 176,535 states left on queue.
Progress(25) at 2026-09-25 03:44:45: 3,250,042 states generated (485,330 s/min), 985,779 distinct states found (141,526 ds/min), 190,307 states left on queue.
Progress(26) at 2026-09-25 03:45:45: 3,767,686 states generated (517,644 s/min), 1,135,451 distinct states found (149,672 ds/min), 196,309 states left on queue.
Progress(27) at 2026-09-25 03:46:45: 4,268,998 states generated (501,312 s/min), 1,272,183 distinct states found (136,732 ds/min), 190,604 states left on queue.
Progress(28) at 2026-09-25 03:47:45: 4,774,231 states generated (505,233 s/min), 1,404,729 distinct states found (132,546 ds/min), 170,779 states left on queue.
Progress(29) at 2026-09-25 03:48:45: 5,300,549 states generated (526,318 s/min), 1,547,148 distinct states found (142,419 ds/min), 131,026 states left on queue.
Progress(30) at 2026-09-25 03:49:45: 5,824,539 states generated (523,990 s/min), 1,701,237 distinct states found (154,089 ds/min), 92,202 states left on queue.
Progress(33) at 2026-09-25 03:50:45: 6,350,620 states generated (526,081 s/min), 1,876,233 distinct states found (174,996 ds/min), 65,485 states left on queue.
Model checking completed. No error has been found.
  Estimates of the probability that TLC did not check all reachable states
  because two distinct states had the same fingerprint:
  calculated (optimistic):  val = 5.0E-7
  based on the actual fingerprints:  val = 1.8E-7
6638145 states generated, 1965383 distinct states found, 0 states left on queue.
The depth of the complete state graph search is 36.
The average outdegree of the complete state graph is 1 (minimum is 0, the maximum 10 and the 95th percentile is 2).
Finished in 13min 35s at (2026-09-25 03:51:17)
