TLC2 Version 2.19 of 08 August 2024 (rev: 5a47802)
Running breadth-first search Model-Checking with fp 52 and seed 3975493209150478569 with 6 workers on 8 cores with 14564MB heap and 64MB offheap memory [pid: 148762] (Linux 6.12.0-061200-generic amd64, Ubuntu 21.0.11 x86_64, MSBDiskFPSet, DiskStateQueue).
Parsing file /home/ddalton/lean-patches-2026-09-24/LeanSubtree.tla
Parsing file /tmp/Naturals.tla
Parsing file /tmp/FiniteSets.tla
Parsing file /tmp/Sequences.tla
Parsing file /tmp/TLC.tla
Semantic processing of module Naturals
Semantic processing of module Sequences
Semantic processing of module FiniteSets
Semantic processing of module TLC
Semantic processing of module LeanSubtree
Starting... (2026-09-25 04:01:43)
Computing initial states...
Finished computing initial states: 1 distinct state generated at 2026-09-25 04:01:43.
Progress(13) at 2026-09-25 04:01:46: 143,380 states generated (143,380 s/min), 44,689 distinct states found (44,689 ds/min), 20,296 states left on queue.
Progress(23) at 2026-09-25 04:02:46: 6,266,834 states generated (6,123,454 s/min), 1,594,090 distinct states found (1,549,401 ds/min), 261,380 states left on queue.
Model checking completed. No error has been found.
  Estimates of the probability that TLC did not check all reachable states
  because two distinct states had the same fingerprint:
  calculated (optimistic):  val = 1.2E-6
  based on the actual fingerprints:  val = 8.9E-7
10791476 states generated, 2676330 distinct states found, 0 states left on queue.
The depth of the complete state graph search is 34.
The average outdegree of the complete state graph is 1 (minimum is 0, the maximum 13 and the 95th percentile is 3).
Finished in 01min 52s at (2026-09-25 04:03:35)
