
▶ samplers on every node

▶ PVC bench-flint-r3 (100Gi on flint-bench-r3) and fio pod fio-flint-r3

▶ environment
date_utc: 2026-10-07T23:15:14Z
driver: flint-r3
storageclass: flint-bench-r3
pvc_size: 100Gi
file_size: 90G
runtime_s: 120
ramp_s: 30
reps: 3
cpu_patterns: spdk=spdk_tgt,agent=csi-driver,nfs=flint-nfs-server
fio_node: bench2-aws-2
fio_version: fio-3.36
bench_git: 4057c491

▶ precondition: write all of 90G once

▶ idle: the driver's CPU with no I/O (a polling engine's floor)

▶ rep 1/3: lat_randread_4k (randread bs=4k qd=1 jobs=1)

▶ rep 1/3: lat_randwrite_4k (randwrite bs=4k qd=1 jobs=1)

▶ rep 1/3: iops_randread_4k (randread bs=4k qd=32 jobs=4)

▶ rep 1/3: iops_randwrite_4k (randwrite bs=4k qd=32 jobs=4)

▶ rep 1/3: iops_mixed70_4k (randrw bs=4k qd=32 jobs=4)

▶ rep 1/3: seq_read_128k (read bs=128k qd=16 jobs=1)

▶ rep 1/3: seq_write_128k (write bs=128k qd=16 jobs=1)

▶ rep 1/3: seq_read_1m (read bs=1m qd=16 jobs=1)

▶ rep 1/3: seq_write_1m (write bs=1m qd=16 jobs=1)

▶ rep 2/3: lat_randread_4k (randread bs=4k qd=1 jobs=1)

▶ rep 2/3: lat_randwrite_4k (randwrite bs=4k qd=1 jobs=1)

▶ rep 2/3: iops_randread_4k (randread bs=4k qd=32 jobs=4)

▶ rep 2/3: iops_randwrite_4k (randwrite bs=4k qd=32 jobs=4)

▶ rep 2/3: iops_mixed70_4k (randrw bs=4k qd=32 jobs=4)

▶ rep 2/3: seq_read_128k (read bs=128k qd=16 jobs=1)

▶ rep 2/3: seq_write_128k (write bs=128k qd=16 jobs=1)

▶ rep 2/3: seq_read_1m (read bs=1m qd=16 jobs=1)

▶ rep 2/3: seq_write_1m (write bs=1m qd=16 jobs=1)

▶ rep 3/3: lat_randread_4k (randread bs=4k qd=1 jobs=1)

▶ rep 3/3: lat_randwrite_4k (randwrite bs=4k qd=1 jobs=1)

▶ rep 3/3: iops_randread_4k (randread bs=4k qd=32 jobs=4)

▶ rep 3/3: iops_randwrite_4k (randwrite bs=4k qd=32 jobs=4)

▶ rep 3/3: iops_mixed70_4k (randrw bs=4k qd=32 jobs=4)
./run-fio.sh: line 43: 37836 Terminated: 15          kubectl -n "$NS" exec "$s" -- /bench/sample.sh "$(( RAMP + 1 ))" "$(( RUNTIME - 2 ))" "$CPU_PATTERNS" > "$dir/cpu-$s.json" 2> "$dir/cpu-$s.err"
./run-fio.sh: line 43: 37837 Terminated: 15          kubectl -n "$NS" exec "$s" -- /bench/sample.sh "$(( RAMP + 1 ))" "$(( RUNTIME - 2 ))" "$CPU_PATTERNS" > "$dir/cpu-$s.json" 2> "$dir/cpu-$s.err"
./run-fio.sh: line 43: 37838 Terminated: 15          kubectl -n "$NS" exec "$s" -- /bench/sample.sh "$(( RAMP + 1 ))" "$(( RUNTIME - 2 ))" "$CPU_PATTERNS" > "$dir/cpu-$s.json" 2> "$dir/cpu-$s.err"
./run-fio.sh: line 43: 37839 Terminated: 15          kubectl -n "$NS" exec "$POD" -- fio --name="$name" $fio_common --rw="$rw" --bs="$bs" --iodepth="$qd" --numjobs="$nj" $extra --time_based --runtime="$RUNTIME" --ramp_time="$RAMP" --percentile_list=50:99:99.9 > "$dir/fio.json"
./run-fio.sh: line 43: 38319 Terminated: 15          kubectl -n "$NS" exec "$POD" -- fio --name="$name" $fio_common --rw="$rw" --bs="$bs" --iodepth="$qd" --numjobs="$nj" $extra --time_based --runtime="$RUNTIME" --ramp_time="$RAMP" --percentile_list=50:99:99.9 > "$dir/fio.json"
