TLC2 Version 2.19 of 08 August 2024 (rev: 5a47802)
Running breadth-first search Model-Checking with fp 6 and seed 2831861591222169441 with 2 workers on 8 cores with 4551MB heap and 64MB offheap memory [pid: 120053] (Linux 6.12.0-061200-generic amd64, Ubuntu 21.0.11 x86_64, MSBDiskFPSet, DiskStateQueue).
Parsing file /home/ddalton/lean-core-sandbox2/formal/LeanCore.tla
Parsing file /tmp/Naturals.tla
Parsing file /tmp/FiniteSets.tla
Parsing file /tmp/Sequences.tla
Semantic processing of module Naturals
Semantic processing of module Sequences
Semantic processing of module FiniteSets
Semantic processing of module LeanCore
Starting... (2026-09-23 23:36:56)
Computing initial states...
Finished computing initial states: 1 distinct state generated at 2026-09-23 23:36:56.
Progress(8) at 2026-09-23 23:36:59: 27,839 states generated (27,839 s/min), 12,984 distinct states found (12,984 ds/min), 9,531 states left on queue.
Progress(11) at 2026-09-23 23:37:59: 1,025,545 states generated (997,706 s/min), 406,073 distinct states found (393,089 ds/min), 263,083 states left on queue.
Progress(11) at 2026-09-23 23:38:59: 2,058,088 states generated (1,032,543 s/min), 793,215 distinct states found (387,142 ds/min), 510,758 states left on queue.
Progress(12) at 2026-09-23 23:39:59: 3,168,778 states generated (1,110,690 s/min), 1,177,709 distinct states found (384,494 ds/min), 722,899 states left on queue.
Progress(12) at 2026-09-23 23:40:59: 3,976,528 states generated (807,750 s/min), 1,483,248 distinct states found (305,539 ds/min), 904,765 states left on queue.
Progress(12) at 2026-09-23 23:41:59: 5,450,177 states generated (1,473,649 s/min), 2,003,241 distinct states found (519,993 ds/min), 1,229,590 states left on queue.
Progress(13) at 2026-09-23 23:42:59: 6,632,748 states generated (1,182,571 s/min), 2,414,919 distinct states found (411,678 ds/min), 1,450,804 states left on queue.
Progress(13) at 2026-09-23 23:43:59: 8,093,261 states generated (1,460,513 s/min), 2,891,014 distinct states found (476,095 ds/min), 1,697,367 states left on queue.
Progress(13) at 2026-09-23 23:44:59: 9,090,730 states generated (997,469 s/min), 3,250,437 distinct states found (359,423 ds/min), 1,901,635 states left on queue.
Progress(13) at 2026-09-23 23:45:59: 10,023,812 states generated (933,082 s/min), 3,590,097 distinct states found (339,660 ds/min), 2,095,284 states left on queue.
Progress(13) at 2026-09-23 23:46:59: 11,661,697 states generated (1,637,885 s/min), 4,172,844 distinct states found (582,747 ds/min), 2,426,475 states left on queue.
Progress(13) at 2026-09-23 23:47:59: 14,215,901 states generated (2,554,204 s/min), 5,024,536 distinct states found (851,692 ds/min), 2,928,533 states left on queue.
Progress(14) at 2026-09-23 23:48:59: 15,893,069 states generated (1,677,168 s/min), 5,585,470 distinct states found (560,934 ds/min), 3,194,741 states left on queue.
Progress(14) at 2026-09-23 23:49:59: 17,297,336 states generated (1,404,267 s/min), 6,057,516 distinct states found (472,046 ds/min), 3,412,782 states left on queue.
Progress(14) at 2026-09-23 23:50:59: 19,235,541 states generated (1,938,205 s/min), 6,666,469 distinct states found (608,953 ds/min), 3,712,763 states left on queue.
Progress(14) at 2026-09-23 23:51:59: 20,623,018 states generated (1,387,477 s/min), 7,145,604 distinct states found (479,135 ds/min), 3,968,204 states left on queue.
Progress(14) at 2026-09-23 23:52:59: 21,717,408 states generated (1,094,390 s/min), 7,540,570 distinct states found (394,966 ds/min), 4,180,503 states left on queue.
Progress(14) at 2026-09-23 23:53:59: 22,975,539 states generated (1,258,131 s/min), 7,976,964 distinct states found (436,394 ds/min), 4,418,122 states left on queue.
Progress(14) at 2026-09-23 23:54:59: 24,779,881 states generated (1,804,342 s/min), 8,586,625 distinct states found (609,661 ds/min), 4,720,603 states left on queue.
Progress(14) at 2026-09-23 23:55:59: 27,103,056 states generated (2,323,175 s/min), 9,419,335 distinct states found (832,710 ds/min), 5,182,924 states left on queue.
Progress(14) at 2026-09-23 23:56:59: 31,026,525 states generated (3,923,469 s/min), 10,667,260 distinct states found (1,247,925 ds/min), 5,857,670 states left on queue.
Progress(14) at 2026-09-23 23:57:59: 32,650,784 states generated (1,624,259 s/min), 11,217,089 distinct states found (549,829 ds/min), 6,143,199 states left on queue.
Progress(14) at 2026-09-23 23:58:59: 34,999,892 states generated (2,349,108 s/min), 11,980,417 distinct states found (763,328 ds/min), 6,472,098 states left on queue.
Progress(15) at 2026-09-23 23:59:59: 36,541,390 states generated (1,541,498 s/min), 12,487,086 distinct states found (506,669 ds/min), 6,690,657 states left on queue.
Progress(15) at 2026-09-24 00:00:59: 37,959,223 states generated (1,417,833 s/min), 12,965,436 distinct states found (478,350 ds/min), 6,874,603 states left on queue.
Progress(15) at 2026-09-24 00:01:59: 40,320,007 states generated (2,360,784 s/min), 13,662,333 distinct states found (696,897 ds/min), 7,185,658 states left on queue.
Progress(15) at 2026-09-24 00:02:59: 41,815,941 states generated (1,495,934 s/min), 14,177,310 distinct states found (514,977 ds/min), 7,416,678 states left on queue.
Progress(15) at 2026-09-24 00:03:59: 43,930,678 states generated (2,114,737 s/min), 14,879,413 distinct states found (702,103 ds/min), 7,747,238 states left on queue.
Progress(15) at 2026-09-24 00:04:59: 45,543,171 states generated (1,612,493 s/min), 15,443,991 distinct states found (564,578 ds/min), 8,027,605 states left on queue.
Progress(15) at 2026-09-24 00:05:59: 47,293,237 states generated (1,750,066 s/min), 16,055,684 distinct states found (611,693 ds/min), 8,338,491 states left on queue.
Checkpointing of run /mnt/nvme/tlc-r51/LeanCoreHolds/26-09-23-23-36-55
Checkpointing completed at (2026-09-24 00:06:59)
Progress(15) at 2026-09-24 00:06:59: 48,825,823 states generated (1,532,586 s/min), 16,578,716 distinct states found (523,032 ds/min), 8,591,775 states left on queue.
Progress(15) at 2026-09-24 00:07:59: 51,177,908 states generated (2,352,085 s/min), 17,369,924 distinct states found (791,208 ds/min), 8,944,195 states left on queue.
Progress(15) at 2026-09-24 00:08:59: 54,585,699 states generated (3,407,791 s/min), 18,505,751 distinct states found (1,135,827 ds/min), 9,494,444 states left on queue.
Progress(15) at 2026-09-24 00:09:59: 57,470,939 states generated (2,885,240 s/min), 19,474,650 distinct states found (968,899 ds/min), 9,954,112 states left on queue.
Progress(15) at 2026-09-24 00:11:00: 62,110,086 states generated (4,639,147 s/min), 21,015,122 distinct states found (1,540,472 ds/min), 10,759,021 states left on queue.
Progress(15) at 2026-09-24 00:12:00: 65,058,293 states generated (2,948,207 s/min), 21,866,707 distinct states found (851,585 ds/min), 11,107,427 states left on queue.
Progress(15) at 2026-09-24 00:13:00: 67,250,144 states generated (2,191,851 s/min), 22,593,874 distinct states found (727,167 ds/min), 11,442,499 states left on queue.
Progress(15) at 2026-09-24 00:14:00: 69,544,505 states generated (2,294,361 s/min), 23,310,225 distinct states found (716,351 ds/min), 11,727,653 states left on queue.
Progress(15) at 2026-09-24 00:15:00: 71,461,277 states generated (1,916,772 s/min), 23,942,713 distinct states found (632,488 ds/min), 11,972,050 states left on queue.
Progress(16) at 2026-09-24 00:16:00: 73,230,860 states generated (1,769,583 s/min), 24,520,365 distinct states found (577,652 ds/min), 12,173,217 states left on queue.
Progress(16) at 2026-09-24 00:17:00: 74,826,226 states generated (1,595,366 s/min), 25,050,798 distinct states found (530,433 ds/min), 12,346,290 states left on queue.
Progress(16) at 2026-09-24 00:18:00: 77,216,018 states generated (2,389,792 s/min), 25,773,249 distinct states found (722,451 ds/min), 12,620,296 states left on queue.
Progress(16) at 2026-09-24 00:19:00: 79,318,142 states generated (2,102,124 s/min), 26,385,568 distinct states found (612,319 ds/min), 12,867,139 states left on queue.
Progress(16) at 2026-09-24 00:20:00: 81,151,302 states generated (1,833,160 s/min), 26,968,814 distinct states found (583,246 ds/min), 13,067,121 states left on queue.
Progress(16) at 2026-09-24 00:21:00: 83,324,767 states generated (2,173,465 s/min), 27,703,152 distinct states found (734,338 ds/min), 13,371,596 states left on queue.
Progress(16) at 2026-09-24 00:22:00: 85,767,027 states generated (2,442,260 s/min), 28,495,715 distinct states found (792,563 ds/min), 13,671,834 states left on queue.
Progress(16) at 2026-09-24 00:23:00: 87,637,778 states generated (1,870,751 s/min), 29,140,569 distinct states found (644,854 ds/min), 13,936,965 states left on queue.
Progress(16) at 2026-09-24 00:24:00: 89,842,613 states generated (2,204,835 s/min), 29,893,194 distinct states found (752,625 ds/min), 14,269,568 states left on queue.
Progress(16) at 2026-09-24 00:25:00: 91,996,301 states generated (2,153,688 s/min), 30,623,442 distinct states found (730,248 ds/min), 14,571,782 states left on queue.
Progress(16) at 2026-09-24 00:26:00: 94,156,598 states generated (2,160,297 s/min), 31,364,078 distinct states found (740,636 ds/min), 14,876,787 states left on queue.
Progress(16) at 2026-09-24 00:27:00: 96,280,945 states generated (2,124,347 s/min), 32,074,292 distinct states found (710,214 ds/min), 15,163,499 states left on queue.
Progress(16) at 2026-09-24 00:28:00: 99,431,894 states generated (3,150,949 s/min), 33,099,879 distinct states found (1,025,587 ds/min), 15,561,475 states left on queue.
Progress(16) at 2026-09-24 00:29:00: 102,921,980 states generated (3,490,086 s/min), 34,186,803 distinct states found (1,086,924 ds/min), 16,008,311 states left on queue.
Progress(16) at 2026-09-24 00:30:00: 106,324,515 states generated (3,402,535 s/min), 35,342,025 distinct states found (1,155,222 ds/min), 16,527,324 states left on queue.
Progress(16) at 2026-09-24 00:31:00: 109,655,863 states generated (3,331,348 s/min), 36,438,809 distinct states found (1,096,784 ds/min), 16,999,598 states left on queue.
Progress(16) at 2026-09-24 00:32:00: 114,347,156 states generated (4,691,293 s/min), 37,887,431 distinct states found (1,448,622 ds/min), 17,675,139 states left on queue.
Progress(16) at 2026-09-24 00:33:00: 118,830,091 states generated (4,482,935 s/min), 39,345,387 distinct states found (1,457,956 ds/min), 18,302,556 states left on queue.
Progress(16) at 2026-09-24 00:34:00: 121,768,192 states generated (2,938,101 s/min), 40,158,288 distinct states found (812,901 ds/min), 18,570,776 states left on queue.
Progress(16) at 2026-09-24 00:35:00: 123,745,970 states generated (1,977,778 s/min), 40,783,780 distinct states found (625,492 ds/min), 18,798,499 states left on queue.
Progress(16) at 2026-09-24 00:36:00: 125,992,530 states generated (2,246,560 s/min), 41,514,249 distinct states found (730,469 ds/min), 19,068,168 states left on queue.
Checkpointing of run /mnt/nvme/tlc-r51/LeanCoreHolds/26-09-23-23-36-55
Checkpointing completed at (2026-09-24 00:37:00)
Progress(16) at 2026-09-24 00:37:00: 128,283,202 states generated (2,290,672 s/min), 42,232,942 distinct states found (718,693 ds/min), 19,312,659 states left on queue.
Progress(16) at 2026-09-24 00:38:00: 130,131,749 states generated (1,848,547 s/min), 42,784,469 distinct states found (551,527 ds/min), 19,483,748 states left on queue.
Progress(16) at 2026-09-24 00:39:00: 131,624,470 states generated (1,492,721 s/min), 43,264,408 distinct states found (479,939 ds/min), 19,688,779 states left on queue.
Progress(16) at 2026-09-24 00:40:00: 133,509,864 states generated (1,885,394 s/min), 43,893,665 distinct states found (629,257 ds/min), 19,891,156 states left on queue.
Progress(17) at 2026-09-24 00:41:00: 135,474,198 states generated (1,964,334 s/min), 44,522,925 distinct states found (629,260 ds/min), 20,071,126 states left on queue.
Progress(17) at 2026-09-24 00:42:00: 137,121,863 states generated (1,647,665 s/min), 45,064,546 distinct states found (541,621 ds/min), 20,250,045 states left on queue.
Progress(17) at 2026-09-24 00:43:00: 139,427,447 states generated (2,305,584 s/min), 45,832,853 distinct states found (768,307 ds/min), 20,461,356 states left on queue.
Progress(17) at 2026-09-24 00:44:00: 142,700,376 states generated (3,272,929 s/min), 46,692,699 distinct states found (859,846 ds/min), 20,739,918 states left on queue.
Progress(17) at 2026-09-24 00:45:00: 144,635,814 states generated (1,935,438 s/min), 47,302,697 distinct states found (609,998 ds/min), 20,965,276 states left on queue.
Progress(17) at 2026-09-24 00:46:00: 146,974,372 states generated (2,338,558 s/min), 48,027,528 distinct states found (724,831 ds/min), 21,209,441 states left on queue.
Progress(17) at 2026-09-24 00:47:00: 149,000,009 states generated (2,025,637 s/min), 48,710,472 distinct states found (682,944 ds/min), 21,456,434 states left on queue.
Progress(17) at 2026-09-24 00:48:00: 151,223,563 states generated (2,223,554 s/min), 49,437,239 distinct states found (726,767 ds/min), 21,681,164 states left on queue.
Progress(17) at 2026-09-24 00:49:00: 153,746,685 states generated (2,523,122 s/min), 50,254,696 distinct states found (817,457 ds/min), 21,924,073 states left on queue.
Progress(17) at 2026-09-24 00:50:01: 156,051,585 states generated (2,304,900 s/min), 51,016,726 distinct states found (762,030 ds/min), 22,141,991 states left on queue.
Progress(17) at 2026-09-24 00:51:01: 158,614,263 states generated (2,562,678 s/min), 51,862,152 distinct states found (845,426 ds/min), 22,402,082 states left on queue.
Progress(17) at 2026-09-24 00:52:01: 160,985,495 states generated (2,371,232 s/min), 52,672,658 distinct states found (810,506 ds/min), 22,717,075 states left on queue.
Progress(17) at 2026-09-24 00:53:01: 163,325,483 states generated (2,339,988 s/min), 53,474,951 distinct states found (802,293 ds/min), 22,989,476 states left on queue.
Progress(17) at 2026-09-24 00:54:01: 165,570,136 states generated (2,244,653 s/min), 54,208,383 distinct states found (733,432 ds/min), 23,218,476 states left on queue.
Progress(17) at 2026-09-24 00:55:01: 167,442,348 states generated (1,872,212 s/min), 54,828,295 distinct states found (619,912 ds/min), 23,396,373 states left on queue.
Progress(17) at 2026-09-24 00:56:01: 169,166,142 states generated (1,723,794 s/min), 55,376,563 distinct states found (548,268 ds/min), 23,547,149 states left on queue.
Progress(17) at 2026-09-24 00:57:01: 170,957,949 states generated (1,791,807 s/min), 56,000,761 distinct states found (624,198 ds/min), 23,798,461 states left on queue.
Progress(17) at 2026-09-24 00:58:01: 173,730,921 states generated (2,772,972 s/min), 56,874,168 distinct states found (873,407 ds/min), 24,075,557 states left on queue.
Progress(17) at 2026-09-24 00:59:01: 176,521,458 states generated (2,790,537 s/min), 57,761,596 distinct states found (887,428 ds/min), 24,373,186 states left on queue.
Progress(17) at 2026-09-24 01:00:01: 180,079,168 states generated (3,557,710 s/min), 58,828,635 distinct states found (1,067,039 ds/min), 24,812,217 states left on queue.
Progress(17) at 2026-09-24 01:01:01: 183,671,008 states generated (3,591,840 s/min), 60,034,570 distinct states found (1,205,935 ds/min), 25,358,901 states left on queue.
Progress(17) at 2026-09-24 01:02:01: 186,363,335 states generated (2,692,327 s/min), 60,913,925 distinct states found (879,355 ds/min), 25,650,201 states left on queue.
Progress(17) at 2026-09-24 01:03:01: 190,311,951 states generated (3,948,616 s/min), 62,210,548 distinct states found (1,296,623 ds/min), 26,181,430 states left on queue.
Progress(17) at 2026-09-24 01:04:01: 192,615,240 states generated (2,303,289 s/min), 62,930,638 distinct states found (720,090 ds/min), 26,432,235 states left on queue.
Progress(17) at 2026-09-24 01:05:01: 196,484,334 states generated (3,869,094 s/min), 64,154,053 distinct states found (1,223,415 ds/min), 26,901,810 states left on queue.
Progress(17) at 2026-09-24 01:06:01: 201,162,483 states generated (4,678,149 s/min), 65,458,656 distinct states found (1,304,603 ds/min), 27,342,721 states left on queue.
Checkpointing of run /mnt/nvme/tlc-r51/LeanCoreHolds/26-09-23-23-36-55
Checkpointing completed at (2026-09-24 01:07:01)
Progress(17) at 2026-09-24 01:07:01: 205,363,757 states generated (4,201,274 s/min), 66,855,012 distinct states found (1,396,356 ds/min), 27,936,900 states left on queue.
Progress(17) at 2026-09-24 01:08:01: 208,404,193 states generated (3,040,436 s/min), 67,745,146 distinct states found (890,134 ds/min), 28,156,317 states left on queue.
Progress(17) at 2026-09-24 01:09:01: 210,875,342 states generated (2,471,149 s/min), 68,434,574 distinct states found (689,428 ds/min), 28,398,620 states left on queue.
Progress(17) at 2026-09-24 01:10:01: 212,549,698 states generated (1,674,356 s/min), 68,952,953 distinct states found (518,379 ds/min), 28,587,933 states left on queue.
Progress(17) at 2026-09-24 01:11:01: 214,336,835 states generated (1,787,137 s/min), 69,497,723 distinct states found (544,770 ds/min), 28,749,244 states left on queue.
Progress(17) at 2026-09-24 01:12:01: 216,242,973 states generated (1,906,138 s/min), 70,121,128 distinct states found (623,405 ds/min), 28,937,710 states left on queue.
Progress(17) at 2026-09-24 01:13:01: 218,119,284 states generated (1,876,311 s/min), 70,695,370 distinct states found (574,242 ds/min), 29,084,805 states left on queue.
Progress(17) at 2026-09-24 01:14:01: 219,928,125 states generated (1,808,841 s/min), 71,267,880 distinct states found (572,510 ds/min), 29,252,719 states left on queue.
Progress(17) at 2026-09-24 01:15:02: 221,930,630 states generated (2,002,505 s/min), 71,860,300 distinct states found (592,420 ds/min), 29,398,234 states left on queue.
Progress(17) at 2026-09-24 01:16:02: 224,174,200 states generated (2,243,570 s/min), 72,530,317 distinct states found (670,017 ds/min), 29,587,889 states left on queue.
Progress(17) at 2026-09-24 01:17:02: 225,743,338 states generated (1,569,138 s/min), 73,039,026 distinct states found (508,709 ds/min), 29,819,361 states left on queue.
Progress(17) at 2026-09-24 01:18:02: 227,164,614 states generated (1,421,276 s/min), 73,493,144 distinct states found (454,118 ds/min), 29,981,670 states left on queue.
Progress(17) at 2026-09-24 01:19:02: 229,009,027 states generated (1,844,413 s/min), 74,122,641 distinct states found (629,497 ds/min), 30,145,053 states left on queue.
Progress(18) at 2026-09-24 01:20:02: 231,428,324 states generated (2,419,297 s/min), 74,896,823 distinct states found (774,182 ds/min), 30,367,966 states left on queue.
Progress(18) at 2026-09-24 01:21:02: 232,999,521 states generated (1,571,197 s/min), 75,423,054 distinct states found (526,231 ds/min), 30,541,369 states left on queue.
Progress(18) at 2026-09-24 01:22:02: 235,374,895 states generated (2,375,374 s/min), 76,231,281 distinct states found (808,227 ds/min), 30,780,987 states left on queue.
Progress(18) at 2026-09-24 01:23:02: 238,042,169 states generated (2,667,274 s/min), 77,044,338 distinct states found (813,057 ds/min), 30,999,295 states left on queue.
Progress(18) at 2026-09-24 01:24:02: 241,251,299 states generated (3,209,130 s/min), 77,874,621 distinct states found (830,283 ds/min), 31,235,490 states left on queue.
Progress(18) at 2026-09-24 01:25:02: 243,733,490 states generated (2,482,191 s/min), 78,644,725 distinct states found (770,104 ds/min), 31,510,229 states left on queue.
Progress(18) at 2026-09-24 01:26:02: 246,617,087 states generated (2,883,597 s/min), 79,557,230 distinct states found (912,505 ds/min), 31,778,175 states left on queue.
Progress(18) at 2026-09-24 01:27:02: 248,835,815 states generated (2,218,728 s/min), 80,324,778 distinct states found (767,548 ds/min), 32,057,013 states left on queue.
Progress(18) at 2026-09-24 01:28:02: 251,236,935 states generated (2,401,120 s/min), 81,090,116 distinct states found (765,338 ds/min), 32,228,137 states left on queue.
Progress(18) at 2026-09-24 01:29:02: 253,523,906 states generated (2,286,971 s/min), 81,844,594 distinct states found (754,478 ds/min), 32,439,593 states left on queue.
Progress(18) at 2026-09-24 01:30:02: 256,342,957 states generated (2,819,051 s/min), 82,756,380 distinct states found (911,786 ds/min), 32,674,192 states left on queue.
Progress(18) at 2026-09-24 01:31:02: 258,639,514 states generated (2,296,557 s/min), 83,494,067 distinct states found (737,687 ds/min), 32,837,094 states left on queue.
Progress(18) at 2026-09-24 01:32:02: 260,874,289 states generated (2,234,775 s/min), 84,235,006 distinct states found (740,939 ds/min), 33,003,785 states left on queue.
Progress(18) at 2026-09-24 01:33:02: 262,978,747 states generated (2,104,458 s/min), 84,914,958 distinct states found (679,952 ds/min), 33,146,322 states left on queue.
Progress(18) at 2026-09-24 01:34:02: 265,063,455 states generated (2,084,708 s/min), 85,599,841 distinct states found (684,883 ds/min), 33,320,877 states left on queue.
Progress(18) at 2026-09-24 01:35:02: 267,041,531 states generated (1,978,076 s/min), 86,301,693 distinct states found (701,852 ds/min), 33,588,703 states left on queue.
Progress(18) at 2026-09-24 01:36:02: 269,316,739 states generated (2,275,208 s/min), 87,077,365 distinct states found (775,672 ds/min), 33,848,839 states left on queue.
Checkpointing of run /mnt/nvme/tlc-r51/LeanCoreHolds/26-09-23-23-36-55
Checkpointing completed at (2026-09-24 01:37:03)
Progress(18) at 2026-09-24 01:37:03: 271,938,611 states generated (2,621,872 s/min), 87,918,916 distinct states found (841,551 ds/min), 34,054,004 states left on queue.
Progress(18) at 2026-09-24 01:38:03: 274,131,175 states generated (2,192,564 s/min), 88,669,801 distinct states found (750,885 ds/min), 34,231,760 states left on queue.
Progress(18) at 2026-09-24 01:39:03: 276,756,920 states generated (2,625,745 s/min), 89,519,422 distinct states found (849,621 ds/min), 34,420,429 states left on queue.
Progress(18) at 2026-09-24 01:40:03: 279,542,679 states generated (2,785,759 s/min), 90,459,401 distinct states found (939,979 ds/min), 34,723,884 states left on queue.
Progress(18) at 2026-09-24 01:41:03: 282,514,723 states generated (2,972,044 s/min), 91,391,416 distinct states found (932,015 ds/min), 34,991,576 states left on queue.
Progress(18) at 2026-09-24 01:42:03: 285,119,497 states generated (2,604,774 s/min), 92,218,946 distinct states found (827,530 ds/min), 35,186,129 states left on queue.
Progress(18) at 2026-09-24 01:43:03: 288,159,459 states generated (3,039,962 s/min), 93,142,533 distinct states found (923,587 ds/min), 35,412,718 states left on queue.
Progress(18) at 2026-09-24 01:44:03: 290,988,695 states generated (2,829,236 s/min), 93,921,644 distinct states found (779,111 ds/min), 35,665,173 states left on queue.
Progress(18) at 2026-09-24 01:45:03: 294,166,216 states generated (3,177,521 s/min), 94,899,136 distinct states found (977,492 ds/min), 36,014,240 states left on queue.
Progress(18) at 2026-09-24 01:46:03: 297,175,153 states generated (3,008,937 s/min), 95,840,784 distinct states found (941,648 ds/min), 36,328,023 states left on queue.
Progress(18) at 2026-09-24 01:47:03: 300,358,188 states generated (3,183,035 s/min), 96,889,977 distinct states found (1,049,193 ds/min), 36,696,548 states left on queue.
Progress(18) at 2026-09-24 01:48:03: 302,916,473 states generated (2,558,285 s/min), 97,725,015 distinct states found (835,038 ds/min), 36,958,199 states left on queue.
Progress(18) at 2026-09-24 01:49:03: 304,713,725 states generated (1,797,252 s/min), 98,308,087 distinct states found (583,072 ds/min), 37,160,053 states left on queue.
Progress(18) at 2026-09-24 01:50:03: 307,719,779 states generated (3,006,054 s/min), 99,217,561 distinct states found (909,474 ds/min), 37,409,065 states left on queue.
Progress(18) at 2026-09-24 01:51:03: 310,893,325 states generated (3,173,546 s/min), 100,299,690 distinct states found (1,082,129 ds/min), 37,793,561 states left on queue.
Progress(18) at 2026-09-24 01:52:03: 313,467,643 states generated (2,574,318 s/min), 101,074,002 distinct states found (774,312 ds/min), 38,017,346 states left on queue.
Progress(18) at 2026-09-24 01:53:03: 317,289,124 states generated (3,821,481 s/min), 102,229,946 distinct states found (1,155,944 ds/min), 38,350,005 states left on queue.
Progress(18) at 2026-09-24 01:54:03: 321,151,187 states generated (3,862,063 s/min), 103,295,817 distinct states found (1,065,871 ds/min), 38,600,507 states left on queue.
Progress(18) at 2026-09-24 01:55:03: 325,136,782 states generated (3,985,595 s/min), 104,415,563 distinct states found (1,119,746 ds/min), 38,882,748 states left on queue.
Progress(18) at 2026-09-24 01:56:03: 329,139,543 states generated (4,002,761 s/min), 105,655,647 distinct states found (1,240,084 ds/min), 39,251,790 states left on queue.
Progress(18) at 2026-09-24 01:57:03: 332,752,511 states generated (3,612,968 s/min), 106,795,181 distinct states found (1,139,534 ds/min), 39,611,777 states left on queue.
Progress(18) at 2026-09-24 01:58:03: 336,083,606 states generated (3,331,095 s/min), 107,718,071 distinct states found (922,890 ds/min), 39,850,978 states left on queue.
Progress(18) at 2026-09-24 01:59:03: 338,332,550 states generated (2,248,944 s/min), 108,369,971 distinct states found (651,900 ds/min), 40,095,638 states left on queue.
Progress(18) at 2026-09-24 02:00:03: 340,095,753 states generated (1,763,203 s/min), 108,913,793 distinct states found (543,822 ds/min), 40,275,060 states left on queue.
Progress(18) at 2026-09-24 02:01:03: 341,784,938 states generated (1,689,185 s/min), 109,448,884 distinct states found (535,091 ds/min), 40,474,781 states left on queue.
Progress(18) at 2026-09-24 02:02:03: 343,947,567 states generated (2,162,629 s/min), 110,091,585 distinct states found (642,701 ds/min), 40,661,441 states left on queue.
Progress(18) at 2026-09-24 02:03:03: 346,114,006 states generated (2,166,439 s/min), 110,791,847 distinct states found (700,262 ds/min), 40,845,942 states left on queue.
Progress(18) at 2026-09-24 02:04:03: 348,216,356 states generated (2,102,350 s/min), 111,464,154 distinct states found (672,307 ds/min), 41,020,091 states left on queue.
Progress(18) at 2026-09-24 02:05:03: 350,487,529 states generated (2,271,173 s/min), 112,158,736 distinct states found (694,582 ds/min), 41,189,772 states left on queue.
Progress(18) at 2026-09-24 02:06:03: 352,974,922 states generated (2,487,393 s/min), 112,900,418 distinct states found (741,682 ds/min), 41,355,265 states left on queue.
Checkpointing of run /mnt/nvme/tlc-r51/LeanCoreHolds/26-09-23-23-36-55
Checkpointing completed at (2026-09-24 02:07:03)
Progress(18) at 2026-09-24 02:07:03: 355,396,303 states generated (2,421,381 s/min), 113,603,768 distinct states found (703,350 ds/min), 41,512,423 states left on queue.
Progress(18) at 2026-09-24 02:08:03: 357,683,139 states generated (2,286,836 s/min), 114,310,815 distinct states found (707,047 ds/min), 41,701,900 states left on queue.
Progress(18) at 2026-09-24 02:09:03: 359,785,721 states generated (2,102,582 s/min), 114,979,564 distinct states found (668,749 ds/min), 41,976,364 states left on queue.
Progress(18) at 2026-09-24 02:10:03: 361,978,579 states generated (2,192,858 s/min), 115,669,023 distinct states found (689,459 ds/min), 42,217,008 states left on queue.
Progress(18) at 2026-09-24 02:11:03: 365,216,308 states generated (3,237,729 s/min), 116,821,379 distinct states found (1,152,356 ds/min), 42,527,624 states left on queue.
Progress(19) at 2026-09-24 02:12:03: 367,828,167 states generated (2,611,859 s/min), 117,657,503 distinct states found (836,124 ds/min), 42,752,711 states left on queue.
Progress(19) at 2026-09-24 02:13:03: 369,930,653 states generated (2,102,486 s/min), 118,377,108 distinct states found (719,605 ds/min), 42,981,155 states left on queue.
Progress(19) at 2026-09-24 02:14:03: 373,055,320 states generated (3,124,667 s/min), 119,473,943 distinct states found (1,096,835 ds/min), 43,298,580 states left on queue.
Progress(19) at 2026-09-24 02:15:03: 376,102,190 states generated (3,046,870 s/min), 120,460,001 distinct states found (986,058 ds/min), 43,554,483 states left on queue.
Progress(19) at 2026-09-24 02:16:03: 378,685,512 states generated (2,583,322 s/min), 121,160,555 distinct states found (700,554 ds/min), 43,726,036 states left on queue.
Progress(19) at 2026-09-24 02:17:03: 381,029,830 states generated (2,344,318 s/min), 121,784,799 distinct states found (624,244 ds/min), 43,974,333 states left on queue.
Progress(19) at 2026-09-24 02:18:03: 383,371,767 states generated (2,341,937 s/min), 122,508,189 distinct states found (723,390 ds/min), 44,199,301 states left on queue.
Progress(19) at 2026-09-24 02:19:03: 386,144,975 states generated (2,773,208 s/min), 123,396,196 distinct states found (888,007 ds/min), 44,530,062 states left on queue.
Progress(19) at 2026-09-24 02:20:03: 389,790,709 states generated (3,645,734 s/min), 124,615,744 distinct states found (1,219,548 ds/min), 44,946,874 states left on queue.
Progress(19) at 2026-09-24 02:21:03: 392,908,077 states generated (3,117,368 s/min), 125,722,374 distinct states found (1,106,630 ds/min), 45,310,275 states left on queue.
Progress(19) at 2026-09-24 02:22:03: 395,456,447 states generated (2,548,370 s/min), 126,538,338 distinct states found (815,964 ds/min), 45,446,530 states left on queue.
Progress(19) at 2026-09-24 02:23:03: 398,810,662 states generated (3,354,215 s/min), 127,688,145 distinct states found (1,149,807 ds/min), 45,798,210 states left on queue.
Progress(19) at 2026-09-24 02:24:03: 402,148,563 states generated (3,337,901 s/min), 128,772,345 distinct states found (1,084,200 ds/min), 46,044,996 states left on queue.
Progress(19) at 2026-09-24 02:25:03: 405,024,079 states generated (2,875,516 s/min), 129,724,742 distinct states found (952,397 ds/min), 46,267,422 states left on queue.
Progress(19) at 2026-09-24 02:26:03: 407,850,340 states generated (2,826,261 s/min), 130,667,216 distinct states found (942,474 ds/min), 46,457,843 states left on queue.
Progress(19) at 2026-09-24 02:27:03: 410,686,525 states generated (2,836,185 s/min), 131,597,637 distinct states found (930,421 ds/min), 46,639,231 states left on queue.
Progress(19) at 2026-09-24 02:28:03: 413,417,462 states generated (2,730,937 s/min), 132,486,161 distinct states found (888,524 ds/min), 46,800,543 states left on queue.
Progress(19) at 2026-09-24 02:29:04: 416,420,366 states generated (3,002,904 s/min), 133,571,321 distinct states found (1,085,160 ds/min), 47,201,136 states left on queue.
Progress(19) at 2026-09-24 02:30:04: 418,704,958 states generated (2,284,592 s/min), 134,378,404 distinct states found (807,083 ds/min), 47,491,937 states left on queue.
Progress(19) at 2026-09-24 02:31:04: 421,696,337 states generated (2,991,379 s/min), 135,347,271 distinct states found (968,867 ds/min), 47,704,936 states left on queue.
Progress(19) at 2026-09-24 02:32:04: 423,702,698 states generated (2,006,361 s/min), 136,024,790 distinct states found (677,519 ds/min), 47,867,009 states left on queue.
Progress(19) at 2026-09-24 02:33:04: 425,506,560 states generated (1,803,862 s/min), 136,650,095 distinct states found (625,305 ds/min), 48,009,306 states left on queue.
Progress(19) at 2026-09-24 02:34:04: 427,928,267 states generated (2,421,707 s/min), 137,463,651 distinct states found (813,556 ds/min), 48,197,227 states left on queue.
Progress(19) at 2026-09-24 02:35:04: 430,839,116 states generated (2,910,849 s/min), 138,375,868 distinct states found (912,217 ds/min), 48,359,579 states left on queue.
Progress(19) at 2026-09-24 02:36:04: 433,933,879 states generated (3,094,763 s/min), 139,490,400 distinct states found (1,114,532 ds/min), 48,771,218 states left on queue.
Checkpointing of run /mnt/nvme/tlc-r51/LeanCoreHolds/26-09-23-23-36-55
Checkpointing completed at (2026-09-24 02:37:04)
Progress(19) at 2026-09-24 02:37:04: 437,076,820 states generated (3,142,941 s/min), 140,426,584 distinct states found (936,184 ds/min), 48,937,731 states left on queue.
Progress(19) at 2026-09-24 02:38:04: 439,373,631 states generated (2,296,811 s/min), 141,124,843 distinct states found (698,259 ds/min), 49,025,402 states left on queue.
Progress(19) at 2026-09-24 02:39:04: 441,254,079 states generated (1,880,448 s/min), 141,680,339 distinct states found (555,496 ds/min), 49,117,177 states left on queue.
Progress(19) at 2026-09-24 02:40:04: 444,294,607 states generated (3,040,528 s/min), 142,589,858 distinct states found (909,519 ds/min), 49,248,275 states left on queue.
Progress(19) at 2026-09-24 02:41:04: 448,430,210 states generated (4,135,603 s/min), 143,660,545 distinct states found (1,070,687 ds/min), 49,486,700 states left on queue.
Progress(19) at 2026-09-24 02:42:04: 451,874,204 states generated (3,443,994 s/min), 144,710,731 distinct states found (1,050,186 ds/min), 49,766,830 states left on queue.
Progress(19) at 2026-09-24 02:43:04: 455,575,638 states generated (3,701,434 s/min), 145,819,459 distinct states found (1,108,728 ds/min), 49,987,051 states left on queue.
Progress(19) at 2026-09-24 02:44:04: 459,272,576 states generated (3,696,938 s/min), 147,022,970 distinct states found (1,203,511 ds/min), 50,298,746 states left on queue.
Progress(19) at 2026-09-24 02:45:04: 462,136,167 states generated (2,863,591 s/min), 147,897,005 distinct states found (874,035 ds/min), 50,472,180 states left on queue.
Progress(19) at 2026-09-24 02:46:04: 466,598,011 states generated (4,461,844 s/min), 149,311,687 distinct states found (1,414,682 ds/min), 50,829,992 states left on queue.
Progress(19) at 2026-09-24 02:47:04: 469,616,550 states generated (3,018,539 s/min), 150,197,234 distinct states found (885,547 ds/min), 50,974,837 states left on queue.
Progress(19) at 2026-09-24 02:48:04: 472,534,899 states generated (2,918,349 s/min), 151,171,651 distinct states found (974,417 ds/min), 51,243,545 states left on queue.
Progress(19) at 2026-09-24 02:49:04: 474,647,038 states generated (2,112,139 s/min), 151,872,406 distinct states found (700,755 ds/min), 51,433,679 states left on queue.
Progress(19) at 2026-09-24 02:50:04: 477,591,611 states generated (2,944,573 s/min), 152,668,598 distinct states found (796,192 ds/min), 51,556,091 states left on queue.
Progress(19) at 2026-09-24 02:51:04: 480,452,538 states generated (2,860,927 s/min), 153,493,967 distinct states found (825,369 ds/min), 51,708,776 states left on queue.
Progress(19) at 2026-09-24 02:52:04: 483,645,592 states generated (3,193,054 s/min), 154,433,486 distinct states found (939,519 ds/min), 51,877,457 states left on queue.
Progress(19) at 2026-09-24 02:53:04: 486,724,454 states generated (3,078,862 s/min), 155,293,542 distinct states found (860,056 ds/min), 52,078,184 states left on queue.
Progress(19) at 2026-09-24 02:54:04: 489,625,884 states generated (2,901,430 s/min), 156,050,818 distinct states found (757,276 ds/min), 52,244,104 states left on queue.
Progress(19) at 2026-09-24 02:55:04: 492,115,375 states generated (2,489,491 s/min), 156,739,132 distinct states found (688,314 ds/min), 52,368,818 states left on queue.
Progress(19) at 2026-09-24 02:56:04: 495,536,936 states generated (3,421,561 s/min), 157,776,346 distinct states found (1,037,214 ds/min), 52,563,348 states left on queue.
Progress(19) at 2026-09-24 02:57:04: 499,334,849 states generated (3,797,913 s/min), 158,931,647 distinct states found (1,155,301 ds/min), 52,822,935 states left on queue.
Progress(19) at 2026-09-24 02:58:04: 502,819,334 states generated (3,484,485 s/min), 159,936,750 distinct states found (1,005,103 ds/min), 53,018,257 states left on queue.
Progress(19) at 2026-09-24 02:59:04: 506,082,227 states generated (3,262,893 s/min), 160,846,878 distinct states found (910,128 ds/min), 53,219,443 states left on queue.
Progress(19) at 2026-09-24 03:00:04: 509,158,791 states generated (3,076,564 s/min), 161,727,844 distinct states found (880,966 ds/min), 53,550,831 states left on queue.
Progress(19) at 2026-09-24 03:01:04: 511,569,857 states generated (2,411,066 s/min), 162,519,263 distinct states found (791,419 ds/min), 53,821,848 states left on queue.
Progress(19) at 2026-09-24 03:02:04: 514,244,779 states generated (2,674,922 s/min), 163,348,617 distinct states found (829,354 ds/min), 54,059,998 states left on queue.
Progress(19) at 2026-09-24 03:03:04: 516,845,212 states generated (2,600,433 s/min), 164,155,855 distinct states found (807,238 ds/min), 54,341,329 states left on queue.
Progress(19) at 2026-09-24 03:04:04: 519,417,404 states generated (2,572,192 s/min), 164,902,916 distinct states found (747,061 ds/min), 54,463,567 states left on queue.
Progress(19) at 2026-09-24 03:05:04: 521,666,400 states generated (2,248,996 s/min), 165,659,480 distinct states found (756,564 ds/min), 54,694,987 states left on queue.
Progress(19) at 2026-09-24 03:06:04: 524,216,419 states generated (2,550,019 s/min), 166,436,911 distinct states found (777,431 ds/min), 54,857,930 states left on queue.
Checkpointing of run /mnt/nvme/tlc-r51/LeanCoreHolds/26-09-23-23-36-55
Checkpointing completed at (2026-09-24 03:07:05)
Progress(19) at 2026-09-24 03:07:05: 526,673,426 states generated (2,457,007 s/min), 167,203,559 distinct states found (766,648 ds/min), 55,037,963 states left on queue.
Progress(19) at 2026-09-24 03:08:05: 528,776,847 states generated (2,103,421 s/min), 167,842,411 distinct states found (638,852 ds/min), 55,184,439 states left on queue.
Progress(19) at 2026-09-24 03:09:05: 530,876,083 states generated (2,099,236 s/min), 168,451,980 distinct states found (609,569 ds/min), 55,272,194 states left on queue.
Progress(19) at 2026-09-24 03:10:05: 533,367,883 states generated (2,491,800 s/min), 169,183,690 distinct states found (731,710 ds/min), 55,396,211 states left on queue.
Progress(19) at 2026-09-24 03:11:05: 534,768,218 states generated (1,400,335 s/min), 169,644,363 distinct states found (460,673 ds/min), 55,525,434 states left on queue.
Progress(19) at 2026-09-24 03:12:05: 536,540,678 states generated (1,772,460 s/min), 170,245,557 distinct states found (601,194 ds/min), 55,739,282 states left on queue.
Progress(19) at 2026-09-24 03:13:05: 538,557,840 states generated (2,017,162 s/min), 170,877,728 distinct states found (632,171 ds/min), 55,938,838 states left on queue.
Progress(19) at 2026-09-24 03:14:05: 540,967,616 states generated (2,409,776 s/min), 171,620,184 distinct states found (742,456 ds/min), 56,200,532 states left on queue.
Progress(19) at 2026-09-24 03:15:05: 542,772,929 states generated (1,805,313 s/min), 172,268,590 distinct states found (648,406 ds/min), 56,429,967 states left on queue.
Progress(19) at 2026-09-24 03:16:05: 545,100,941 states generated (2,328,012 s/min), 173,150,938 distinct states found (882,348 ds/min), 56,700,212 states left on queue.
Progress(20) at 2026-09-24 03:17:05: 548,596,323 states generated (3,495,382 s/min), 174,373,541 distinct states found (1,222,603 ds/min), 57,026,133 states left on queue.
Progress(20) at 2026-09-24 03:18:05: 551,886,046 states generated (3,289,723 s/min), 175,518,564 distinct states found (1,145,023 ds/min), 57,387,785 states left on queue.
Progress(20) at 2026-09-24 03:19:05: 555,674,365 states generated (3,788,319 s/min), 176,880,550 distinct states found (1,361,986 ds/min), 57,855,706 states left on queue.
Progress(20) at 2026-09-24 03:20:05: 559,597,589 states generated (3,923,224 s/min), 178,321,161 distinct states found (1,440,611 ds/min), 58,256,118 states left on queue.
Progress(20) at 2026-09-24 03:21:05: 563,762,290 states generated (4,164,701 s/min), 179,527,096 distinct states found (1,205,935 ds/min), 58,674,924 states left on queue.
Progress(20) at 2026-09-24 03:22:05: 567,357,130 states generated (3,594,840 s/min), 180,480,958 distinct states found (953,862 ds/min), 58,996,667 states left on queue.
Progress(20) at 2026-09-24 03:23:05: 570,661,661 states generated (3,304,531 s/min), 181,507,835 distinct states found (1,026,877 ds/min), 59,323,090 states left on queue.
Progress(20) at 2026-09-24 03:24:05: 573,799,681 states generated (3,138,020 s/min), 182,544,857 distinct states found (1,037,022 ds/min), 59,715,404 states left on queue.
Progress(20) at 2026-09-24 03:25:05: 577,399,059 states generated (3,599,378 s/min), 183,712,084 distinct states found (1,167,227 ds/min), 60,170,901 states left on queue.
Progress(20) at 2026-09-24 03:26:05: 581,527,529 states generated (4,128,470 s/min), 185,158,142 distinct states found (1,446,058 ds/min), 60,711,173 states left on queue.
Progress(20) at 2026-09-24 03:27:05: 585,568,317 states generated (4,040,788 s/min), 186,626,156 distinct states found (1,468,014 ds/min), 61,283,630 states left on queue.
Progress(20) at 2026-09-24 03:28:05: 589,021,914 states generated (3,453,597 s/min), 187,794,467 distinct states found (1,168,311 ds/min), 61,564,016 states left on queue.
Progress(20) at 2026-09-24 03:29:05: 592,564,703 states generated (3,542,789 s/min), 189,036,387 distinct states found (1,241,920 ds/min), 61,895,644 states left on queue.
Progress(20) at 2026-09-24 03:30:05: 596,635,540 states generated (4,070,837 s/min), 190,461,030 distinct states found (1,424,643 ds/min), 62,402,515 states left on queue.
Progress(20) at 2026-09-24 03:31:05: 600,307,430 states generated (3,671,890 s/min), 191,705,544 distinct states found (1,244,514 ds/min), 62,709,769 states left on queue.
Progress(20) at 2026-09-24 03:32:06: 602,704,046 states generated (2,396,616 s/min), 192,547,860 distinct states found (842,316 ds/min), 62,971,108 states left on queue.
Progress(20) at 2026-09-24 03:33:06: 605,162,971 states generated (2,458,925 s/min), 193,410,300 distinct states found (862,440 ds/min), 63,168,961 states left on queue.
Progress(20) at 2026-09-24 03:34:06: 607,759,486 states generated (2,596,515 s/min), 194,294,857 distinct states found (884,557 ds/min), 63,339,780 states left on queue.
Progress(20) at 2026-09-24 03:35:06: 610,362,654 states generated (2,603,168 s/min), 195,170,787 distinct states found (875,930 ds/min), 63,544,177 states left on queue.
Progress(20) at 2026-09-24 03:36:06: 612,443,128 states generated (2,080,474 s/min), 195,847,569 distinct states found (676,782 ds/min), 63,672,767 states left on queue.
Checkpointing of run /mnt/nvme/tlc-r51/LeanCoreHolds/26-09-23-23-36-55
Checkpointing completed at (2026-09-24 03:37:06)
Progress(20) at 2026-09-24 03:37:06: 614,305,139 states generated (1,862,011 s/min), 196,459,841 distinct states found (612,272 ds/min), 63,765,483 states left on queue.
Progress(20) at 2026-09-24 03:38:06: 618,030,041 states generated (3,724,902 s/min), 197,845,901 distinct states found (1,386,060 ds/min), 64,295,926 states left on queue.
Progress(20) at 2026-09-24 03:39:06: 622,023,716 states generated (3,993,675 s/min), 199,309,683 distinct states found (1,463,782 ds/min), 64,886,744 states left on queue.
Progress(20) at 2026-09-24 03:40:06: 625,717,818 states generated (3,694,102 s/min), 200,561,932 distinct states found (1,252,249 ds/min), 65,177,380 states left on queue.
Progress(20) at 2026-09-24 03:41:06: 628,482,223 states generated (2,764,405 s/min), 201,532,329 distinct states found (970,397 ds/min), 65,430,657 states left on queue.
Progress(20) at 2026-09-24 03:42:06: 630,329,068 states generated (1,846,845 s/min), 202,203,432 distinct states found (671,103 ds/min), 65,609,628 states left on queue.
Progress(20) at 2026-09-24 03:43:06: 632,562,457 states generated (2,233,389 s/min), 202,985,149 distinct states found (781,717 ds/min), 65,805,650 states left on queue.
Progress(20) at 2026-09-24 03:44:06: 634,505,602 states generated (1,943,145 s/min), 203,632,094 distinct states found (646,945 ds/min), 65,967,124 states left on queue.
Progress(20) at 2026-09-24 03:45:06: 636,423,009 states generated (1,917,407 s/min), 204,268,558 distinct states found (636,464 ds/min), 66,089,972 states left on queue.
Progress(20) at 2026-09-24 03:46:07: 638,250,596 states generated (1,827,587 s/min), 204,888,599 distinct states found (620,041 ds/min), 66,276,006 states left on queue.
Progress(20) at 2026-09-24 03:47:07: 640,156,050 states generated (1,905,454 s/min), 205,604,292 distinct states found (715,693 ds/min), 66,572,848 states left on queue.
Progress(20) at 2026-09-24 03:48:07: 641,928,142 states generated (1,772,092 s/min), 206,241,827 distinct states found (637,535 ds/min), 66,777,230 states left on queue.
Progress(20) at 2026-09-24 03:49:07: 643,782,347 states generated (1,854,205 s/min), 206,768,660 distinct states found (526,833 ds/min), 66,818,703 states left on queue.
Progress(20) at 2026-09-24 03:50:07: 645,592,515 states generated (1,810,168 s/min), 207,330,369 distinct states found (561,709 ds/min), 66,926,907 states left on queue.
Progress(20) at 2026-09-24 03:51:07: 648,315,739 states generated (2,723,224 s/min), 208,162,227 distinct states found (831,858 ds/min), 66,987,676 states left on queue.
Progress(20) at 2026-09-24 03:52:07: 651,197,064 states generated (2,881,325 s/min), 209,002,303 distinct states found (840,076 ds/min), 67,098,981 states left on queue.
Progress(20) at 2026-09-24 03:53:07: 653,276,747 states generated (2,079,683 s/min), 209,637,329 distinct states found (635,026 ds/min), 67,155,899 states left on queue.
Progress(20) at 2026-09-24 03:54:07: 655,677,672 states generated (2,400,925 s/min), 210,295,280 distinct states found (657,951 ds/min), 67,208,565 states left on queue.
Progress(20) at 2026-09-24 03:55:07: 658,334,229 states generated (2,656,557 s/min), 210,906,799 distinct states found (611,519 ds/min), 67,278,856 states left on queue.
Progress(20) at 2026-09-24 03:56:07: 660,636,525 states generated (2,302,296 s/min), 211,601,220 distinct states found (694,421 ds/min), 67,377,168 states left on queue.
Progress(20) at 2026-09-24 03:57:07: 663,998,460 states generated (3,361,935 s/min), 212,595,013 distinct states found (993,793 ds/min), 67,526,770 states left on queue.
Progress(20) at 2026-09-24 03:58:07: 667,265,313 states generated (3,266,853 s/min), 213,554,644 distinct states found (959,631 ds/min), 67,619,812 states left on queue.
Progress(20) at 2026-09-24 03:59:07: 670,639,739 states generated (3,374,426 s/min), 214,606,919 distinct states found (1,052,275 ds/min), 67,760,299 states left on queue.
Progress(20) at 2026-09-24 04:00:07: 673,686,685 states generated (3,046,946 s/min), 215,555,695 distinct states found (948,776 ds/min), 67,918,439 states left on queue.
Progress(20) at 2026-09-24 04:01:07: 676,925,099 states generated (3,238,414 s/min), 216,568,889 distinct states found (1,013,194 ds/min), 68,091,593 states left on queue.
Progress(20) at 2026-09-24 04:02:07: 680,328,003 states generated (3,402,904 s/min), 217,620,233 distinct states found (1,051,344 ds/min), 68,277,754 states left on queue.
Progress(20) at 2026-09-24 04:03:07: 683,694,756 states generated (3,366,753 s/min), 218,606,514 distinct states found (986,281 ds/min), 68,389,757 states left on queue.
Progress(20) at 2026-09-24 04:04:07: 687,044,182 states generated (3,349,426 s/min), 219,681,867 distinct states found (1,075,353 ds/min), 68,544,125 states left on queue.
Progress(20) at 2026-09-24 04:05:07: 689,786,326 states generated (2,742,144 s/min), 220,588,491 distinct states found (906,624 ds/min), 68,756,469 states left on queue.
Progress(20) at 2026-09-24 04:06:07: 693,714,702 states generated (3,928,376 s/min), 221,628,773 distinct states found (1,040,282 ds/min), 68,843,517 states left on queue.
Checkpointing of run /mnt/nvme/tlc-r51/LeanCoreHolds/26-09-23-23-36-55
Checkpointing completed at (2026-09-24 04:07:07)
Progress(20) at 2026-09-24 04:07:07: 697,317,426 states generated (3,602,724 s/min), 222,629,579 distinct states found (1,000,806 ds/min), 68,948,467 states left on queue.
Progress(20) at 2026-09-24 04:08:07: 701,052,777 states generated (3,735,351 s/min), 223,682,627 distinct states found (1,053,048 ds/min), 69,092,032 states left on queue.
Progress(20) at 2026-09-24 04:09:07: 705,249,894 states generated (4,197,117 s/min), 224,772,100 distinct states found (1,089,473 ds/min), 69,329,350 states left on queue.
Progress(20) at 2026-09-24 04:10:07: 709,141,110 states generated (3,891,216 s/min), 225,803,181 distinct states found (1,031,081 ds/min), 69,452,651 states left on queue.
Progress(20) at 2026-09-24 04:11:07: 712,916,404 states generated (3,775,294 s/min), 226,807,060 distinct states found (1,003,879 ds/min), 69,559,686 states left on queue.
Progress(20) at 2026-09-24 04:12:07: 716,038,906 states generated (3,122,502 s/min), 227,723,990 distinct states found (916,930 ds/min), 69,666,547 states left on queue.
Progress(20) at 2026-09-24 04:13:07: 719,614,512 states generated (3,575,606 s/min), 228,777,733 distinct states found (1,053,743 ds/min), 69,829,542 states left on queue.
Progress(20) at 2026-09-24 04:14:07: 723,271,131 states generated (3,656,619 s/min), 229,841,424 distinct states found (1,063,691 ds/min), 69,998,531 states left on queue.
Progress(20) at 2026-09-24 04:15:07: 726,918,131 states generated (3,647,000 s/min), 230,966,811 distinct states found (1,125,387 ds/min), 70,274,483 states left on queue.
Progress(20) at 2026-09-24 04:16:07: 731,081,212 states generated (4,163,081 s/min), 232,154,428 distinct states found (1,187,617 ds/min), 70,704,597 states left on queue.
Progress(20) at 2026-09-24 04:17:07: 734,117,042 states generated (3,035,830 s/min), 233,224,606 distinct states found (1,070,178 ds/min), 71,085,496 states left on queue.
Progress(20) at 2026-09-24 04:18:07: 737,663,149 states generated (3,546,107 s/min), 234,360,823 distinct states found (1,136,217 ds/min), 71,412,433 states left on queue.
Progress(20) at 2026-09-24 04:19:07: 741,003,519 states generated (3,340,370 s/min), 235,524,465 distinct states found (1,163,642 ds/min), 71,869,855 states left on queue.
Progress(20) at 2026-09-24 04:20:07: 744,233,752 states generated (3,230,233 s/min), 236,530,785 distinct states found (1,006,320 ds/min), 72,128,992 states left on queue.
Progress(20) at 2026-09-24 04:21:07: 746,986,563 states generated (2,752,811 s/min), 237,390,224 distinct states found (859,439 ds/min), 72,278,572 states left on queue.
Progress(20) at 2026-09-24 04:22:07: 749,738,564 states generated (2,752,001 s/min), 238,336,841 distinct states found (946,617 ds/min), 72,564,321 states left on queue.
Progress(20) at 2026-09-24 04:23:07: 752,818,613 states generated (3,080,049 s/min), 239,296,467 distinct states found (959,626 ds/min), 72,727,085 states left on queue.
Progress(20) at 2026-09-24 04:24:07: 755,752,149 states generated (2,933,536 s/min), 240,266,754 distinct states found (970,287 ds/min), 72,969,952 states left on queue.
Progress(20) at 2026-09-24 04:25:07: 759,403,204 states generated (3,651,055 s/min), 241,392,202 distinct states found (1,125,448 ds/min), 73,188,922 states left on queue.
Progress(20) at 2026-09-24 04:26:07: 763,130,155 states generated (3,726,951 s/min), 242,590,128 distinct states found (1,197,926 ds/min), 73,468,611 states left on queue.
Progress(20) at 2026-09-24 04:27:07: 766,533,799 states generated (3,403,644 s/min), 243,777,443 distinct states found (1,187,315 ds/min), 73,851,967 states left on queue.
Progress(20) at 2026-09-24 04:28:07: 770,334,225 states generated (3,800,426 s/min), 245,092,476 distinct states found (1,315,033 ds/min), 74,362,402 states left on queue.
Progress(20) at 2026-09-24 04:29:07: 773,844,268 states generated (3,510,043 s/min), 246,230,208 distinct states found (1,137,732 ds/min), 74,799,909 states left on queue.
Progress(20) at 2026-09-24 04:30:07: 777,525,462 states generated (3,681,194 s/min), 247,535,372 distinct states found (1,305,164 ds/min), 75,217,981 states left on queue.
Progress(20) at 2026-09-24 04:31:07: 781,595,403 states generated (4,069,941 s/min), 249,093,716 distinct states found (1,558,344 ds/min), 75,705,037 states left on queue.
Progress(21) at 2026-09-24 04:32:07: 785,728,557 states generated (4,133,154 s/min), 250,572,884 distinct states found (1,479,168 ds/min), 76,203,770 states left on queue.
Progress(21) at 2026-09-24 04:33:07: 789,740,843 states generated (4,012,286 s/min), 252,049,284 distinct states found (1,476,400 ds/min), 76,756,618 states left on queue.
Progress(21) at 2026-09-24 04:34:07: 793,930,068 states generated (4,189,225 s/min), 253,527,557 distinct states found (1,478,273 ds/min), 77,324,688 states left on queue.
Progress(21) at 2026-09-24 04:35:07: 798,058,000 states generated (4,127,932 s/min), 255,077,311 distinct states found (1,549,754 ds/min), 77,864,082 states left on queue.
Progress(21) at 2026-09-24 04:36:07: 802,122,951 states generated (4,064,951 s/min), 256,617,085 distinct states found (1,539,774 ds/min), 78,362,653 states left on queue.
Checkpointing of run /mnt/nvme/tlc-r51/LeanCoreHolds/26-09-23-23-36-55
Checkpointing completed at (2026-09-24 04:37:08)
Progress(21) at 2026-09-24 04:37:08: 806,521,153 states generated (4,398,202 s/min), 257,911,187 distinct states found (1,294,102 ds/min), 78,824,201 states left on queue.
Progress(21) at 2026-09-24 04:38:08: 810,827,014 states generated (4,305,861 s/min), 259,106,936 distinct states found (1,195,749 ds/min), 79,211,426 states left on queue.
Progress(21) at 2026-09-24 04:39:08: 815,031,956 states generated (4,204,942 s/min), 260,387,420 distinct states found (1,280,484 ds/min), 79,743,355 states left on queue.
Progress(21) at 2026-09-24 04:40:08: 819,168,569 states generated (4,136,613 s/min), 261,699,535 distinct states found (1,312,115 ds/min), 80,185,450 states left on queue.
Progress(21) at 2026-09-24 04:41:08: 823,074,685 states generated (3,906,116 s/min), 263,042,167 distinct states found (1,342,632 ds/min), 80,664,275 states left on queue.
Progress(21) at 2026-09-24 04:42:08: 827,413,386 states generated (4,338,701 s/min), 264,342,920 distinct states found (1,300,753 ds/min), 81,198,983 states left on queue.
Progress(21) at 2026-09-24 04:43:08: 831,498,627 states generated (4,085,241 s/min), 265,727,980 distinct states found (1,385,060 ds/min), 81,706,680 states left on queue.
Progress(21) at 2026-09-24 04:44:08: 835,603,982 states generated (4,105,355 s/min), 267,189,281 distinct states found (1,461,301 ds/min), 82,252,745 states left on queue.
Progress(21) at 2026-09-24 04:45:08: 839,217,112 states generated (3,613,130 s/min), 268,445,603 distinct states found (1,256,322 ds/min), 82,739,284 states left on queue.
Progress(21) at 2026-09-24 04:46:08: 843,053,274 states generated (3,836,162 s/min), 269,852,889 distinct states found (1,407,286 ds/min), 83,258,539 states left on queue.
Progress(21) at 2026-09-24 04:47:08: 847,034,057 states generated (3,980,783 s/min), 271,249,359 distinct states found (1,396,470 ds/min), 83,701,074 states left on queue.
Progress(21) at 2026-09-24 04:48:08: 850,842,942 states generated (3,808,885 s/min), 272,579,319 distinct states found (1,329,960 ds/min), 84,020,274 states left on queue.
Progress(21) at 2026-09-24 04:49:08: 855,215,085 states generated (4,372,143 s/min), 274,197,319 distinct states found (1,618,000 ds/min), 84,753,406 states left on queue.
Progress(21) at 2026-09-24 04:50:08: 859,462,425 states generated (4,247,340 s/min), 275,723,600 distinct states found (1,526,281 ds/min), 85,329,016 states left on queue.
Progress(21) at 2026-09-24 04:51:08: 862,944,758 states generated (3,482,333 s/min), 276,991,001 distinct states found (1,267,401 ds/min), 85,740,116 states left on queue.
Progress(21) at 2026-09-24 04:52:08: 865,349,378 states generated (2,404,620 s/min), 277,838,310 distinct states found (847,309 ds/min), 86,028,655 states left on queue.
Progress(21) at 2026-09-24 04:53:08: 869,358,101 states generated (4,008,723 s/min), 279,319,433 distinct states found (1,481,123 ds/min), 86,592,978 states left on queue.
Progress(21) at 2026-09-24 04:54:08: 873,106,328 states generated (3,748,227 s/min), 280,711,090 distinct states found (1,391,657 ds/min), 86,997,457 states left on queue.
Progress(21) at 2026-09-24 04:55:08: 876,903,864 states generated (3,797,536 s/min), 282,059,405 distinct states found (1,348,315 ds/min), 87,338,329 states left on queue.
Progress(21) at 2026-09-24 04:56:08: 880,813,590 states generated (3,909,726 s/min), 283,416,263 distinct states found (1,356,858 ds/min), 87,739,978 states left on queue.
Progress(21) at 2026-09-24 04:57:08: 884,568,212 states generated (3,754,622 s/min), 284,713,466 distinct states found (1,297,203 ds/min), 88,062,603 states left on queue.
Progress(21) at 2026-09-24 04:58:08: 888,868,497 states generated (4,300,285 s/min), 286,326,134 distinct states found (1,612,668 ds/min), 88,743,657 states left on queue.
Progress(21) at 2026-09-24 04:59:08: 892,907,577 states generated (4,039,080 s/min), 287,853,452 distinct states found (1,527,318 ds/min), 89,362,625 states left on queue.
Progress(21) at 2026-09-24 05:00:08: 897,357,242 states generated (4,449,665 s/min), 289,456,149 distinct states found (1,602,697 ds/min), 90,066,113 states left on queue.
Progress(21) at 2026-09-24 05:01:08: 901,446,286 states generated (4,089,044 s/min), 290,968,068 distinct states found (1,511,919 ds/min), 90,578,723 states left on queue.
Progress(21) at 2026-09-24 05:02:08: 905,461,332 states generated (4,015,046 s/min), 292,408,682 distinct states found (1,440,614 ds/min), 91,036,891 states left on queue.
Progress(21) at 2026-09-24 05:03:08: 909,170,161 states generated (3,708,829 s/min), 293,841,171 distinct states found (1,432,489 ds/min), 91,530,835 states left on queue.
Progress(21) at 2026-09-24 05:04:08: 913,144,326 states generated (3,974,165 s/min), 295,286,914 distinct states found (1,445,743 ds/min), 92,005,541 states left on queue.
Progress(21) at 2026-09-24 05:05:08: 917,124,943 states generated (3,980,617 s/min), 296,682,070 distinct states found (1,395,156 ds/min), 92,413,155 states left on queue.
Progress(21) at 2026-09-24 05:06:08: 921,364,881 states generated (4,239,938 s/min), 298,199,300 distinct states found (1,517,230 ds/min), 93,027,908 states left on queue.
Checkpointing of run /mnt/nvme/tlc-r51/LeanCoreHolds/26-09-23-23-36-55
Checkpointing completed at (2026-09-24 05:07:08)
Progress(21) at 2026-09-24 05:07:08: 925,457,164 states generated (4,092,283 s/min), 299,727,934 distinct states found (1,528,634 ds/min), 93,601,035 states left on queue.
Progress(21) at 2026-09-24 05:08:08: 928,686,132 states generated (3,228,968 s/min), 300,660,428 distinct states found (932,494 ds/min), 93,628,820 states left on queue.
Progress(21) at 2026-09-24 05:09:08: 931,662,744 states generated (2,976,612 s/min), 301,620,930 distinct states found (960,502 ds/min), 93,824,933 states left on queue.
Progress(21) at 2026-09-24 05:10:08: 933,253,515 states generated (1,590,771 s/min), 302,167,092 distinct states found (546,162 ds/min), 93,928,480 states left on queue.
Progress(21) at 2026-09-24 05:11:08: 935,847,317 states generated (2,593,802 s/min), 302,906,757 distinct states found (739,665 ds/min), 93,982,124 states left on queue.
Progress(21) at 2026-09-24 05:12:08: 939,741,814 states generated (3,894,497 s/min), 304,143,310 distinct states found (1,236,553 ds/min), 94,168,475 states left on queue.
Progress(21) at 2026-09-24 05:13:08: 943,466,594 states generated (3,724,780 s/min), 304,999,709 distinct states found (856,399 ds/min), 94,177,278 states left on queue.
Progress(21) at 2026-09-24 05:14:08: 946,561,563 states generated (3,094,969 s/min), 305,901,996 distinct states found (902,287 ds/min), 94,209,536 states left on queue.
Progress(21) at 2026-09-24 05:15:08: 950,383,705 states generated (3,822,142 s/min), 307,087,960 distinct states found (1,185,964 ds/min), 94,462,700 states left on queue.
Progress(21) at 2026-09-24 05:16:08: 953,680,926 states generated (3,297,221 s/min), 308,012,187 distinct states found (924,227 ds/min), 94,432,295 states left on queue.
