tlc-rs: MCLeanP1M4 (31 variables, 0 symmetry permutations), 2 workers, interp engine; loaded in 0.003s
progress: depth 16, 2013465 generated, 647168 distinct (0 fingerprint spills), 244045 on queue (0 on disk), 14.7s
progress: depth 18, 4867837 generated, 1505515 distinct (0 fingerprint spills), 497331 on queue (6835 on disk), 36.2s
progress: depth 19, 7023293 generated, 2131266 distinct (0 fingerprint spills), 625751 on queue (134999 on disk), 52.5s
progress: depth 20, 9525080 generated, 2856273 distinct (0 fingerprint spills), 725007 on queue (234767 on disk), 71.9s
progress: depth 21, 12255673 generated, 3645838 distinct (0 fingerprint spills), 789565 on queue (299069 on disk), 93.5s
progress: depth 22, 15139865 generated, 4461175 distinct (0 fingerprint spills), 815337 on queue (325097 on disk), 116.3s
progress: depth 23, 18114323 generated, 5280464 distinct (0 fingerprint spills), 819289 on queue (331097 on disk), 139.7s
progress: depth 24, 21200546 generated, 6124612 distinct (0 fingerprint spills), 844148 on queue (357748 on disk), 163.5s
progress: depth 25, 24493404 generated, 7029275 distinct (0 fingerprint spills), 904663 on queue (419799 on disk), 189.7s
progress: depth 26, 28015965 generated, 7974185 distinct (0 fingerprint spills), 944910 on queue (460046 on disk), 221.3s
progress: depth 27, 31512341 generated, 8851961 distinct (0 fingerprint spills), 877776 on queue (392144 on disk), 248.0s
progress: depth 28, 34405857 generated, 9527903 distinct (0 fingerprint spills), 675942 on queue (188262 on disk), 269.2s
progress: depth 29, 36303823 generated, 9957822 distinct (0 fingerprint spills), 429919 on queue (0 on disk), 283.6s
progress: depth 31, 38125885 generated, 10402924 distinct (0 fingerprint spills), 185368 on queue (0 on disk), 297.7s
Model checking completed. No error has been found.
39223077 states generated, 10676334 distinct states found. Depth 36. Checked in 306.618s (34820 distinct/s).

real	5m6.631s
user	10m10.365s
sys	0m2.299s
rc=0 22:06:18Z
