tlc-rs: MCLeanP1M4 (31 variables, 0 symmetry permutations), 2 workers, interp engine; loaded in 0.003s
progress: depth 12, 1711025 generated, 538540 distinct (0 fingerprint spills), 231955 on queue (0 on disk), 14.5s
progress: depth 14, 4427998 generated, 1299840 distinct (0 fingerprint spills), 433667 on queue (21763 on disk), 37.7s
progress: depth 15, 6439978 generated, 1866891 distinct (0 fingerprint spills), 567051 on queue (156683 on disk), 55.4s
progress: depth 16, 9044826 generated, 2619745 distinct (0 fingerprint spills), 752854 on queue (342742 on disk), 78.8s
progress: depth 17, 12504088 generated, 3623048 distinct (0 fingerprint spills), 1003303 on queue (594983 on disk), 110.2s
progress: depth 18, 17091955 generated, 4922296 distinct (0 fingerprint spills), 1299248 on queue (893488 on disk), 151.9s
progress: depth 19, 22918767 generated, 6500249 distinct (0 fingerprint spills), 1577953 on queue (1174497 on disk), 204.5s
progress: depth 20, 29742126 generated, 8249346 distinct (0 fingerprint spills), 1749097 on queue (1347433 on disk), 265.5s
progress: depth 21, 36955124 generated, 9998949 distinct (0 fingerprint spills), 1749603 on queue (1348963 on disk), 329.8s
progress: depth 22, 43883086 generated, 11653601 distinct (0 fingerprint spills), 1654652 on queue (1254780 on disk), 392.3s
progress: depth 23, 50382360 generated, 13338869 distinct (0 fingerprint spills), 1685268 on queue (1287444 on disk), 453.2s
progress: depth 24, 57087672 generated, 15230798 distinct (0 fingerprint spills), 1891929 on queue (1496153 on disk), 517.6s
progress: depth 25, 64510879 generated, 17221555 distinct (0 fingerprint spills), 1990757 on queue (1594981 on disk), 588.5s
progress: depth 26, 71911252 generated, 18933836 distinct (0 fingerprint spills), 1712281 on queue (1313945 on disk), 658.9s
progress: depth 27, 77805326 generated, 20102029 distinct (0 fingerprint spills), 1168193 on queue (768321 on disk), 714.7s
progress: depth 28, 81518342 generated, 20755938 distinct (0 fingerprint spills), 653909 on queue (254805 on disk), 749.5s
progress: depth 29, 83463366 generated, 21062621 distinct (0 fingerprint spills), 306683 on queue (0 on disk), 767.8s
progress: depth 31, 84597753 generated, 21206469 distinct (0 fingerprint spills), 31620 on queue (0 on disk), 778.4s
Model checking completed. No error has been found.
84689619 states generated, 21213823 distinct states found. Depth 34. Checked in 779.254s (27223 distinct/s).

real	12m59.266s
user	25m49.551s
sys	0m7.226s
rc=0 22:24:36Z
