tlc-rs: MCLeanP1AncCheck (32 variables, 0 symmetry permutations), 2 workers, generated engine; loaded in 0.012s
progress: depth 10, 437231 generated, 168052 distinct (0 fingerprint spills), 85195 on queue (0 on disk), 16.2s
progress: depth 11, 826498 generated, 305265 distinct (0 fingerprint spills), 137213 on queue (0 on disk), 30.7s
progress: depth 12, 1414366 generated, 508024 distinct (0 fingerprint spills), 202759 on queue (0 on disk), 53.2s
progress: depth 13, 2233656 generated, 787017 distinct (0 fingerprint spills), 278993 on queue (0 on disk), 80.1s
progress: depth 14, 3302148 generated, 1146596 distinct (0 fingerprint spills), 359579 on queue (0 on disk), 113.9s
progress: depth 15, 4627761 generated, 1593421 distinct (0 fingerprint spills), 446825 on queue (0 on disk), 163.4s
progress: depth 16, 6238403 generated, 2143551 distinct (0 fingerprint spills), 550130 on queue (90354 on disk), 212.1s
progress: depth 17, 8167505 generated, 2801958 distinct (0 fingerprint spills), 658407 on queue (201447 on disk), 277.0s
progress: depth 18, 10382307 generated, 3539155 distinct (0 fingerprint spills), 737197 on queue (282541 on disk), 370.1s
progress: depth 19, 12772446 generated, 4315435 distinct (0 fingerprint spills), 776280 on queue (323160 on disk), 469.9s
progress: depth 20, 15195756 generated, 5091997 distinct (0 fingerprint spills), 776562 on queue (325234 on disk), 571.8s
progress: depth 21, 17487794 generated, 5809209 distinct (0 fingerprint spills), 717212 on queue (267932 on disk), 668.5s
progress: depth 22, 19495957 generated, 6421262 distinct (0 fingerprint spills), 612053 on queue (164053 on disk), 751.3s
progress: depth 23, 21163020 generated, 6934348 distinct (0 fingerprint spills), 513086 on queue (65086 on disk), 817.8s
progress: depth 24, 22543160 generated, 7371088 distinct (0 fingerprint spills), 436740 on queue (0 on disk), 874.9s
progress: depth 25, 23685413 generated, 7721320 distinct (0 fingerprint spills), 350232 on queue (0 on disk), 922.5s
progress: depth 26, 24521138 generated, 7939674 distinct (0 fingerprint spills), 218354 on queue (0 on disk), 954.2s
progress: depth 27, 24965892 generated, 8028883 distinct (0 fingerprint spills), 89209 on queue (0 on disk), 969.2s
Model checking completed. No error has been found.
25158316 states generated, 8057963 distinct states found. Depth 30. Checked in 974.943s (8265 distinct/s).

real	16m14.970s
user	32m22.456s
sys	0m2.949s
rc=0 14:45:39Z
