tlc-rs: MCLeanP1AncCheck (32 variables, 0 symmetry permutations), 2 workers, generated engine; loaded in 0.046s
progress: depth 9, 205703 generated, 82857 distinct (0 fingerprint spills), 46923 on queue (0 on disk), 14.2s
progress: depth 10, 437231 generated, 168052 distinct (0 fingerprint spills), 85195 on queue (0 on disk), 27.6s
progress: depth 11, 826498 generated, 305265 distinct (0 fingerprint spills), 137213 on queue (0 on disk), 51.6s
progress: depth 12, 1414366 generated, 508024 distinct (0 fingerprint spills), 202759 on queue (0 on disk), 87.5s
progress: depth 13, 2233656 generated, 787017 distinct (0 fingerprint spills), 278993 on queue (0 on disk), 120.4s
progress: depth 14, 3302148 generated, 1146596 distinct (0 fingerprint spills), 359579 on queue (0 on disk), 164.2s
progress: depth 15, 4627761 generated, 1593421 distinct (0 fingerprint spills), 446825 on queue (0 on disk), 218.0s
progress: depth 16, 6238403 generated, 2143551 distinct (0 fingerprint spills), 550130 on queue (90098 on disk), 285.2s
progress: depth 17, 8167505 generated, 2801958 distinct (0 fingerprint spills), 658407 on queue (201447 on disk), 365.5s
progress: depth 18, 10382307 generated, 3539155 distinct (0 fingerprint spills), 737197 on queue (282285 on disk), 455.1s
progress: depth 19, 12772446 generated, 4315435 distinct (0 fingerprint spills), 776280 on queue (323160 on disk), 554.4s
progress: depth 20, 15195756 generated, 5091997 distinct (0 fingerprint spills), 776562 on queue (325490 on disk), 653.9s
progress: depth 21, 17487794 generated, 5809209 distinct (0 fingerprint spills), 717212 on queue (268444 on disk), 747.2s
progress: depth 22, 19495957 generated, 6421262 distinct (0 fingerprint spills), 612053 on queue (165333 on disk), 829.8s
progress: depth 23, 21163020 generated, 6934348 distinct (0 fingerprint spills), 513086 on queue (65086 on disk), 897.2s
progress: depth 24, 22543160 generated, 7371088 distinct (0 fingerprint spills), 436740 on queue (0 on disk), 955.0s
progress: depth 25, 23685413 generated, 7721320 distinct (0 fingerprint spills), 350232 on queue (0 on disk), 1002.6s
progress: depth 26, 24521138 generated, 7939674 distinct (0 fingerprint spills), 218354 on queue (0 on disk), 1033.6s
progress: depth 27, 24965892 generated, 8028883 distinct (0 fingerprint spills), 89209 on queue (0 on disk), 1048.3s
Model checking completed. No error has been found.
25158316 states generated, 8057963 distinct states found. Depth 30. Checked in 1054.059s (7645 distinct/s).

real	17m34.119s
user	33m59.652s
sys	0m3.670s
rc=0 15:15:41Z
