tlc-rs: MCLeanP1AncCheck (32 variables, 0 symmetry permutations), 2 workers, generated engine; loaded in 0.012s
progress: depth 14, 562267 generated, 193821 distinct (0 fingerprint spills), 74004 on queue (0 on disk), 14.4s
progress: depth 16, 1316313 generated, 442700 distinct (0 fingerprint spills), 143470 on queue (0 on disk), 31.7s
progress: depth 17, 1890775 generated, 626849 distinct (0 fingerprint spills), 184149 on queue (0 on disk), 46.7s
progress: depth 18, 2595410 generated, 854700 distinct (0 fingerprint spills), 227851 on queue (0 on disk), 63.1s
progress: depth 19, 3426321 generated, 1128351 distinct (0 fingerprint spills), 273651 on queue (0 on disk), 85.6s
progress: depth 20, 4380403 generated, 1435491 distinct (0 fingerprint spills), 307140 on queue (0 on disk), 102.0s
progress: depth 21, 5422018 generated, 1754474 distinct (0 fingerprint spills), 318983 on queue (0 on disk), 121.0s
progress: depth 22, 6477105 generated, 2066893 distinct (0 fingerprint spills), 312419 on queue (0 on disk), 138.5s
progress: depth 23, 7480428 generated, 2364786 distinct (0 fingerprint spills), 297893 on queue (0 on disk), 155.6s
progress: depth 24, 8426558 generated, 2655986 distinct (0 fingerprint spills), 291200 on queue (0 on disk), 172.8s
progress: depth 25, 9333631 generated, 2933156 distinct (0 fingerprint spills), 277170 on queue (0 on disk), 189.0s
progress: depth 26, 10144760 generated, 3160541 distinct (0 fingerprint spills), 227385 on queue (0 on disk), 204.1s
progress: depth 27, 10734149 generated, 3306560 distinct (0 fingerprint spills), 146019 on queue (0 on disk), 214.1s
progress: depth 30, 11334336 generated, 3467077 distinct (0 fingerprint spills), 39174 on queue (0 on disk), 225.5s
Model checking completed. No error has been found.
11504466 states generated, 3510269 distinct states found. Depth 33. Checked in 228.995s (15329 distinct/s).

real	3m49.020s
user	6m33.554s
sys	0m0.788s
rc=0 15:01:56Z
