tlc-rs: LeanP1Anc (32 variables, 0 symmetry permutations), 8 workers, generated engine; loaded in 0.009s
progress: depth 14, 2823769 generated, 803843 distinct (0 fingerprint spills), 361407 on queue (0 on disk), 16.3s
progress: depth 15, 5014882 generated, 1429726 distinct (0 fingerprint spills), 625883 on queue (184795 on disk), 29.2s
progress: depth 16, 8757680 generated, 2519208 distinct (0 fingerprint spills), 1089482 on queue (650442 on disk), 51.9s
progress: depth 17, 15168116 generated, 4382920 distinct (0 fingerprint spills), 1863712 on queue (1424928 on disk), 91.0s
progress: depth 18, 25882564 generated, 7432524 distinct (0 fingerprint spills), 3049604 on queue (2610820 on disk), 157.6s
progress: depth 19, 42907980 generated, 12146575 distinct (0 fingerprint spills), 4714051 on queue (4275779 on disk), 265.6s
progress: depth 20, 68274154 generated, 18982463 distinct (0 fingerprint spills), 6835888 on queue (6396848 on disk), 428.2s
progress: depth 21, 103575073 generated, 28299415 distinct (0 fingerprint spills), 9316952 on queue (8879448 on disk), 657.3s
progress: depth 22, 149742740 generated, 40324905 distinct (0 fingerprint spills), 12025490 on queue (11588498 on disk), 960.1s
progress: depth 23, 207263181 generated, 55251295 distinct (0 fingerprint spills), 14926390 on queue (14490678 on disk), 13174.4s
checkpoint: /mnt/nvme/leanp1-anc3-2026-10-06/meta/ckpt (depth 23, 55251295 distinct, 14926390 on queue) in 5.4s
progress: depth 24, 277109513 generated, 73449077 distinct (0 fingerprint spills), 18197782 on queue (17764118 on disk), 13367.4s
progress: depth 25, 361696407 generated, 95600747 distinct (0 fingerprint spills), 22151670 on queue (21719542 on disk), 13596.0s
progress: depth 26, 464381350 generated, 122447232 distinct (1024 fingerprint spills), 26846485 on queue (26415381 on disk), 13880.2s
progress: depth 27, 586830965 generated, 154135077 distinct (1024 fingerprint spills), 31687845 on queue (31256997 on disk), 14214.5s
progress: depth 28, 726481557 generated, 189648923 distinct (1024 fingerprint spills), 35513846 on queue (35082230 on disk), 14598.7s
progress: depth 29, 876583849 generated, 226890896 distinct (2048 fingerprint spills), 37241973 on queue (36809589 on disk), 15028.3s
checkpoint: /mnt/nvme/leanp1-anc3-2026-10-06/meta/ckpt (depth 29, 226890896 distinct, 37241973 on queue) in 9.1s
progress: depth 30, 1028712480 generated, 263521012 distinct (2048 fingerprint spills), 36630116 on queue (36198244 on disk), 15462.2s
progress: depth 31, 1176098851 generated, 298041387 distinct (2048 fingerprint spills), 34520375 on queue (34089271 on disk), 15866.9s
progress: depth 32, 1315675505 generated, 330306875 distinct (3072 fingerprint spills), 32265488 on queue (31834640 on disk), 16268.8s
progress: depth 33, 1447346828 generated, 360781279 distinct (3072 fingerprint spills), 30474404 on queue (30042788 on disk), 16631.1s
progress: depth 34, 1570680466 generated, 389119358 distinct (3072 fingerprint spills), 28338079 on queue (27904415 on disk), 16975.3s
checkpoint: /mnt/nvme/leanp1-anc3-2026-10-06/meta/ckpt (depth 34, 389119358 distinct, 28338079 on queue) in 16.2s
progress: depth 35, 1681579461 generated, 413679665 distinct (4096 fingerprint spills), 24560307 on queue (24124339 on disk), 17328.5s
progress: depth 36, 1772262912 generated, 432470499 distinct (4096 fingerprint spills), 18790834 on queue (18353842 on disk), 17585.8s
progress: depth 37, 1836365467 generated, 444797822 distinct (4096 fingerprint spills), 12327323 on queue (11889563 on disk), 17766.0s
progress: depth 38, 1875194958 generated, 451985346 distinct (4096 fingerprint spills), 7187524 on queue (6750020 on disk), 17875.5s
progress: depth 39, 1896889988 generated, 456146108 distinct (4096 fingerprint spills), 4160762 on queue (3720698 on disk), 17937.1s
progress: depth 40, 1909414896 generated, 458673727 distinct (4096 fingerprint spills), 2527619 on queue (2089091 on disk), 17972.7s
progress: depth 41, 1916810091 generated, 460123461 distinct (4096 fingerprint spills), 1449734 on queue (1015046 on disk), 17994.2s
progress: depth 42, 1920682247 generated, 460804661 distinct (4096 fingerprint spills), 681200 on queue (248816 on disk), 18005.6s
Model checking completed. No error has been found.
1922766889 states generated, 461094969 distinct states found. Depth 46. Checked in 18012.647s (25598 distinct/s).

real	300m12.713s
user	703m29.045s
sys	7m33.718s
rc=0 20:15:54Z
