TLC2 Version 2.19 of 08 August 2024 (rev: 5a47802)
Running breadth-first search Model-Checking with fp 48 and seed 7165897131832520809 with 6 workers on 8 cores with 21845MB heap and 64MB offheap memory [pid: 27288] (Linux 6.12.0-061200-generic amd64, Ubuntu 21.0.11 x86_64, MSBDiskFPSet, DiskStateQueue).
Parsing file /home/ddalton/lean-leanp1-2026-09-25/LeanP1.tla
Parsing file /tmp/Naturals.tla
Parsing file /tmp/FiniteSets.tla
Parsing file /tmp/Sequences.tla
Semantic processing of module Naturals
Semantic processing of module Sequences
Semantic processing of module FiniteSets
Semantic processing of module LeanP1
Starting... (2026-09-25 19:54:17)
Computing initial states...
Finished computing initial states: 1 distinct state generated at 2026-09-25 19:54:17.
Error: Invariant Inv_ShortcutSound is violated.
Error: The behavior up to this point is:
State 1: <Initial predicate>
/\ regressed = FALSE
/\ udel = {}
/\ seq = 1
/\ mv = Nil
/\ doc = (p1 :> <<p1, 1>> @@ p2 :> Nil)
/\ reqs = 0
/\ minted = {<<p1, 1>>}
/\ upped = {<<p1, 1>>}
/\ w = ( A :>
      [ st |-> "off",
        pc |-> "idle",
        local |-> (p1 :> Nil @@ p2 :> Nil),
        baseline |-> (p1 :> Nil @@ p2 :> Nil),
        integrated |-> {},
        uploads |-> {},
        deletes |-> {},
        snap |-> (p1 :> Nil @@ p2 :> Nil),
        upDone |-> {},
        gone |-> {},
        verified |-> FALSE,
        inst |-> (p1 :> Nil @@ p2 :> Nil),
        retire |-> {},
        collected |-> FALSE,
        owes |-> FALSE,
        synced |-> 0,
        behind |-> FALSE ] @@
  B :>
      [ st |-> "off",
        pc |-> "idle",
        local |-> (p1 :> Nil @@ p2 :> Nil),
        baseline |-> (p1 :> Nil @@ p2 :> Nil),
        integrated |-> {},
        uploads |-> {},
        deletes |-> {},
        snap |-> (p1 :> Nil @@ p2 :> Nil),
        upDone |-> {},
        gone |-> {},
        verified |-> FALSE,
        inst |-> (p1 :> Nil @@ p2 :> Nil),
        retire |-> {},
        collected |-> FALSE,
        owes |-> FALSE,
        synced |-> 0,
        behind |-> FALSE ] )
/\ conflicts = {}
/\ rlag = TRUE
/\ rdoc = (p1 :> Nil @@ p2 :> Nil)
/\ tomb = (p1 :> Nil @@ p2 :> Nil)
/\ copies = 0
/\ holder = "none"
/\ syncs = 0
/\ retiring = {}
/\ took = (A :> (p1 :> {} @@ p2 :> {}) @@ B :> (p1 :> {} @@ p2 :> {}))
/\ gw = (p1 :> Nil @@ p2 :> Nil)
/\ barriers = 0
/\ base = ( <<p1, 1>> :> Nil @@
  <<p1, 2>> :> Nil @@
  <<p1, 3>> :> Nil @@
  <<p1, 4>> :> Nil @@
  <<p2, 1>> :> Nil @@
  <<p2, 2>> :> Nil @@
  <<p2, 3>> :> Nil @@
  <<p2, 4>> :> Nil )
/\ nextGen = 2
/\ restarts = 0
/\ ui = 0
/\ orig = ( <<p1, 1>> :> Nil @@
  <<p1, 2>> :> Nil @@
  <<p1, 3>> :> Nil @@
  <<p1, 4>> :> Nil @@
  <<p2, 1>> :> Nil @@
  <<p2, 2>> :> Nil @@
  <<p2, 3>> :> Nil @@
  <<p2, 4>> :> Nil )
/\ acked = {}
/\ aged = {}
/\ live = {<<p1, 1>>}
/\ ages = 0

State 2: <Next line 577, col 6 to line 577, col 99 of module LeanP1>
/\ regressed = FALSE
/\ udel = {<<p1, <<p1, 1>>>>}
/\ seq = 2
/\ mv = Nil
/\ doc = (p1 :> Nil @@ p2 :> Nil)
/\ reqs = 1
/\ minted = {<<p1, 1>>}
/\ upped = {<<p1, 1>>}
/\ w = ( A :>
      [ st |-> "off",
        pc |-> "idle",
        local |-> (p1 :> Nil @@ p2 :> Nil),
        baseline |-> (p1 :> Nil @@ p2 :> Nil),
        integrated |-> {},
        uploads |-> {},
        deletes |-> {},
        snap |-> (p1 :> Nil @@ p2 :> Nil),
        upDone |-> {},
        gone |-> {},
        verified |-> FALSE,
        inst |-> (p1 :> Nil @@ p2 :> Nil),
        retire |-> {},
        collected |-> FALSE,
        owes |-> FALSE,
        synced |-> 0,
        behind |-> FALSE ] @@
  B :>
      [ st |-> "off",
        pc |-> "idle",
        local |-> (p1 :> Nil @@ p2 :> Nil),
        baseline |-> (p1 :> Nil @@ p2 :> Nil),
        integrated |-> {},
        uploads |-> {},
        deletes |-> {},
        snap |-> (p1 :> Nil @@ p2 :> Nil),
        upDone |-> {},
        gone |-> {},
        verified |-> FALSE,
        inst |-> (p1 :> Nil @@ p2 :> Nil),
        retire |-> {},
        collected |-> FALSE,
        owes |-> FALSE,
        synced |-> 0,
        behind |-> FALSE ] )
/\ conflicts = {}
/\ rlag = TRUE
/\ rdoc = (p1 :> Nil @@ p2 :> Nil)
/\ tomb = (p1 :> <<p1, 1>> @@ p2 :> Nil)
/\ copies = 0
/\ holder = "none"
/\ syncs = 0
/\ retiring = {<<p1, 1>>}
/\ took = (A :> (p1 :> {} @@ p2 :> {}) @@ B :> (p1 :> {} @@ p2 :> {}))
/\ gw = (p1 :> Nil @@ p2 :> Nil)
/\ barriers = 0
/\ base = ( <<p1, 1>> :> Nil @@
  <<p1, 2>> :> Nil @@
  <<p1, 3>> :> Nil @@
  <<p1, 4>> :> Nil @@
  <<p2, 1>> :> Nil @@
  <<p2, 2>> :> Nil @@
  <<p2, 3>> :> Nil @@
  <<p2, 4>> :> Nil )
/\ nextGen = 2
/\ restarts = 0
/\ ui = 0
/\ orig = ( <<p1, 1>> :> Nil @@
  <<p1, 2>> :> Nil @@
  <<p1, 3>> :> Nil @@
  <<p1, 4>> :> Nil @@
  <<p2, 1>> :> Nil @@
  <<p2, 2>> :> Nil @@
  <<p2, 3>> :> Nil @@
  <<p2, 4>> :> Nil )
/\ acked = {}
/\ aged = {}
/\ live = {<<p1, 1>>}
/\ ages = 0

State 3: <Next line 577, col 6 to line 577, col 99 of module LeanP1>
/\ regressed = FALSE
/\ udel = {<<p1, <<p1, 1>>>>}
/\ seq = 2
/\ mv = Nil
/\ doc = (p1 :> Nil @@ p2 :> Nil)
/\ reqs = 1
/\ minted = {<<p1, 1>>, <<p1, 2>>}
/\ upped = {<<p1, 1>>, <<p1, 2>>}
/\ w = ( A :>
      [ st |-> "off",
        pc |-> "idle",
        local |-> (p1 :> Nil @@ p2 :> Nil),
        baseline |-> (p1 :> Nil @@ p2 :> Nil),
        integrated |-> {},
        uploads |-> {},
        deletes |-> {},
        snap |-> (p1 :> Nil @@ p2 :> Nil),
        upDone |-> {},
        gone |-> {},
        verified |-> FALSE,
        inst |-> (p1 :> Nil @@ p2 :> Nil),
        retire |-> {},
        collected |-> FALSE,
        owes |-> FALSE,
        synced |-> 0,
        behind |-> FALSE ] @@
  B :>
      [ st |-> "off",
        pc |-> "idle",
        local |-> (p1 :> Nil @@ p2 :> Nil),
        baseline |-> (p1 :> Nil @@ p2 :> Nil),
        integrated |-> {},
        uploads |-> {},
        deletes |-> {},
        snap |-> (p1 :> Nil @@ p2 :> Nil),
        upDone |-> {},
        gone |-> {},
        verified |-> FALSE,
        inst |-> (p1 :> Nil @@ p2 :> Nil),
        retire |-> {},
        collected |-> FALSE,
        owes |-> FALSE,
        synced |-> 0,
        behind |-> FALSE ] )
/\ conflicts = {}
/\ rlag = TRUE
/\ rdoc = (p1 :> Nil @@ p2 :> Nil)
/\ tomb = (p1 :> <<p1, 1>> @@ p2 :> Nil)
/\ copies = 0
/\ holder = "none"
/\ syncs = 0
/\ retiring = {<<p1, 1>>}
/\ took = (A :> (p1 :> {} @@ p2 :> {}) @@ B :> (p1 :> {} @@ p2 :> {}))
/\ gw = (p1 :> <<p1, 2>> @@ p2 :> Nil)
/\ barriers = 0
/\ base = ( <<p1, 1>> :> Nil @@
  <<p1, 2>> :> Nil @@
  <<p1, 3>> :> Nil @@
  <<p1, 4>> :> Nil @@
  <<p2, 1>> :> Nil @@
  <<p2, 2>> :> Nil @@
  <<p2, 3>> :> Nil @@
  <<p2, 4>> :> Nil )
/\ nextGen = 3
/\ restarts = 0
/\ ui = 1
/\ orig = ( <<p1, 1>> :> Nil @@
  <<p1, 2>> :> Nil @@
  <<p1, 3>> :> Nil @@
  <<p1, 4>> :> Nil @@
  <<p2, 1>> :> Nil @@
  <<p2, 2>> :> Nil @@
  <<p2, 3>> :> Nil @@
  <<p2, 4>> :> Nil )
/\ acked = {}
/\ aged = {}
/\ live = {<<p1, 1>>, <<p1, 2>>}
/\ ages = 0

State 4: <Next line 577, col 6 to line 577, col 99 of module LeanP1>
/\ regressed = FALSE
/\ udel = {<<p1, <<p1, 1>>>>}
/\ seq = 2
/\ mv = Nil
/\ doc = (p1 :> Nil @@ p2 :> Nil)
/\ reqs = 1
/\ minted = {<<p1, 1>>, <<p1, 2>>}
/\ upped = {<<p1, 1>>, <<p1, 2>>}
/\ w = ( A :>
      [ st |-> "on",
        pc |-> "idle",
        local |-> (p1 :> Nil @@ p2 :> Nil),
        baseline |-> (p1 :> Nil @@ p2 :> Nil),
        integrated |-> {},
        uploads |-> {},
        deletes |-> {},
        snap |-> (p1 :> Nil @@ p2 :> Nil),
        upDone |-> {},
        gone |-> {},
        verified |-> FALSE,
        inst |-> (p1 :> Nil @@ p2 :> Nil),
        retire |-> {},
        collected |-> FALSE,
        owes |-> FALSE,
        synced |-> 2,
        behind |-> FALSE ] @@
  B :>
      [ st |-> "off",
        pc |-> "idle",
        local |-> (p1 :> Nil @@ p2 :> Nil),
        baseline |-> (p1 :> Nil @@ p2 :> Nil),
        integrated |-> {},
        uploads |-> {},
        deletes |-> {},
        snap |-> (p1 :> Nil @@ p2 :> Nil),
        upDone |-> {},
        gone |-> {},
        verified |-> FALSE,
        inst |-> (p1 :> Nil @@ p2 :> Nil),
        retire |-> {},
        collected |-> FALSE,
        owes |-> FALSE,
        synced |-> 0,
        behind |-> FALSE ] )
/\ conflicts = {}
/\ rlag = TRUE
/\ rdoc = (p1 :> Nil @@ p2 :> Nil)
/\ tomb = (p1 :> <<p1, 1>> @@ p2 :> Nil)
/\ copies = 0
/\ holder = "none"
/\ syncs = 0
/\ retiring = {<<p1, 1>>}
/\ took = (A :> (p1 :> {} @@ p2 :> {}) @@ B :> (p1 :> {} @@ p2 :> {}))
/\ gw = (p1 :> <<p1, 2>> @@ p2 :> Nil)
/\ barriers = 0
/\ base = ( <<p1, 1>> :> Nil @@
  <<p1, 2>> :> Nil @@
  <<p1, 3>> :> Nil @@
  <<p1, 4>> :> Nil @@
  <<p2, 1>> :> Nil @@
  <<p2, 2>> :> Nil @@
  <<p2, 3>> :> Nil @@
  <<p2, 4>> :> Nil )
/\ nextGen = 3
/\ restarts = 0
/\ ui = 1
/\ orig = ( <<p1, 1>> :> Nil @@
  <<p1, 2>> :> Nil @@
  <<p1, 3>> :> Nil @@
  <<p1, 4>> :> Nil @@
  <<p2, 1>> :> Nil @@
  <<p2, 2>> :> Nil @@
  <<p2, 3>> :> Nil @@
  <<p2, 4>> :> Nil )
/\ acked = {}
/\ aged = {}
/\ live = {<<p1, 1>>, <<p1, 2>>}
/\ ages = 0

State 5: <Next line 577, col 6 to line 577, col 99 of module LeanP1>
/\ regressed = FALSE
/\ udel = {<<p1, <<p1, 1>>>>}
/\ seq = 3
/\ mv = Nil
/\ doc = (p1 :> <<p1, 2>> @@ p2 :> Nil)
/\ reqs = 1
/\ minted = {<<p1, 1>>, <<p1, 2>>}
/\ upped = {<<p1, 1>>, <<p1, 2>>}
/\ w = ( A :>
      [ st |-> "on",
        pc |-> "idle",
        local |-> (p1 :> Nil @@ p2 :> Nil),
        baseline |-> (p1 :> Nil @@ p2 :> Nil),
        integrated |-> {},
        uploads |-> {},
        deletes |-> {},
        snap |-> (p1 :> Nil @@ p2 :> Nil),
        upDone |-> {},
        gone |-> {},
        verified |-> FALSE,
        inst |-> (p1 :> Nil @@ p2 :> Nil),
        retire |-> {},
        collected |-> FALSE,
        owes |-> FALSE,
        synced |-> 2,
        behind |-> FALSE ] @@
  B :>
      [ st |-> "off",
        pc |-> "idle",
        local |-> (p1 :> Nil @@ p2 :> Nil),
        baseline |-> (p1 :> Nil @@ p2 :> Nil),
        integrated |-> {},
        uploads |-> {},
        deletes |-> {},
        snap |-> (p1 :> Nil @@ p2 :> Nil),
        upDone |-> {},
        gone |-> {},
        verified |-> FALSE,
        inst |-> (p1 :> Nil @@ p2 :> Nil),
        retire |-> {},
        collected |-> FALSE,
        owes |-> FALSE,
        synced |-> 0,
        behind |-> FALSE ] )
/\ conflicts = {}
/\ rlag = TRUE
/\ rdoc = (p1 :> Nil @@ p2 :> Nil)
/\ tomb = (p1 :> Nil @@ p2 :> Nil)
/\ copies = 0
/\ holder = "none"
/\ syncs = 0
/\ retiring = {<<p1, 1>>}
/\ took = (A :> (p1 :> {} @@ p2 :> {}) @@ B :> (p1 :> {} @@ p2 :> {}))
/\ gw = (p1 :> Nil @@ p2 :> Nil)
/\ barriers = 0
/\ base = ( <<p1, 1>> :> Nil @@
  <<p1, 2>> :> Nil @@
  <<p1, 3>> :> Nil @@
  <<p1, 4>> :> Nil @@
  <<p2, 1>> :> Nil @@
  <<p2, 2>> :> Nil @@
  <<p2, 3>> :> Nil @@
  <<p2, 4>> :> Nil )
/\ nextGen = 3
/\ restarts = 0
/\ ui = 1
/\ orig = ( <<p1, 1>> :> Nil @@
  <<p1, 2>> :> Nil @@
  <<p1, 3>> :> Nil @@
  <<p1, 4>> :> Nil @@
  <<p2, 1>> :> Nil @@
  <<p2, 2>> :> Nil @@
  <<p2, 3>> :> Nil @@
  <<p2, 4>> :> Nil )
/\ acked = {<<p1, <<p1, 2>>>>}
/\ aged = {}
/\ live = {<<p1, 1>>, <<p1, 2>>}
/\ ages = 0

State 6: <Next line 577, col 6 to line 577, col 99 of module LeanP1>
/\ regressed = FALSE
/\ udel = {<<p1, <<p1, 1>>>>}
/\ seq = 3
/\ mv = Nil
/\ doc = (p1 :> <<p1, 2>> @@ p2 :> Nil)
/\ reqs = 1
/\ minted = {<<p1, 1>>, <<p1, 2>>, <<p1, 3>>}
/\ upped = {<<p1, 1>>, <<p1, 2>>}
/\ w = ( A :>
      [ st |-> "on",
        pc |-> "idle",
        local |-> (p1 :> <<p1, 3>> @@ p2 :> Nil),
        baseline |-> (p1 :> Nil @@ p2 :> Nil),
        integrated |-> {3},
        uploads |-> {},
        deletes |-> {},
        snap |-> (p1 :> Nil @@ p2 :> Nil),
        upDone |-> {},
        gone |-> {},
        verified |-> FALSE,
        inst |-> (p1 :> Nil @@ p2 :> Nil),
        retire |-> {},
        collected |-> FALSE,
        owes |-> FALSE,
        synced |-> 2,
        behind |-> FALSE ] @@
  B :>
      [ st |-> "off",
        pc |-> "idle",
        local |-> (p1 :> Nil @@ p2 :> Nil),
        baseline |-> (p1 :> Nil @@ p2 :> Nil),
        integrated |-> {},
        uploads |-> {},
        deletes |-> {},
        snap |-> (p1 :> Nil @@ p2 :> Nil),
        upDone |-> {},
        gone |-> {},
        verified |-> FALSE,
        inst |-> (p1 :> Nil @@ p2 :> Nil),
        retire |-> {},
        collected |-> FALSE,
        owes |-> FALSE,
        synced |-> 0,
        behind |-> FALSE ] )
/\ conflicts = {}
/\ rlag = TRUE
/\ rdoc = (p1 :> Nil @@ p2 :> Nil)
/\ tomb = (p1 :> Nil @@ p2 :> Nil)
/\ copies = 0
/\ holder = "none"
/\ syncs = 0
/\ retiring = {<<p1, 1>>}
/\ took = (A :> (p1 :> {3} @@ p2 :> {}) @@ B :> (p1 :> {} @@ p2 :> {}))
/\ gw = (p1 :> Nil @@ p2 :> Nil)
/\ barriers = 0
/\ base = ( <<p1, 1>> :> Nil @@
  <<p1, 2>> :> Nil @@
  <<p1, 3>> :> Nil @@
  <<p1, 4>> :> Nil @@
  <<p2, 1>> :> Nil @@
  <<p2, 2>> :> Nil @@
  <<p2, 3>> :> Nil @@
  <<p2, 4>> :> Nil )
/\ nextGen = 4
/\ restarts = 0
/\ ui = 1
/\ orig = ( <<p1, 1>> :> Nil @@
  <<p1, 2>> :> Nil @@
  <<p1, 3>> :> Nil @@
  <<p1, 4>> :> Nil @@
  <<p2, 1>> :> Nil @@
  <<p2, 2>> :> Nil @@
  <<p2, 3>> :> Nil @@
  <<p2, 4>> :> Nil )
/\ acked = {<<p1, <<p1, 2>>>>}
/\ aged = {}
/\ live = {<<p1, 1>>, <<p1, 2>>}
/\ ages = 0

State 7: <Next line 577, col 6 to line 577, col 99 of module LeanP1>
/\ regressed = FALSE
/\ udel = {<<p1, <<p1, 1>>>>}
/\ seq = 3
/\ mv = Nil
/\ doc = (p1 :> <<p1, 2>> @@ p2 :> Nil)
/\ reqs = 1
/\ minted = {<<p1, 1>>, <<p1, 2>>, <<p1, 3>>}
/\ upped = {<<p1, 1>>, <<p1, 2>>}
/\ w = ( A :>
      [ st |-> "on",
        pc |-> "consumed",
        local |-> (p1 :> <<p1, 3>> @@ p2 :> Nil),
        baseline |-> (p1 :> Nil @@ p2 :> Nil),
        integrated |-> {3},
        uploads |-> {},
        deletes |-> {},
        snap |-> (p1 :> Nil @@ p2 :> Nil),
        upDone |-> {},
        gone |-> {},
        verified |-> FALSE,
        inst |-> (p1 :> Nil @@ p2 :> Nil),
        retire |-> {},
        collected |-> FALSE,
        owes |-> FALSE,
        synced |-> 3,
        behind |-> FALSE ] @@
  B :>
      [ st |-> "off",
        pc |-> "idle",
        local |-> (p1 :> Nil @@ p2 :> Nil),
        baseline |-> (p1 :> Nil @@ p2 :> Nil),
        integrated |-> {},
        uploads |-> {},
        deletes |-> {},
        snap |-> (p1 :> Nil @@ p2 :> Nil),
        upDone |-> {},
        gone |-> {},
        verified |-> FALSE,
        inst |-> (p1 :> Nil @@ p2 :> Nil),
        retire |-> {},
        collected |-> FALSE,
        owes |-> FALSE,
        synced |-> 0,
        behind |-> FALSE ] )
/\ conflicts = {}
/\ rlag = TRUE
/\ rdoc = (p1 :> Nil @@ p2 :> Nil)
/\ tomb = (p1 :> Nil @@ p2 :> Nil)
/\ copies = 0
/\ holder = "none"
/\ syncs = 0
/\ retiring = {<<p1, 1>>}
/\ took = (A :> (p1 :> {3} @@ p2 :> {}) @@ B :> (p1 :> {} @@ p2 :> {}))
/\ gw = (p1 :> Nil @@ p2 :> Nil)
/\ barriers = 0
/\ base = ( <<p1, 1>> :> Nil @@
  <<p1, 2>> :> Nil @@
  <<p1, 3>> :> Nil @@
  <<p1, 4>> :> Nil @@
  <<p2, 1>> :> Nil @@
  <<p2, 2>> :> Nil @@
  <<p2, 3>> :> Nil @@
  <<p2, 4>> :> Nil )
/\ nextGen = 4
/\ restarts = 0
/\ ui = 1
/\ orig = ( <<p1, 1>> :> Nil @@
  <<p1, 2>> :> Nil @@
  <<p1, 3>> :> Nil @@
  <<p1, 4>> :> Nil @@
  <<p2, 1>> :> Nil @@
  <<p2, 2>> :> Nil @@
  <<p2, 3>> :> Nil @@
  <<p2, 4>> :> Nil )
/\ acked = {<<p1, <<p1, 2>>>>}
/\ aged = {}
/\ live = {<<p1, 1>>, <<p1, 2>>}
/\ ages = 0

State 8: <Next line 577, col 6 to line 577, col 99 of module LeanP1>
/\ regressed = FALSE
/\ udel = {<<p1, <<p1, 1>>>>}
/\ seq = 3
/\ mv = Nil
/\ doc = (p1 :> <<p1, 2>> @@ p2 :> Nil)
/\ reqs = 1
/\ minted = {<<p1, 1>>, <<p1, 2>>, <<p1, 3>>}
/\ upped = {<<p1, 1>>, <<p1, 2>>}
/\ w = ( A :>
      [ st |-> "on",
        pc |-> "consumed",
        local |-> (p1 :> Nil @@ p2 :> Nil),
        baseline |-> (p1 :> Nil @@ p2 :> Nil),
        integrated |-> {3},
        uploads |-> {},
        deletes |-> {},
        snap |-> (p1 :> Nil @@ p2 :> Nil),
        upDone |-> {},
        gone |-> {},
        verified |-> FALSE,
        inst |-> (p1 :> Nil @@ p2 :> Nil),
        retire |-> {},
        collected |-> FALSE,
        owes |-> FALSE,
        synced |-> 3,
        behind |-> FALSE ] @@
  B :>
      [ st |-> "off",
        pc |-> "idle",
        local |-> (p1 :> Nil @@ p2 :> Nil),
        baseline |-> (p1 :> Nil @@ p2 :> Nil),
        integrated |-> {},
        uploads |-> {},
        deletes |-> {},
        snap |-> (p1 :> Nil @@ p2 :> Nil),
        upDone |-> {},
        gone |-> {},
        verified |-> FALSE,
        inst |-> (p1 :> Nil @@ p2 :> Nil),
        retire |-> {},
        collected |-> FALSE,
        owes |-> FALSE,
        synced |-> 0,
        behind |-> FALSE ] )
/\ conflicts = {}
/\ rlag = TRUE
/\ rdoc = (p1 :> Nil @@ p2 :> Nil)
/\ tomb = (p1 :> Nil @@ p2 :> Nil)
/\ copies = 0
/\ holder = "none"
/\ syncs = 0
/\ retiring = {<<p1, 1>>}
/\ took = (A :> (p1 :> {3} @@ p2 :> {}) @@ B :> (p1 :> {} @@ p2 :> {}))
/\ gw = (p1 :> Nil @@ p2 :> Nil)
/\ barriers = 0
/\ base = ( <<p1, 1>> :> Nil @@
  <<p1, 2>> :> Nil @@
  <<p1, 3>> :> Nil @@
  <<p1, 4>> :> Nil @@
  <<p2, 1>> :> Nil @@
  <<p2, 2>> :> Nil @@
  <<p2, 3>> :> Nil @@
  <<p2, 4>> :> Nil )
/\ nextGen = 4
/\ restarts = 0
/\ ui = 1
/\ orig = ( <<p1, 1>> :> Nil @@
  <<p1, 2>> :> Nil @@
  <<p1, 3>> :> Nil @@
  <<p1, 4>> :> Nil @@
  <<p2, 1>> :> Nil @@
  <<p2, 2>> :> Nil @@
  <<p2, 3>> :> Nil @@
  <<p2, 4>> :> Nil )
/\ acked = {<<p1, <<p1, 2>>>>}
/\ aged = {}
/\ live = {<<p1, 1>>, <<p1, 2>>}
/\ ages = 0

State 9: <Next line 577, col 6 to line 577, col 99 of module LeanP1>
/\ regressed = FALSE
/\ udel = {<<p1, <<p1, 1>>>>}
/\ seq = 3
/\ mv = Nil
/\ doc = (p1 :> <<p1, 2>> @@ p2 :> Nil)
/\ reqs = 1
/\ minted = {<<p1, 1>>, <<p1, 2>>, <<p1, 3>>}
/\ upped = {<<p1, 1>>, <<p1, 2>>}
/\ w = ( A :>
      [ st |-> "on",
        pc |-> "idle",
        local |-> (p1 :> Nil @@ p2 :> Nil),
        baseline |-> (p1 :> Nil @@ p2 :> Nil),
        integrated |-> {3},
        uploads |-> {},
        deletes |-> {},
        snap |-> (p1 :> Nil @@ p2 :> Nil),
        upDone |-> {},
        gone |-> {},
        verified |-> FALSE,
        inst |-> (p1 :> Nil @@ p2 :> Nil),
        retire |-> {},
        collected |-> FALSE,
        owes |-> FALSE,
        synced |-> 3,
        behind |-> FALSE ] @@
  B :>
      [ st |-> "off",
        pc |-> "idle",
        local |-> (p1 :> Nil @@ p2 :> Nil),
        baseline |-> (p1 :> Nil @@ p2 :> Nil),
        integrated |-> {},
        uploads |-> {},
        deletes |-> {},
        snap |-> (p1 :> Nil @@ p2 :> Nil),
        upDone |-> {},
        gone |-> {},
        verified |-> FALSE,
        inst |-> (p1 :> Nil @@ p2 :> Nil),
        retire |-> {},
        collected |-> FALSE,
        owes |-> FALSE,
        synced |-> 0,
        behind |-> FALSE ] )
/\ conflicts = {}
/\ rlag = TRUE
/\ rdoc = (p1 :> Nil @@ p2 :> Nil)
/\ tomb = (p1 :> Nil @@ p2 :> Nil)
/\ copies = 0
/\ holder = "none"
/\ syncs = 0
/\ retiring = {<<p1, 1>>}
/\ took = (A :> (p1 :> {3} @@ p2 :> {}) @@ B :> (p1 :> {} @@ p2 :> {}))
/\ gw = (p1 :> Nil @@ p2 :> Nil)
/\ barriers = 1
/\ base = ( <<p1, 1>> :> Nil @@
  <<p1, 2>> :> Nil @@
  <<p1, 3>> :> Nil @@
  <<p1, 4>> :> Nil @@
  <<p2, 1>> :> Nil @@
  <<p2, 2>> :> Nil @@
  <<p2, 3>> :> Nil @@
  <<p2, 4>> :> Nil )
/\ nextGen = 4
/\ restarts = 0
/\ ui = 1
/\ orig = ( <<p1, 1>> :> Nil @@
  <<p1, 2>> :> Nil @@
  <<p1, 3>> :> Nil @@
  <<p1, 4>> :> Nil @@
  <<p2, 1>> :> Nil @@
  <<p2, 2>> :> Nil @@
  <<p2, 3>> :> Nil @@
  <<p2, 4>> :> Nil )
/\ acked = {<<p1, <<p1, 2>>>>}
/\ aged = {}
/\ live = {<<p1, 1>>, <<p1, 2>>}
/\ ages = 0

35139 states generated, 15609 distinct states found, 11366 states left on queue.
The depth of the complete state graph search is 9.
The average outdegree of the complete state graph is 4 (minimum is 0, the maximum 15 and the 95th percentile is 9).
Finished in 01s at (2026-09-25 19:54:18)
